Archive member included to satisfy reference by file (symbol)

.\CortexM3\ARM_GCC_541\Debug\CS301_Class.a(Timer_TS.o)
                              .\CortexM3\ARM_GCC_541\Debug\main.o (Timer_TS_Start)
.\CortexM3\ARM_GCC_541\Debug\CS301_Class.a(USBUART.o)
                              .\CortexM3\ARM_GCC_541\Debug\main.o (USBUART_Start)
.\CortexM3\ARM_GCC_541\Debug\CS301_Class.a(USBUART_cdc.o)
                              .\CortexM3\ARM_GCC_541\Debug\main.o (USBUART_CDC_Init)
.\CortexM3\ARM_GCC_541\Debug\CS301_Class.a(USBUART_drv.o)
                              .\CortexM3\ARM_GCC_541\Debug\CS301_Class.a(USBUART.o) (USBUART_EP)
.\CortexM3\ARM_GCC_541\Debug\CS301_Class.a(USBUART_episr.o)
                              .\CortexM3\ARM_GCC_541\Debug\CS301_Class.a(USBUART.o) (USBUART_EP_1_ISR)
.\CortexM3\ARM_GCC_541\Debug\CS301_Class.a(USBUART_pm.o)
                              .\CortexM3\ARM_GCC_541\Debug\CS301_Class.a(USBUART.o) (USBUART_DP_ISR)
.\CortexM3\ARM_GCC_541\Debug\CS301_Class.a(USBUART_std.o)
                              .\CortexM3\ARM_GCC_541\Debug\CS301_Class.a(USBUART_drv.o) (USBUART_HandleStandardRqst)
.\CortexM3\ARM_GCC_541\Debug\CS301_Class.a(USBUART_vnd.o)
                              .\CortexM3\ARM_GCC_541\Debug\CS301_Class.a(USBUART_drv.o) (USBUART_HandleVendorRqst)
.\CortexM3\ARM_GCC_541\Debug\CS301_Class.a(USBUART_Dp.o)
                              .\CortexM3\ARM_GCC_541\Debug\CS301_Class.a(USBUART.o) (USBUART_Dp_ClearInterrupt)
.\CortexM3\ARM_GCC_541\Debug\CS301_Class.a(CyLib.o)
                              .\CortexM3\ARM_GCC_541\Debug\Cm3Start.o (CyResetStatus)
.\CortexM3\ARM_GCC_541\Debug\CS301_Class.a(cyPm.o)
                              .\CortexM3\ARM_GCC_541\Debug\CS301_Class.a(CyLib.o) (CyPmReadStatus)
.\CortexM3\ARM_GCC_541\Debug\CS301_Class.a(PWM_1.o)
                              .\CortexM3\ARM_GCC_541\Debug\main.o (PWM_1_Start)
.\CortexM3\ARM_GCC_541\Debug\CS301_Class.a(PWM_2.o)
                              .\CortexM3\ARM_GCC_541\Debug\main.o (PWM_2_Start)
.\CortexM3\ARM_GCC_541\Debug\CS301_Class.a(QuadDec_M1.o)
                              .\CortexM3\ARM_GCC_541\Debug\main.o (QuadDec_M1_Start)
.\CortexM3\ARM_GCC_541\Debug\CS301_Class.a(QuadDec_M2.o)
                              .\CortexM3\ARM_GCC_541\Debug\main.o (QuadDec_M2_Start)
.\CortexM3\ARM_GCC_541\Debug\CS301_Class.a(QuadDec_M1_Cnt16.o)
                              .\CortexM3\ARM_GCC_541\Debug\CS301_Class.a(QuadDec_M1.o) (QuadDec_M1_Cnt16_WriteCounter)
.\CortexM3\ARM_GCC_541\Debug\CS301_Class.a(QuadDec_M2_Cnt16.o)
                              .\CortexM3\ARM_GCC_541\Debug\CS301_Class.a(QuadDec_M2.o) (QuadDec_M2_Cnt16_WriteCounter)
.\CortexM3\ARM_GCC_541\Debug\CS301_Class.a(isr_1.o)
                              .\CortexM3\ARM_GCC_541\Debug\main.o (isr_1_StartEx)
.\CortexM3\ARM_GCC_541\Debug\CS301_Class.a(Output_1.o)
                              .\CortexM3\ARM_GCC_541\Debug\SENSORS_READ.o (Output_1_Read)
.\CortexM3\ARM_GCC_541\Debug\CS301_Class.a(Output_2.o)
                              .\CortexM3\ARM_GCC_541\Debug\SENSORS_READ.o (Output_2_Read)
.\CortexM3\ARM_GCC_541\Debug\CS301_Class.a(Output_3.o)
                              .\CortexM3\ARM_GCC_541\Debug\SENSORS_READ.o (Output_3_Read)
.\CortexM3\ARM_GCC_541\Debug\CS301_Class.a(Output_4.o)
                              .\CortexM3\ARM_GCC_541\Debug\LEFT_TURN.o (Output_4_Read)
.\CortexM3\ARM_GCC_541\Debug\CS301_Class.a(Output_5.o)
                              .\CortexM3\ARM_GCC_541\Debug\LEFT_TURN.o (Output_5_Read)
.\CortexM3\ARM_GCC_541\Debug\CS301_Class.a(Output_6.o)
                              .\CortexM3\ARM_GCC_541\Debug\SENSORS_READ.o (Output_6_Read)
.\CortexM3\ARM_GCC_541\Debug\CS301_Class.a(mid_right.o)
                              .\CortexM3\ARM_GCC_541\Debug\main.o (mid_right_Start)
.\CortexM3\ARM_GCC_541\Debug\CS301_Class.a(mid_left.o)
                              .\CortexM3\ARM_GCC_541\Debug\main.o (mid_left_Start)
.\CortexM3\ARM_GCC_541\Debug\CS301_Class.a(front_right.o)
                              .\CortexM3\ARM_GCC_541\Debug\main.o (front_right_Start)
.\CortexM3\ARM_GCC_541\Debug\CS301_Class.a(front_left.o)
                              .\CortexM3\ARM_GCC_541\Debug\main.o (front_left_Start)
.\CortexM3\ARM_GCC_541\Debug\CS301_Class.a(CyBootAsmGnu.o)
                              .\CortexM3\ARM_GCC_541\Debug\cyfitter_cfg.o (CyDelayCycles)
.\CortexM3\ARM_GCC_541\Debug\CS301_Class.a(USBUART_cls.o)
                              .\CortexM3\ARM_GCC_541\Debug\CS301_Class.a(USBUART_drv.o) (USBUART_DispatchClassRqst)
.\CortexM3\ARM_GCC_541\Debug\CS301_Class.a(USBUART_descr.o)
                              .\CortexM3\ARM_GCC_541\Debug\CS301_Class.a(USBUART_std.o) (USBUART_DEVICE0_DESCR)
.\CortexM3\ARM_GCC_541\Debug\CS301_Class.a(CyFlash.o)
                              .\CortexM3\ARM_GCC_541\Debug\CS301_Class.a(cyPm.o) (CyFlash_SetWaitCycles)
.\CortexM3\ARM_GCC_541\Debug\CS301_Class.a(CySpc.o)
[...]
Memory Configuration

Name             Origin             Length             Attributes
rom              0x00000000         0x00040000         xr
ram              0x1fff8000         0x00010000         xrw
*default*        0x00000000         0xffffffff

Linker script and memory map

LOAD c:/cypress/psoc creator/4.4/psoc creator/import/gnu/arm/5.4.1/bin/../lib/gcc/arm-none-eabi/5.4.1/armv7-m/crti.o
LOAD c:/cypress/psoc creator/4.4/psoc creator/import/gnu/arm/5.4.1/bin/../lib/gcc/arm-none-eabi/5.4.1/armv7-m/crtbegin.o
LOAD c:/cypress/psoc creator/4.4/psoc creator/import/gnu/arm/5.4.1/bin/../lib/gcc/arm-none-eabi/5.4.1/../../../../arm-none-eabi/lib/armv7-m/crt0.o
START GROUP
LOAD .\CortexM3\ARM_GCC_541\Debug\main.o
LOAD .\CortexM3\ARM_GCC_541\Debug\tacho.o
LOAD .\CortexM3\ARM_GCC_541\Debug\LEFT_TURN.o
LOAD .\CortexM3\ARM_GCC_541\Debug\RIGHT_TURN.o
LOAD .\CortexM3\ARM_GCC_541\Debug\DRIFTED_LEFT.o
LOAD .\CortexM3\ARM_GCC_541\Debug\DRIFTED_RIGHT.o
LOAD .\CortexM3\ARM_GCC_541\Debug\INTERSECTION_DETECTED.o
LOAD .\CortexM3\ARM_GCC_541\Debug\SENSORS_READ.o
LOAD .\CortexM3\ARM_GCC_541\Debug\STRAIGHT.o
LOAD .\CortexM3\ARM_GCC_541\Debug\STOP.o
LOAD .\CortexM3\ARM_GCC_541\Debug\MOVEMENT.o
LOAD .\CortexM3\ARM_GCC_541\Debug\manoeuvre.o
LOAD .\CortexM3\ARM_GCC_541\Debug\cyfitter_cfg.o
LOAD .\CortexM3\ARM_GCC_541\Debug\cymetadata.o
LOAD .\CortexM3\ARM_GCC_541\Debug\Cm3Start.o
LOAD .\CortexM3\ARM_GCC_541\Debug\CS301_Class.a
LOAD C:\Cypress\PSoC Creator\4.4\PSoC Creator\psoc\content\cycomponentlibrary\CyComponentLibrary.cylib\CortexM3\ARM_GCC_541\Debug\CyComponentLibrary.a
END GROUP
START GROUP
LOAD c:/cypress/psoc creator/4.4/psoc creator/import/gnu/arm/5.4.1/bin/../lib/gcc/arm-none-eabi/5.4.1/armv7-m\libgcc.a
LOAD c:/cypress/psoc creator/4.4/psoc creator/import/gnu/arm/5.4.1/bin/../lib/gcc/arm-none-eabi/5.4.1/../../../../arm-none-eabi/lib/armv7-m\libg_nano.a
LOAD c:/cypress/psoc creator/4.4/psoc creator/import/gnu/arm/5.4.1/bin/../lib/gcc/arm-none-eabi/5.4.1/../../../../arm-none-eabi/lib/armv7-m\libc_nano.a
END GROUP
START GROUP
LOAD c:/cypress/psoc creator/4.4/psoc creator/import/gnu/arm/5.4.1/bin/../lib/gcc/arm-none-eabi/5.4.1/armv7-m\libgcc.a
LOAD c:/cypress/psoc creator/4.4/psoc creator/import/gnu/arm/5.4.1/bin/../lib/gcc/arm-none-eabi/5.4.1/../../../../arm-none-eabi/lib/armv7-m\libc_nano.a
END GROUP
LOAD c:/cypress/psoc creator/4.4/psoc creator/import/gnu/arm/5.4.1/bin/../lib/gcc/arm-none-eabi/5.4.1/armv7-m/crtend.o
LOAD c:/cypress/psoc creator/4.4/psoc creator/import/gnu/arm/5.4.1/bin/../lib/gcc/arm-none-eabi/5.4.1/armv7-m/crtn.o
START GROUP
LOAD c:/cypress/psoc creator/4.4/psoc creator/import/gnu/arm/5.4.1/bin/../lib/gcc/arm-none-eabi/5.4.1/armv7-m\libgcc.a
LOAD c:/cypress/psoc creator/4.4/psoc creator/import/gnu/arm/5.4.1/bin/../lib/gcc/arm-none-eabi/5.4.1/../../../../arm-none-eabi/lib/armv7-m\libc.a
LOAD c:/cypress/psoc creator/4.4/psoc creator/import/gnu/arm/5.4.1/bin/../lib/gcc/arm-none-eabi/5.4.1/../../../../arm-none-eabi/lib/armv7-m\libnosys.a
END GROUP
                0x00000000                CY_APPL_ORIGIN = 0x0
                0x00000100                CY_FLASH_ROW_SIZE = 0x100
                0x00000020                CY_ECC_ROW_SIZE = 0x20
                0x00000000                CY_EE_IN_BTLDR = 0x0
                0x00000000                CY_APPL_LOADABLE = 0x0
                0x00000800                CY_EE_SIZE = 0x800
                0x00000001                CY_APPL_NUM = 0x1
                0x00000001                CY_APPL_MAX = 0x1
                0x00000040                CY_METADATA_SIZE = 0x40
                0x00000000                CY_APPL_LOADABLE = 0x0
                0x00000000                CY_CHECKSUM_EXCLUDE_SIZE = ALIGN (0x0, CY_FLASH_ROW_SIZE)
                [!provide]                PROVIDE (__cy_heap_start, _end)
                0x00000001                PROVIDE (__cy_region_num, ((__cy_regions_end - __cy_regions) / 0x10))
                0x20008000                PROVIDE (__cy_stack, (ORIGIN (ram) + LENGTH (ram)))
                [!provide]                PROVIDE (__cy_heap_end, (__cy_stack - 0x800))

.cybootloader   0x00000000        0x0
 *(.cybootloader)
                0x00000000                appl1_start = CY_APPL_ORIGIN?CY_APPL_ORIGIN:ALIGN (CY_FLASH_ROW_SIZE)
                0x0001ff00                appl2_start = (appl1_start + ALIGN ((((LENGTH (rom) - appl1_start) - (0x2 * CY_FLASH_ROW_SIZE)) / 0x2), CY_FLASH_ROW_SIZE))
                0x00000000                appl_start = (CY_APPL_NUM == 0x1)?appl1_start:appl2_start
                0x00000000                ecc_offset = ((appl_start / CY_FLASH_ROW_SIZE) * CY_ECC_ROW_SIZE)
                0x00000000                ee_offset = (CY_APPL_LOADABLE && ! (CY_EE_IN_BTLDR))?((CY_EE_SIZE / CY_APPL_MAX) * (CY_APPL_NUM - 0x1)):0x0
                0x00000800                ee_size = (CY_APPL_LOADABLE && ! (CY_EE_IN_BTLDR))?(CY_EE_SIZE / CY_APPL_MAX):CY_EE_SIZE
                [!provide]                PROVIDE (CY_ECC_OFFSET, ecc_offset)

.text           0x00000000     0x43a4
 CREATE_OBJECT_SYMBOLS
                0x00000000                PROVIDE (__cy_interrupt_vector, RomVectors)
 *(.romvectors)
 .romvectors    0x00000000       0x10 .\CortexM3\ARM_GCC_541\Debug\Cm3Start.o
                0x00000000                RomVectors
                0x00000001                ASSERT ((. != __cy_interrupt_vector), No interrupt vector)
                0x00000001                ASSERT (CY_APPL_ORIGIN?(SIZEOF (.cybootloader) <= CY_APPL_ORIGIN):0x1, Wrong image location)
                0x00000010                PROVIDE (__cy_reset, Reset)
 *(.text.Reset)
 .text.Reset    0x00000010       0x18 .\CortexM3\ARM_GCC_541\Debug\Cm3Start.o
                0x00000010                Reset
                0x00000001                ASSERT ((. != __cy_reset), No reset code)
 *(.dma_init)
                0x00000001                ASSERT ((((appl_start + .) <= 0x10000) || 0x1), DMA Init must be within the first 64k of flash)
 *(.text .text.* .gnu.linkonce.t.*)
 .text          0x00000028       0x5c c:/cypress/psoc creator/4.4/psoc creator/import/gnu/arm/5.4.1/bin/../lib/gcc/arm-none-eabi/5.4.1/armv7-m/crtbegin.o
 .text.Timer_TS_ISR_Handler
                0x00000084       0xe8 .\CortexM3\ARM_GCC_541\Debug\main.o
                0x00000084                Timer_TS_ISR_Handler
 .text.main     0x0000016c       0xb8 .\CortexM3\ARM_GCC_541\Debug\main.o
                0x0000016c                main
 .text.usbPutString
                0x00000224       0x40 .\CortexM3\ARM_GCC_541\Debug\main.o
                0x00000224                usbPutString
 .text.MOVE_STRAIGHT
                0x00000264       0x14 .\CortexM3\ARM_GCC_541\Debug\STRAIGHT.o
                0x00000264                MOVE_STRAIGHT
 .text.CYMEMZERO
                0x00000278       0x1c .\CortexM3\ARM_GCC_541\Debug\cyfitter_cfg.o
 .text.CYCONFIGCPY
                0x00000294       0x20 .\CortexM3\ARM_GCC_541\Debug\cyfitter_cfg.o
 .text.CyClockStartupError
                0x000002b4        0xc .\CortexM3\ARM_GCC_541\Debug\cyfitter_cfg.o
 .text.cfg_write_bytes32
                0x000002c0       0x74 .\CortexM3\ARM_GCC_541\Debug\cyfitter_cfg.o
 .text.ClockSetup
                0x00000334      0x144 .\CortexM3\ARM_GCC_541\Debug\cyfitter_cfg.o
 .text.AnalogSetDefault
                0x00000478       0x44 .\CortexM3\ARM_GCC_541\Debug\cyfitter_cfg.o
 .text.cyfitter_cfg
                0x000004bc      0x164 .\CortexM3\ARM_GCC_541\Debug\cyfitter_cfg.o
                0x000004bc                cyfitter_cfg
 .text.IntDefaultHandler
                0x00000620       0x14 .\CortexM3\ARM_GCC_541\Debug\Cm3Start.o
                0x00000620                IntDefaultHandler
 .text._sbrk    0x00000634       0x50 .\CortexM3\ARM_GCC_541\Debug\Cm3Start.o
                0x00000634                _sbrk
 .text.Start_c  0x00000684       0x98 .\CortexM3\ARM_GCC_541\Debug\Cm3Start.o
                0x00000684                Start_c
 .text.initialize_psoc
                0x0000071c       0x90 .\CortexM3\ARM_GCC_541\Debug\Cm3Start.o
                0x0000071c                initialize_psoc
 .text.Timer_TS_Init
                0x000007ac       0x9c .\CortexM3\ARM_GCC_541\Debug\CS301_Class.a(Timer_TS.o)
                0x000007ac                Timer_TS_Init
 .text.Timer_TS_Enable
                0x00000848       0x48 .\CortexM3\ARM_GCC_541\Debug\CS301_Class.a(Timer_TS.o)
                0x00000848                Timer_TS_Enable
 .text.Timer_TS_Start
                0x00000890       0x24 .\CortexM3\ARM_GCC_541\Debug\CS301_Class.a(Timer_TS.o)
                0x00000890                Timer_TS_Start
 .text.Timer_TS_SetInterruptMode
                0x000008b4       0x20 .\CortexM3\ARM_GCC_541\Debug\CS301_Class.a(Timer_TS.o)
                0x000008b4                Timer_TS_SetInterruptMode
 .text.Timer_TS_ReadStatusRegister
                0x000008d4       0x18 .\CortexM3\ARM_GCC_541\Debug\CS301_Class.a(Timer_TS.o)
                0x000008d4                Timer_TS_ReadStatusRegister
 .text.Timer_TS_WritePeriod
                0x000008ec       0x24 .\CortexM3\ARM_GCC_541\Debug\CS301_Class.a(Timer_TS.o)
                0x000008ec                Timer_TS_WritePeriod
 .text.Timer_TS_WriteCounter
                0x00000910       0x20 .\CortexM3\ARM_GCC_541\Debug\CS301_Class.a(Timer_TS.o)
                0x00000910                Timer_TS_WriteCounter
 .text.USBUART_Start
                0x00000930       0x3c .\CortexM3\ARM_GCC_541\Debug\CS301_Class.a(USBUART.o)
                0x00000930                USBUART_Start
 .text.USBUART_Init
                0x0000096c      0x1a4 .\CortexM3\ARM_GCC_541\Debug\CS301_Class.a(USBUART.o)
                0x0000096c                USBUART_Init
 .text.USBUART_InitComponent
                0x00000b10      0x100 .\CortexM3\ARM_GCC_541\Debug\CS301_Class.a(USBUART.o)
                0x00000b10                USBUART_InitComponent
 .text.USBUART_ReInitComponent
                0x00000c10       0x68 .\CortexM3\ARM_GCC_541\Debug\CS301_Class.a(USBUART.o)
                0x00000c10                USBUART_ReInitComponent
 .text.USBUART_GetEPState
                0x00000c78       0x2c .\CortexM3\ARM_GCC_541\Debug\CS301_Class.a(USBUART.o)
                0x00000c78                USBUART_GetEPState
 .text.USBUART_LoadInEP
                0x00000ca4      0x108 .\CortexM3\ARM_GCC_541\Debug\CS301_Class.a(USBUART.o)
                0x00000ca4                USBUART_LoadInEP
 .text.USBUART_DispatchCDCClassRqst
                0x00000dac       0xe4 .\CortexM3\ARM_GCC_541\Debug\CS301_Class.a(USBUART_cdc.o)
                0x00000dac                USBUART_DispatchCDCClassRqst
 .text.USBUART_GetInterfaceComPort
                0x00000e90       0x60 .\CortexM3\ARM_GCC_541\Debug\CS301_Class.a(USBUART_cdc.o)
                0x00000e90                USBUART_GetInterfaceComPort
 .text.USBUART_PutData
                0x00000ef0       0x6c .\CortexM3\ARM_GCC_541\Debug\CS301_Class.a(USBUART_cdc.o)
                0x00000ef0                USBUART_PutData
 .text.USBUART_CDCIsReady
                0x00000f5c       0x24 .\CortexM3\ARM_GCC_541\Debug\CS301_Class.a(USBUART_cdc.o)
                0x00000f5c                USBUART_CDCIsReady
 .text.USBUART_Cdc_EpInit
                0x00000f80       0x90 .\CortexM3\ARM_GCC_541\Debug\CS301_Class.a(USBUART_cdc.o)
                0x00000f80                USBUART_Cdc_EpInit
 .text.USBUART_EP_0_ISR
                0x00001010       0xf8 .\CortexM3\ARM_GCC_541\Debug\CS301_Class.a(USBUART_drv.o)
                0x00001010                USBUART_EP_0_ISR
 .text.USBUART_HandleSetup
                0x00001108       0x88 .\CortexM3\ARM_GCC_541\Debug\CS301_Class.a(USBUART_drv.o)
                0x00001108                USBUART_HandleSetup
 .text.USBUART_HandleIN
                0x00001190       0x4c .\CortexM3\ARM_GCC_541\Debug\CS301_Class.a(USBUART_drv.o)
                0x00001190                USBUART_HandleIN
 .text.USBUART_HandleOUT
                0x000011dc       0x58 .\CortexM3\ARM_GCC_541\Debug\CS301_Class.a(USBUART_drv.o)
                0x000011dc                USBUART_HandleOUT
 .text.USBUART_LoadEP0
                0x00001234       0xd0 .\CortexM3\ARM_GCC_541\Debug\CS301_Class.a(USBUART_drv.o)
                0x00001234                USBUART_LoadEP0
 .text.USBUART_InitControlRead
                0x00001304       0x70 .\CortexM3\ARM_GCC_541\Debug\CS301_Class.a(USBUART_drv.o)
                0x00001304                USBUART_InitControlRead
 .text.USBUART_InitZeroLengthControlTransfer
                0x00001374       0x40 .\CortexM3\ARM_GCC_541\Debug\CS301_Class.a(USBUART_drv.o)
                0x00001374                USBUART_InitZeroLengthControlTransfer
 .text.USBUART_ControlReadDataStage
                0x000013b4        0xc .\CortexM3\ARM_GCC_541\Debug\CS301_Class.a(USBUART_drv.o)
                0x000013b4                USBUART_ControlReadDataStage
 .text.USBUART_ControlReadStatusStage
                0x000013c0       0x40 .\CortexM3\ARM_GCC_541\Debug\CS301_Class.a(USBUART_drv.o)
                0x000013c0                USBUART_ControlReadStatusStage
 .text.USBUART_InitControlWrite
                0x00001400       0x64 .\CortexM3\ARM_GCC_541\Debug\CS301_Class.a(USBUART_drv.o)
                0x00001400                USBUART_InitControlWrite
 .text.USBUART_ControlWriteDataStage
                0x00001464       0xb4 .\CortexM3\ARM_GCC_541\Debug\CS301_Class.a(USBUART_drv.o)
                0x00001464                USBUART_ControlWriteDataStage
 .text.USBUART_ControlWriteStatusStage
                0x00001518       0x24 .\CortexM3\ARM_GCC_541\Debug\CS301_Class.a(USBUART_drv.o)
                0x00001518                USBUART_ControlWriteStatusStage
 .text.USBUART_InitNoDataControlTransfer
                0x0000153c       0x38 .\CortexM3\ARM_GCC_541\Debug\CS301_Class.a(USBUART_drv.o)
                0x0000153c                USBUART_InitNoDataControlTransfer
 .text.USBUART_NoDataControlStatusStage
                0x00001574       0x4c .\CortexM3\ARM_GCC_541\Debug\CS301_Class.a(USBUART_drv.o)
                0x00001574                USBUART_NoDataControlStatusStage
 .text.USBUART_UpdateStatusBlock
                0x000015c0       0x40 .\CortexM3\ARM_GCC_541\Debug\CS301_Class.a(USBUART_drv.o)
                0x000015c0                USBUART_UpdateStatusBlock
 .text.USBUART_InitializeStatusBlock
                0x00001600       0x34 .\CortexM3\ARM_GCC_541\Debug\CS301_Class.a(USBUART_drv.o)
                0x00001600                USBUART_InitializeStatusBlock
 .text.USBUART_EP_1_ISR
                0x00001634       0x48 .\CortexM3\ARM_GCC_541\Debug\CS301_Class.a(USBUART_episr.o)
                0x00001634                USBUART_EP_1_ISR
 .text.USBUART_EP_2_ISR
                0x0000167c       0x4c .\CortexM3\ARM_GCC_541\Debug\CS301_Class.a(USBUART_episr.o)
                0x0000167c                USBUART_EP_2_ISR
 .text.USBUART_EP_3_ISR
                0x000016c8       0x54 .\CortexM3\ARM_GCC_541\Debug\CS301_Class.a(USBUART_episr.o)
                0x000016c8                USBUART_EP_3_ISR
 .text.USBUART_SOF_ISR
                0x0000171c        0xc .\CortexM3\ARM_GCC_541\Debug\CS301_Class.a(USBUART_episr.o)
                0x0000171c                USBUART_SOF_ISR
 .text.USBUART_BUS_RESET_ISR
                0x00001728        0xc .\CortexM3\ARM_GCC_541\Debug\CS301_Class.a(USBUART_episr.o)
                0x00001728                USBUART_BUS_RESET_ISR
 .text.USBUART_DP_ISR
                0x00001734        0xc .\CortexM3\ARM_GCC_541\Debug\CS301_Class.a(USBUART_pm.o)
                0x00001734                USBUART_DP_ISR
 .text.USBUART_HandleStandardRqst
                0x00001740      0x4a4 .\CortexM3\ARM_GCC_541\Debug\CS301_Class.a(USBUART_std.o)
                0x00001740                USBUART_HandleStandardRqst
 .text.USBUART_ReadDieID
                0x00001be4       0xd8 .\CortexM3\ARM_GCC_541\Debug\CS301_Class.a(USBUART_std.o)
                0x00001be4                USBUART_ReadDieID
 .text.USBUART_ConfigReg
                0x00001cbc      0x138 .\CortexM3\ARM_GCC_541\Debug\CS301_Class.a(USBUART_std.o)
                0x00001cbc                USBUART_ConfigReg
 .text.USBUART_Config
                0x00001df4      0x3a4 .\CortexM3\ARM_GCC_541\Debug\CS301_Class.a(USBUART_std.o)
                0x00001df4                USBUART_Config
 .text.USBUART_ConfigAltChanged
                0x00002198      0x25c .\CortexM3\ARM_GCC_541\Debug\CS301_Class.a(USBUART_std.o)
                0x00002198                USBUART_ConfigAltChanged
 .text.USBUART_GetConfigTablePtr
                0x000023f4       0x50 .\CortexM3\ARM_GCC_541\Debug\CS301_Class.a(USBUART_std.o)
                0x000023f4                USBUART_GetConfigTablePtr
 .text.USBUART_GetDeviceTablePtr
                0x00002444       0x24 .\CortexM3\ARM_GCC_541\Debug\CS301_Class.a(USBUART_std.o)
                0x00002444                USBUART_GetDeviceTablePtr
 .text.USBUART_GetInterfaceClassTablePtr
                0x00002468       0x4c .\CortexM3\ARM_GCC_541\Debug\CS301_Class.a(USBUART_std.o)
                0x00002468                USBUART_GetInterfaceClassTablePtr
 .text.USBUART_SetEndpointHalt
                0x000024b4       0xe8 .\CortexM3\ARM_GCC_541\Debug\CS301_Class.a(USBUART_std.o)
                0x000024b4                USBUART_SetEndpointHalt
 .text.USBUART_ClearEndpointHalt
                0x0000259c      0x158 .\CortexM3\ARM_GCC_541\Debug\CS301_Class.a(USBUART_std.o)
                0x0000259c                USBUART_ClearEndpointHalt
 .text.USBUART_ValidateAlternateSetting
                0x000026f4       0x70 .\CortexM3\ARM_GCC_541\Debug\CS301_Class.a(USBUART_std.o)
                0x000026f4                USBUART_ValidateAlternateSetting
 .text.USBUART_HandleVendorRqst
                0x00002764       0x54 .\CortexM3\ARM_GCC_541\Debug\CS301_Class.a(USBUART_vnd.o)
                0x00002764                USBUART_HandleVendorRqst
 .text.USBUART_Dp_ClearInterrupt
                0x000027b8       0x20 .\CortexM3\ARM_GCC_541\Debug\CS301_Class.a(USBUART_Dp.o)
                0x000027b8                USBUART_Dp_ClearInterrupt
 .text.CyHalt   0x000027d8       0x18 .\CortexM3\ARM_GCC_541\Debug\CS301_Class.a(CyLib.o)
                0x000027d8                CyHalt
 .text.CyDelayUs
                0x000027f0       0x28 .\CortexM3\ARM_GCC_541\Debug\CS301_Class.a(CyLib.o)
                0x000027f0                CyDelayUs
 .text.CyIntSetVector
                0x00002818       0x50 .\CortexM3\ARM_GCC_541\Debug\CS301_Class.a(CyLib.o)
                0x00002818                CyIntSetVector
 .text.CyIntSetPriority
                0x00002868       0x48 .\CortexM3\ARM_GCC_541\Debug\CS301_Class.a(CyLib.o)
                0x00002868                CyIntSetPriority
 .text.CyGetUniqueId
                0x000028b0       0xc4 .\CortexM3\ARM_GCC_541\Debug\CS301_Class.a(CyLib.o)
                0x000028b0                CyGetUniqueId
 .text.PWM_1_Start
                0x00002974       0x24 .\CortexM3\ARM_GCC_541\Debug\CS301_Class.a(PWM_1.o)
                0x00002974                PWM_1_Start
 .text.PWM_1_Init
                0x00002998       0xbc .\CortexM3\ARM_GCC_541\Debug\CS301_Class.a(PWM_1.o)
                0x00002998                PWM_1_Init
 .text.PWM_1_Enable
                0x00002a54       0x48 .\CortexM3\ARM_GCC_541\Debug\CS301_Class.a(PWM_1.o)
                0x00002a54                PWM_1_Enable
 .text.PWM_1_WritePeriod
                0x00002a9c       0x20 .\CortexM3\ARM_GCC_541\Debug\CS301_Class.a(PWM_1.o)
                0x00002a9c                PWM_1_WritePeriod
 .text.PWM_1_WriteCompare
                0x00002abc       0x20 .\CortexM3\ARM_GCC_541\Debug\CS301_Class.a(PWM_1.o)
                0x00002abc                PWM_1_WriteCompare
 .text.PWM_1_SetInterruptMode
                0x00002adc       0x20 .\CortexM3\ARM_GCC_541\Debug\CS301_Class.a(PWM_1.o)
                0x00002adc                PWM_1_SetInterruptMode
 .text.PWM_2_Start
                0x00002afc       0x24 .\CortexM3\ARM_GCC_541\Debug\CS301_Class.a(PWM_2.o)
                0x00002afc                PWM_2_Start
 .text.PWM_2_Init
                0x00002b20       0xbc .\CortexM3\ARM_GCC_541\Debug\CS301_Class.a(PWM_2.o)
                0x00002b20                PWM_2_Init
 .text.PWM_2_Enable
                0x00002bdc       0x48 .\CortexM3\ARM_GCC_541\Debug\CS301_Class.a(PWM_2.o)
                0x00002bdc                PWM_2_Enable
 .text.PWM_2_WritePeriod
                0x00002c24       0x20 .\CortexM3\ARM_GCC_541\Debug\CS301_Class.a(PWM_2.o)
                0x00002c24                PWM_2_WritePeriod
 .text.PWM_2_WriteCompare
                0x00002c44       0x20 .\CortexM3\ARM_GCC_541\Debug\CS301_Class.a(PWM_2.o)
                0x00002c44                PWM_2_WriteCompare
 .text.PWM_2_SetInterruptMode
                0x00002c64       0x20 .\CortexM3\ARM_GCC_541\Debug\CS301_Class.a(PWM_2.o)
                0x00002c64                PWM_2_SetInterruptMode
 .text.QuadDec_M1_Init
                0x00002c84        0xc .\CortexM3\ARM_GCC_541\Debug\CS301_Class.a(QuadDec_M1.o)
                0x00002c84                QuadDec_M1_Init
 .text.QuadDec_M1_Enable
                0x00002c90       0x3c .\CortexM3\ARM_GCC_541\Debug\CS301_Class.a(QuadDec_M1.o)
                0x00002c90                QuadDec_M1_Enable
 .text.QuadDec_M1_Start
                0x00002ccc       0x30 .\CortexM3\ARM_GCC_541\Debug\CS301_Class.a(QuadDec_M1.o)
                0x00002ccc                QuadDec_M1_Start
 .text.QuadDec_M1_GetCounter
                0x00002cfc       0x24 .\CortexM3\ARM_GCC_541\Debug\CS301_Class.a(QuadDec_M1.o)
                0x00002cfc                QuadDec_M1_GetCounter
 .text.QuadDec_M1_SetCounter
                0x00002d20       0x34 .\CortexM3\ARM_GCC_541\Debug\CS301_Class.a(QuadDec_M1.o)
                0x00002d20                QuadDec_M1_SetCounter
 .text.QuadDec_M1_GetEvents
                0x00002d54       0x1c .\CortexM3\ARM_GCC_541\Debug\CS301_Class.a(QuadDec_M1.o)
                0x00002d54                QuadDec_M1_GetEvents
 .text.QuadDec_M1_SetInterruptMask
                0x00002d70       0x20 .\CortexM3\ARM_GCC_541\Debug\CS301_Class.a(QuadDec_M1.o)
                0x00002d70                QuadDec_M1_SetInterruptMask
 .text.QuadDec_M2_Init
                0x00002d90        0xc .\CortexM3\ARM_GCC_541\Debug\CS301_Class.a(QuadDec_M2.o)
                0x00002d90                QuadDec_M2_Init
 .text.QuadDec_M2_Enable
                0x00002d9c       0x3c .\CortexM3\ARM_GCC_541\Debug\CS301_Class.a(QuadDec_M2.o)
                0x00002d9c                QuadDec_M2_Enable
 .text.QuadDec_M2_Start
                0x00002dd8       0x30 .\CortexM3\ARM_GCC_541\Debug\CS301_Class.a(QuadDec_M2.o)
                0x00002dd8                QuadDec_M2_Start
 .text.QuadDec_M2_GetCounter
                0x00002e08       0x24 .\CortexM3\ARM_GCC_541\Debug\CS301_Class.a(QuadDec_M2.o)
                0x00002e08                QuadDec_M2_GetCounter
 .text.QuadDec_M2_SetCounter
                0x00002e2c       0x34 .\CortexM3\ARM_GCC_541\Debug\CS301_Class.a(QuadDec_M2.o)
                0x00002e2c                QuadDec_M2_SetCounter
 .text.QuadDec_M2_GetEvents
                0x00002e60       0x1c .\CortexM3\ARM_GCC_541\Debug\CS301_Class.a(QuadDec_M2.o)
                0x00002e60                QuadDec_M2_GetEvents
 .text.QuadDec_M2_SetInterruptMask
                0x00002e7c       0x20 .\CortexM3\ARM_GCC_541\Debug\CS301_Class.a(QuadDec_M2.o)
                0x00002e7c                QuadDec_M2_SetInterruptMask
 .text.QuadDec_M1_Cnt16_Init
                0x00002e9c       0x80 .\CortexM3\ARM_GCC_541\Debug\CS301_Class.a(QuadDec_M1_Cnt16.o)
                0x00002e9c                QuadDec_M1_Cnt16_Init
 .text.QuadDec_M1_Cnt16_Enable
                0x00002f1c       0x20 .\CortexM3\ARM_GCC_541\Debug\CS301_Class.a(QuadDec_M1_Cnt16.o)
                0x00002f1c                QuadDec_M1_Cnt16_Enable
 .text.QuadDec_M1_Cnt16_Start
                0x00002f3c       0x24 .\CortexM3\ARM_GCC_541\Debug\CS301_Class.a(QuadDec_M1_Cnt16.o)
                0x00002f3c                QuadDec_M1_Cnt16_Start
 .text.QuadDec_M1_Cnt16_SetInterruptMode
                0x00002f60       0x20 .\CortexM3\ARM_GCC_541\Debug\CS301_Class.a(QuadDec_M1_Cnt16.o)
                0x00002f60                QuadDec_M1_Cnt16_SetInterruptMode
 .text.QuadDec_M1_Cnt16_ReadStatusRegister
                0x00002f80       0x18 .\CortexM3\ARM_GCC_541\Debug\CS301_Class.a(QuadDec_M1_Cnt16.o)
                0x00002f80                QuadDec_M1_Cnt16_ReadStatusRegister
 .text.QuadDec_M1_Cnt16_WriteCounter
                0x00002f98       0x20 .\CortexM3\ARM_GCC_541\Debug\CS301_Class.a(QuadDec_M1_Cnt16.o)
                0x00002f98                QuadDec_M1_Cnt16_WriteCounter
 .text.QuadDec_M1_Cnt16_ReadCounter
                0x00002fb8       0x20 .\CortexM3\ARM_GCC_541\Debug\CS301_Class.a(QuadDec_M1_Cnt16.o)
                0x00002fb8                QuadDec_M1_Cnt16_ReadCounter
 .text.QuadDec_M1_Cnt16_ReadCapture
                0x00002fd8       0x18 .\CortexM3\ARM_GCC_541\Debug\CS301_Class.a(QuadDec_M1_Cnt16.o)
                0x00002fd8                QuadDec_M1_Cnt16_ReadCapture
 .text.QuadDec_M1_Cnt16_WritePeriod
                0x00002ff0       0x20 .\CortexM3\ARM_GCC_541\Debug\CS301_Class.a(QuadDec_M1_Cnt16.o)
                0x00002ff0                QuadDec_M1_Cnt16_WritePeriod
 .text.QuadDec_M1_Cnt16_WriteCompare
                0x00003010       0x20 .\CortexM3\ARM_GCC_541\Debug\CS301_Class.a(QuadDec_M1_Cnt16.o)
                0x00003010                QuadDec_M1_Cnt16_WriteCompare
 .text.QuadDec_M1_Cnt16_ClearFIFO
                0x00003030       0x1c .\CortexM3\ARM_GCC_541\Debug\CS301_Class.a(QuadDec_M1_Cnt16.o)
                0x00003030                QuadDec_M1_Cnt16_ClearFIFO
 .text.QuadDec_M2_Cnt16_Init
                0x0000304c       0x80 .\CortexM3\ARM_GCC_541\Debug\CS301_Class.a(QuadDec_M2_Cnt16.o)
                0x0000304c                QuadDec_M2_Cnt16_Init
 .text.QuadDec_M2_Cnt16_Enable
                0x000030cc       0x20 .\CortexM3\ARM_GCC_541\Debug\CS301_Class.a(QuadDec_M2_Cnt16.o)
                0x000030cc                QuadDec_M2_Cnt16_Enable
 .text.QuadDec_M2_Cnt16_Start
                0x000030ec       0x24 .\CortexM3\ARM_GCC_541\Debug\CS301_Class.a(QuadDec_M2_Cnt16.o)
                0x000030ec                QuadDec_M2_Cnt16_Start
 .text.QuadDec_M2_Cnt16_SetInterruptMode
                0x00003110       0x20 .\CortexM3\ARM_GCC_541\Debug\CS301_Class.a(QuadDec_M2_Cnt16.o)
                0x00003110                QuadDec_M2_Cnt16_SetInterruptMode
 .text.QuadDec_M2_Cnt16_ReadStatusRegister
                0x00003130       0x18 .\CortexM3\ARM_GCC_541\Debug\CS301_Class.a(QuadDec_M2_Cnt16.o)
                0x00003130                QuadDec_M2_Cnt16_ReadStatusRegister
 .text.QuadDec_M2_Cnt16_WriteCounter
                0x00003148       0x20 .\CortexM3\ARM_GCC_541\Debug\CS301_Class.a(QuadDec_M2_Cnt16.o)
                0x00003148                QuadDec_M2_Cnt16_WriteCounter
 .text.QuadDec_M2_Cnt16_ReadCounter
                0x00003168       0x20 .\CortexM3\ARM_GCC_541\Debug\CS301_Class.a(QuadDec_M2_Cnt16.o)
                0x00003168                QuadDec_M2_Cnt16_ReadCounter
 .text.QuadDec_M2_Cnt16_ReadCapture
                0x00003188       0x18 .\CortexM3\ARM_GCC_541\Debug\CS301_Class.a(QuadDec_M2_Cnt16.o)
                0x00003188                QuadDec_M2_Cnt16_ReadCapture
 .text.QuadDec_M2_Cnt16_WritePeriod
                0x000031a0       0x20 .\CortexM3\ARM_GCC_541\Debug\CS301_Class.a(QuadDec_M2_Cnt16.o)
                0x000031a0                QuadDec_M2_Cnt16_WritePeriod
 .text.QuadDec_M2_Cnt16_WriteCompare
                0x000031c0       0x20 .\CortexM3\ARM_GCC_541\Debug\CS301_Class.a(QuadDec_M2_Cnt16.o)
                0x000031c0                QuadDec_M2_Cnt16_WriteCompare
 .text.QuadDec_M2_Cnt16_ClearFIFO
                0x000031e0       0x1c .\CortexM3\ARM_GCC_541\Debug\CS301_Class.a(QuadDec_M2_Cnt16.o)
                0x000031e0                QuadDec_M2_Cnt16_ClearFIFO
 .text.isr_1_StartEx
                0x000031fc       0x24 .\CortexM3\ARM_GCC_541\Debug\CS301_Class.a(isr_1.o)
                0x000031fc                isr_1_StartEx
 .text.isr_1_SetVector
                0x00003220       0x24 .\CortexM3\ARM_GCC_541\Debug\CS301_Class.a(isr_1.o)
                0x00003220                isr_1_SetVector
 .text.isr_1_SetPriority
                0x00003244       0x24 .\CortexM3\ARM_GCC_541\Debug\CS301_Class.a(isr_1.o)
                0x00003244                isr_1_SetPriority
 .text.isr_1_Enable
                0x00003268       0x18 .\CortexM3\ARM_GCC_541\Debug\CS301_Class.a(isr_1.o)
                0x00003268                isr_1_Enable
 .text.isr_1_Disable
                0x00003280       0x18 .\CortexM3\ARM_GCC_541\Debug\CS301_Class.a(isr_1.o)
                0x00003280                isr_1_Disable
 .text.mid_right_Start
                0x00003298       0x20 .\CortexM3\ARM_GCC_541\Debug\CS301_Class.a(mid_right.o)
                0x00003298                mid_right_Start
 .text.mid_right_Interrupt
                0x000032b8       0x18 .\CortexM3\ARM_GCC_541\Debug\CS301_Class.a(mid_right.o)
                0x000032b8                mid_right_Interrupt
 .text.mid_right_SetVector
                0x000032d0       0x24 .\CortexM3\ARM_GCC_541\Debug\CS301_Class.a(mid_right.o)
                0x000032d0                mid_right_SetVector
 .text.mid_right_SetPriority
                0x000032f4       0x24 .\CortexM3\ARM_GCC_541\Debug\CS301_Class.a(mid_right.o)
                0x000032f4                mid_right_SetPriority
 .text.mid_right_Enable
                0x00003318       0x18 .\CortexM3\ARM_GCC_541\Debug\CS301_Class.a(mid_right.o)
                0x00003318                mid_right_Enable
 .text.mid_right_Disable
                0x00003330       0x18 .\CortexM3\ARM_GCC_541\Debug\CS301_Class.a(mid_right.o)
                0x00003330                mid_right_Disable
 .text.mid_left_Start
                0x00003348       0x20 .\CortexM3\ARM_GCC_541\Debug\CS301_Class.a(mid_left.o)
                0x00003348                mid_left_Start
 .text.mid_left_Interrupt
                0x00003368       0x18 .\CortexM3\ARM_GCC_541\Debug\CS301_Class.a(mid_left.o)
                0x00003368                mid_left_Interrupt
 .text.mid_left_SetVector
                0x00003380       0x24 .\CortexM3\ARM_GCC_541\Debug\CS301_Class.a(mid_left.o)
                0x00003380                mid_left_SetVector
 .text.mid_left_SetPriority
                0x000033a4       0x24 .\CortexM3\ARM_GCC_541\Debug\CS301_Class.a(mid_left.o)
                0x000033a4                mid_left_SetPriority
 .text.mid_left_Enable
                0x000033c8       0x18 .\CortexM3\ARM_GCC_541\Debug\CS301_Class.a(mid_left.o)
                0x000033c8                mid_left_Enable
 .text.mid_left_Disable
                0x000033e0       0x18 .\CortexM3\ARM_GCC_541\Debug\CS301_Class.a(mid_left.o)
                0x000033e0                mid_left_Disable
 .text.front_right_Start
                0x000033f8       0x20 .\CortexM3\ARM_GCC_541\Debug\CS301_Class.a(front_right.o)
                0x000033f8                front_right_Start
 .text.front_right_Interrupt
                0x00003418       0x18 .\CortexM3\ARM_GCC_541\Debug\CS301_Class.a(front_right.o)
                0x00003418                front_right_Interrupt
 .text.front_right_SetVector
                0x00003430       0x24 .\CortexM3\ARM_GCC_541\Debug\CS301_Class.a(front_right.o)
                0x00003430                front_right_SetVector
 .text.front_right_SetPriority
                0x00003454       0x24 .\CortexM3\ARM_GCC_541\Debug\CS301_Class.a(front_right.o)
                0x00003454                front_right_SetPriority
 .text.front_right_Enable
                0x00003478       0x18 .\CortexM3\ARM_GCC_541\Debug\CS301_Class.a(front_right.o)
                0x00003478                front_right_Enable
 .text.front_right_Disable
                0x00003490       0x18 .\CortexM3\ARM_GCC_541\Debug\CS301_Class.a(front_right.o)
                0x00003490                front_right_Disable
 .text.front_left_Start
                0x000034a8       0x20 .\CortexM3\ARM_GCC_541\Debug\CS301_Class.a(front_left.o)
                0x000034a8                front_left_Start
 .text.front_left_Interrupt
                0x000034c8        0xc .\CortexM3\ARM_GCC_541\Debug\CS301_Class.a(front_left.o)
                0x000034c8                front_left_Interrupt
 .text.front_left_SetVector
                0x000034d4       0x24 .\CortexM3\ARM_GCC_541\Debug\CS301_Class.a(front_left.o)
                0x000034d4                front_left_SetVector
 .text.front_left_SetPriority
                0x000034f8       0x24 .\CortexM3\ARM_GCC_541\Debug\CS301_Class.a(front_left.o)
                0x000034f8                front_left_SetPriority
 .text.front_left_Enable
                0x0000351c       0x18 .\CortexM3\ARM_GCC_541\Debug\CS301_Class.a(front_left.o)
                0x0000351c                front_left_Enable
 .text.front_left_Disable
                0x00003534       0x18 .\CortexM3\ARM_GCC_541\Debug\CS301_Class.a(front_left.o)
                0x00003534                front_left_Disable
 *fill*         0x0000354c        0x4 
 .text          0x00003550       0x20 .\CortexM3\ARM_GCC_541\Debug\CS301_Class.a(CyBootAsmGnu.o)
                0x00003550                CyDelayCycles
                0x00003560                CyEnterCriticalSection
                0x00003568                CyExitCriticalSection
 .text.USBUART_DispatchClassRqst
                0x00003570       0x84 .\CortexM3\ARM_GCC_541\Debug\CS301_Class.a(USBUART_cls.o)
                0x00003570                USBUART_DispatchClassRqst
 .text          0x000035f4      0x21c c:/cypress/psoc creator/4.4/psoc creator/import/gnu/arm/5.4.1/bin/../lib/gcc/arm-none-eabi/5.4.1/armv7-m\libgcc.a(_arm_addsubsf3.o)
                0x000035f4                __aeabi_frsub
                0x000035fc                __subsf3
                0x000035fc                __aeabi_fsub
                0x00003600                __aeabi_fadd
                0x00003600                __addsf3
                0x00003760                __aeabi_ui2f
                0x00003760                __floatunsisf
                0x00003768                __aeabi_i2f
                0x00003768                __floatsisf
                0x00003784                __aeabi_ul2f
                0x00003784                __floatundisf
                0x00003794                __aeabi_l2f
                0x00003794                __floatdisf
 .text          0x00003810      0x2a0 c:/cypress/psoc creator/4.4/psoc creator/import/gnu/arm/5.4.1/bin/../lib/gcc/arm-none-eabi/5.4.1/armv7-m\libgcc.a(_arm_muldivsf3.o)
                0x00003810                __mulsf3
                0x00003810                __aeabi_fmul
                0x00003978                __aeabi_fdiv
                0x00003978                __divsf3
 .text.__errno  0x00003ab0        0xc c:/cypress/psoc creator/4.4/psoc creator/import/gnu/arm/5.4.1/bin/../lib/gcc/arm-none-eabi/5.4.1/../../../../arm-none-eabi/lib/armv7-m\libg_nano.a(lib_a-errno.o)
                0x00003ab0                __errno
 .text.__libc_init_array
                0x00003abc       0x4c c:/cypress/psoc creator/4.4/psoc creator/import/gnu/arm/5.4.1/bin/../lib/gcc/arm-none-eabi/5.4.1/../../../../arm-none-eabi/lib/armv7-m\libg_nano.a(lib_a-init.o)
                0x00003abc                __libc_init_array
 .text.memcpy   0x00003b08       0x16 c:/cypress/psoc creator/4.4/psoc creator/import/gnu/arm/5.4.1/bin/../lib/gcc/arm-none-eabi/5.4.1/../../../../arm-none-eabi/lib/armv7-m\libg_nano.a(lib_a-memcpy-stub.o)
                0x00003b08                memcpy
 .text.memset   0x00003b1e       0x10 c:/cypress/psoc creator/4.4/psoc creator/import/gnu/arm/5.4.1/bin/../lib/gcc/arm-none-eabi/5.4.1/../../../../arm-none-eabi/lib/armv7-m\libg_nano.a(lib_a-memset.o)
                0x00003b1e                memset
 *fill*         0x00003b2e        0x2 
 .text.snprintf
                0x00003b30       0x64 c:/cypress/psoc creator/4.4/psoc creator/import/gnu/arm/5.4.1/bin/../lib/gcc/arm-none-eabi/5.4.1/../../../../arm-none-eabi/lib/armv7-m\libg_nano.a(lib_a-snprintf.o)
                0x00003b30                sniprintf
                0x00003b30                snprintf
 .text          0x00003b94       0x10 c:/cypress/psoc creator/4.4/psoc creator/import/gnu/arm/5.4.1/bin/../lib/gcc/arm-none-eabi/5.4.1/../../../../arm-none-eabi/lib/armv7-m\libg_nano.a(lib_a-strlen.o)
                0x00003b94                strlen
 .text.__ssputs_r
                0x00003ba4       0xb2 c:/cypress/psoc creator/4.4/psoc creator/import/gnu/arm/5.4.1/bin/../lib/gcc/arm-none-eabi/5.4.1/../../../../arm-none-eabi/lib/armv7-m\libg_nano.a(lib_a-nano-svfprintf.o)
                0x00003ba4                __ssputs_r
 *fill*         0x00003c56        0x2 
 .text._svfprintf_r
                0x00003c58      0x1e8 c:/cypress/psoc creator/4.4/psoc creator/import/gnu/arm/5.4.1/bin/../lib/gcc/arm-none-eabi/5.4.1/../../../../arm-none-eabi/lib/armv7-m\libg_nano.a(lib_a-nano-svfprintf.o)
                0x00003c58                _svfiprintf_r
                0x00003c58                _svfprintf_r
 .text._printf_common
                0x00003e40       0xec c:/cypress/psoc creator/4.4/psoc creator/import/gnu/arm/5.4.1/bin/../lib/gcc/arm-none-eabi/5.4.1/../../../../arm-none-eabi/lib/armv7-m\libg_nano.a(lib_a-nano-vfprintf_i.o)
                0x00003e40                _printf_common
 .text._printf_i
                0x00003f2c      0x24c c:/cypress/psoc creator/4.4/psoc creator/import/gnu/arm/5.4.1/bin/../lib/gcc/arm-none-eabi/5.4.1/../../../../arm-none-eabi/lib/armv7-m\libg_nano.a(lib_a-nano-vfprintf_i.o)
                0x00003f2c                _printf_i
 .text.memchr   0x00004178       0x1c c:/cypress/psoc creator/4.4/psoc creator/import/gnu/arm/5.4.1/bin/../lib/gcc/arm-none-eabi/5.4.1/../../../../arm-none-eabi/lib/armv7-m\libg_nano.a(lib_a-memchr-stub.o)
                0x00004178                memchr
 .text.memmove  0x00004194       0x36 c:/cypress/psoc creator/4.4/psoc creator/import/gnu/arm/5.4.1/bin/../lib/gcc/arm-none-eabi/5.4.1/../../../../arm-none-eabi/lib/armv7-m\libg_nano.a(lib_a-memmove.o)
                0x00004194                memmove
 *fill*         0x000041ca        0x2 
 .text._free_r  0x000041cc       0x98 c:/cypress/psoc creator/4.4/psoc creator/import/gnu/arm/5.4.1/bin/../lib/gcc/arm-none-eabi/5.4.1/../../../../arm-none-eabi/lib/armv7-m\libg_nano.a(lib_a-nano-freer.o)
                0x000041cc                _free_r
 .text._malloc_r
                0x00004264       0xbc c:/cypress/psoc creator/4.4/psoc creator/import/gnu/arm/5.4.1/bin/../lib/gcc/arm-none-eabi/5.4.1/../../../../arm-none-eabi/lib/armv7-m\libg_nano.a(lib_a-nano-mallocr.o)
                0x00004264                _malloc_r
 .text._realloc_r
                0x00004320       0x4c c:/cypress/psoc creator/4.4/psoc creator/import/gnu/arm/5.4.1/bin/../lib/gcc/arm-none-eabi/5.4.1/../../../../arm-none-eabi/lib/armv7-m\libg_nano.a(lib_a-nano-reallocr.o)
                0x00004320                _realloc_r
 .text._sbrk_r  0x0000436c       0x20 c:/cypress/psoc creator/4.4/psoc creator/import/gnu/arm/5.4.1/bin/../lib/gcc/arm-none-eabi/5.4.1/../../../../arm-none-eabi/lib/armv7-m\libg_nano.a(lib_a-sbrkr.o)
                0x0000436c                _sbrk_r
 .text.__malloc_lock
                0x0000438c        0x2 c:/cypress/psoc creator/4.4/psoc creator/import/gnu/arm/5.4.1/bin/../lib/gcc/arm-none-eabi/5.4.1/../../../../arm-none-eabi/lib/armv7-m\libg_nano.a(lib_a-mlock.o)
                0x0000438c                __malloc_lock
 .text.__malloc_unlock
                0x0000438e        0x2 c:/cypress/psoc creator/4.4/psoc creator/import/gnu/arm/5.4.1/bin/../lib/gcc/arm-none-eabi/5.4.1/../../../../arm-none-eabi/lib/armv7-m\libg_nano.a(lib_a-mlock.o)
                0x0000438e                __malloc_unlock
 .text._malloc_usable_size_r
                0x00004390       0x14 c:/cypress/psoc creator/4.4/psoc creator/import/gnu/arm/5.4.1/bin/../lib/gcc/arm-none-eabi/5.4.1/../../../../arm-none-eabi/lib/armv7-m\libg_nano.a(lib_a-nano-msizer.o)
                0x00004390                _malloc_usable_size_r
 *(.plt)
 *(.gnu.warning)
 *(.glue_7t)
 .glue_7t       0x000043a4        0x0 linker stubs
 *(.glue_7)
 .glue_7        0x000043a4        0x0 linker stubs
 *(.vfp11_veneer)
 .vfp11_veneer  0x000043a4        0x0 linker stubs
 *(.bootloader)
 *(.ARM.extab* .gnu.linkonce.armextab.*)
 *(.gcc_except_table)

.v4_bx          0x000043a4        0x0
 .v4_bx         0x000043a4        0x0 linker stubs

.iplt           0x000043a4        0x0
 .iplt          0x000043a4        0x0 c:/cypress/psoc creator/4.4/psoc creator/import/gnu/arm/5.4.1/bin/../lib/gcc/arm-none-eabi/5.4.1/armv7-m/crtbegin.o

.eh_frame_hdr
 *(.eh_frame_hdr)

.eh_frame       0x000043a4        0x4
 *(.eh_frame)
 .eh_frame      0x000043a4        0x0 c:/cypress/psoc creator/4.4/psoc creator/import/gnu/arm/5.4.1/bin/../lib/gcc/arm-none-eabi/5.4.1/armv7-m/crtbegin.o
 .eh_frame      0x000043a4        0x4 c:/cypress/psoc creator/4.4/psoc creator/import/gnu/arm/5.4.1/bin/../lib/gcc/arm-none-eabi/5.4.1/armv7-m/crtend.o
                [!provide]                PROVIDE (__exidx_start, .)

.ARM.exidx
 *(.ARM.exidx* .gnu.linkonce.armexidx.*)
                0x000043a8                __exidx_end = .

.rodata         0x000043a8      0x260
 *(.rodata .rodata.* .gnu.linkonce.r.*)
 .rodata        0x000043a8       0x15 .\CortexM3\ARM_GCC_541\Debug\main.o
 *fill*         0x000043bd        0x3 
 .rodata        0x000043c0       0x2a .\CortexM3\ARM_GCC_541\Debug\cyfitter_cfg.o
 *fill*         0x000043ea        0x2 
 .rodata        0x000043ec       0x11 .\CortexM3\ARM_GCC_541\Debug\CS301_Class.a(USBUART_std.o)
 *fill*         0x000043fd        0x3 
 .rodata        0x00004400      0x19c .\CortexM3\ARM_GCC_541\Debug\CS301_Class.a(USBUART_descr.o)
                0x00004400                USBUART_DEVICE0_DESCR
                0x00004414                USBUART_DEVICE0_CONFIGURATION0_DESCR
                0x00004458                USBUART_STRING_DESCRIPTORS
                0x000044f8                USBUART_SN_STRING_DESCRIPTOR
                0x000044fc                USBUART_DEVICE0_CONFIGURATION0_EP_SETTINGS_TABLE
                0x00004514                USBUART_DEVICE0_CONFIGURATION0_INTERFACE_CLASS
                0x00004518                USBUART_DEVICE0_CONFIGURATION0_TABLE
                0x00004540                USBUART_DEVICE0_TABLE
                0x00004558                USBUART_TABLE
                0x00004560                USBUART_MSOS_DESCRIPTOR
                0x00004574                USBUART_MSOS_CONFIGURATION_DESCR
 .rodata.str1.1
                0x0000459c        0x2 c:/cypress/psoc creator/4.4/psoc creator/import/gnu/arm/5.4.1/bin/../lib/gcc/arm-none-eabi/5.4.1/../../../../arm-none-eabi/lib/armv7-m\libg_nano.a(lib_a-impure.o)
 .rodata.str1.1
                0x0000459e       0x11 c:/cypress/psoc creator/4.4/psoc creator/import/gnu/arm/5.4.1/bin/../lib/gcc/arm-none-eabi/5.4.1/../../../../arm-none-eabi/lib/armv7-m\libg_nano.a(lib_a-nano-svfprintf.o)
 .rodata.str1.1
                0x000045af       0x22 c:/cypress/psoc creator/4.4/psoc creator/import/gnu/arm/5.4.1/bin/../lib/gcc/arm-none-eabi/5.4.1/../../../../arm-none-eabi/lib/armv7-m\libg_nano.a(lib_a-nano-vfprintf_i.o)
                0x000045d4                . = ALIGN (0x4)
 *fill*         0x000045d1        0x3 
 *(.init)
 .init          0x000045d4        0x4 c:/cypress/psoc creator/4.4/psoc creator/import/gnu/arm/5.4.1/bin/../lib/gcc/arm-none-eabi/5.4.1/armv7-m/crti.o
                0x000045d4                _init
 .init          0x000045d8        0x8 c:/cypress/psoc creator/4.4/psoc creator/import/gnu/arm/5.4.1/bin/../lib/gcc/arm-none-eabi/5.4.1/armv7-m/crtn.o
                0x000045e0                . = ALIGN (0x4)
                0x000045e0                __preinit_array_start = .
 *(.preinit_array)
                0x000045e0                __preinit_array_end = .
                0x000045e0                . = ALIGN (0x4)
                0x000045e0                __init_array_start = .
 *(SORT(.init_array.*))
 *(.init_array)
 .init_array    0x000045e0        0x4 c:/cypress/psoc creator/4.4/psoc creator/import/gnu/arm/5.4.1/bin/../lib/gcc/arm-none-eabi/5.4.1/armv7-m/crtbegin.o
 .init_array    0x000045e4        0x4 .\CortexM3\ARM_GCC_541\Debug\Cm3Start.o
                0x000045e8                __init_array_end = .
                0x000045e8                . = ALIGN (0x4)
 *(.fini)
 .fini          0x000045e8        0x4 c:/cypress/psoc creator/4.4/psoc creator/import/gnu/arm/5.4.1/bin/../lib/gcc/arm-none-eabi/5.4.1/armv7-m/crti.o
                0x000045e8                _fini
 .fini          0x000045ec        0x8 c:/cypress/psoc creator/4.4/psoc creator/import/gnu/arm/5.4.1/bin/../lib/gcc/arm-none-eabi/5.4.1/armv7-m/crtn.o
                0x000045f4                . = ALIGN (0x4)
                0x000045f4                __fini_array_start = .
 *(.fini_array)
 .fini_array    0x000045f4        0x4 c:/cypress/psoc creator/4.4/psoc creator/import/gnu/arm/5.4.1/bin/../lib/gcc/arm-none-eabi/5.4.1/armv7-m/crtbegin.o
 *(SORT(.fini_array.*))
                0x000045f8                __fini_array_end = .
                0x000045f8                . = ALIGN (0x4)
 *crtbegin.o(.ctors)
 *(EXCLUDE_FILE(*crtend.o) .ctors)
 *(SORT(.ctors.*))
 *crtend.o(.ctors)
                0x000045f8                . = ALIGN (0x4)
 *crtbegin.o(.dtors)
 *(EXCLUDE_FILE(*crtend.o) .dtors)
 *(SORT(.dtors.*))
 *crtend.o(.dtors)
                0x000045f8                . = ALIGN (0x4)
                0x000045f8                __cy_regions = .
                0x000045f8        0x4 LONG 0x4608 __cy_region_init_ram
                0x000045fc        0x4 LONG 0x1fff80c8 __cy_region_start_data
                0x00004600        0x4 LONG 0x98 __cy_region_init_size_ram
                0x00004604        0x4 LONG 0x148 __cy_region_zero_size_ram
                0x00004608                __cy_regions_end = .
                0x00004608                . = ALIGN (0x8)
                0x00004608                _etext = .

.cy_checksum_exclude
                0x00004608        0x0
 *(.cy_checksum_exclude)

.ramvectors     0x1fff8000       0xc0
                0x1fff8000                __cy_region_start_ram = .
 *(.ramvectors)
 .ramvectors    0x1fff8000       0xc0 .\CortexM3\ARM_GCC_541\Debug\Cm3Start.o
                0x1fff8000                CyRamVectors

.noinit         0x1fff80c0        0x5
 *(.noinit)
 .noinit        0x1fff80c0        0x4 .\CortexM3\ARM_GCC_541\Debug\Cm3Start.o
 .noinit        0x1fff80c4        0x1 .\CortexM3\ARM_GCC_541\Debug\CS301_Class.a(CyLib.o)
                0x1fff80c4                CyResetStatus

.data           0x1fff80c8       0x98 load address 0x00004608
                0x1fff80c8                __cy_region_start_data = .
 *(.jcr)
 .jcr           0x1fff80c8        0x0 c:/cypress/psoc creator/4.4/psoc creator/import/gnu/arm/5.4.1/bin/../lib/gcc/arm-none-eabi/5.4.1/armv7-m/crtbegin.o
 .jcr           0x1fff80c8        0x4 c:/cypress/psoc creator/4.4/psoc creator/import/gnu/arm/5.4.1/bin/../lib/gcc/arm-none-eabi/5.4.1/armv7-m/crtend.o
 *(.got.plt)
 *(.got)
 *(.shdata)
 *(.data .data.* .gnu.linkonce.d.*)
 .data          0x1fff80cc        0x4 .\CortexM3\ARM_GCC_541\Debug\Cm3Start.o
 .data          0x1fff80d0       0x1a .\CortexM3\ARM_GCC_541\Debug\CS301_Class.a(USBUART_cdc.o)
                0x1fff80d0                USBUART_linesCoding
 *fill*         0x1fff80ea        0x2 
 .data          0x1fff80ec       0x10 .\CortexM3\ARM_GCC_541\Debug\CS301_Class.a(CyLib.o)
                0x1fff80ec                cydelay_freq_hz
                0x1fff80f0                cydelay_freq_khz
                0x1fff80f4                cydelay_freq_mhz
                0x1fff80f8                cydelay_32k_ms
 .data.impure_data
                0x1fff80fc       0x60 c:/cypress/psoc creator/4.4/psoc creator/import/gnu/arm/5.4.1/bin/../lib/gcc/arm-none-eabi/5.4.1/../../../../arm-none-eabi/lib/armv7-m\libg_nano.a(lib_a-impure.o)
 .data._impure_ptr
                0x1fff815c        0x4 c:/cypress/psoc creator/4.4/psoc creator/import/gnu/arm/5.4.1/bin/../lib/gcc/arm-none-eabi/5.4.1/../../../../arm-none-eabi/lib/armv7-m\libg_nano.a(lib_a-impure.o)
                0x1fff815c                _impure_ptr
                0x1fff8160                . = ALIGN (0x8)
 *(.ram)
                0x1fff8160                _edata = .

.igot.plt       0x1fff8160        0x0 load address 0x000046a0
 .igot.plt      0x1fff8160        0x0 c:/cypress/psoc creator/4.4/psoc creator/import/gnu/arm/5.4.1/bin/../lib/gcc/arm-none-eabi/5.4.1/armv7-m/crtbegin.o

.bss            0x1fff8160      0x148 load address 0x000046a0
                0x1fff8160                PROVIDE (__bss_start__, .)
 *(.shbss)
 *(.bss .bss.* .gnu.linkonce.b.*)
 .bss           0x1fff8160       0x1c c:/cypress/psoc creator/4.4/psoc creator/import/gnu/arm/5.4.1/bin/../lib/gcc/arm-none-eabi/5.4.1/armv7-m/crtbegin.o
 .bss           0x1fff817c       0x3a .\CortexM3\ARM_GCC_541\Debug\main.o
                0x1fff817c                ts
                0x1fff817e                ts_enc
                0x1fff8180                ts_update
                0x1fff8182                ts_speed
                0x1fff8184                ts_display
                0x1fff8186                flag_ts_enc
                0x1fff8187                flag_ts_update
                0x1fff8188                flag_ts_speed
                0x1fff8189                flag_ts_display
                0x1fff818a                flag_rx
                0x1fff818b                flag_packet
                0x1fff818c                flag_KB_string
                0x1fff818d                dataready_flag
                0x1fff81aa                timer_flag
                0x1fff81ac                edges
 .bss           0x1fff81b6        0x1 .\CortexM3\ARM_GCC_541\Debug\CS301_Class.a(Timer_TS.o)
                0x1fff81b6                Timer_TS_initVar
 .bss           0x1fff81b7        0x1 .\CortexM3\ARM_GCC_541\Debug\CS301_Class.a(USBUART.o)
                0x1fff81b7                USBUART_initVar
 .bss           0x1fff81b8        0x1 .\CortexM3\ARM_GCC_541\Debug\CS301_Class.a(USBUART_cdc.o)
 *fill*         0x1fff81b9        0x3 
 .bss           0x1fff81bc        0x2 .\CortexM3\ARM_GCC_541\Debug\CS301_Class.a(USBUART_std.o)
 .bss           0x1fff81be        0x1 .\CortexM3\ARM_GCC_541\Debug\CS301_Class.a(PWM_1.o)
                0x1fff81be                PWM_1_initVar
 .bss           0x1fff81bf        0x1 .\CortexM3\ARM_GCC_541\Debug\CS301_Class.a(PWM_2.o)
                0x1fff81bf                PWM_2_initVar
 .bss           0x1fff81c0        0x1 .\CortexM3\ARM_GCC_541\Debug\CS301_Class.a(QuadDec_M1.o)
                0x1fff81c0                QuadDec_M1_initVar
 .bss           0x1fff81c1        0x1 .\CortexM3\ARM_GCC_541\Debug\CS301_Class.a(QuadDec_M2.o)
                0x1fff81c1                QuadDec_M2_initVar
 .bss           0x1fff81c2        0x1 .\CortexM3\ARM_GCC_541\Debug\CS301_Class.a(QuadDec_M1_Cnt16.o)
                0x1fff81c2                QuadDec_M1_Cnt16_initVar
 .bss           0x1fff81c3        0x1 .\CortexM3\ARM_GCC_541\Debug\CS301_Class.a(QuadDec_M2_Cnt16.o)
                0x1fff81c3                QuadDec_M2_Cnt16_initVar
 .bss.__malloc_sbrk_start
                0x1fff81c4        0x4 c:/cypress/psoc creator/4.4/psoc creator/import/gnu/arm/5.4.1/bin/../lib/gcc/arm-none-eabi/5.4.1/../../../../arm-none-eabi/lib/armv7-m\libg_nano.a(lib_a-nano-mallocr.o)
                0x1fff81c4                __malloc_sbrk_start
 .bss.__malloc_free_list
                0x1fff81c8        0x4 c:/cypress/psoc creator/4.4/psoc creator/import/gnu/arm/5.4.1/bin/../lib/gcc/arm-none-eabi/5.4.1/../../../../arm-none-eabi/lib/armv7-m\libg_nano.a(lib_a-nano-mallocr.o)
                0x1fff81c8                __malloc_free_list
 *(COMMON)
 COMMON         0x1fff81cc       0x18 .\CortexM3\ARM_GCC_541\Debug\CS301_Class.a(USBUART_cdc.o)
                0x1fff81cc                USBUART_linesChanged
                0x1fff81d0                USBUART_cdcDataInEp
                0x1fff81d4                USBUART_cdcCommInInterruptEp
                0x1fff81d8                USBUART_cdcDataOutEp
                0x1fff81dc                USBUART_serialStateBitmap
                0x1fff81e0                USBUART_linesControlBitmap
 COMMON         0x1fff81e4       0x9a .\CortexM3\ARM_GCC_541\Debug\CS301_Class.a(USBUART_drv.o)
                0x1fff81e4                USBUART_lastPacketSize
                0x1fff81e5                USBUART_device
                0x1fff81e6                USBUART_transferByteCount
                0x1fff81e8                USBUART_transferState
                0x1fff81ec                USBUART_interfaceSettingLast
                0x1fff81f0                USBUART_currentTD
                0x1fff81fc                USBUART_interfaceNumber
                0x1fff8200                USBUART_interfaceClass
                0x1fff8204                USBUART_configurationChanged
                0x1fff8205                USBUART_ep0Mode
                0x1fff8206                USBUART_deviceAddress
                0x1fff8207                USBUART_configuration
                0x1fff8208                USBUART_ep0Count
                0x1fff8209                USBUART_deviceStatus
                0x1fff820c                USBUART_EP
                0x1fff8278                USBUART_interfaceSetting
                0x1fff827a                USBUART_ep0Toggle
                0x1fff827c                USBUART_interfaceStatus
 *fill*         0x1fff827e        0x2 
 COMMON         0x1fff8280       0x22 .\CortexM3\ARM_GCC_541\Debug\CS301_Class.a(USBUART_descr.o)
                0x1fff8280                USBUART_idSerialNumberStringDescriptor
 *fill*         0x1fff82a2        0x2 
 COMMON         0x1fff82a4        0x4 c:/cypress/psoc creator/4.4/psoc creator/import/gnu/arm/5.4.1/bin/../lib/gcc/arm-none-eabi/5.4.1/../../../../arm-none-eabi/lib/armv7-m\libg_nano.a(lib_a-reent.o)
                0x1fff82a4                errno
                0x1fff82a8                . = ALIGN (0x8)
 *(.ram.b)
                0x1fff82a8                _end = .
                0x1fff82a8                __end = .
                0x1fff82a8                PROVIDE (end, .)
                0x1fff82a8                PROVIDE (__bss_end__, .)
                0x00004608                __cy_region_init_ram = LOADADDR (.data)
                0x00000098                __cy_region_init_size_ram = (_edata - ADDR (.data))
                0x00000148                __cy_region_zero_size_ram = (_end - _edata)

.heap           0x1fff82a8       0x80 load address 0x000046a0
                0x1fff82a8                . = _end
                0x1fff8328                . = (. + 0x80)
 *fill*         0x1fff82a8       0x80 
                0x1fff8328                __cy_heap_limit = .

.stack          0x20007800      0x800
                0x20007800                __cy_stack_limit = .
                0x20008000                . = (. + 0x800)
 *fill*         0x20007800      0x800 
                0x00000001                ASSERT ((__cy_stack_limit >= __cy_heap_limit), region RAM overflowed with stack)
                0x00000000                cy_checksum_exclude_size = (CY_APPL_LOADABLE == 0x1)?SIZEOF (.cy_checksum_exclude):0x0
                0x00000001                ASSERT ((cy_checksum_exclude_size <= CY_CHECKSUM_EXCLUDE_SIZE), CY_BOOT: Section .cy_checksum_exclude size exceedes specified limit.)

.cyloadermeta
 *(.cyloadermeta)

.cyloadablemeta
 *(.cyloadablemeta)

.cyconfigecc    0x80000000      0xc84
 *(.cyconfigecc)
 .cyconfigecc   0x80000000      0xc84 .\CortexM3\ARM_GCC_541\Debug\cymetadata.o
                0x80000000                cy_meta_configecc

.cycustnvl      0x90000000        0x4
 *(.cycustnvl)
 .cycustnvl     0x90000000        0x4 .\CortexM3\ARM_GCC_541\Debug\cymetadata.o
                0x90000000                cy_meta_custnvl

.cywolatch      0x90100000        0x4
 *(.cywolatch)
 .cywolatch     0x90100000        0x4 .\CortexM3\ARM_GCC_541\Debug\cymetadata.o
                0x90100000                cy_meta_wonvl

.cyeeprom       0x90200000        0x0
 *(.cyeeprom)
                0x00000001                ASSERT ((. <= ((0x90200000 + ee_offset) + ee_size)), .cyeeprom data will not fit in EEPROM)

.cyflashprotect
                0x90400000      0x100
 *(.cyflashprotect)
 .cyflashprotect
                0x90400000      0x100 .\CortexM3\ARM_GCC_541\Debug\cymetadata.o
                0x90400000                cy_meta_flashprotect

.cymeta         0x90500000        0xc
 *(.cymeta)
 .cymeta        0x90500000        0xc .\CortexM3\ARM_GCC_541\Debug\cymetadata.o
                0x90500000                cy_metadata

.rel.dyn        0x000046a0        0x0 load address 0x9050000c
 .rel.iplt      0x000046a0        0x0 c:/cypress/psoc creator/4.4/psoc creator/import/gnu/arm/5.4.1/bin/../lib/gcc/arm-none-eabi/5.4.1/armv7-m/crtbegin.o

.stab
 *(.stab)

.stabstr
 *(.stabstr)

.debug
 *(.debug)

.line
 *(.line)

.debug_srcinfo
 *(.debug_srcinfo)

.debug_sfnames
 *(.debug_sfnames)

.debug_aranges  0x00000000     0x1200
 *(.debug_aranges)
 .debug_aranges
                0x00000000       0x40 .\CortexM3\ARM_GCC_541\Debug\main.o
 .debug_aranges
                0x00000040       0x28 .\CortexM3\ARM_GCC_541\Debug\tacho.o
 .debug_aranges
                0x00000068       0x20 .\CortexM3\ARM_GCC_541\Debug\LEFT_TURN.o
 .debug_aranges
                0x00000088       0x20 .\CortexM3\ARM_GCC_541\Debug\RIGHT_TURN.o
 .debug_aranges
                0x000000a8       0x20 .\CortexM3\ARM_GCC_541\Debug\DRIFTED_LEFT.o
 .debug_aranges
                0x000000c8       0x20 .\CortexM3\ARM_GCC_541\Debug\DRIFTED_RIGHT.o
 .debug_aranges
                0x000000e8       0x28 .\CortexM3\ARM_GCC_541\Debug\SENSORS_READ.o
 .debug_aranges
                0x00000110       0x20 .\CortexM3\ARM_GCC_541\Debug\STRAIGHT.o
 .debug_aranges
                0x00000130       0x20 .\CortexM3\ARM_GCC_541\Debug\STOP.o
 .debug_aranges
                0x00000150       0x28 .\CortexM3\ARM_GCC_541\Debug\MOVEMENT.o
 .debug_aranges
                0x00000178       0x48 .\CortexM3\ARM_GCC_541\Debug\manoeuvre.o
 .debug_aranges
                0x000001c0       0x60 .\CortexM3\ARM_GCC_541\Debug\cyfitter_cfg.o
 .debug_aranges
                0x00000220       0x18 .\CortexM3\ARM_GCC_541\Debug\cymetadata.o
 .debug_aranges
                0x00000238       0x48 .\CortexM3\ARM_GCC_541\Debug\Cm3Start.o
 .debug_aranges
                0x00000280       0x88 .\CortexM3\ARM_GCC_541\Debug\CS301_Class.a(Timer_TS.o)
 .debug_aranges
                0x00000308       0xc8 .\CortexM3\ARM_GCC_541\Debug\CS301_Class.a(USBUART.o)
 .debug_aranges
                0x000003d0       0xe8 .\CortexM3\ARM_GCC_541\Debug\CS301_Class.a(USBUART_cdc.o)
 .debug_aranges
                0x000004b8       0x98 .\CortexM3\ARM_GCC_541\Debug\CS301_Class.a(USBUART_drv.o)
 .debug_aranges
                0x00000550       0x40 .\CortexM3\ARM_GCC_541\Debug\CS301_Class.a(USBUART_episr.o)
 .debug_aranges
                0x00000590       0x40 .\CortexM3\ARM_GCC_541\Debug\CS301_Class.a(USBUART_pm.o)
 .debug_aranges
                0x000005d0       0x80 .\CortexM3\ARM_GCC_541\Debug\CS301_Class.a(USBUART_std.o)
 .debug_aranges
                0x00000650       0x20 .\CortexM3\ARM_GCC_541\Debug\CS301_Class.a(USBUART_vnd.o)
 .debug_aranges
                0x00000670       0x48 .\CortexM3\ARM_GCC_541\Debug\CS301_Class.a(USBUART_Dp.o)
 .debug_aranges
                0x000006b8      0x2a0 .\CortexM3\ARM_GCC_541\Debug\CS301_Class.a(CyLib.o)
 .debug_aranges
                0x00000958       0x98 .\CortexM3\ARM_GCC_541\Debug\CS301_Class.a(cyPm.o)
 .debug_aranges
                0x000009f0       0x78 .\CortexM3\ARM_GCC_541\Debug\CS301_Class.a(PWM_1.o)
 .debug_aranges
                0x00000a68       0x78 .\CortexM3\ARM_GCC_541\Debug\CS301_Class.a(PWM_2.o)
 .debug_aranges
                0x00000ae0       0x60 .\CortexM3\ARM_GCC_541\Debug\CS301_Class.a(QuadDec_M1.o)
 .debug_aranges
                0x00000b40       0x60 .\CortexM3\ARM_GCC_541\Debug\CS301_Class.a(QuadDec_M2.o)
 .debug_aranges
                0x00000ba0       0x98 .\CortexM3\ARM_GCC_541\Debug\CS301_Class.a(QuadDec_M1_Cnt16.o)
 .debug_aranges
                0x00000c38       0x98 .\CortexM3\ARM_GCC_541\Debug\CS301_Class.a(QuadDec_M2_Cnt16.o)
 .debug_aranges
                0x00000cd0       0x80 .\CortexM3\ARM_GCC_541\Debug\CS301_Class.a(isr_1.o)
 .debug_aranges
                0x00000d50       0x38 .\CortexM3\ARM_GCC_541\Debug\CS301_Class.a(Output_1.o)
 .debug_aranges
                0x00000d88       0x38 .\CortexM3\ARM_GCC_541\Debug\CS301_Class.a(Output_2.o)
 .debug_aranges
                0x00000dc0       0x38 .\CortexM3\ARM_GCC_541\Debug\CS301_Class.a(Output_3.o)
 .debug_aranges
                0x00000df8       0x38 .\CortexM3\ARM_GCC_541\Debug\CS301_Class.a(Output_4.o)
 .debug_aranges
                0x00000e30       0x38 .\CortexM3\ARM_GCC_541\Debug\CS301_Class.a(Output_5.o)
 .debug_aranges
                0x00000e68       0x38 .\CortexM3\ARM_GCC_541\Debug\CS301_Class.a(Output_6.o)
 .debug_aranges
                0x00000ea0       0x80 .\CortexM3\ARM_GCC_541\Debug\CS301_Class.a(mid_right.o)
 .debug_aranges
                0x00000f20       0x80 .\CortexM3\ARM_GCC_541\Debug\CS301_Class.a(mid_left.o)
 .debug_aranges
                0x00000fa0       0x80 .\CortexM3\ARM_GCC_541\Debug\CS301_Class.a(front_right.o)
 .debug_aranges
                0x00001020       0x80 .\CortexM3\ARM_GCC_541\Debug\CS301_Class.a(front_left.o)
 .debug_aranges
                0x000010a0       0x20 .\CortexM3\ARM_GCC_541\Debug\CS301_Class.a(CyBootAsmGnu.o)
 .debug_aranges
                0x000010c0       0x20 .\CortexM3\ARM_GCC_541\Debug\CS301_Class.a(USBUART_cls.o)
 .debug_aranges
                0x000010e0       0x18 .\CortexM3\ARM_GCC_541\Debug\CS301_Class.a(USBUART_descr.o)
 .debug_aranges
                0x000010f8       0x88 .\CortexM3\ARM_GCC_541\Debug\CS301_Class.a(CyFlash.o)
 .debug_aranges
                0x00001180       0x80 .\CortexM3\ARM_GCC_541\Debug\CS301_Class.a(CySpc.o)

.debug_pubnames
 *(.debug_pubnames)

.debug_info     0x00000000     0x831f
 *(.debug_info .gnu.linkonce.wi.*)
 .debug_info    0x00000000      0x57a .\CortexM3\ARM_GCC_541\Debug\main.o
 .debug_info    0x0000057a      0x14e .\CortexM3\ARM_GCC_541\Debug\tacho.o
 .debug_info    0x000006c8       0xc7 .\CortexM3\ARM_GCC_541\Debug\LEFT_TURN.o
 .debug_info    0x0000078f       0xc7 .\CortexM3\ARM_GCC_541\Debug\RIGHT_TURN.o
 .debug_info    0x00000856       0xc7 .\CortexM3\ARM_GCC_541\Debug\DRIFTED_LEFT.o
 .debug_info    0x0000091d       0xc7 .\CortexM3\ARM_GCC_541\Debug\DRIFTED_RIGHT.o
 .debug_info    0x000009e4      0x203 .\CortexM3\ARM_GCC_541\Debug\SENSORS_READ.o
 .debug_info    0x00000be7       0xc7 .\CortexM3\ARM_GCC_541\Debug\STRAIGHT.o
 .debug_info    0x00000cae       0xc7 .\CortexM3\ARM_GCC_541\Debug\STOP.o
 .debug_info    0x00000d75      0x167 .\CortexM3\ARM_GCC_541\Debug\MOVEMENT.o
 .debug_info    0x00000edc      0x11c .\CortexM3\ARM_GCC_541\Debug\manoeuvre.o
 .debug_info    0x00000ff8      0x3ab .\CortexM3\ARM_GCC_541\Debug\cyfitter_cfg.o
 .debug_info    0x000013a3      0x139 .\CortexM3\ARM_GCC_541\Debug\cymetadata.o
 .debug_info    0x000014dc      0x32b .\CortexM3\ARM_GCC_541\Debug\Cm3Start.o
 .debug_info    0x00001807      0x245 .\CortexM3\ARM_GCC_541\Debug\CS301_Class.a(Timer_TS.o)
 .debug_info    0x00001a4c      0x717 .\CortexM3\ARM_GCC_541\Debug\CS301_Class.a(USBUART.o)
 .debug_info    0x00002163      0x924 .\CortexM3\ARM_GCC_541\Debug\CS301_Class.a(USBUART_cdc.o)
 .debug_info    0x00002a87      0x52d .\CortexM3\ARM_GCC_541\Debug\CS301_Class.a(USBUART_drv.o)
 .debug_info    0x00002fb4      0x23b .\CortexM3\ARM_GCC_541\Debug\CS301_Class.a(USBUART_episr.o)
 .debug_info    0x000031ef      0x18d .\CortexM3\ARM_GCC_541\Debug\CS301_Class.a(USBUART_pm.o)
 .debug_info    0x0000337c      0x961 .\CortexM3\ARM_GCC_541\Debug\CS301_Class.a(USBUART_std.o)
 .debug_info    0x00003cdd      0x1a9 .\CortexM3\ARM_GCC_541\Debug\CS301_Class.a(USBUART_vnd.o)
 .debug_info    0x00003e86      0x171 .\CortexM3\ARM_GCC_541\Debug\CS301_Class.a(USBUART_Dp.o)
 .debug_info    0x00003ff7      0xe51 .\CortexM3\ARM_GCC_541\Debug\CS301_Class.a(CyLib.o)
 .debug_info    0x00004e48      0x57a .\CortexM3\ARM_GCC_541\Debug\CS301_Class.a(cyPm.o)
 .debug_info    0x000053c2      0x235 .\CortexM3\ARM_GCC_541\Debug\CS301_Class.a(PWM_1.o)
 .debug_info    0x000055f7      0x235 .\CortexM3\ARM_GCC_541\Debug\CS301_Class.a(PWM_2.o)
 .debug_info    0x0000582c      0x208 .\CortexM3\ARM_GCC_541\Debug\CS301_Class.a(QuadDec_M1.o)
 .debug_info    0x00005a34      0x208 .\CortexM3\ARM_GCC_541\Debug\CS301_Class.a(QuadDec_M2.o)
 .debug_info    0x00005c3c      0x291 .\CortexM3\ARM_GCC_541\Debug\CS301_Class.a(QuadDec_M1_Cnt16.o)
 .debug_info    0x00005ecd      0x291 .\CortexM3\ARM_GCC_541\Debug\CS301_Class.a(QuadDec_M2_Cnt16.o)
 .debug_info    0x0000615e      0x241 .\CortexM3\ARM_GCC_541\Debug\CS301_Class.a(isr_1.o)
 .debug_info    0x0000639f      0x11e .\CortexM3\ARM_GCC_541\Debug\CS301_Class.a(Output_1.o)
 .debug_info    0x000064bd      0x11e .\CortexM3\ARM_GCC_541\Debug\CS301_Class.a(Output_2.o)
 .debug_info    0x000065db      0x11e .\CortexM3\ARM_GCC_541\Debug\CS301_Class.a(Output_3.o)
 .debug_info    0x000066f9      0x11e .\CortexM3\ARM_GCC_541\Debug\CS301_Class.a(Output_4.o)
 .debug_info    0x00006817      0x11e .\CortexM3\ARM_GCC_541\Debug\CS301_Class.a(Output_5.o)
 .debug_info    0x00006935      0x11e .\CortexM3\ARM_GCC_541\Debug\CS301_Class.a(Output_6.o)
 .debug_info    0x00006a53      0x2e9 .\CortexM3\ARM_GCC_541\Debug\CS301_Class.a(mid_right.o)
 .debug_info    0x00006d3c      0x2e9 .\CortexM3\ARM_GCC_541\Debug\CS301_Class.a(mid_left.o)
 .debug_info    0x00007025      0x2e9 .\CortexM3\ARM_GCC_541\Debug\CS301_Class.a(front_right.o)
 .debug_info    0x0000730e      0x268 .\CortexM3\ARM_GCC_541\Debug\CS301_Class.a(front_left.o)
 .debug_info    0x00007576       0x87 .\CortexM3\ARM_GCC_541\Debug\CS301_Class.a(CyBootAsmGnu.o)
 .debug_info    0x000075fd      0x1c8 .\CortexM3\ARM_GCC_541\Debug\CS301_Class.a(USBUART_cls.o)
 .debug_info    0x000077c5      0x2e1 .\CortexM3\ARM_GCC_541\Debug\CS301_Class.a(USBUART_descr.o)
 .debug_info    0x00007aa6      0x3b9 .\CortexM3\ARM_GCC_541\Debug\CS301_Class.a(CyFlash.o)
 .debug_info    0x00007e5f      0x4c0 .\CortexM3\ARM_GCC_541\Debug\CS301_Class.a(CySpc.o)

.debug_abbrev   0x00000000     0x2f78
 *(.debug_abbrev)
 .debug_abbrev  0x00000000      0x132 .\CortexM3\ARM_GCC_541\Debug\main.o
 .debug_abbrev  0x00000132       0x96 .\CortexM3\ARM_GCC_541\Debug\tacho.o
 .debug_abbrev  0x000001c8       0x65 .\CortexM3\ARM_GCC_541\Debug\LEFT_TURN.o
 .debug_abbrev  0x0000022d       0x65 .\CortexM3\ARM_GCC_541\Debug\RIGHT_TURN.o
 .debug_abbrev  0x00000292       0x65 .\CortexM3\ARM_GCC_541\Debug\DRIFTED_LEFT.o
 .debug_abbrev  0x000002f7       0x65 .\CortexM3\ARM_GCC_541\Debug\DRIFTED_RIGHT.o
 .debug_abbrev  0x0000035c       0xce .\CortexM3\ARM_GCC_541\Debug\SENSORS_READ.o
 .debug_abbrev  0x0000042a       0x65 .\CortexM3\ARM_GCC_541\Debug\STRAIGHT.o
 .debug_abbrev  0x0000048f       0x65 .\CortexM3\ARM_GCC_541\Debug\STOP.o
 .debug_abbrev  0x000004f4       0xa1 .\CortexM3\ARM_GCC_541\Debug\MOVEMENT.o
 .debug_abbrev  0x00000595       0x65 .\CortexM3\ARM_GCC_541\Debug\manoeuvre.o
 .debug_abbrev  0x000005fa      0x19d .\CortexM3\ARM_GCC_541\Debug\cyfitter_cfg.o
 .debug_abbrev  0x00000797       0x77 .\CortexM3\ARM_GCC_541\Debug\cymetadata.o
 .debug_abbrev  0x0000080e      0x1d6 .\CortexM3\ARM_GCC_541\Debug\Cm3Start.o
 .debug_abbrev  0x000009e4       0xe9 .\CortexM3\ARM_GCC_541\Debug\CS301_Class.a(Timer_TS.o)
 .debug_abbrev  0x00000acd      0x1f3 .\CortexM3\ARM_GCC_541\Debug\CS301_Class.a(USBUART.o)
 .debug_abbrev  0x00000cc0      0x233 .\CortexM3\ARM_GCC_541\Debug\CS301_Class.a(USBUART_cdc.o)
 .debug_abbrev  0x00000ef3      0x161 .\CortexM3\ARM_GCC_541\Debug\CS301_Class.a(USBUART_drv.o)
 .debug_abbrev  0x00001054       0xfd .\CortexM3\ARM_GCC_541\Debug\CS301_Class.a(USBUART_episr.o)
 .debug_abbrev  0x00001151       0xd1 .\CortexM3\ARM_GCC_541\Debug\CS301_Class.a(USBUART_pm.o)
 .debug_abbrev  0x00001222      0x1c2 .\CortexM3\ARM_GCC_541\Debug\CS301_Class.a(USBUART_std.o)
 .debug_abbrev  0x000013e4       0xc5 .\CortexM3\ARM_GCC_541\Debug\CS301_Class.a(USBUART_vnd.o)
 .debug_abbrev  0x000014a9       0x90 .\CortexM3\ARM_GCC_541\Debug\CS301_Class.a(USBUART_Dp.o)
 .debug_abbrev  0x00001539      0x217 .\CortexM3\ARM_GCC_541\Debug\CS301_Class.a(CyLib.o)
 .debug_abbrev  0x00001750      0x161 .\CortexM3\ARM_GCC_541\Debug\CS301_Class.a(cyPm.o)
 .debug_abbrev  0x000018b1      0x116 .\CortexM3\ARM_GCC_541\Debug\CS301_Class.a(PWM_1.o)
 .debug_abbrev  0x000019c7      0x116 .\CortexM3\ARM_GCC_541\Debug\CS301_Class.a(PWM_2.o)
 .debug_abbrev  0x00001add      0x130 .\CortexM3\ARM_GCC_541\Debug\CS301_Class.a(QuadDec_M1.o)
 .debug_abbrev  0x00001c0d      0x130 .\CortexM3\ARM_GCC_541\Debug\CS301_Class.a(QuadDec_M2.o)
 .debug_abbrev  0x00001d3d      0x12c .\CortexM3\ARM_GCC_541\Debug\CS301_Class.a(QuadDec_M1_Cnt16.o)
 .debug_abbrev  0x00001e69      0x12c .\CortexM3\ARM_GCC_541\Debug\CS301_Class.a(QuadDec_M2_Cnt16.o)
 .debug_abbrev  0x00001f95      0x172 .\CortexM3\ARM_GCC_541\Debug\CS301_Class.a(isr_1.o)
 .debug_abbrev  0x00002107       0x90 .\CortexM3\ARM_GCC_541\Debug\CS301_Class.a(Output_1.o)
 .debug_abbrev  0x00002197       0x90 .\CortexM3\ARM_GCC_541\Debug\CS301_Class.a(Output_2.o)
 .debug_abbrev  0x00002227       0x90 .\CortexM3\ARM_GCC_541\Debug\CS301_Class.a(Output_3.o)
 .debug_abbrev  0x000022b7       0x90 .\CortexM3\ARM_GCC_541\Debug\CS301_Class.a(Output_4.o)
 .debug_abbrev  0x00002347       0x90 .\CortexM3\ARM_GCC_541\Debug\CS301_Class.a(Output_5.o)
 .debug_abbrev  0x000023d7       0x90 .\CortexM3\ARM_GCC_541\Debug\CS301_Class.a(Output_6.o)
 .debug_abbrev  0x00002467      0x1bf .\CortexM3\ARM_GCC_541\Debug\CS301_Class.a(mid_right.o)
 .debug_abbrev  0x00002626      0x1bf .\CortexM3\ARM_GCC_541\Debug\CS301_Class.a(mid_left.o)
 .debug_abbrev  0x000027e5      0x1bf .\CortexM3\ARM_GCC_541\Debug\CS301_Class.a(front_right.o)
 .debug_abbrev  0x000029a4      0x190 .\CortexM3\ARM_GCC_541\Debug\CS301_Class.a(front_left.o)
 .debug_abbrev  0x00002b34       0x14 .\CortexM3\ARM_GCC_541\Debug\CS301_Class.a(CyBootAsmGnu.o)
 .debug_abbrev  0x00002b48       0xc5 .\CortexM3\ARM_GCC_541\Debug\CS301_Class.a(USBUART_cls.o)
 .debug_abbrev  0x00002c0d       0xb4 .\CortexM3\ARM_GCC_541\Debug\CS301_Class.a(USBUART_descr.o)
 .debug_abbrev  0x00002cc1      0x14b .\CortexM3\ARM_GCC_541\Debug\CS301_Class.a(CyFlash.o)
 .debug_abbrev  0x00002e0c      0x16c .\CortexM3\ARM_GCC_541\Debug\CS301_Class.a(CySpc.o)

.debug_line     0x00000000     0x4cbe
 *(.debug_line)
 .debug_line    0x00000000      0x1ff .\CortexM3\ARM_GCC_541\Debug\main.o
 .debug_line    0x000001ff      0x15b .\CortexM3\ARM_GCC_541\Debug\tacho.o
 .debug_line    0x0000035a      0x141 .\CortexM3\ARM_GCC_541\Debug\LEFT_TURN.o
 .debug_line    0x0000049b      0x142 .\CortexM3\ARM_GCC_541\Debug\RIGHT_TURN.o
 .debug_line    0x000005dd      0x13b .\CortexM3\ARM_GCC_541\Debug\DRIFTED_LEFT.o
 .debug_line    0x00000718      0x13c .\CortexM3\ARM_GCC_541\Debug\DRIFTED_RIGHT.o
 .debug_line    0x00000854        0x0 .\CortexM3\ARM_GCC_541\Debug\INTERSECTION_DETECTED.o
 .debug_line    0x00000854      0x198 .\CortexM3\ARM_GCC_541\Debug\SENSORS_READ.o
 .debug_line    0x000009ec      0x138 .\CortexM3\ARM_GCC_541\Debug\STRAIGHT.o
 .debug_line    0x00000b24      0x133 .\CortexM3\ARM_GCC_541\Debug\STOP.o
 .debug_line    0x00000c57      0x18d .\CortexM3\ARM_GCC_541\Debug\MOVEMENT.o
 .debug_line    0x00000de4      0x192 .\CortexM3\ARM_GCC_541\Debug\manoeuvre.o
 .debug_line    0x00000f76      0x1e3 .\CortexM3\ARM_GCC_541\Debug\cyfitter_cfg.o
 .debug_line    0x00001159      0x119 .\CortexM3\ARM_GCC_541\Debug\cymetadata.o
 .debug_line    0x00001272      0x1c8 .\CortexM3\ARM_GCC_541\Debug\Cm3Start.o
 .debug_line    0x0000143a      0x160 .\CortexM3\ARM_GCC_541\Debug\CS301_Class.a(Timer_TS.o)
 .debug_line    0x0000159a      0x307 .\CortexM3\ARM_GCC_541\Debug\CS301_Class.a(USBUART.o)
 .debug_line    0x000018a1      0x30c .\CortexM3\ARM_GCC_541\Debug\CS301_Class.a(USBUART_cdc.o)
 .debug_line    0x00001bad      0x21f .\CortexM3\ARM_GCC_541\Debug\CS301_Class.a(USBUART_drv.o)
 .debug_line    0x00001dcc       0xf2 .\CortexM3\ARM_GCC_541\Debug\CS301_Class.a(USBUART_episr.o)
 .debug_line    0x00001ebe       0xe6 .\CortexM3\ARM_GCC_541\Debug\CS301_Class.a(USBUART_pm.o)
 .debug_line    0x00001fa4      0x470 .\CortexM3\ARM_GCC_541\Debug\CS301_Class.a(USBUART_std.o)
 .debug_line    0x00002414       0x8f .\CortexM3\ARM_GCC_541\Debug\CS301_Class.a(USBUART_vnd.o)
 .debug_line    0x000024a3       0xbf .\CortexM3\ARM_GCC_541\Debug\CS301_Class.a(USBUART_Dp.o)
 .debug_line    0x00002562      0x883 .\CortexM3\ARM_GCC_541\Debug\CS301_Class.a(CyLib.o)
 .debug_line    0x00002de5      0x38e .\CortexM3\ARM_GCC_541\Debug\CS301_Class.a(cyPm.o)
 .debug_line    0x00003173      0x140 .\CortexM3\ARM_GCC_541\Debug\CS301_Class.a(PWM_1.o)
 .debug_line    0x000032b3      0x140 .\CortexM3\ARM_GCC_541\Debug\CS301_Class.a(PWM_2.o)
 .debug_line    0x000033f3      0x10a .\CortexM3\ARM_GCC_541\Debug\CS301_Class.a(QuadDec_M1.o)
 .debug_line    0x000034fd      0x10a .\CortexM3\ARM_GCC_541\Debug\CS301_Class.a(QuadDec_M2.o)
 .debug_line    0x00003607      0x18e .\CortexM3\ARM_GCC_541\Debug\CS301_Class.a(QuadDec_M1_Cnt16.o)
 .debug_line    0x00003795      0x18e .\CortexM3\ARM_GCC_541\Debug\CS301_Class.a(QuadDec_M2_Cnt16.o)
 .debug_line    0x00003923      0x150 .\CortexM3\ARM_GCC_541\Debug\CS301_Class.a(isr_1.o)
 .debug_line    0x00003a73       0x98 .\CortexM3\ARM_GCC_541\Debug\CS301_Class.a(Output_1.o)
 .debug_line    0x00003b0b       0x98 .\CortexM3\ARM_GCC_541\Debug\CS301_Class.a(Output_2.o)
 .debug_line    0x00003ba3       0x98 .\CortexM3\ARM_GCC_541\Debug\CS301_Class.a(Output_3.o)
 .debug_line    0x00003c3b       0x98 .\CortexM3\ARM_GCC_541\Debug\CS301_Class.a(Output_4.o)
 .debug_line    0x00003cd3       0x98 .\CortexM3\ARM_GCC_541\Debug\CS301_Class.a(Output_5.o)
 .debug_line    0x00003d6b       0x98 .\CortexM3\ARM_GCC_541\Debug\CS301_Class.a(Output_6.o)
 .debug_line    0x00003e03      0x242 .\CortexM3\ARM_GCC_541\Debug\CS301_Class.a(mid_right.o)
 .debug_line    0x00004045      0x241 .\CortexM3\ARM_GCC_541\Debug\CS301_Class.a(mid_left.o)
 .debug_line    0x00004286      0x244 .\CortexM3\ARM_GCC_541\Debug\CS301_Class.a(front_right.o)
 .debug_line    0x000044ca      0x238 .\CortexM3\ARM_GCC_541\Debug\CS301_Class.a(front_left.o)
 .debug_line    0x00004702       0x66 .\CortexM3\ARM_GCC_541\Debug\CS301_Class.a(CyBootAsmGnu.o)
 .debug_line    0x00004768       0x95 .\CortexM3\ARM_GCC_541\Debug\CS301_Class.a(USBUART_cls.o)
 .debug_line    0x000047fd       0x61 .\CortexM3\ARM_GCC_541\Debug\CS301_Class.a(USBUART_descr.o)
 .debug_line    0x0000485e      0x22f .\CortexM3\ARM_GCC_541\Debug\CS301_Class.a(CyFlash.o)
 .debug_line    0x00004a8d      0x231 .\CortexM3\ARM_GCC_541\Debug\CS301_Class.a(CySpc.o)

.debug_frame    0x00000000     0x45d4
 *(.debug_frame)
 .debug_frame   0x00000000       0xd4 .\CortexM3\ARM_GCC_541\Debug\main.o
 .debug_frame   0x000000d4       0x60 .\CortexM3\ARM_GCC_541\Debug\tacho.o
 .debug_frame   0x00000134       0x2c .\CortexM3\ARM_GCC_541\Debug\LEFT_TURN.o
 .debug_frame   0x00000160       0x2c .\CortexM3\ARM_GCC_541\Debug\RIGHT_TURN.o
 .debug_frame   0x0000018c       0x2c .\CortexM3\ARM_GCC_541\Debug\DRIFTED_LEFT.o
 .debug_frame   0x000001b8       0x2c .\CortexM3\ARM_GCC_541\Debug\DRIFTED_RIGHT.o
 .debug_frame   0x000001e4       0x60 .\CortexM3\ARM_GCC_541\Debug\SENSORS_READ.o
 .debug_frame   0x00000244       0x2c .\CortexM3\ARM_GCC_541\Debug\STRAIGHT.o
 .debug_frame   0x00000270       0x2c .\CortexM3\ARM_GCC_541\Debug\STOP.o
 .debug_frame   0x0000029c       0x60 .\CortexM3\ARM_GCC_541\Debug\MOVEMENT.o
 .debug_frame   0x000002fc       0xb8 .\CortexM3\ARM_GCC_541\Debug\manoeuvre.o
 .debug_frame   0x000003b4      0x16c .\CortexM3\ARM_GCC_541\Debug\cyfitter_cfg.o
 .debug_frame   0x00000520       0xd8 .\CortexM3\ARM_GCC_541\Debug\Cm3Start.o
 .debug_frame   0x000005f8      0x208 .\CortexM3\ARM_GCC_541\Debug\CS301_Class.a(Timer_TS.o)
 .debug_frame   0x00000800      0x37c .\CortexM3\ARM_GCC_541\Debug\CS301_Class.a(USBUART.o)
 .debug_frame   0x00000b7c      0x3ec .\CortexM3\ARM_GCC_541\Debug\CS301_Class.a(USBUART_cdc.o)
 .debug_frame   0x00000f68      0x23c .\CortexM3\ARM_GCC_541\Debug\CS301_Class.a(USBUART_drv.o)
 .debug_frame   0x000011a4       0xbc .\CortexM3\ARM_GCC_541\Debug\CS301_Class.a(USBUART_episr.o)
 .debug_frame   0x00001260       0xbc .\CortexM3\ARM_GCC_541\Debug\CS301_Class.a(USBUART_pm.o)
 .debug_frame   0x0000131c      0x224 .\CortexM3\ARM_GCC_541\Debug\CS301_Class.a(USBUART_std.o)
 .debug_frame   0x00001540       0x38 .\CortexM3\ARM_GCC_541\Debug\CS301_Class.a(USBUART_vnd.o)
 .debug_frame   0x00001578       0xf4 .\CortexM3\ARM_GCC_541\Debug\CS301_Class.a(USBUART_Dp.o)
 .debug_frame   0x0000166c      0xc0c .\CortexM3\ARM_GCC_541\Debug\CS301_Class.a(CyLib.o)
 .debug_frame   0x00002278      0x234 .\CortexM3\ARM_GCC_541\Debug\CS301_Class.a(cyPm.o)
 .debug_frame   0x000024ac      0x1d0 .\CortexM3\ARM_GCC_541\Debug\CS301_Class.a(PWM_1.o)
 .debug_frame   0x0000267c      0x1d0 .\CortexM3\ARM_GCC_541\Debug\CS301_Class.a(PWM_2.o)
 .debug_frame   0x0000284c      0x160 .\CortexM3\ARM_GCC_541\Debug\CS301_Class.a(QuadDec_M1.o)
 .debug_frame   0x000029ac      0x160 .\CortexM3\ARM_GCC_541\Debug\CS301_Class.a(QuadDec_M2.o)
 .debug_frame   0x00002b0c      0x258 .\CortexM3\ARM_GCC_541\Debug\CS301_Class.a(QuadDec_M1_Cnt16.o)
 .debug_frame   0x00002d64      0x258 .\CortexM3\ARM_GCC_541\Debug\CS301_Class.a(QuadDec_M2_Cnt16.o)
 .debug_frame   0x00002fbc      0x1e8 .\CortexM3\ARM_GCC_541\Debug\CS301_Class.a(isr_1.o)
 .debug_frame   0x000031a4       0xa8 .\CortexM3\ARM_GCC_541\Debug\CS301_Class.a(Output_1.o)
 .debug_frame   0x0000324c       0xa8 .\CortexM3\ARM_GCC_541\Debug\CS301_Class.a(Output_2.o)
 .debug_frame   0x000032f4       0xa8 .\CortexM3\ARM_GCC_541\Debug\CS301_Class.a(Output_3.o)
 .debug_frame   0x0000339c       0xa8 .\CortexM3\ARM_GCC_541\Debug\CS301_Class.a(Output_4.o)
 .debug_frame   0x00003444       0xa8 .\CortexM3\ARM_GCC_541\Debug\CS301_Class.a(Output_5.o)
 .debug_frame   0x000034ec       0xa8 .\CortexM3\ARM_GCC_541\Debug\CS301_Class.a(Output_6.o)
 .debug_frame   0x00003594      0x1e8 .\CortexM3\ARM_GCC_541\Debug\CS301_Class.a(mid_right.o)
 .debug_frame   0x0000377c      0x1e8 .\CortexM3\ARM_GCC_541\Debug\CS301_Class.a(mid_left.o)
 .debug_frame   0x00003964      0x1e8 .\CortexM3\ARM_GCC_541\Debug\CS301_Class.a(front_right.o)
 .debug_frame   0x00003b4c      0x1e8 .\CortexM3\ARM_GCC_541\Debug\CS301_Class.a(front_left.o)
 .debug_frame   0x00003d34       0x38 .\CortexM3\ARM_GCC_541\Debug\CS301_Class.a(USBUART_cls.o)
 .debug_frame   0x00003d6c      0x238 .\CortexM3\ARM_GCC_541\Debug\CS301_Class.a(CyFlash.o)
 .debug_frame   0x00003fa4      0x228 .\CortexM3\ARM_GCC_541\Debug\CS301_Class.a(CySpc.o)
 .debug_frame   0x000041cc       0x20 c:/cypress/psoc creator/4.4/psoc creator/import/gnu/arm/5.4.1/bin/../lib/gcc/arm-none-eabi/5.4.1/../../../../arm-none-eabi/lib/armv7-m\libg_nano.a(lib_a-errno.o)
 .debug_frame   0x000041ec       0x28 c:/cypress/psoc creator/4.4/psoc creator/import/gnu/arm/5.4.1/bin/../lib/gcc/arm-none-eabi/5.4.1/../../../../arm-none-eabi/lib/armv7-m\libg_nano.a(lib_a-exit.o)
 .debug_frame   0x00004214       0x2c c:/cypress/psoc creator/4.4/psoc creator/import/gnu/arm/5.4.1/bin/../lib/gcc/arm-none-eabi/5.4.1/../../../../arm-none-eabi/lib/armv7-m\libg_nano.a(lib_a-init.o)
 .debug_frame   0x00004240       0x28 c:/cypress/psoc creator/4.4/psoc creator/import/gnu/arm/5.4.1/bin/../lib/gcc/arm-none-eabi/5.4.1/../../../../arm-none-eabi/lib/armv7-m\libg_nano.a(lib_a-memcpy-stub.o)
 .debug_frame   0x00004268       0x20 c:/cypress/psoc creator/4.4/psoc creator/import/gnu/arm/5.4.1/bin/../lib/gcc/arm-none-eabi/5.4.1/../../../../arm-none-eabi/lib/armv7-m\libg_nano.a(lib_a-memset.o)
 .debug_frame   0x00004288       0x74 c:/cypress/psoc creator/4.4/psoc creator/import/gnu/arm/5.4.1/bin/../lib/gcc/arm-none-eabi/5.4.1/../../../../arm-none-eabi/lib/armv7-m\libg_nano.a(lib_a-snprintf.o)
 .debug_frame   0x000042fc       0x20 c:/cypress/psoc creator/4.4/psoc creator/import/gnu/arm/5.4.1/bin/../lib/gcc/arm-none-eabi/5.4.1/../../../../arm-none-eabi/lib/armv7-m\libg_nano.a(lib_a-strcpy.o)
 .debug_frame   0x0000431c       0x90 c:/cypress/psoc creator/4.4/psoc creator/import/gnu/arm/5.4.1/bin/../lib/gcc/arm-none-eabi/5.4.1/../../../../arm-none-eabi/lib/armv7-m\libg_nano.a(lib_a-nano-svfprintf.o)
 .debug_frame   0x000043ac       0x60 c:/cypress/psoc creator/4.4/psoc creator/import/gnu/arm/5.4.1/bin/../lib/gcc/arm-none-eabi/5.4.1/../../../../arm-none-eabi/lib/armv7-m\libg_nano.a(lib_a-nano-vfprintf_i.o)
 .debug_frame   0x0000440c       0x28 c:/cypress/psoc creator/4.4/psoc creator/import/gnu/arm/5.4.1/bin/../lib/gcc/arm-none-eabi/5.4.1/../../../../arm-none-eabi/lib/armv7-m\libg_nano.a(lib_a-memchr-stub.o)
 .debug_frame   0x00004434       0x28 c:/cypress/psoc creator/4.4/psoc creator/import/gnu/arm/5.4.1/bin/../lib/gcc/arm-none-eabi/5.4.1/../../../../arm-none-eabi/lib/armv7-m\libg_nano.a(lib_a-memmove.o)
 .debug_frame   0x0000445c       0x38 c:/cypress/psoc creator/4.4/psoc creator/import/gnu/arm/5.4.1/bin/../lib/gcc/arm-none-eabi/5.4.1/../../../../arm-none-eabi/lib/armv7-m\libg_nano.a(lib_a-nano-freer.o)
 .debug_frame   0x00004494       0x2c c:/cypress/psoc creator/4.4/psoc creator/import/gnu/arm/5.4.1/bin/../lib/gcc/arm-none-eabi/5.4.1/../../../../arm-none-eabi/lib/armv7-m\libg_nano.a(lib_a-nano-mallocr.o)
 .debug_frame   0x000044c0       0x3c c:/cypress/psoc creator/4.4/psoc creator/import/gnu/arm/5.4.1/bin/../lib/gcc/arm-none-eabi/5.4.1/../../../../arm-none-eabi/lib/armv7-m\libg_nano.a(lib_a-nano-reallocr.o)
 .debug_frame   0x000044fc       0x2c c:/cypress/psoc creator/4.4/psoc creator/import/gnu/arm/5.4.1/bin/../lib/gcc/arm-none-eabi/5.4.1/../../../../arm-none-eabi/lib/armv7-m\libg_nano.a(lib_a-sbrkr.o)
 .debug_frame   0x00004528       0x30 c:/cypress/psoc creator/4.4/psoc creator/import/gnu/arm/5.4.1/bin/../lib/gcc/arm-none-eabi/5.4.1/../../../../arm-none-eabi/lib/armv7-m\libg_nano.a(lib_a-mlock.o)
 .debug_frame   0x00004558       0x20 c:/cypress/psoc creator/4.4/psoc creator/import/gnu/arm/5.4.1/bin/../lib/gcc/arm-none-eabi/5.4.1/../../../../arm-none-eabi/lib/armv7-m\libg_nano.a(lib_a-nano-msizer.o)
 .debug_frame   0x00004578       0x5c c:/cypress/psoc creator/4.4/psoc creator/import/gnu/arm/5.4.1/bin/../lib/gcc/arm-none-eabi/5.4.1/../../../../arm-none-eabi/lib/armv7-m\libg_nano.a(lib_a-reent.o)

.debug_str      0x00000000     0x3b67
 *(.debug_str)
 .debug_str     0x00000000      0x405 .\CortexM3\ARM_GCC_541\Debug\main.o
                                0x48a (size before relaxing)
 .debug_str     0x00000405       0x37 .\CortexM3\ARM_GCC_541\Debug\tacho.o
                                0x1ce (size before relaxing)
 .debug_str     0x0000043c       0x16 .\CortexM3\ARM_GCC_541\Debug\LEFT_TURN.o
                                0x1a7 (size before relaxing)
 .debug_str     0x00000452       0x18 .\CortexM3\ARM_GCC_541\Debug\RIGHT_TURN.o
                                0x1a9 (size before relaxing)
 .debug_str     0x0000046a       0x1b .\CortexM3\ARM_GCC_541\Debug\DRIFTED_LEFT.o
                                0x1ac (size before relaxing)
 .debug_str     0x00000485       0x1b .\CortexM3\ARM_GCC_541\Debug\DRIFTED_RIGHT.o
                                0x1ac (size before relaxing)
 .debug_str     0x000004a0       0x18 .\CortexM3\ARM_GCC_541\Debug\INTERSECTION_DETECTED.o
                                 0xdf (size before relaxing)
 .debug_str     0x000004b8       0xef .\CortexM3\ARM_GCC_541\Debug\SENSORS_READ.o
                                0x2a1 (size before relaxing)
 .debug_str     0x000005a7       0x19 .\CortexM3\ARM_GCC_541\Debug\STRAIGHT.o
                                0x1aa (size before relaxing)
 .debug_str     0x000005c0       0x13 .\CortexM3\ARM_GCC_541\Debug\STOP.o
                                0x1a4 (size before relaxing)
 .debug_str     0x000005d3       0x23 .\CortexM3\ARM_GCC_541\Debug\MOVEMENT.o
                                0x220 (size before relaxing)
 .debug_str     0x000005f6       0xa5 .\CortexM3\ARM_GCC_541\Debug\manoeuvre.o
                                0x236 (size before relaxing)
 .debug_str     0x0000069b      0x174 .\CortexM3\ARM_GCC_541\Debug\cyfitter_cfg.o
                                0x300 (size before relaxing)
 .debug_str     0x0000080f       0x75 .\CortexM3\ARM_GCC_541\Debug\cymetadata.o
                                0x1db (size before relaxing)
 .debug_str     0x00000884      0x11d .\CortexM3\ARM_GCC_541\Debug\Cm3Start.o
                                0x2ce (size before relaxing)
 .debug_str     0x000009a1      0x192 .\CortexM3\ARM_GCC_541\Debug\CS301_Class.a(Timer_TS.o)
                                0x31c (size before relaxing)
 .debug_str     0x00000b33      0x434 .\CortexM3\ARM_GCC_541\Debug\CS301_Class.a(USBUART.o)
                                0x5e2 (size before relaxing)
 .debug_str     0x00000f67      0x4d2 .\CortexM3\ARM_GCC_541\Debug\CS301_Class.a(USBUART_cdc.o)
                                0x711 (size before relaxing)
 .debug_str     0x00001439      0x296 .\CortexM3\ARM_GCC_541\Debug\CS301_Class.a(USBUART_drv.o)
                                0x5f1 (size before relaxing)
 .debug_str     0x000016cf       0x80 .\CortexM3\ARM_GCC_541\Debug\CS301_Class.a(USBUART_episr.o)
                                0x2be (size before relaxing)
 .debug_str     0x0000174f       0xac .\CortexM3\ARM_GCC_541\Debug\CS301_Class.a(USBUART_pm.o)
                                0x262 (size before relaxing)
 .debug_str     0x000017fb      0x2bb .\CortexM3\ARM_GCC_541\Debug\CS301_Class.a(USBUART_std.o)
                                0x751 (size before relaxing)
 .debug_str     0x00001ab6       0x5f .\CortexM3\ARM_GCC_541\Debug\CS301_Class.a(USBUART_vnd.o)
                                0x26e (size before relaxing)
 .debug_str     0x00001b15       0xb5 .\CortexM3\ARM_GCC_541\Debug\CS301_Class.a(USBUART_Dp.o)
                                0x238 (size before relaxing)
 .debug_str     0x00001bca      0x7e9 .\CortexM3\ARM_GCC_541\Debug\CS301_Class.a(CyLib.o)
                                0x9e1 (size before relaxing)
 .debug_str     0x000023b3      0x371 .\CortexM3\ARM_GCC_541\Debug\CS301_Class.a(cyPm.o)
                                0x53a (size before relaxing)
 .debug_str     0x00002724      0x116 .\CortexM3\ARM_GCC_541\Debug\CS301_Class.a(PWM_1.o)
                                0x2c4 (size before relaxing)
 .debug_str     0x0000283a      0x109 .\CortexM3\ARM_GCC_541\Debug\CS301_Class.a(PWM_2.o)
                                0x2c4 (size before relaxing)
 .debug_str     0x00002943       0xfa .\CortexM3\ARM_GCC_541\Debug\CS301_Class.a(QuadDec_M1.o)
                                0x2ac (size before relaxing)
 .debug_str     0x00002a3d       0xf3 .\CortexM3\ARM_GCC_541\Debug\CS301_Class.a(QuadDec_M2.o)
                                0x2ac (size before relaxing)
 .debug_str     0x00002b30      0x245 .\CortexM3\ARM_GCC_541\Debug\CS301_Class.a(QuadDec_M1_Cnt16.o)
                                0x3f3 (size before relaxing)
 .debug_str     0x00002d75      0x236 .\CortexM3\ARM_GCC_541\Debug\CS301_Class.a(QuadDec_M2_Cnt16.o)
                                0x3f3 (size before relaxing)
 .debug_str     0x00002fab       0xe6 .\CortexM3\ARM_GCC_541\Debug\CS301_Class.a(isr_1.o)
                                0x29d (size before relaxing)
 .debug_str     0x00003091       0x6a .\CortexM3\ARM_GCC_541\Debug\CS301_Class.a(Output_1.o)
                                0x1e8 (size before relaxing)
 .debug_str     0x000030fb       0x6a .\CortexM3\ARM_GCC_541\Debug\CS301_Class.a(Output_2.o)
                                0x1e8 (size before relaxing)
 .debug_str     0x00003165       0x6a .\CortexM3\ARM_GCC_541\Debug\CS301_Class.a(Output_3.o)
                                0x1e8 (size before relaxing)
 .debug_str     0x000031cf       0x6a .\CortexM3\ARM_GCC_541\Debug\CS301_Class.a(Output_4.o)
                                0x1e8 (size before relaxing)
 .debug_str     0x00003239       0x6a .\CortexM3\ARM_GCC_541\Debug\CS301_Class.a(Output_5.o)
                                0x1e8 (size before relaxing)
 .debug_str     0x000032a3       0x6a .\CortexM3\ARM_GCC_541\Debug\CS301_Class.a(Output_6.o)
                                0x1e8 (size before relaxing)
 .debug_str     0x0000330d      0x11e .\CortexM3\ARM_GCC_541\Debug\CS301_Class.a(mid_right.o)
                                0x37f (size before relaxing)
 .debug_str     0x0000342b      0x110 .\CortexM3\ARM_GCC_541\Debug\CS301_Class.a(mid_left.o)
                                0x371 (size before relaxing)
 .debug_str     0x0000353b      0x13a .\CortexM3\ARM_GCC_541\Debug\CS301_Class.a(front_right.o)
                                0x39b (size before relaxing)
 .debug_str     0x00003675      0x12c .\CortexM3\ARM_GCC_541\Debug\CS301_Class.a(front_left.o)
                                0x302 (size before relaxing)
 .debug_str     0x000037a1       0x3f .\CortexM3\ARM_GCC_541\Debug\CS301_Class.a(USBUART_cls.o)
                                0x286 (size before relaxing)
 .debug_str     0x000037e0      0x104 .\CortexM3\ARM_GCC_541\Debug\CS301_Class.a(USBUART_descr.o)
                                0x389 (size before relaxing)
 .debug_str     0x000038e4      0x156 .\CortexM3\ARM_GCC_541\Debug\CS301_Class.a(CyFlash.o)
                                0x2fe (size before relaxing)
 .debug_str     0x00003a3a      0x12d .\CortexM3\ARM_GCC_541\Debug\CS301_Class.a(CySpc.o)
                                0x2f8 (size before relaxing)

.debug_loc
 *(.debug_loc)

.debug_macinfo
 *(.debug_macinfo)

.debug_ranges   0x00000000      0xef0
 *(.debug_ranges)
 .debug_ranges  0x00000000       0x30 .\CortexM3\ARM_GCC_541\Debug\main.o
 .debug_ranges  0x00000030       0x18 .\CortexM3\ARM_GCC_541\Debug\tacho.o
 .debug_ranges  0x00000048       0x10 .\CortexM3\ARM_GCC_541\Debug\LEFT_TURN.o
 .debug_ranges  0x00000058       0x10 .\CortexM3\ARM_GCC_541\Debug\RIGHT_TURN.o
 .debug_ranges  0x00000068       0x10 .\CortexM3\ARM_GCC_541\Debug\DRIFTED_LEFT.o
 .debug_ranges  0x00000078       0x10 .\CortexM3\ARM_GCC_541\Debug\DRIFTED_RIGHT.o
 .debug_ranges  0x00000088       0x18 .\CortexM3\ARM_GCC_541\Debug\SENSORS_READ.o
 .debug_ranges  0x000000a0       0x10 .\CortexM3\ARM_GCC_541\Debug\STRAIGHT.o
 .debug_ranges  0x000000b0       0x10 .\CortexM3\ARM_GCC_541\Debug\STOP.o
 .debug_ranges  0x000000c0       0x18 .\CortexM3\ARM_GCC_541\Debug\MOVEMENT.o
 .debug_ranges  0x000000d8       0x38 .\CortexM3\ARM_GCC_541\Debug\manoeuvre.o
 .debug_ranges  0x00000110       0x50 .\CortexM3\ARM_GCC_541\Debug\cyfitter_cfg.o
 .debug_ranges  0x00000160       0x38 .\CortexM3\ARM_GCC_541\Debug\Cm3Start.o
 .debug_ranges  0x00000198       0x78 .\CortexM3\ARM_GCC_541\Debug\CS301_Class.a(Timer_TS.o)
 .debug_ranges  0x00000210       0xb8 .\CortexM3\ARM_GCC_541\Debug\CS301_Class.a(USBUART.o)
 .debug_ranges  0x000002c8       0xd8 .\CortexM3\ARM_GCC_541\Debug\CS301_Class.a(USBUART_cdc.o)
 .debug_ranges  0x000003a0       0x88 .\CortexM3\ARM_GCC_541\Debug\CS301_Class.a(USBUART_drv.o)
 .debug_ranges  0x00000428       0x30 .\CortexM3\ARM_GCC_541\Debug\CS301_Class.a(USBUART_episr.o)
 .debug_ranges  0x00000458       0x30 .\CortexM3\ARM_GCC_541\Debug\CS301_Class.a(USBUART_pm.o)
 .debug_ranges  0x00000488       0x70 .\CortexM3\ARM_GCC_541\Debug\CS301_Class.a(USBUART_std.o)
 .debug_ranges  0x000004f8       0x10 .\CortexM3\ARM_GCC_541\Debug\CS301_Class.a(USBUART_vnd.o)
 .debug_ranges  0x00000508       0x38 .\CortexM3\ARM_GCC_541\Debug\CS301_Class.a(USBUART_Dp.o)
 .debug_ranges  0x00000540      0x290 .\CortexM3\ARM_GCC_541\Debug\CS301_Class.a(CyLib.o)
 .debug_ranges  0x000007d0       0x88 .\CortexM3\ARM_GCC_541\Debug\CS301_Class.a(cyPm.o)
 .debug_ranges  0x00000858       0x68 .\CortexM3\ARM_GCC_541\Debug\CS301_Class.a(PWM_1.o)
 .debug_ranges  0x000008c0       0x68 .\CortexM3\ARM_GCC_541\Debug\CS301_Class.a(PWM_2.o)
 .debug_ranges  0x00000928       0x50 .\CortexM3\ARM_GCC_541\Debug\CS301_Class.a(QuadDec_M1.o)
 .debug_ranges  0x00000978       0x50 .\CortexM3\ARM_GCC_541\Debug\CS301_Class.a(QuadDec_M2.o)
 .debug_ranges  0x000009c8       0x88 .\CortexM3\ARM_GCC_541\Debug\CS301_Class.a(QuadDec_M1_Cnt16.o)
 .debug_ranges  0x00000a50       0x88 .\CortexM3\ARM_GCC_541\Debug\CS301_Class.a(QuadDec_M2_Cnt16.o)
 .debug_ranges  0x00000ad8       0x70 .\CortexM3\ARM_GCC_541\Debug\CS301_Class.a(isr_1.o)
 .debug_ranges  0x00000b48       0x28 .\CortexM3\ARM_GCC_541\Debug\CS301_Class.a(Output_1.o)
 .debug_ranges  0x00000b70       0x28 .\CortexM3\ARM_GCC_541\Debug\CS301_Class.a(Output_2.o)
 .debug_ranges  0x00000b98       0x28 .\CortexM3\ARM_GCC_541\Debug\CS301_Class.a(Output_3.o)
 .debug_ranges  0x00000bc0       0x28 .\CortexM3\ARM_GCC_541\Debug\CS301_Class.a(Output_4.o)
 .debug_ranges  0x00000be8       0x28 .\CortexM3\ARM_GCC_541\Debug\CS301_Class.a(Output_5.o)
 .debug_ranges  0x00000c10       0x28 .\CortexM3\ARM_GCC_541\Debug\CS301_Class.a(Output_6.o)
 .debug_ranges  0x00000c38       0x70 .\CortexM3\ARM_GCC_541\Debug\CS301_Class.a(mid_right.o)
 .debug_ranges  0x00000ca8       0x70 .\CortexM3\ARM_GCC_541\Debug\CS301_Class.a(mid_left.o)
 .debug_ranges  0x00000d18       0x70 .\CortexM3\ARM_GCC_541\Debug\CS301_Class.a(front_right.o)
 .debug_ranges  0x00000d88       0x70 .\CortexM3\ARM_GCC_541\Debug\CS301_Class.a(front_left.o)
 .debug_ranges  0x00000df8       0x10 .\CortexM3\ARM_GCC_541\Debug\CS301_Class.a(USBUART_cls.o)
 .debug_ranges  0x00000e08       0x78 .\CortexM3\ARM_GCC_541\Debug\CS301_Class.a(CyFlash.o)
 .debug_ranges  0x00000e80       0x70 .\CortexM3\ARM_GCC_541\Debug\CS301_Class.a(CySpc.o)

.comment        0x00000000       0x6e
 .comment       0x00000000       0x6e .\CortexM3\ARM_GCC_541\Debug\main.o
                                 0x6f (size before relaxing)
 .comment       0x0000006e       0x6f .\CortexM3\ARM_GCC_541\Debug\tacho.o
 .comment       0x0000006e       0x6f .\CortexM3\ARM_GCC_541\Debug\LEFT_TURN.o
 .comment       0x0000006e       0x6f .\CortexM3\ARM_GCC_541\Debug\RIGHT_TURN.o
 .comment       0x0000006e       0x6f .\CortexM3\ARM_GCC_541\Debug\DRIFTED_LEFT.o