Archive member included to satisfy reference by file (symbol)

.\CortexM3\ARM_GCC_541\Debug\CS301_Class.a(Timer_TS.o)
                              .\CortexM3\ARM_GCC_541\Debug\main.o (Timer_TS_Start)
.\CortexM3\ARM_GCC_541\Debug\CS301_Class.a(USBUART.o)
                              .\CortexM3\ARM_GCC_541\Debug\main.o (USBUART_Start)
.\CortexM3\ARM_GCC_541\Debug\CS301_Class.a(USBUART_cdc.o)
                              .\CortexM3\ARM_GCC_541\Debug\main.o (USBUART_CDC_Init)
.\CortexM3\ARM_GCC_541\Debug\CS301_Class.a(USBUART_drv.o)
                              .\CortexM3\ARM_GCC_541\Debug\CS301_Class.a(USBUART.o) (USBUART_EP)
.\CortexM3\ARM_GCC_541\Debug\CS301_Class.a(USBUART_episr.o)
                              .\CortexM3\ARM_GCC_541\Debug\CS301_Class.a(USBUART.o) (USBUART_EP_1_ISR)
.\CortexM3\ARM_GCC_541\Debug\CS301_Class.a(USBUART_pm.o)
                              .\CortexM3\ARM_GCC_541\Debug\CS301_Class.a(USBUART.o) (USBUART_DP_ISR)
.\CortexM3\ARM_GCC_541\Debug\CS301_Class.a(USBUART_std.o)
                              .\CortexM3\ARM_GCC_541\Debug\CS301_Class.a(USBUART_drv.o) (USBUART_HandleStandardRqst)
.\CortexM3\ARM_GCC_541\Debug\CS301_Class.a(USBUART_vnd.o)
                              .\CortexM3\ARM_GCC_541\Debug\CS301_Class.a(USBUART_drv.o) (USBUART_HandleVendorRqst)
.\CortexM3\ARM_GCC_541\Debug\CS301_Class.a(USBUART_Dp.o)
                              .\CortexM3\ARM_GCC_541\Debug\CS301_Class.a(USBUART.o) (USBUART_Dp_ClearInterrupt)
.\CortexM3\ARM_GCC_541\Debug\CS301_Class.a(CyLib.o)
                              .\CortexM3\ARM_GCC_541\Debug\Cm3Start.o (CyResetStatus)
.\CortexM3\ARM_GCC_541\Debug\CS301_Class.a(cyPm.o)
                              .\CortexM3\ARM_GCC_541\Debug\CS301_Class.a(CyLib.o) (CyPmReadStatus)
.\CortexM3\ARM_GCC_541\Debug\CS301_Class.a(PWM_1.o)
                              .\CortexM3\ARM_GCC_541\Debug\main.o (PWM_1_Start)
.\CortexM3\ARM_GCC_541\Debug\CS301_Class.a(PWM_2.o)
                              .\CortexM3\ARM_GCC_541\Debug\main.o (PWM_2_Start)
.\CortexM3\ARM_GCC_541\Debug\CS301_Class.a(QuadDec_M1.o)
                              .\CortexM3\ARM_GCC_541\Debug\main.o (QuadDec_M1_Start)
.\CortexM3\ARM_GCC_541\Debug\CS301_Class.a(QuadDec_M2.o)
                              .\CortexM3\ARM_GCC_541\Debug\main.o (QuadDec_M2_Start)
.\CortexM3\ARM_GCC_541\Debug\CS301_Class.a(QuadDec_M1_Cnt16.o)
                              .\CortexM3\ARM_GCC_541\Debug\CS301_Class.a(QuadDec_M1.o) (QuadDec_M1_Cnt16_WriteCounter)
.\CortexM3\ARM_GCC_541\Debug\CS301_Class.a(QuadDec_M2_Cnt16.o)
                              .\CortexM3\ARM_GCC_541\Debug\CS301_Class.a(QuadDec_M2.o) (QuadDec_M2_Cnt16_WriteCounter)
.\CortexM3\ARM_GCC_541\Debug\CS301_Class.a(isr_1.o)
                              .\CortexM3\ARM_GCC_541\Debug\main.o (isr_1_StartEx)
.\CortexM3\ARM_GCC_541\Debug\CS301_Class.a(Output_1.o)
                              .\CortexM3\ARM_GCC_541\Debug\SENSORS_READ.o (Output_1_Read)
.\CortexM3\ARM_GCC_541\Debug\CS301_Class.a(Output_2.o)
                              .\CortexM3\ARM_GCC_541\Debug\SENSORS_READ.o (Output_2_Read)
.\CortexM3\ARM_GCC_541\Debug\CS301_Class.a(Output_3.o)
                              .\CortexM3\ARM_GCC_541\Debug\SENSORS_READ.o (Output_3_Read)
.\CortexM3\ARM_GCC_541\Debug\CS301_Class.a(Output_4.o)
                              .\CortexM3\ARM_GCC_541\Debug\LEFT_TURN.o (Output_4_Read)
.\CortexM3\ARM_GCC_541\Debug\CS301_Class.a(Output_5.o)
                              .\CortexM3\ARM_GCC_541\Debug\LEFT_TURN.o (Output_5_Read)
.\CortexM3\ARM_GCC_541\Debug\CS301_Class.a(Output_6.o)
                              .\CortexM3\ARM_GCC_541\Debug\SENSORS_READ.o (Output_6_Read)
.\CortexM3\ARM_GCC_541\Debug\CS301_Class.a(mid_right.o)
                              .\CortexM3\ARM_GCC_541\Debug\main.o (mid_right_Start)
.\CortexM3\ARM_GCC_541\Debug\CS301_Class.a(mid_left.o)
                              .\CortexM3\ARM_GCC_541\Debug\main.o (mid_left_Start)
.\CortexM3\ARM_GCC_541\Debug\CS301_Class.a(front_right.o)
                              .\CortexM3\ARM_GCC_541\Debug\main.o (front_right_Start)
.\CortexM3\ARM_GCC_541\Debug\CS301_Class.a(front_left.o)
                              .\CortexM3\ARM_GCC_541\Debug\main.o (front_left_Start)
.\CortexM3\ARM_GCC_541\Debug\CS301_Class.a(CyBootAsmGnu.o)
                              .\CortexM3\ARM_GCC_541\Debug\cyfitter_cfg.o (CyDelayCycles)
.\CortexM3\ARM_GCC_541\Debug\CS301_Class.a(USBUART_cls.o)
                              .\CortexM3\ARM_GCC_541\Debug\CS301_Class.a(USBUART_drv.o) (USBUART_DispatchClassRqst)
.\CortexM3\ARM_GCC_541\Debug\CS301_Class.a(USBUART_descr.o)
                              .\CortexM3\ARM_GCC_541\Debug\CS301_Class.a(USBUART_std.o) (USBUART_DEVICE0_DESCR)
.\CortexM3\ARM_GCC_541\Debug\CS301_Class.a(CyFlash.o)
                              .\CortexM3\ARM_GCC_541\Debug\CS301_Class.a(cyPm.o) (CyFlash_SetWaitCycles)
.\CortexM3\ARM_GCC_541\Debug\CS301_Class.a(CySpc.o)
[...]
Memory Configuration

Name             Origin             Length             Attributes
rom              0x00000000         0x00040000         xr
ram              0x1fff8000         0x00010000         xrw
*default*        0x00000000         0xffffffff

Linker script and memory map

LOAD c:/program files (x86)/cypress/psoc creator/4.2/psoc creator/import/gnu/arm/5.4.1/bin/../lib/gcc/arm-none-eabi/5.4.1/armv7-m/crti.o
LOAD c:/program files (x86)/cypress/psoc creator/4.2/psoc creator/import/gnu/arm/5.4.1/bin/../lib/gcc/arm-none-eabi/5.4.1/armv7-m/crtbegin.o
LOAD c:/program files (x86)/cypress/psoc creator/4.2/psoc creator/import/gnu/arm/5.4.1/bin/../lib/gcc/arm-none-eabi/5.4.1/../../../../arm-none-eabi/lib/armv7-m/crt0.o
START GROUP
LOAD .\CortexM3\ARM_GCC_541\Debug\main.o
LOAD .\CortexM3\ARM_GCC_541\Debug\tacho.o
LOAD .\CortexM3\ARM_GCC_541\Debug\LEFT_TURN.o
LOAD .\CortexM3\ARM_GCC_541\Debug\RIGHT_TURN.o
LOAD .\CortexM3\ARM_GCC_541\Debug\DRIFTED_LEFT.o
LOAD .\CortexM3\ARM_GCC_541\Debug\DRIFTED_RIGHT.o
LOAD .\CortexM3\ARM_GCC_541\Debug\INTERSECTION_DETECTED.o
LOAD .\CortexM3\ARM_GCC_541\Debug\SENSORS_READ.o
LOAD .\CortexM3\ARM_GCC_541\Debug\STRAIGHT.o
LOAD .\CortexM3\ARM_GCC_541\Debug\STOP.o
LOAD .\CortexM3\ARM_GCC_541\Debug\MOVEMENT.o
LOAD .\CortexM3\ARM_GCC_541\Debug\manoeuvre.o
LOAD .\CortexM3\ARM_GCC_541\Debug\cyfitter_cfg.o
LOAD .\CortexM3\ARM_GCC_541\Debug\cymetadata.o
LOAD .\CortexM3\ARM_GCC_541\Debug\Cm3Start.o
LOAD .\CortexM3\ARM_GCC_541\Debug\CS301_Class.a
LOAD C:\Program Files (x86)\Cypress\PSoC Creator\4.2\PSoC Creator\psoc\content\cycomponentlibrary\CyComponentLibrary.cylib\CortexM3\ARM_GCC_541\Debug\CyComponentLibrary.a
END GROUP
START GROUP
LOAD c:/program files (x86)/cypress/psoc creator/4.2/psoc creator/import/gnu/arm/5.4.1/bin/../lib/gcc/arm-none-eabi/5.4.1/armv7-m\libgcc.a
LOAD c:/program files (x86)/cypress/psoc creator/4.2/psoc creator/import/gnu/arm/5.4.1/bin/../lib/gcc/arm-none-eabi/5.4.1/../../../../arm-none-eabi/lib/armv7-m\libg_nano.a
LOAD c:/program files (x86)/cypress/psoc creator/4.2/psoc creator/import/gnu/arm/5.4.1/bin/../lib/gcc/arm-none-eabi/5.4.1/../../../../arm-none-eabi/lib/armv7-m\libc_nano.a
END GROUP
START GROUP
LOAD c:/program files (x86)/cypress/psoc creator/4.2/psoc creator/import/gnu/arm/5.4.1/bin/../lib/gcc/arm-none-eabi/5.4.1/armv7-m\libgcc.a
LOAD c:/program files (x86)/cypress/psoc creator/4.2/psoc creator/import/gnu/arm/5.4.1/bin/../lib/gcc/arm-none-eabi/5.4.1/../../../../arm-none-eabi/lib/armv7-m\libc_nano.a
END GROUP
LOAD c:/program files (x86)/cypress/psoc creator/4.2/psoc creator/import/gnu/arm/5.4.1/bin/../lib/gcc/arm-none-eabi/5.4.1/armv7-m/crtend.o
LOAD c:/program files (x86)/cypress/psoc creator/4.2/psoc creator/import/gnu/arm/5.4.1/bin/../lib/gcc/arm-none-eabi/5.4.1/armv7-m/crtn.o
START GROUP
LOAD c:/program files (x86)/cypress/psoc creator/4.2/psoc creator/import/gnu/arm/5.4.1/bin/../lib/gcc/arm-none-eabi/5.4.1/armv7-m\libgcc.a
LOAD c:/program files (x86)/cypress/psoc creator/4.2/psoc creator/import/gnu/arm/5.4.1/bin/../lib/gcc/arm-none-eabi/5.4.1/../../../../arm-none-eabi/lib/armv7-m\libc.a
LOAD c:/program files (x86)/cypress/psoc creator/4.2/psoc creator/import/gnu/arm/5.4.1/bin/../lib/gcc/arm-none-eabi/5.4.1/../../../../arm-none-eabi/lib/armv7-m\libnosys.a
END GROUP
                0x00000000                CY_APPL_ORIGIN = 0x0
                0x00000100                CY_FLASH_ROW_SIZE = 0x100
                0x00000020                CY_ECC_ROW_SIZE = 0x20
                0x00000000                CY_EE_IN_BTLDR = 0x0
                0x00000000                CY_APPL_LOADABLE = 0x0
                0x00000800                CY_EE_SIZE = 0x800
                0x00000001                CY_APPL_NUM = 0x1
                0x00000001                CY_APPL_MAX = 0x1
                0x00000040                CY_METADATA_SIZE = 0x40
                0x00000000                CY_APPL_LOADABLE = 0x0
                0x00000000                CY_CHECKSUM_EXCLUDE_SIZE = ALIGN (0x0, CY_FLASH_ROW_SIZE)
                [!provide]                PROVIDE (__cy_heap_start, _end)
                0x00000001                PROVIDE (__cy_region_num, ((__cy_regions_end - __cy_regions) / 0x10))
                0x20008000                PROVIDE (__cy_stack, (ORIGIN (ram) + LENGTH (ram)))
                [!provide]                PROVIDE (__cy_heap_end, (__cy_stack - 0x800))

.cybootloader   0x00000000        0x0
 *(.cybootloader)
                0x00000000                appl1_start = CY_APPL_ORIGIN?CY_APPL_ORIGIN:ALIGN (CY_FLASH_ROW_SIZE)
                0x0001ff00                appl2_start = (appl1_start + ALIGN ((((LENGTH (rom) - appl1_start) - (0x2 * CY_FLASH_ROW_SIZE)) / 0x2), CY_FLASH_ROW_SIZE))
                0x00000000                appl_start = (CY_APPL_NUM == 0x1)?appl1_start:appl2_start
                0x00000000                ecc_offset = ((appl_start / CY_FLASH_ROW_SIZE) * CY_ECC_ROW_SIZE)
                0x00000000                ee_offset = (CY_APPL_LOADABLE && ! (CY_EE_IN_BTLDR))?((CY_EE_SIZE / CY_APPL_MAX) * (CY_APPL_NUM - 0x1)):0x0
                0x00000800                ee_size = (CY_APPL_LOADABLE && ! (CY_EE_IN_BTLDR))?(CY_EE_SIZE / CY_APPL_MAX):CY_EE_SIZE
                [!provide]                PROVIDE (CY_ECC_OFFSET, ecc_offset)

.text           0x00000000     0x3a2e
 CREATE_OBJECT_SYMBOLS
                0x00000000                PROVIDE (__cy_interrupt_vector, RomVectors)
 *(.romvectors)
 .romvectors    0x00000000       0x10 .\CortexM3\ARM_GCC_541\Debug\Cm3Start.o
                0x00000000                RomVectors
                0x00000001                ASSERT ((. != __cy_interrupt_vector), No interrupt vector)
                0x00000001                ASSERT (CY_APPL_ORIGIN?(SIZEOF (.cybootloader) <= CY_APPL_ORIGIN):0x1, Wrong image location)
                0x00000010                PROVIDE (__cy_reset, Reset)
 *(.text.Reset)
 .text.Reset    0x00000010       0x18 .\CortexM3\ARM_GCC_541\Debug\Cm3Start.o
                0x00000010                Reset
                0x00000001                ASSERT ((. != __cy_reset), No reset code)
 *(.dma_init)
                0x00000001                ASSERT ((((appl_start + .) <= 0x10000) || 0x1), DMA Init must be within the first 64k of flash)
 *(.text .text.* .gnu.linkonce.t.*)
 .text          0x00000028       0x5c c:/program files (x86)/cypress/psoc creator/4.2/psoc creator/import/gnu/arm/5.4.1/bin/../lib/gcc/arm-none-eabi/5.4.1/armv7-m/crtbegin.o
 .text.Timer_TS_ISR_Handler
                0x00000084       0x18 .\CortexM3\ARM_GCC_541\Debug\main.o
                0x00000084                Timer_TS_ISR_Handler
 .text.main     0x0000009c      0x1d0 .\CortexM3\ARM_GCC_541\Debug\main.o
                0x0000009c                main
 .text.CYMEMZERO
                0x0000026c       0x1c .\CortexM3\ARM_GCC_541\Debug\cyfitter_cfg.o
 .text.CYCONFIGCPY
                0x00000288       0x20 .\CortexM3\ARM_GCC_541\Debug\cyfitter_cfg.o
 .text.CyClockStartupError
                0x000002a8        0xc .\CortexM3\ARM_GCC_541\Debug\cyfitter_cfg.o
 .text.cfg_write_bytes32
                0x000002b4       0x74 .\CortexM3\ARM_GCC_541\Debug\cyfitter_cfg.o
 .text.ClockSetup
                0x00000328      0x144 .\CortexM3\ARM_GCC_541\Debug\cyfitter_cfg.o
 .text.AnalogSetDefault
                0x0000046c       0x44 .\CortexM3\ARM_GCC_541\Debug\cyfitter_cfg.o
 .text.cyfitter_cfg
                0x000004b0      0x164 .\CortexM3\ARM_GCC_541\Debug\cyfitter_cfg.o
                0x000004b0                cyfitter_cfg
 .text.IntDefaultHandler
                0x00000614       0x14 .\CortexM3\ARM_GCC_541\Debug\Cm3Start.o
                0x00000614                IntDefaultHandler
 .text.Start_c  0x00000628       0x98 .\CortexM3\ARM_GCC_541\Debug\Cm3Start.o
                0x00000628                Start_c
 .text.initialize_psoc
                0x000006c0       0x90 .\CortexM3\ARM_GCC_541\Debug\Cm3Start.o
                0x000006c0                initialize_psoc
 .text.Timer_TS_Init
                0x00000750       0x9c .\CortexM3\ARM_GCC_541\Debug\CS301_Class.a(Timer_TS.o)
                0x00000750                Timer_TS_Init
 .text.Timer_TS_Enable
                0x000007ec       0x48 .\CortexM3\ARM_GCC_541\Debug\CS301_Class.a(Timer_TS.o)
                0x000007ec                Timer_TS_Enable
 .text.Timer_TS_Start
                0x00000834       0x24 .\CortexM3\ARM_GCC_541\Debug\CS301_Class.a(Timer_TS.o)
                0x00000834                Timer_TS_Start
 .text.Timer_TS_SetInterruptMode
                0x00000858       0x20 .\CortexM3\ARM_GCC_541\Debug\CS301_Class.a(Timer_TS.o)
                0x00000858                Timer_TS_SetInterruptMode
 .text.Timer_TS_WritePeriod
                0x00000878       0x24 .\CortexM3\ARM_GCC_541\Debug\CS301_Class.a(Timer_TS.o)
                0x00000878                Timer_TS_WritePeriod
 .text.Timer_TS_WriteCounter
                0x0000089c       0x20 .\CortexM3\ARM_GCC_541\Debug\CS301_Class.a(Timer_TS.o)
                0x0000089c                Timer_TS_WriteCounter
 .text.USBUART_Start
                0x000008bc       0x3c .\CortexM3\ARM_GCC_541\Debug\CS301_Class.a(USBUART.o)
                0x000008bc                USBUART_Start
 .text.USBUART_Init
                0x000008f8      0x1a4 .\CortexM3\ARM_GCC_541\Debug\CS301_Class.a(USBUART.o)
                0x000008f8                USBUART_Init
 .text.USBUART_InitComponent
                0x00000a9c      0x100 .\CortexM3\ARM_GCC_541\Debug\CS301_Class.a(USBUART.o)
                0x00000a9c                USBUART_InitComponent
 .text.USBUART_ReInitComponent
                0x00000b9c       0x68 .\CortexM3\ARM_GCC_541\Debug\CS301_Class.a(USBUART.o)
                0x00000b9c                USBUART_ReInitComponent
 .text.USBUART_DispatchCDCClassRqst
                0x00000c04       0xe4 .\CortexM3\ARM_GCC_541\Debug\CS301_Class.a(USBUART_cdc.o)
                0x00000c04                USBUART_DispatchCDCClassRqst
 .text.USBUART_GetInterfaceComPort
                0x00000ce8       0x60 .\CortexM3\ARM_GCC_541\Debug\CS301_Class.a(USBUART_cdc.o)
                0x00000ce8                USBUART_GetInterfaceComPort
 .text.USBUART_Cdc_EpInit
                0x00000d48       0x90 .\CortexM3\ARM_GCC_541\Debug\CS301_Class.a(USBUART_cdc.o)
                0x00000d48                USBUART_Cdc_EpInit
 .text.USBUART_EP_0_ISR
                0x00000dd8       0xf8 .\CortexM3\ARM_GCC_541\Debug\CS301_Class.a(USBUART_drv.o)
                0x00000dd8                USBUART_EP_0_ISR
 .text.USBUART_HandleSetup
                0x00000ed0       0x88 .\CortexM3\ARM_GCC_541\Debug\CS301_Class.a(USBUART_drv.o)
                0x00000ed0                USBUART_HandleSetup
 .text.USBUART_HandleIN
                0x00000f58       0x4c .\CortexM3\ARM_GCC_541\Debug\CS301_Class.a(USBUART_drv.o)
                0x00000f58                USBUART_HandleIN
 .text.USBUART_HandleOUT
                0x00000fa4       0x58 .\CortexM3\ARM_GCC_541\Debug\CS301_Class.a(USBUART_drv.o)
                0x00000fa4                USBUART_HandleOUT
 .text.USBUART_LoadEP0
                0x00000ffc       0xd0 .\CortexM3\ARM_GCC_541\Debug\CS301_Class.a(USBUART_drv.o)
                0x00000ffc                USBUART_LoadEP0
 .text.USBUART_InitControlRead
                0x000010cc       0x70 .\CortexM3\ARM_GCC_541\Debug\CS301_Class.a(USBUART_drv.o)
                0x000010cc                USBUART_InitControlRead
 .text.USBUART_InitZeroLengthControlTransfer
                0x0000113c       0x40 .\CortexM3\ARM_GCC_541\Debug\CS301_Class.a(USBUART_drv.o)
                0x0000113c                USBUART_InitZeroLengthControlTransfer
 .text.USBUART_ControlReadDataStage
                0x0000117c        0xc .\CortexM3\ARM_GCC_541\Debug\CS301_Class.a(USBUART_drv.o)
                0x0000117c                USBUART_ControlReadDataStage
 .text.USBUART_ControlReadStatusStage
                0x00001188       0x40 .\CortexM3\ARM_GCC_541\Debug\CS301_Class.a(USBUART_drv.o)
                0x00001188                USBUART_ControlReadStatusStage
 .text.USBUART_InitControlWrite
                0x000011c8       0x64 .\CortexM3\ARM_GCC_541\Debug\CS301_Class.a(USBUART_drv.o)
                0x000011c8                USBUART_InitControlWrite
 .text.USBUART_ControlWriteDataStage
                0x0000122c       0xb4 .\CortexM3\ARM_GCC_541\Debug\CS301_Class.a(USBUART_drv.o)
                0x0000122c                USBUART_ControlWriteDataStage
 .text.USBUART_ControlWriteStatusStage
                0x000012e0       0x24 .\CortexM3\ARM_GCC_541\Debug\CS301_Class.a(USBUART_drv.o)
                0x000012e0                USBUART_ControlWriteStatusStage
 .text.USBUART_InitNoDataControlTransfer
                0x00001304       0x38 .\CortexM3\ARM_GCC_541\Debug\CS301_Class.a(USBUART_drv.o)
                0x00001304                USBUART_InitNoDataControlTransfer
 .text.USBUART_NoDataControlStatusStage
                0x0000133c       0x4c .\CortexM3\ARM_GCC_541\Debug\CS301_Class.a(USBUART_drv.o)
                0x0000133c                USBUART_NoDataControlStatusStage
 .text.USBUART_UpdateStatusBlock
                0x00001388       0x40 .\CortexM3\ARM_GCC_541\Debug\CS301_Class.a(USBUART_drv.o)
                0x00001388                USBUART_UpdateStatusBlock
 .text.USBUART_InitializeStatusBlock
                0x000013c8       0x34 .\CortexM3\ARM_GCC_541\Debug\CS301_Class.a(USBUART_drv.o)
                0x000013c8                USBUART_InitializeStatusBlock
 .text.USBUART_EP_1_ISR
                0x000013fc       0x48 .\CortexM3\ARM_GCC_541\Debug\CS301_Class.a(USBUART_episr.o)
                0x000013fc                USBUART_EP_1_ISR
 .text.USBUART_EP_2_ISR
                0x00001444       0x4c .\CortexM3\ARM_GCC_541\Debug\CS301_Class.a(USBUART_episr.o)
                0x00001444                USBUART_EP_2_ISR
 .text.USBUART_EP_3_ISR
                0x00001490       0x54 .\CortexM3\ARM_GCC_541\Debug\CS301_Class.a(USBUART_episr.o)
                0x00001490                USBUART_EP_3_ISR
 .text.USBUART_SOF_ISR
                0x000014e4        0xc .\CortexM3\ARM_GCC_541\Debug\CS301_Class.a(USBUART_episr.o)
                0x000014e4                USBUART_SOF_ISR
 .text.USBUART_BUS_RESET_ISR
                0x000014f0        0xc .\CortexM3\ARM_GCC_541\Debug\CS301_Class.a(USBUART_episr.o)
                0x000014f0                USBUART_BUS_RESET_ISR
 .text.USBUART_DP_ISR
                0x000014fc        0xc .\CortexM3\ARM_GCC_541\Debug\CS301_Class.a(USBUART_pm.o)
                0x000014fc                USBUART_DP_ISR
 .text.USBUART_HandleStandardRqst
                0x00001508      0x4a4 .\CortexM3\ARM_GCC_541\Debug\CS301_Class.a(USBUART_std.o)
                0x00001508                USBUART_HandleStandardRqst
 .text.USBUART_ReadDieID
                0x000019ac       0xd8 .\CortexM3\ARM_GCC_541\Debug\CS301_Class.a(USBUART_std.o)
                0x000019ac                USBUART_ReadDieID
 .text.USBUART_ConfigReg
                0x00001a84      0x138 .\CortexM3\ARM_GCC_541\Debug\CS301_Class.a(USBUART_std.o)
                0x00001a84                USBUART_ConfigReg
 .text.USBUART_Config
                0x00001bbc      0x3a4 .\CortexM3\ARM_GCC_541\Debug\CS301_Class.a(USBUART_std.o)
                0x00001bbc                USBUART_Config
 .text.USBUART_ConfigAltChanged
                0x00001f60      0x25c .\CortexM3\ARM_GCC_541\Debug\CS301_Class.a(USBUART_std.o)
                0x00001f60                USBUART_ConfigAltChanged
 .text.USBUART_GetConfigTablePtr
                0x000021bc       0x50 .\CortexM3\ARM_GCC_541\Debug\CS301_Class.a(USBUART_std.o)
                0x000021bc                USBUART_GetConfigTablePtr
 .text.USBUART_GetDeviceTablePtr
                0x0000220c       0x24 .\CortexM3\ARM_GCC_541\Debug\CS301_Class.a(USBUART_std.o)
                0x0000220c                USBUART_GetDeviceTablePtr
 .text.USBUART_GetInterfaceClassTablePtr
                0x00002230       0x4c .\CortexM3\ARM_GCC_541\Debug\CS301_Class.a(USBUART_std.o)
                0x00002230                USBUART_GetInterfaceClassTablePtr
 .text.USBUART_SetEndpointHalt
                0x0000227c       0xe8 .\CortexM3\ARM_GCC_541\Debug\CS301_Class.a(USBUART_std.o)
                0x0000227c                USBUART_SetEndpointHalt
 .text.USBUART_ClearEndpointHalt
                0x00002364      0x158 .\CortexM3\ARM_GCC_541\Debug\CS301_Class.a(USBUART_std.o)
                0x00002364                USBUART_ClearEndpointHalt
 .text.USBUART_ValidateAlternateSetting
                0x000024bc       0x70 .\CortexM3\ARM_GCC_541\Debug\CS301_Class.a(USBUART_std.o)
                0x000024bc                USBUART_ValidateAlternateSetting
 .text.USBUART_HandleVendorRqst
                0x0000252c       0x54 .\CortexM3\ARM_GCC_541\Debug\CS301_Class.a(USBUART_vnd.o)
                0x0000252c                USBUART_HandleVendorRqst
 .text.USBUART_Dp_ClearInterrupt
                0x00002580       0x20 .\CortexM3\ARM_GCC_541\Debug\CS301_Class.a(USBUART_Dp.o)
                0x00002580                USBUART_Dp_ClearInterrupt
 .text.CyHalt   0x000025a0       0x18 .\CortexM3\ARM_GCC_541\Debug\CS301_Class.a(CyLib.o)
                0x000025a0                CyHalt
 .text.CyDelayUs
                0x000025b8       0x28 .\CortexM3\ARM_GCC_541\Debug\CS301_Class.a(CyLib.o)
                0x000025b8                CyDelayUs
 .text.CyIntSetVector
                0x000025e0       0x50 .\CortexM3\ARM_GCC_541\Debug\CS301_Class.a(CyLib.o)
                0x000025e0                CyIntSetVector
 .text.CyIntSetPriority
                0x00002630       0x48 .\CortexM3\ARM_GCC_541\Debug\CS301_Class.a(CyLib.o)
                0x00002630                CyIntSetPriority
 .text.CyGetUniqueId
                0x00002678       0xc4 .\CortexM3\ARM_GCC_541\Debug\CS301_Class.a(CyLib.o)
                0x00002678                CyGetUniqueId
 .text.PWM_1_Start
                0x0000273c       0x24 .\CortexM3\ARM_GCC_541\Debug\CS301_Class.a(PWM_1.o)
                0x0000273c                PWM_1_Start
 .text.PWM_1_Init
                0x00002760       0xbc .\CortexM3\ARM_GCC_541\Debug\CS301_Class.a(PWM_1.o)
                0x00002760                PWM_1_Init
 .text.PWM_1_Enable
                0x0000281c       0x48 .\CortexM3\ARM_GCC_541\Debug\CS301_Class.a(PWM_1.o)
                0x0000281c                PWM_1_Enable
 .text.PWM_1_WritePeriod
                0x00002864       0x20 .\CortexM3\ARM_GCC_541\Debug\CS301_Class.a(PWM_1.o)
                0x00002864                PWM_1_WritePeriod
 .text.PWM_1_WriteCompare
                0x00002884       0x20 .\CortexM3\ARM_GCC_541\Debug\CS301_Class.a(PWM_1.o)
                0x00002884                PWM_1_WriteCompare
 .text.PWM_1_SetInterruptMode
                0x000028a4       0x20 .\CortexM3\ARM_GCC_541\Debug\CS301_Class.a(PWM_1.o)
                0x000028a4                PWM_1_SetInterruptMode
 .text.PWM_2_Start
                0x000028c4       0x24 .\CortexM3\ARM_GCC_541\Debug\CS301_Class.a(PWM_2.o)
                0x000028c4                PWM_2_Start
 .text.PWM_2_Init
                0x000028e8       0xbc .\CortexM3\ARM_GCC_541\Debug\CS301_Class.a(PWM_2.o)
                0x000028e8                PWM_2_Init
 .text.PWM_2_Enable
                0x000029a4       0x48 .\CortexM3\ARM_GCC_541\Debug\CS301_Class.a(PWM_2.o)
                0x000029a4                PWM_2_Enable
 .text.PWM_2_WritePeriod
                0x000029ec       0x20 .\CortexM3\ARM_GCC_541\Debug\CS301_Class.a(PWM_2.o)
                0x000029ec                PWM_2_WritePeriod
 .text.PWM_2_WriteCompare
                0x00002a0c       0x20 .\CortexM3\ARM_GCC_541\Debug\CS301_Class.a(PWM_2.o)
                0x00002a0c                PWM_2_WriteCompare
 .text.PWM_2_SetInterruptMode
                0x00002a2c       0x20 .\CortexM3\ARM_GCC_541\Debug\CS301_Class.a(PWM_2.o)
                0x00002a2c                PWM_2_SetInterruptMode
 .text.QuadDec_M1_Init
                0x00002a4c        0xc .\CortexM3\ARM_GCC_541\Debug\CS301_Class.a(QuadDec_M1.o)
                0x00002a4c                QuadDec_M1_Init
 .text.QuadDec_M1_Enable
                0x00002a58       0x3c .\CortexM3\ARM_GCC_541\Debug\CS301_Class.a(QuadDec_M1.o)
                0x00002a58                QuadDec_M1_Enable
 .text.QuadDec_M1_Start
                0x00002a94       0x30 .\CortexM3\ARM_GCC_541\Debug\CS301_Class.a(QuadDec_M1.o)
                0x00002a94                QuadDec_M1_Start
 .text.QuadDec_M1_GetCounter
                0x00002ac4       0x24 .\CortexM3\ARM_GCC_541\Debug\CS301_Class.a(QuadDec_M1.o)
                0x00002ac4                QuadDec_M1_GetCounter
 .text.QuadDec_M1_SetCounter
                0x00002ae8       0x34 .\CortexM3\ARM_GCC_541\Debug\CS301_Class.a(QuadDec_M1.o)
                0x00002ae8                QuadDec_M1_SetCounter
 .text.QuadDec_M1_GetEvents
                0x00002b1c       0x1c .\CortexM3\ARM_GCC_541\Debug\CS301_Class.a(QuadDec_M1.o)
                0x00002b1c                QuadDec_M1_GetEvents
 .text.QuadDec_M1_SetInterruptMask
                0x00002b38       0x20 .\CortexM3\ARM_GCC_541\Debug\CS301_Class.a(QuadDec_M1.o)
                0x00002b38                QuadDec_M1_SetInterruptMask
 .text.QuadDec_M2_Init
                0x00002b58        0xc .\CortexM3\ARM_GCC_541\Debug\CS301_Class.a(QuadDec_M2.o)
                0x00002b58                QuadDec_M2_Init
 .text.QuadDec_M2_Enable
                0x00002b64       0x3c .\CortexM3\ARM_GCC_541\Debug\CS301_Class.a(QuadDec_M2.o)
                0x00002b64                QuadDec_M2_Enable
 .text.QuadDec_M2_Start
                0x00002ba0       0x30 .\CortexM3\ARM_GCC_541\Debug\CS301_Class.a(QuadDec_M2.o)
                0x00002ba0                QuadDec_M2_Start
 .text.QuadDec_M2_GetCounter
                0x00002bd0       0x24 .\CortexM3\ARM_GCC_541\Debug\CS301_Class.a(QuadDec_M2.o)
                0x00002bd0                QuadDec_M2_GetCounter
 .text.QuadDec_M2_SetCounter
                0x00002bf4       0x34 .\CortexM3\ARM_GCC_541\Debug\CS301_Class.a(QuadDec_M2.o)
                0x00002bf4                QuadDec_M2_SetCounter
 .text.QuadDec_M2_GetEvents
                0x00002c28       0x1c .\CortexM3\ARM_GCC_541\Debug\CS301_Class.a(QuadDec_M2.o)
                0x00002c28                QuadDec_M2_GetEvents
 .text.QuadDec_M2_SetInterruptMask
                0x00002c44       0x20 .\CortexM3\ARM_GCC_541\Debug\CS301_Class.a(QuadDec_M2.o)
                0x00002c44                QuadDec_M2_SetInterruptMask
 .text.QuadDec_M1_Cnt16_Init
                0x00002c64       0x80 .\CortexM3\ARM_GCC_541\Debug\CS301_Class.a(QuadDec_M1_Cnt16.o)
                0x00002c64                QuadDec_M1_Cnt16_Init
 .text.QuadDec_M1_Cnt16_Enable
                0x00002ce4       0x20 .\CortexM3\ARM_GCC_541\Debug\CS301_Class.a(QuadDec_M1_Cnt16.o)
                0x00002ce4                QuadDec_M1_Cnt16_Enable
 .text.QuadDec_M1_Cnt16_Start
                0x00002d04       0x24 .\CortexM3\ARM_GCC_541\Debug\CS301_Class.a(QuadDec_M1_Cnt16.o)
                0x00002d04                QuadDec_M1_Cnt16_Start
 .text.QuadDec_M1_Cnt16_SetInterruptMode
                0x00002d28       0x20 .\CortexM3\ARM_GCC_541\Debug\CS301_Class.a(QuadDec_M1_Cnt16.o)
                0x00002d28                QuadDec_M1_Cnt16_SetInterruptMode
 .text.QuadDec_M1_Cnt16_ReadStatusRegister
                0x00002d48       0x18 .\CortexM3\ARM_GCC_541\Debug\CS301_Class.a(QuadDec_M1_Cnt16.o)
                0x00002d48                QuadDec_M1_Cnt16_ReadStatusRegister
 .text.QuadDec_M1_Cnt16_WriteCounter
                0x00002d60       0x20 .\CortexM3\ARM_GCC_541\Debug\CS301_Class.a(QuadDec_M1_Cnt16.o)
                0x00002d60                QuadDec_M1_Cnt16_WriteCounter
 .text.QuadDec_M1_Cnt16_ReadCounter
                0x00002d80       0x20 .\CortexM3\ARM_GCC_541\Debug\CS301_Class.a(QuadDec_M1_Cnt16.o)
                0x00002d80                QuadDec_M1_Cnt16_ReadCounter
 .text.QuadDec_M1_Cnt16_ReadCapture
                0x00002da0       0x18 .\CortexM3\ARM_GCC_541\Debug\CS301_Class.a(QuadDec_M1_Cnt16.o)
                0x00002da0                QuadDec_M1_Cnt16_ReadCapture
 .text.QuadDec_M1_Cnt16_WritePeriod
                0x00002db8       0x20 .\CortexM3\ARM_GCC_541\Debug\CS301_Class.a(QuadDec_M1_Cnt16.o)
                0x00002db8                QuadDec_M1_Cnt16_WritePeriod
 .text.QuadDec_M1_Cnt16_WriteCompare
                0x00002dd8       0x20 .\CortexM3\ARM_GCC_541\Debug\CS301_Class.a(QuadDec_M1_Cnt16.o)
                0x00002dd8                QuadDec_M1_Cnt16_WriteCompare
 .text.QuadDec_M1_Cnt16_ClearFIFO
                0x00002df8       0x1c .\CortexM3\ARM_GCC_541\Debug\CS301_Class.a(QuadDec_M1_Cnt16.o)
                0x00002df8                QuadDec_M1_Cnt16_ClearFIFO
 .text.QuadDec_M2_Cnt16_Init
                0x00002e14       0x80 .\CortexM3\ARM_GCC_541\Debug\CS301_Class.a(QuadDec_M2_Cnt16.o)
                0x00002e14                QuadDec_M2_Cnt16_Init
 .text.QuadDec_M2_Cnt16_Enable
                0x00002e94       0x20 .\CortexM3\ARM_GCC_541\Debug\CS301_Class.a(QuadDec_M2_Cnt16.o)
                0x00002e94                QuadDec_M2_Cnt16_Enable
 .text.QuadDec_M2_Cnt16_Start
                0x00002eb4       0x24 .\CortexM3\ARM_GCC_541\Debug\CS301_Class.a(QuadDec_M2_Cnt16.o)
                0x00002eb4                QuadDec_M2_Cnt16_Start
 .text.QuadDec_M2_Cnt16_SetInterruptMode
                0x00002ed8       0x20 .\CortexM3\ARM_GCC_541\Debug\CS301_Class.a(QuadDec_M2_Cnt16.o)
                0x00002ed8                QuadDec_M2_Cnt16_SetInterruptMode
 .text.QuadDec_M2_Cnt16_ReadStatusRegister
                0x00002ef8       0x18 .\CortexM3\ARM_GCC_541\Debug\CS301_Class.a(QuadDec_M2_Cnt16.o)
                0x00002ef8                QuadDec_M2_Cnt16_ReadStatusRegister
 .text.QuadDec_M2_Cnt16_WriteCounter
                0x00002f10       0x20 .\CortexM3\ARM_GCC_541\Debug\CS301_Class.a(QuadDec_M2_Cnt16.o)
                0x00002f10                QuadDec_M2_Cnt16_WriteCounter
 .text.QuadDec_M2_Cnt16_ReadCounter
                0x00002f30       0x20 .\CortexM3\ARM_GCC_541\Debug\CS301_Class.a(QuadDec_M2_Cnt16.o)
                0x00002f30                QuadDec_M2_Cnt16_ReadCounter
 .text.QuadDec_M2_Cnt16_ReadCapture
                0x00002f50       0x18 .\CortexM3\ARM_GCC_541\Debug\CS301_Class.a(QuadDec_M2_Cnt16.o)
                0x00002f50                QuadDec_M2_Cnt16_ReadCapture
 .text.QuadDec_M2_Cnt16_WritePeriod
                0x00002f68       0x20 .\CortexM3\ARM_GCC_541\Debug\CS301_Class.a(QuadDec_M2_Cnt16.o)
                0x00002f68                QuadDec_M2_Cnt16_WritePeriod
 .text.QuadDec_M2_Cnt16_WriteCompare
                0x00002f88       0x20 .\CortexM3\ARM_GCC_541\Debug\CS301_Class.a(QuadDec_M2_Cnt16.o)
                0x00002f88                QuadDec_M2_Cnt16_WriteCompare
 .text.QuadDec_M2_Cnt16_ClearFIFO
                0x00002fa8       0x1c .\CortexM3\ARM_GCC_541\Debug\CS301_Class.a(QuadDec_M2_Cnt16.o)
                0x00002fa8                QuadDec_M2_Cnt16_ClearFIFO
 .text.isr_1_StartEx
                0x00002fc4       0x24 .\CortexM3\ARM_GCC_541\Debug\CS301_Class.a(isr_1.o)
                0x00002fc4                isr_1_StartEx
 .text.isr_1_SetVector
                0x00002fe8       0x24 .\CortexM3\ARM_GCC_541\Debug\CS301_Class.a(isr_1.o)
                0x00002fe8                isr_1_SetVector
 .text.isr_1_SetPriority
                0x0000300c       0x24 .\CortexM3\ARM_GCC_541\Debug\CS301_Class.a(isr_1.o)
                0x0000300c                isr_1_SetPriority
 .text.isr_1_Enable
                0x00003030       0x18 .\CortexM3\ARM_GCC_541\Debug\CS301_Class.a(isr_1.o)
                0x00003030                isr_1_Enable
 .text.isr_1_Disable
                0x00003048       0x18 .\CortexM3\ARM_GCC_541\Debug\CS301_Class.a(isr_1.o)
                0x00003048                isr_1_Disable
 .text.mid_right_Start
                0x00003060       0x20 .\CortexM3\ARM_GCC_541\Debug\CS301_Class.a(mid_right.o)
                0x00003060                mid_right_Start
 .text.mid_right_Interrupt
                0x00003080       0x18 .\CortexM3\ARM_GCC_541\Debug\CS301_Class.a(mid_right.o)
                0x00003080                mid_right_Interrupt
 .text.mid_right_SetVector
                0x00003098       0x24 .\CortexM3\ARM_GCC_541\Debug\CS301_Class.a(mid_right.o)
                0x00003098                mid_right_SetVector
 .text.mid_right_SetPriority
                0x000030bc       0x24 .\CortexM3\ARM_GCC_541\Debug\CS301_Class.a(mid_right.o)
                0x000030bc                mid_right_SetPriority
 .text.mid_right_Enable
                0x000030e0       0x18 .\CortexM3\ARM_GCC_541\Debug\CS301_Class.a(mid_right.o)
                0x000030e0                mid_right_Enable
 .text.mid_right_Disable
                0x000030f8       0x18 .\CortexM3\ARM_GCC_541\Debug\CS301_Class.a(mid_right.o)
                0x000030f8                mid_right_Disable
 .text.mid_left_Start
                0x00003110       0x20 .\CortexM3\ARM_GCC_541\Debug\CS301_Class.a(mid_left.o)
                0x00003110                mid_left_Start
 .text.mid_left_Interrupt
                0x00003130       0x18 .\CortexM3\ARM_GCC_541\Debug\CS301_Class.a(mid_left.o)
                0x00003130                mid_left_Interrupt
 .text.mid_left_SetVector
                0x00003148       0x24 .\CortexM3\ARM_GCC_541\Debug\CS301_Class.a(mid_left.o)
                0x00003148                mid_left_SetVector
 .text.mid_left_SetPriority
                0x0000316c       0x24 .\CortexM3\ARM_GCC_541\Debug\CS301_Class.a(mid_left.o)
                0x0000316c                mid_left_SetPriority
 .text.mid_left_Enable
                0x00003190       0x18 .\CortexM3\ARM_GCC_541\Debug\CS301_Class.a(mid_left.o)
                0x00003190                mid_left_Enable
 .text.mid_left_Disable
                0x000031a8       0x18 .\CortexM3\ARM_GCC_541\Debug\CS301_Class.a(mid_left.o)
                0x000031a8                mid_left_Disable
 .text.front_right_Start
                0x000031c0       0x20 .\CortexM3\ARM_GCC_541\Debug\CS301_Class.a(front_right.o)
                0x000031c0                front_right_Start
 .text.front_right_Interrupt
                0x000031e0       0x18 .\CortexM3\ARM_GCC_541\Debug\CS301_Class.a(front_right.o)
                0x000031e0                front_right_Interrupt
 .text.front_right_SetVector
                0x000031f8       0x24 .\CortexM3\ARM_GCC_541\Debug\CS301_Class.a(front_right.o)
                0x000031f8                front_right_SetVector
 .text.front_right_SetPriority
                0x0000321c       0x24 .\CortexM3\ARM_GCC_541\Debug\CS301_Class.a(front_right.o)
                0x0000321c                front_right_SetPriority
 .text.front_right_Enable
                0x00003240       0x18 .\CortexM3\ARM_GCC_541\Debug\CS301_Class.a(front_right.o)
                0x00003240                front_right_Enable
 .text.front_right_Disable
                0x00003258       0x18 .\CortexM3\ARM_GCC_541\Debug\CS301_Class.a(front_right.o)
                0x00003258                front_right_Disable
 .text.front_left_Start
                0x00003270       0x20 .\CortexM3\ARM_GCC_541\Debug\CS301_Class.a(front_left.o)
                0x00003270                front_left_Start
 .text.front_left_Interrupt
                0x00003290        0xc .\CortexM3\ARM_GCC_541\Debug\CS301_Class.a(front_left.o)
                0x00003290                front_left_Interrupt
 .text.front_left_SetVector
                0x0000329c       0x24 .\CortexM3\ARM_GCC_541\Debug\CS301_Class.a(front_left.o)
                0x0000329c                front_left_SetVector
 .text.front_left_SetPriority
                0x000032c0       0x24 .\CortexM3\ARM_GCC_541\Debug\CS301_Class.a(front_left.o)
                0x000032c0                front_left_SetPriority
 .text.front_left_Enable
                0x000032e4       0x18 .\CortexM3\ARM_GCC_541\Debug\CS301_Class.a(front_left.o)
                0x000032e4                front_left_Enable
 .text.front_left_Disable
                0x000032fc       0x18 .\CortexM3\ARM_GCC_541\Debug\CS301_Class.a(front_left.o)
                0x000032fc                front_left_Disable
 *fill*         0x00003314        0x4 
 .text          0x00003318       0x20 .\CortexM3\ARM_GCC_541\Debug\CS301_Class.a(CyBootAsmGnu.o)
                0x00003318                CyDelayCycles
                0x00003328                CyEnterCriticalSection
                0x00003330                CyExitCriticalSection
 .text.USBUART_DispatchClassRqst
                0x00003338       0x84 .\CortexM3\ARM_GCC_541\Debug\CS301_Class.a(USBUART_cls.o)
                0x00003338                USBUART_DispatchClassRqst
 .text          0x000033bc      0x21c c:/program files (x86)/cypress/psoc creator/4.2/psoc creator/import/gnu/arm/5.4.1/bin/../lib/gcc/arm-none-eabi/5.4.1/armv7-m\libgcc.a(_arm_addsubsf3.o)
                0x000033bc                __aeabi_frsub
                0x000033c4                __subsf3
                0x000033c4                __aeabi_fsub
                0x000033c8                __aeabi_fadd
                0x000033c8                __addsf3
                0x00003528                __aeabi_ui2f
                0x00003528                __floatunsisf
                0x00003530                __aeabi_i2f
                0x00003530                __floatsisf
                0x0000354c                __aeabi_ul2f
                0x0000354c                __floatundisf
                0x0000355c                __aeabi_l2f
                0x0000355c                __floatdisf
 .text          0x000035d8      0x2a0 c:/program files (x86)/cypress/psoc creator/4.2/psoc creator/import/gnu/arm/5.4.1/bin/../lib/gcc/arm-none-eabi/5.4.1/armv7-m\libgcc.a(_arm_muldivsf3.o)
                0x000035d8                __mulsf3
                0x000035d8                __aeabi_fmul
                0x00003740                __aeabi_fdiv
                0x00003740                __divsf3
 .text          0x00003878       0xec c:/program files (x86)/cypress/psoc creator/4.2/psoc creator/import/gnu/arm/5.4.1/bin/../lib/gcc/arm-none-eabi/5.4.1/armv7-m\libgcc.a(_arm_cmpsf2.o)
                0x00003878                __gesf2
                0x00003878                __gtsf2
                0x00003880                __lesf2
                0x00003880                __ltsf2
                0x00003888                __nesf2
                0x00003888                __eqsf2
                0x00003888                __cmpsf2
                0x000038e8                __aeabi_cfrcmple
                0x000038f0                __aeabi_cfcmpeq
                0x000038f0                __aeabi_cfcmple
                0x00003900                __aeabi_fcmpeq
                0x00003914                __aeabi_fcmplt
                0x00003928                __aeabi_fcmple
                0x0000393c                __aeabi_fcmpge
                0x00003950                __aeabi_fcmpgt
 .text          0x00003964       0x4c c:/program files (x86)/cypress/psoc creator/4.2/psoc creator/import/gnu/arm/5.4.1/bin/../lib/gcc/arm-none-eabi/5.4.1/armv7-m\libgcc.a(_arm_fixsfsi.o)
                0x00003964                __aeabi_f2iz
                0x00003964                __fixsfsi
 .text.__errno  0x000039b0        0xc c:/program files (x86)/cypress/psoc creator/4.2/psoc creator/import/gnu/arm/5.4.1/bin/../lib/gcc/arm-none-eabi/5.4.1/../../../../arm-none-eabi/lib/armv7-m\libg_nano.a(lib_a-errno.o)
                0x000039b0                __errno
 .text.__libc_init_array
                0x000039bc       0x4c c:/program files (x86)/cypress/psoc creator/4.2/psoc creator/import/gnu/arm/5.4.1/bin/../lib/gcc/arm-none-eabi/5.4.1/../../../../arm-none-eabi/lib/armv7-m\libg_nano.a(lib_a-init.o)
                0x000039bc                __libc_init_array
 .text.memcpy   0x00003a08       0x16 c:/program files (x86)/cypress/psoc creator/4.2/psoc creator/import/gnu/arm/5.4.1/bin/../lib/gcc/arm-none-eabi/5.4.1/../../../../arm-none-eabi/lib/armv7-m\libg_nano.a(lib_a-memcpy-stub.o)
                0x00003a08                memcpy
 .text.memset   0x00003a1e       0x10 c:/program files (x86)/cypress/psoc creator/4.2/psoc creator/import/gnu/arm/5.4.1/bin/../lib/gcc/arm-none-eabi/5.4.1/../../../../arm-none-eabi/lib/armv7-m\libg_nano.a(lib_a-memset.o)
                0x00003a1e                memset
 *(.plt)
 *(.gnu.warning)
 *(.glue_7t)
 .glue_7t       0x00003a2e        0x0 linker stubs
 *(.glue_7)
 .glue_7        0x00003a2e        0x0 linker stubs
 *(.vfp11_veneer)
 .vfp11_veneer  0x00003a2e        0x0 linker stubs
 *(.bootloader)
 *(.ARM.extab* .gnu.linkonce.armextab.*)
 *(.gcc_except_table)

.v4_bx          0x00003a30        0x0
 .v4_bx         0x00003a30        0x0 linker stubs

.iplt           0x00003a30        0x0
 .iplt          0x00003a30        0x0 c:/program files (x86)/cypress/psoc creator/4.2/psoc creator/import/gnu/arm/5.4.1/bin/../lib/gcc/arm-none-eabi/5.4.1/armv7-m/crtbegin.o

.eh_frame_hdr
 *(.eh_frame_hdr)

.eh_frame       0x00003a30        0x4
 *(.eh_frame)
 .eh_frame      0x00003a30        0x0 c:/program files (x86)/cypress/psoc creator/4.2/psoc creator/import/gnu/arm/5.4.1/bin/../lib/gcc/arm-none-eabi/5.4.1/armv7-m/crtbegin.o
 .eh_frame      0x00003a30        0x4 c:/program files (x86)/cypress/psoc creator/4.2/psoc creator/import/gnu/arm/5.4.1/bin/../lib/gcc/arm-none-eabi/5.4.1/armv7-m/crtend.o
                [!provide]                PROVIDE (__exidx_start, .)

.ARM.exidx
 *(.ARM.exidx* .gnu.linkonce.armexidx.*)
                0x00003a34                __exidx_end = .

.rodata         0x00003a34      0x214
 *(.rodata .rodata.* .gnu.linkonce.r.*)
 .rodata        0x00003a34       0x2a .\CortexM3\ARM_GCC_541\Debug\cyfitter_cfg.o
 *fill*         0x00003a5e        0x2 
 .rodata        0x00003a60       0x11 .\CortexM3\ARM_GCC_541\Debug\CS301_Class.a(USBUART_std.o)
 *fill*         0x00003a71        0x3 
 .rodata        0x00003a74      0x19c .\CortexM3\ARM_GCC_541\Debug\CS301_Class.a(USBUART_descr.o)
                0x00003a74                USBUART_DEVICE0_DESCR
                0x00003a88                USBUART_DEVICE0_CONFIGURATION0_DESCR
                0x00003acc                USBUART_STRING_DESCRIPTORS
                0x00003b6c                USBUART_SN_STRING_DESCRIPTOR
                0x00003b70                USBUART_DEVICE0_CONFIGURATION0_EP_SETTINGS_TABLE
                0x00003b88                USBUART_DEVICE0_CONFIGURATION0_INTERFACE_CLASS
                0x00003b8c                USBUART_DEVICE0_CONFIGURATION0_TABLE
                0x00003bb4                USBUART_DEVICE0_TABLE
                0x00003bcc                USBUART_TABLE
                0x00003bd4                USBUART_MSOS_DESCRIPTOR
                0x00003be8                USBUART_MSOS_CONFIGURATION_DESCR
 .rodata.str1.1
                0x00003c10        0x2 c:/program files (x86)/cypress/psoc creator/4.2/psoc creator/import/gnu/arm/5.4.1/bin/../lib/gcc/arm-none-eabi/5.4.1/../../../../arm-none-eabi/lib/armv7-m\libg_nano.a(lib_a-impure.o)
                0x00003c14                . = ALIGN (0x4)
 *fill*         0x00003c12        0x2 
 *(.init)
 .init          0x00003c14        0x4 c:/program files (x86)/cypress/psoc creator/4.2/psoc creator/import/gnu/arm/5.4.1/bin/../lib/gcc/arm-none-eabi/5.4.1/armv7-m/crti.o
                0x00003c14                _init
 .init          0x00003c18        0x8 c:/program files (x86)/cypress/psoc creator/4.2/psoc creator/import/gnu/arm/5.4.1/bin/../lib/gcc/arm-none-eabi/5.4.1/armv7-m/crtn.o
                0x00003c20                . = ALIGN (0x4)
                0x00003c20                __preinit_array_start = .
 *(.preinit_array)
                0x00003c20                __preinit_array_end = .
                0x00003c20                . = ALIGN (0x4)
                0x00003c20                __init_array_start = .
 *(SORT(.init_array.*))
 *(.init_array)
 .init_array    0x00003c20        0x4 c:/program files (x86)/cypress/psoc creator/4.2/psoc creator/import/gnu/arm/5.4.1/bin/../lib/gcc/arm-none-eabi/5.4.1/armv7-m/crtbegin.o
 .init_array    0x00003c24        0x4 .\CortexM3\ARM_GCC_541\Debug\Cm3Start.o
                0x00003c28                __init_array_end = .
                0x00003c28                . = ALIGN (0x4)
 *(.fini)
 .fini          0x00003c28        0x4 c:/program files (x86)/cypress/psoc creator/4.2/psoc creator/import/gnu/arm/5.4.1/bin/../lib/gcc/arm-none-eabi/5.4.1/armv7-m/crti.o
                0x00003c28                _fini
 .fini          0x00003c2c        0x8 c:/program files (x86)/cypress/psoc creator/4.2/psoc creator/import/gnu/arm/5.4.1/bin/../lib/gcc/arm-none-eabi/5.4.1/armv7-m/crtn.o
                0x00003c34                . = ALIGN (0x4)
                0x00003c34                __fini_array_start = .
 *(.fini_array)
 .fini_array    0x00003c34        0x4 c:/program files (x86)/cypress/psoc creator/4.2/psoc creator/import/gnu/arm/5.4.1/bin/../lib/gcc/arm-none-eabi/5.4.1/armv7-m/crtbegin.o
 *(SORT(.fini_array.*))
                0x00003c38                __fini_array_end = .
                0x00003c38                . = ALIGN (0x4)
 *crtbegin.o(.ctors)
 *(EXCLUDE_FILE(*crtend.o) .ctors)
 *(SORT(.ctors.*))
 *crtend.o(.ctors)
                0x00003c38                . = ALIGN (0x4)
 *crtbegin.o(.dtors)
 *(EXCLUDE_FILE(*crtend.o) .dtors)
 *(SORT(.dtors.*))
 *crtend.o(.dtors)
                0x00003c38                . = ALIGN (0x4)
                0x00003c38                __cy_regions = .
                0x00003c38        0x4 LONG 0x3c48 __cy_region_init_ram
                0x00003c3c        0x4 LONG 0x1fff80c8 __cy_region_start_data
                0x00003c40        0x4 LONG 0xe8 __cy_region_init_size_ram
                0x00003c44        0x4 LONG 0x148 __cy_region_zero_size_ram
                0x00003c48                __cy_regions_end = .
                0x00003c48                . = ALIGN (0x8)
                0x00003c48                _etext = .

.cy_checksum_exclude
                0x00003c48        0x0
 *(.cy_checksum_exclude)

.ramvectors     0x1fff8000       0xc0
                0x1fff8000                __cy_region_start_ram = .
 *(.ramvectors)
 .ramvectors    0x1fff8000       0xc0 .\CortexM3\ARM_GCC_541\Debug\Cm3Start.o
                0x1fff8000                CyRamVectors

.noinit         0x1fff80c0        0x5
 *(.noinit)
 .noinit        0x1fff80c0        0x4 .\CortexM3\ARM_GCC_541\Debug\Cm3Start.o
 .noinit        0x1fff80c4        0x1 .\CortexM3\ARM_GCC_541\Debug\CS301_Class.a(CyLib.o)
                0x1fff80c4                CyResetStatus

.data           0x1fff80c8       0xe8 load address 0x00003c48
                0x1fff80c8                __cy_region_start_data = .
 *(.jcr)
 .jcr           0x1fff80c8        0x0 c:/program files (x86)/cypress/psoc creator/4.2/psoc creator/import/gnu/arm/5.4.1/bin/../lib/gcc/arm-none-eabi/5.4.1/armv7-m/crtbegin.o
 .jcr           0x1fff80c8        0x4 c:/program files (x86)/cypress/psoc creator/4.2/psoc creator/import/gnu/arm/5.4.1/bin/../lib/gcc/arm-none-eabi/5.4.1/armv7-m/crtend.o
 *(.got.plt)
 *(.got)
 *(.shdata)
 *(.data .data.* .gnu.linkonce.d.*)
 .data          0x1fff80cc       0x54 .\CortexM3\ARM_GCC_541\Debug\main.o
                0x1fff80cc                flag_rf_transmission_active
                0x1fff80d0                displaystring
                0x1fff8110                left_pwm
                0x1fff8111                right_pwm
                0x1fff8114                Kp
                0x1fff8118                Ki
                0x1fff811c                Kd
 .data          0x1fff8120       0x1a .\CortexM3\ARM_GCC_541\Debug\CS301_Class.a(USBUART_cdc.o)
                0x1fff8120                USBUART_linesCoding
 *fill*         0x1fff813a        0x2 
 .data          0x1fff813c       0x10 .\CortexM3\ARM_GCC_541\Debug\CS301_Class.a(CyLib.o)
                0x1fff813c                cydelay_freq_hz
                0x1fff8140                cydelay_freq_khz
                0x1fff8144                cydelay_freq_mhz
                0x1fff8148                cydelay_32k_ms
 .data.impure_data
                0x1fff814c       0x60 c:/program files (x86)/cypress/psoc creator/4.2/psoc creator/import/gnu/arm/5.4.1/bin/../lib/gcc/arm-none-eabi/5.4.1/../../../../arm-none-eabi/lib/armv7-m\libg_nano.a(lib_a-impure.o)
 .data._impure_ptr
                0x1fff81ac        0x4 c:/program files (x86)/cypress/psoc creator/4.2/psoc creator/import/gnu/arm/5.4.1/bin/../lib/gcc/arm-none-eabi/5.4.1/../../../../arm-none-eabi/lib/armv7-m\libg_nano.a(lib_a-impure.o)
                0x1fff81ac                _impure_ptr
                0x1fff81b0                . = ALIGN (0x8)
 *(.ram)
                0x1fff81b0                _edata = .

.igot.plt       0x1fff81b0        0x0 load address 0x00003d30
 .igot.plt      0x1fff81b0        0x0 c:/program files (x86)/cypress/psoc creator/4.2/psoc creator/import/gnu/arm/5.4.1/bin/../lib/gcc/arm-none-eabi/5.4.1/armv7-m/crtbegin.o

.bss            0x1fff81b0      0x148 load address 0x00003d30
                0x1fff81b0                PROVIDE (__bss_start__, .)
 *(.shbss)
 *(.bss .bss.* .gnu.linkonce.b.*)
 .bss           0x1fff81b0       0x1c c:/program files (x86)/cypress/psoc creator/4.2/psoc creator/import/gnu/arm/5.4.1/bin/../lib/gcc/arm-none-eabi/5.4.1/armv7-m/crtbegin.o
 .bss           0x1fff81cc       0x46 .\CortexM3\ARM_GCC_541\Debug\main.o
                0x1fff81cc                ts
                0x1fff81ce                ts_enc
                0x1fff81d0                ts_update
                0x1fff81d2                ts_speed
                0x1fff81d4                ts_display
                0x1fff81d6                flag_ts_enc
                0x1fff81d7                flag_ts_update
                0x1fff81d8                flag_ts_speed
                0x1fff81d9                flag_ts_display
                0x1fff81da                flag_rx
                0x1fff81db                flag_packet
                0x1fff81dc                flag_KB_string
                0x1fff81dd                dataready_flag
                0x1fff8204                timer_flag
                0x1fff8208                edges
 .bss           0x1fff8212        0x1 .\CortexM3\ARM_GCC_541\Debug\CS301_Class.a(Timer_TS.o)
                0x1fff8212                Timer_TS_initVar
 .bss           0x1fff8213        0x1 .\CortexM3\ARM_GCC_541\Debug\CS301_Class.a(USBUART.o)
                0x1fff8213                USBUART_initVar
 .bss           0x1fff8214        0x2 .\CortexM3\ARM_GCC_541\Debug\CS301_Class.a(USBUART_std.o)
 .bss           0x1fff8216        0x1 .\CortexM3\ARM_GCC_541\Debug\CS301_Class.a(PWM_1.o)
                0x1fff8216                PWM_1_initVar
 .bss           0x1fff8217        0x1 .\CortexM3\ARM_GCC_541\Debug\CS301_Class.a(PWM_2.o)
                0x1fff8217                PWM_2_initVar
 .bss           0x1fff8218        0x1 .\CortexM3\ARM_GCC_541\Debug\CS301_Class.a(QuadDec_M1.o)
                0x1fff8218                QuadDec_M1_initVar
 .bss           0x1fff8219        0x1 .\CortexM3\ARM_GCC_541\Debug\CS301_Class.a(QuadDec_M2.o)
                0x1fff8219                QuadDec_M2_initVar
 .bss           0x1fff821a        0x1 .\CortexM3\ARM_GCC_541\Debug\CS301_Class.a(QuadDec_M1_Cnt16.o)
                0x1fff821a                QuadDec_M1_Cnt16_initVar
 .bss           0x1fff821b        0x1 .\CortexM3\ARM_GCC_541\Debug\CS301_Class.a(QuadDec_M2_Cnt16.o)
                0x1fff821b                QuadDec_M2_Cnt16_initVar
 *(COMMON)
 COMMON         0x1fff821c       0x18 .\CortexM3\ARM_GCC_541\Debug\CS301_Class.a(USBUART_cdc.o)
                0x1fff821c                USBUART_linesChanged
                0x1fff8220                USBUART_cdcDataInEp
                0x1fff8224                USBUART_cdcCommInInterruptEp
                0x1fff8228                USBUART_cdcDataOutEp
                0x1fff822c                USBUART_serialStateBitmap
                0x1fff8230                USBUART_linesControlBitmap
 COMMON         0x1fff8234       0x9a .\CortexM3\ARM_GCC_541\Debug\CS301_Class.a(USBUART_drv.o)
                0x1fff8234                USBUART_lastPacketSize
                0x1fff8235                USBUART_device
                0x1fff8236                USBUART_transferByteCount
                0x1fff8238                USBUART_transferState
                0x1fff823c                USBUART_interfaceSettingLast
                0x1fff8240                USBUART_currentTD
                0x1fff824c                USBUART_interfaceNumber
                0x1fff8250                USBUART_interfaceClass
                0x1fff8254                USBUART_configurationChanged
                0x1fff8255                USBUART_ep0Mode
                0x1fff8256                USBUART_deviceAddress
                0x1fff8257                USBUART_configuration
                0x1fff8258                USBUART_ep0Count
                0x1fff8259                USBUART_deviceStatus
                0x1fff825c                USBUART_EP
                0x1fff82c8                USBUART_interfaceSetting
                0x1fff82ca                USBUART_ep0Toggle
                0x1fff82cc                USBUART_interfaceStatus
 *fill*         0x1fff82ce        0x2 
 COMMON         0x1fff82d0       0x22 .\CortexM3\ARM_GCC_541\Debug\CS301_Class.a(USBUART_descr.o)
                0x1fff82d0                USBUART_idSerialNumberStringDescriptor
                0x1fff82f8                . = ALIGN (0x8)
 *fill*         0x1fff82f2        0x6 
 *(.ram.b)
                0x1fff82f8                _end = .
                0x1fff82f8                __end = .
                0x1fff82f8                PROVIDE (end, .)
                0x1fff82f8                PROVIDE (__bss_end__, .)
                0x00003c48                __cy_region_init_ram = LOADADDR (.data)
                0x000000e8                __cy_region_init_size_ram = (_edata - ADDR (.data))
                0x00000148                __cy_region_zero_size_ram = (_end - _edata)

.heap           0x1fff82f8       0x80 load address 0x00003d30
                0x1fff82f8                . = _end
                0x1fff8378                . = (. + 0x80)
 *fill*         0x1fff82f8       0x80 
                0x1fff8378                __cy_heap_limit = .

.stack          0x20007800      0x800
                0x20007800                __cy_stack_limit = .
                0x20008000                . = (. + 0x800)
 *fill*         0x20007800      0x800 
                0x00000001                ASSERT ((__cy_stack_limit >= __cy_heap_limit), region RAM overflowed with stack)
                0x00000000                cy_checksum_exclude_size = (CY_APPL_LOADABLE == 0x1)?SIZEOF (.cy_checksum_exclude):0x0
                0x00000001                ASSERT ((cy_checksum_exclude_size <= CY_CHECKSUM_EXCLUDE_SIZE), CY_BOOT: Section .cy_checksum_exclude size exceedes specified limit.)

.cyloadermeta
 *(.cyloadermeta)

.cyloadablemeta
 *(.cyloadablemeta)

.cyconfigecc    0x80000000      0xc84
 *(.cyconfigecc)
 .cyconfigecc   0x80000000      0xc84 .\CortexM3\ARM_GCC_541\Debug\cymetadata.o
                0x80000000                cy_meta_configecc

.cycustnvl      0x90000000        0x4
 *(.cycustnvl)
 .cycustnvl     0x90000000        0x4 .\CortexM3\ARM_GCC_541\Debug\cymetadata.o
                0x90000000                cy_meta_custnvl

.cywolatch      0x90100000        0x4
 *(.cywolatch)
 .cywolatch     0x90100000        0x4 .\CortexM3\ARM_GCC_541\Debug\cymetadata.o
                0x90100000                cy_meta_wonvl

.cyeeprom       0x90200000        0x0
 *(.cyeeprom)
                0x00000001                ASSERT ((. <= ((0x90200000 + ee_offset) + ee_size)), .cyeeprom data will not fit in EEPROM)

.cyflashprotect
                0x90400000      0x100
 *(.cyflashprotect)
 .cyflashprotect
                0x90400000      0x100 .\CortexM3\ARM_GCC_541\Debug\cymetadata.o
                0x90400000                cy_meta_flashprotect

.cymeta         0x90500000        0xc
 *(.cymeta)
 .cymeta        0x90500000        0xc .\CortexM3\ARM_GCC_541\Debug\cymetadata.o
                0x90500000                cy_metadata

.rel.dyn        0x00003d30        0x0 load address 0x9050000c
 .rel.iplt      0x00003d30        0x0 c:/program files (x86)/cypress/psoc creator/4.2/psoc creator/import/gnu/arm/5.4.1/bin/../lib/gcc/arm-none-eabi/5.4.1/armv7-m/crtbegin.o

.stab
 *(.stab)

.stabstr
 *(.stabstr)

.debug
 *(.debug)

.line
 *(.line)

.debug_srcinfo
 *(.debug_srcinfo)

.debug_sfnames
 *(.debug_sfnames)

.debug_aranges  0x00000000     0x1200
 *(.debug_aranges)
 .debug_aranges
                0x00000000       0x40 .\CortexM3\ARM_GCC_541\Debug\main.o
 .debug_aranges
                0x00000040       0x28 .\CortexM3\ARM_GCC_541\Debug\tacho.o
 .debug_aranges
                0x00000068       0x20 .\CortexM3\ARM_GCC_541\Debug\LEFT_TURN.o
 .debug_aranges
                0x00000088       0x20 .\CortexM3\ARM_GCC_541\Debug\RIGHT_TURN.o
 .debug_aranges
                0x000000a8       0x20 .\CortexM3\ARM_GCC_541\Debug\DRIFTED_LEFT.o
 .debug_aranges
                0x000000c8       0x20 .\CortexM3\ARM_GCC_541\Debug\DRIFTED_RIGHT.o
 .debug_aranges
                0x000000e8       0x28 .\CortexM3\ARM_GCC_541\Debug\SENSORS_READ.o
 .debug_aranges
                0x00000110       0x20 .\CortexM3\ARM_GCC_541\Debug\STRAIGHT.o
 .debug_aranges
                0x00000130       0x20 .\CortexM3\ARM_GCC_541\Debug\STOP.o
 .debug_aranges
                0x00000150       0x28 .\CortexM3\ARM_GCC_541\Debug\MOVEMENT.o
 .debug_aranges
                0x00000178       0x48 .\CortexM3\ARM_GCC_541\Debug\manoeuvre.o
 .debug_aranges
                0x000001c0       0x60 .\CortexM3\ARM_GCC_541\Debug\cyfitter_cfg.o
 .debug_aranges
                0x00000220       0x18 .\CortexM3\ARM_GCC_541\Debug\cymetadata.o
 .debug_aranges
                0x00000238       0x48 .\CortexM3\ARM_GCC_541\Debug\Cm3Start.o
 .debug_aranges
                0x00000280       0x88 .\CortexM3\ARM_GCC_541\Debug\CS301_Class.a(Timer_TS.o)
 .debug_aranges
                0x00000308       0xc8 .\CortexM3\ARM_GCC_541\Debug\CS301_Class.a(USBUART.o)
 .debug_aranges
                0x000003d0       0xe8 .\CortexM3\ARM_GCC_541\Debug\CS301_Class.a(USBUART_cdc.o)
 .debug_aranges
                0x000004b8       0x98 .\CortexM3\ARM_GCC_541\Debug\CS301_Class.a(USBUART_drv.o)
 .debug_aranges
                0x00000550       0x40 .\CortexM3\ARM_GCC_541\Debug\CS301_Class.a(USBUART_episr.o)
 .debug_aranges
                0x00000590       0x40 .\CortexM3\ARM_GCC_541\Debug\CS301_Class.a(USBUART_pm.o)
 .debug_aranges
                0x000005d0       0x80 .\CortexM3\ARM_GCC_541\Debug\CS301_Class.a(USBUART_std.o)
 .debug_aranges
                0x00000650       0x20 .\CortexM3\ARM_GCC_541\Debug\CS301_Class.a(USBUART_vnd.o)
 .debug_aranges
                0x00000670       0x48 .\CortexM3\ARM_GCC_541\Debug\CS301_Class.a(USBUART_Dp.o)
 .debug_aranges
                0x000006b8      0x2a0 .\CortexM3\ARM_GCC_541\Debug\CS301_Class.a(CyLib.o)
 .debug_aranges
                0x00000958       0x98 .\CortexM3\ARM_GCC_541\Debug\CS301_Class.a(cyPm.o)
 .debug_aranges
                0x000009f0       0x78 .\CortexM3\ARM_GCC_541\Debug\CS301_Class.a(PWM_1.o)
 .debug_aranges
                0x00000a68       0x78 .\CortexM3\ARM_GCC_541\Debug\CS301_Class.a(PWM_2.o)
 .debug_aranges
                0x00000ae0       0x60 .\CortexM3\ARM_GCC_541\Debug\CS301_Class.a(QuadDec_M1.o)
 .debug_aranges
                0x00000b40       0x60 .\CortexM3\ARM_GCC_541\Debug\CS301_Class.a(QuadDec_M2.o)
 .debug_aranges
                0x00000ba0       0x98 .\CortexM3\ARM_GCC_541\Debug\CS301_Class.a(QuadDec_M1_Cnt16.o)
 .debug_aranges
                0x00000c38       0x98 .\CortexM3\ARM_GCC_541\Debug\CS301_Class.a(QuadDec_M2_Cnt16.o)
 .debug_aranges
                0x00000cd0       0x80 .\CortexM3\ARM_GCC_541\Debug\CS301_Class.a(isr_1.o)
 .debug_aranges
                0x00000d50       0x38 .\CortexM3\ARM_GCC_541\Debug\CS301_Class.a(Output_1.o)
 .debug_aranges
                0x00000d88       0x38 .\CortexM3\ARM_GCC_541\Debug\CS301_Class.a(Output_2.o)
 .debug_aranges
                0x00000dc0       0x38 .\CortexM3\ARM_GCC_541\Debug\CS301_Class.a(Output_3.o)
 .debug_aranges
                0x00000df8       0x38 .\CortexM3\ARM_GCC_541\Debug\CS301_Class.a(Output_4.o)
 .debug_aranges
                0x00000e30       0x38 .\CortexM3\ARM_GCC_541\Debug\CS301_Class.a(Output_5.o)
 .debug_aranges
                0x00000e68       0x38 .\CortexM3\ARM_GCC_541\Debug\CS301_Class.a(Output_6.o)
 .debug_aranges
                0x00000ea0       0x80 .\CortexM3\ARM_GCC_541\Debug\CS301_Class.a(mid_right.o)
 .debug_aranges
                0x00000f20       0x80 .\CortexM3\ARM_GCC_541\Debug\CS301_Class.a(mid_left.o)
 .debug_aranges
                0x00000fa0       0x80 .\CortexM3\ARM_GCC_541\Debug\CS301_Class.a(front_right.o)
 .debug_aranges
                0x00001020       0x80 .\CortexM3\ARM_GCC_541\Debug\CS301_Class.a(front_left.o)
 .debug_aranges
                0x000010a0       0x20 .\CortexM3\ARM_GCC_541\Debug\CS301_Class.a(CyBootAsmGnu.o)
 .debug_aranges
                0x000010c0       0x20 .\CortexM3\ARM_GCC_541\Debug\CS301_Class.a(USBUART_cls.o)
 .debug_aranges
                0x000010e0       0x18 .\CortexM3\ARM_GCC_541\Debug\CS301_Class.a(USBUART_descr.o)
 .debug_aranges
                0x000010f8       0x88 .\CortexM3\ARM_GCC_541\Debug\CS301_Class.a(CyFlash.o)
 .debug_aranges
                0x00001180       0x80 .\CortexM3\ARM_GCC_541\Debug\CS301_Class.a(CySpc.o)

.debug_pubnames
 *(.debug_pubnames)

.debug_info     0x00000000     0x838a
 *(.debug_info .gnu.linkonce.wi.*)
 .debug_info    0x00000000      0x5d7 .\CortexM3\ARM_GCC_541\Debug\main.o
 .debug_info    0x000005d7      0x14e .\CortexM3\ARM_GCC_541\Debug\tacho.o
 .debug_info    0x00000725       0xc7 .\CortexM3\ARM_GCC_541\Debug\LEFT_TURN.o
 .debug_info    0x000007ec       0xc7 .\CortexM3\ARM_GCC_541\Debug\RIGHT_TURN.o
 .debug_info    0x000008b3       0xc7 .\CortexM3\ARM_GCC_541\Debug\DRIFTED_LEFT.o
 .debug_info    0x0000097a       0xc7 .\CortexM3\ARM_GCC_541\Debug\DRIFTED_RIGHT.o
 .debug_info    0x00000a41      0x203 .\CortexM3\ARM_GCC_541\Debug\SENSORS_READ.o
 .debug_info    0x00000c44       0xc7 .\CortexM3\ARM_GCC_541\Debug\STRAIGHT.o
 .debug_info    0x00000d0b       0xc7 .\CortexM3\ARM_GCC_541\Debug\STOP.o
 .debug_info    0x00000dd2      0x167 .\CortexM3\ARM_GCC_541\Debug\MOVEMENT.o
 .debug_info    0x00000f39      0x11c .\CortexM3\ARM_GCC_541\Debug\manoeuvre.o
 .debug_info    0x00001055      0x3ab .\CortexM3\ARM_GCC_541\Debug\cyfitter_cfg.o
 .debug_info    0x00001400      0x139 .\CortexM3\ARM_GCC_541\Debug\cymetadata.o
 .debug_info    0x00001539      0x32b .\CortexM3\ARM_GCC_541\Debug\Cm3Start.o
 .debug_info    0x00001864      0x245 .\CortexM3\ARM_GCC_541\Debug\CS301_Class.a(Timer_TS.o)
 .debug_info    0x00001aa9      0x717 .\CortexM3\ARM_GCC_541\Debug\CS301_Class.a(USBUART.o)
 .debug_info    0x000021c0      0x924 .\CortexM3\ARM_GCC_541\Debug\CS301_Class.a(USBUART_cdc.o)
 .debug_info    0x00002ae4      0x52d .\CortexM3\ARM_GCC_541\Debug\CS301_Class.a(USBUART_drv.o)
 .debug_info    0x00003011      0x23b .\CortexM3\ARM_GCC_541\Debug\CS301_Class.a(USBUART_episr.o)
 .debug_info    0x0000324c      0x18d .\CortexM3\ARM_GCC_541\Debug\CS301_Class.a(USBUART_pm.o)
 .debug_info    0x000033d9      0x961 .\CortexM3\ARM_GCC_541\Debug\CS301_Class.a(USBUART_std.o)
 .debug_info    0x00003d3a      0x1a9 .\CortexM3\ARM_GCC_541\Debug\CS301_Class.a(USBUART_vnd.o)
 .debug_info    0x00003ee3      0x171 .\CortexM3\ARM_GCC_541\Debug\CS301_Class.a(USBUART_Dp.o)
 .debug_info    0x00004054      0xe51 .\CortexM3\ARM_GCC_541\Debug\CS301_Class.a(CyLib.o)
 .debug_info    0x00004ea5      0x57a .\CortexM3\ARM_GCC_541\Debug\CS301_Class.a(cyPm.o)
 .debug_info    0x0000541f      0x235 .\CortexM3\ARM_GCC_541\Debug\CS301_Class.a(PWM_1.o)
 .debug_info    0x00005654      0x235 .\CortexM3\ARM_GCC_541\Debug\CS301_Class.a(PWM_2.o)
 .debug_info    0x00005889      0x208 .\CortexM3\ARM_GCC_541\Debug\CS301_Class.a(QuadDec_M1.o)
 .debug_info    0x00005a91      0x208 .\CortexM3\ARM_GCC_541\Debug\CS301_Class.a(QuadDec_M2.o)
 .debug_info    0x00005c99      0x291 .\CortexM3\ARM_GCC_541\Debug\CS301_Class.a(QuadDec_M1_Cnt16.o)
 .debug_info    0x00005f2a      0x291 .\CortexM3\ARM_GCC_541\Debug\CS301_Class.a(QuadDec_M2_Cnt16.o)
 .debug_info    0x000061bb      0x241 .\CortexM3\ARM_GCC_541\Debug\CS301_Class.a(isr_1.o)
 .debug_info    0x000063fc      0x11e .\CortexM3\ARM_GCC_541\Debug\CS301_Class.a(Output_1.o)
 .debug_info    0x0000651a      0x11e .\CortexM3\ARM_GCC_541\Debug\CS301_Class.a(Output_2.o)
 .debug_info    0x00006638      0x11e .\CortexM3\ARM_GCC_541\Debug\CS301_Class.a(Output_3.o)
 .debug_info    0x00006756      0x11e .\CortexM3\ARM_GCC_541\Debug\CS301_Class.a(Output_4.o)
 .debug_info    0x00006874      0x11e .\CortexM3\ARM_GCC_541\Debug\CS301_Class.a(Output_5.o)
 .debug_info    0x00006992      0x11e .\CortexM3\ARM_GCC_541\Debug\CS301_Class.a(Output_6.o)
 .debug_info    0x00006ab0      0x2e9 .\CortexM3\ARM_GCC_541\Debug\CS301_Class.a(mid_right.o)
 .debug_info    0x00006d99      0x2e9 .\CortexM3\ARM_GCC_541\Debug\CS301_Class.a(mid_left.o)
 .debug_info    0x00007082      0x2e9 .\CortexM3\ARM_GCC_541\Debug\CS301_Class.a(front_right.o)
 .debug_info    0x0000736b      0x268 .\CortexM3\ARM_GCC_541\Debug\CS301_Class.a(front_left.o)
 .debug_info    0x000075d3       0x95 .\CortexM3\ARM_GCC_541\Debug\CS301_Class.a(CyBootAsmGnu.o)
 .debug_info    0x00007668      0x1c8 .\CortexM3\ARM_GCC_541\Debug\CS301_Class.a(USBUART_cls.o)
 .debug_info    0x00007830      0x2e1 .\CortexM3\ARM_GCC_541\Debug\CS301_Class.a(USBUART_descr.o)
 .debug_info    0x00007b11      0x3b9 .\CortexM3\ARM_GCC_541\Debug\CS301_Class.a(CyFlash.o)
 .debug_info    0x00007eca      0x4c0 .\CortexM3\ARM_GCC_541\Debug\CS301_Class.a(CySpc.o)

.debug_abbrev   0x00000000     0x2faa
 *(.debug_abbrev)
 .debug_abbrev  0x00000000      0x164 .\CortexM3\ARM_GCC_541\Debug\main.o
 .debug_abbrev  0x00000164       0x96 .\CortexM3\ARM_GCC_541\Debug\tacho.o
 .debug_abbrev  0x000001fa       0x65 .\CortexM3\ARM_GCC_541\Debug\LEFT_TURN.o
 .debug_abbrev  0x0000025f       0x65 .\CortexM3\ARM_GCC_541\Debug\RIGHT_TURN.o
 .debug_abbrev  0x000002c4       0x65 .\CortexM3\ARM_GCC_541\Debug\DRIFTED_LEFT.o
 .debug_abbrev  0x00000329       0x65 .\CortexM3\ARM_GCC_541\Debug\DRIFTED_RIGHT.o
 .debug_abbrev  0x0000038e       0xce .\CortexM3\ARM_GCC_541\Debug\SENSORS_READ.o
 .debug_abbrev  0x0000045c       0x65 .\CortexM3\ARM_GCC_541\Debug\STRAIGHT.o
 .debug_abbrev  0x000004c1       0x65 .\CortexM3\ARM_GCC_541\Debug\STOP.o
 .debug_abbrev  0x00000526       0xa1 .\CortexM3\ARM_GCC_541\Debug\MOVEMENT.o
 .debug_abbrev  0x000005c7       0x65 .\CortexM3\ARM_GCC_541\Debug\manoeuvre.o
 .debug_abbrev  0x0000062c      0x19d .\CortexM3\ARM_GCC_541\Debug\cyfitter_cfg.o
 .debug_abbrev  0x000007c9       0x77 .\CortexM3\ARM_GCC_541\Debug\cymetadata.o
 .debug_abbrev  0x00000840      0x1d6 .\CortexM3\ARM_GCC_541\Debug\Cm3Start.o
 .debug_abbrev  0x00000a16       0xe9 .\CortexM3\ARM_GCC_541\Debug\CS301_Class.a(Timer_TS.o)
 .debug_abbrev  0x00000aff      0x1f3 .\CortexM3\ARM_GCC_541\Debug\CS301_Class.a(USBUART.o)
 .debug_abbrev  0x00000cf2      0x233 .\CortexM3\ARM_GCC_541\Debug\CS301_Class.a(USBUART_cdc.o)
 .debug_abbrev  0x00000f25      0x161 .\CortexM3\ARM_GCC_541\Debug\CS301_Class.a(USBUART_drv.o)
 .debug_abbrev  0x00001086       0xfd .\CortexM3\ARM_GCC_541\Debug\CS301_Class.a(USBUART_episr.o)
 .debug_abbrev  0x00001183       0xd1 .\CortexM3\ARM_GCC_541\Debug\CS301_Class.a(USBUART_pm.o)
 .debug_abbrev  0x00001254      0x1c2 .\CortexM3\ARM_GCC_541\Debug\CS301_Class.a(USBUART_std.o)
 .debug_abbrev  0x00001416       0xc5 .\CortexM3\ARM_GCC_541\Debug\CS301_Class.a(USBUART_vnd.o)
 .debug_abbrev  0x000014db       0x90 .\CortexM3\ARM_GCC_541\Debug\CS301_Class.a(USBUART_Dp.o)
 .debug_abbrev  0x0000156b      0x217 .\CortexM3\ARM_GCC_541\Debug\CS301_Class.a(CyLib.o)
 .debug_abbrev  0x00001782      0x161 .\CortexM3\ARM_GCC_541\Debug\CS301_Class.a(cyPm.o)
 .debug_abbrev  0x000018e3      0x116 .\CortexM3\ARM_GCC_541\Debug\CS301_Class.a(PWM_1.o)
 .debug_abbrev  0x000019f9      0x116 .\CortexM3\ARM_GCC_541\Debug\CS301_Class.a(PWM_2.o)
 .debug_abbrev  0x00001b0f      0x130 .\CortexM3\ARM_GCC_541\Debug\CS301_Class.a(QuadDec_M1.o)
 .debug_abbrev  0x00001c3f      0x130 .\CortexM3\ARM_GCC_541\Debug\CS301_Class.a(QuadDec_M2.o)
 .debug_abbrev  0x00001d6f      0x12c .\CortexM3\ARM_GCC_541\Debug\CS301_Class.a(QuadDec_M1_Cnt16.o)
 .debug_abbrev  0x00001e9b      0x12c .\CortexM3\ARM_GCC_541\Debug\CS301_Class.a(QuadDec_M2_Cnt16.o)
 .debug_abbrev  0x00001fc7      0x172 .\CortexM3\ARM_GCC_541\Debug\CS301_Class.a(isr_1.o)
 .debug_abbrev  0x00002139       0x90 .\CortexM3\ARM_GCC_541\Debug\CS301_Class.a(Output_1.o)
 .debug_abbrev  0x000021c9       0x90 .\CortexM3\ARM_GCC_541\Debug\CS301_Class.a(Output_2.o)
 .debug_abbrev  0x00002259       0x90 .\CortexM3\ARM_GCC_541\Debug\CS301_Class.a(Output_3.o)
 .debug_abbrev  0x000022e9       0x90 .\CortexM3\ARM_GCC_541\Debug\CS301_Class.a(Output_4.o)
 .debug_abbrev  0x00002379       0x90 .\CortexM3\ARM_GCC_541\Debug\CS301_Class.a(Output_5.o)
 .debug_abbrev  0x00002409       0x90 .\CortexM3\ARM_GCC_541\Debug\CS301_Class.a(Output_6.o)
 .debug_abbrev  0x00002499      0x1bf .\CortexM3\ARM_GCC_541\Debug\CS301_Class.a(mid_right.o)
 .debug_abbrev  0x00002658      0x1bf .\CortexM3\ARM_GCC_541\Debug\CS301_Class.a(mid_left.o)
 .debug_abbrev  0x00002817      0x1bf .\CortexM3\ARM_GCC_541\Debug\CS301_Class.a(front_right.o)
 .debug_abbrev  0x000029d6      0x190 .\CortexM3\ARM_GCC_541\Debug\CS301_Class.a(front_left.o)
 .debug_abbrev  0x00002b66       0x14 .\CortexM3\ARM_GCC_541\Debug\CS301_Class.a(CyBootAsmGnu.o)
 .debug_abbrev  0x00002b7a       0xc5 .\CortexM3\ARM_GCC_541\Debug\CS301_Class.a(USBUART_cls.o)
 .debug_abbrev  0x00002c3f       0xb4 .\CortexM3\ARM_GCC_541\Debug\CS301_Class.a(USBUART_descr.o)
 .debug_abbrev  0x00002cf3      0x14b .\CortexM3\ARM_GCC_541\Debug\CS301_Class.a(CyFlash.o)
 .debug_abbrev  0x00002e3e      0x16c .\CortexM3\ARM_GCC_541\Debug\CS301_Class.a(CySpc.o)

.debug_line     0x00000000     0x4f73
 *(.debug_line)
 .debug_line    0x00000000      0x234 .\CortexM3\ARM_GCC_541\Debug\main.o
 .debug_line    0x00000234      0x183 .\CortexM3\ARM_GCC_541\Debug\tacho.o
 .debug_line    0x000003b7      0x169 .\CortexM3\ARM_GCC_541\Debug\LEFT_TURN.o
 .debug_line    0x00000520      0x16a .\CortexM3\ARM_GCC_541\Debug\RIGHT_TURN.o
 .debug_line    0x0000068a      0x163 .\CortexM3\ARM_GCC_541\Debug\DRIFTED_LEFT.o
 .debug_line    0x000007ed      0x164 .\CortexM3\ARM_GCC_541\Debug\DRIFTED_RIGHT.o
 .debug_line    0x00000951        0x0 .\CortexM3\ARM_GCC_541\Debug\INTERSECTION_DETECTED.o
 .debug_line    0x00000951      0x1c0 .\CortexM3\ARM_GCC_541\Debug\SENSORS_READ.o
 .debug_line    0x00000b11      0x160 .\CortexM3\ARM_GCC_541\Debug\STRAIGHT.o
 .debug_line    0x00000c71      0x15b .\CortexM3\ARM_GCC_541\Debug\STOP.o
 .debug_line    0x00000dcc      0x1b5 .\CortexM3\ARM_GCC_541\Debug\MOVEMENT.o
 .debug_line    0x00000f81      0x1ba .\CortexM3\ARM_GCC_541\Debug\manoeuvre.o
 .debug_line    0x0000113b      0x1f7 .\CortexM3\ARM_GCC_541\Debug\cyfitter_cfg.o
 .debug_line    0x00001332      0x141 .\CortexM3\ARM_GCC_541\Debug\cymetadata.o
 .debug_line    0x00001473      0x1dc .\CortexM3\ARM_GCC_541\Debug\Cm3Start.o
 .debug_line    0x0000164f      0x160 .\CortexM3\ARM_GCC_541\Debug\CS301_Class.a(Timer_TS.o)
 .debug_line    0x000017af      0x307 .\CortexM3\ARM_GCC_541\Debug\CS301_Class.a(USBUART.o)
 .debug_line    0x00001ab6      0x30c .\CortexM3\ARM_GCC_541\Debug\CS301_Class.a(USBUART_cdc.o)
 .debug_line    0x00001dc2      0x21f .\CortexM3\ARM_GCC_541\Debug\CS301_Class.a(USBUART_drv.o)
 .debug_line    0x00001fe1       0xf2 .\CortexM3\ARM_GCC_541\Debug\CS301_Class.a(USBUART_episr.o)
 .debug_line    0x000020d3       0xe6 .\CortexM3\ARM_GCC_541\Debug\CS301_Class.a(USBUART_pm.o)
 .debug_line    0x000021b9      0x470 .\CortexM3\ARM_GCC_541\Debug\CS301_Class.a(USBUART_std.o)
 .debug_line    0x00002629       0x8f .\CortexM3\ARM_GCC_541\Debug\CS301_Class.a(USBUART_vnd.o)
 .debug_line    0x000026b8       0xbf .\CortexM3\ARM_GCC_541\Debug\CS301_Class.a(USBUART_Dp.o)
 .debug_line    0x00002777      0x883 .\CortexM3\ARM_GCC_541\Debug\CS301_Class.a(CyLib.o)
 .debug_line    0x00002ffa      0x38e .\CortexM3\ARM_GCC_541\Debug\CS301_Class.a(cyPm.o)
 .debug_line    0x00003388      0x140 .\CortexM3\ARM_GCC_541\Debug\CS301_Class.a(PWM_1.o)
 .debug_line    0x000034c8      0x140 .\CortexM3\ARM_GCC_541\Debug\CS301_Class.a(PWM_2.o)
 .debug_line    0x00003608      0x10a .\CortexM3\ARM_GCC_541\Debug\CS301_Class.a(QuadDec_M1.o)
 .debug_line    0x00003712      0x10a .\CortexM3\ARM_GCC_541\Debug\CS301_Class.a(QuadDec_M2.o)
 .debug_line    0x0000381c      0x18e .\CortexM3\ARM_GCC_541\Debug\CS301_Class.a(QuadDec_M1_Cnt16.o)
 .debug_line    0x000039aa      0x18e .\CortexM3\ARM_GCC_541\Debug\CS301_Class.a(QuadDec_M2_Cnt16.o)
 .debug_line    0x00003b38      0x150 .\CortexM3\ARM_GCC_541\Debug\CS301_Class.a(isr_1.o)
 .debug_line    0x00003c88       0x98 .\CortexM3\ARM_GCC_541\Debug\CS301_Class.a(Output_1.o)
 .debug_line    0x00003d20       0x98 .\CortexM3\ARM_GCC_541\Debug\CS301_Class.a(Output_2.o)
 .debug_line    0x00003db8       0x98 .\CortexM3\ARM_GCC_541\Debug\CS301_Class.a(Output_3.o)
 .debug_line    0x00003e50       0x98 .\CortexM3\ARM_GCC_541\Debug\CS301_Class.a(Output_4.o)
 .debug_line    0x00003ee8       0x98 .\CortexM3\ARM_GCC_541\Debug\CS301_Class.a(Output_5.o)
 .debug_line    0x00003f80       0x98 .\CortexM3\ARM_GCC_541\Debug\CS301_Class.a(Output_6.o)
 .debug_line    0x00004018      0x26a .\CortexM3\ARM_GCC_541\Debug\CS301_Class.a(mid_right.o)
 .debug_line    0x00004282      0x269 .\CortexM3\ARM_GCC_541\Debug\CS301_Class.a(mid_left.o)
 .debug_line    0x000044eb      0x26c .\CortexM3\ARM_GCC_541\Debug\CS301_Class.a(front_right.o)
 .debug_line    0x00004757      0x260 .\CortexM3\ARM_GCC_541\Debug\CS301_Class.a(front_left.o)
 .debug_line    0x000049b7       0x66 .\CortexM3\ARM_GCC_541\Debug\CS301_Class.a(CyBootAsmGnu.o)
 .debug_line    0x00004a1d       0x95 .\CortexM3\ARM_GCC_541\Debug\CS301_Class.a(USBUART_cls.o)
 .debug_line    0x00004ab2       0x61 .\CortexM3\ARM_GCC_541\Debug\CS301_Class.a(USBUART_descr.o)
 .debug_line    0x00004b13      0x22f .\CortexM3\ARM_GCC_541\Debug\CS301_Class.a(CyFlash.o)
 .debug_line    0x00004d42      0x231 .\CortexM3\ARM_GCC_541\Debug\CS301_Class.a(CySpc.o)

.debug_frame    0x00000000     0x42a4
 *(.debug_frame)
 .debug_frame   0x00000000       0xd0 .\CortexM3\ARM_GCC_541\Debug\main.o
 .debug_frame   0x000000d0       0x60 .\CortexM3\ARM_GCC_541\Debug\tacho.o
 .debug_frame   0x00000130       0x2c .\CortexM3\ARM_GCC_541\Debug\LEFT_TURN.o
 .debug_frame   0x0000015c       0x2c .\CortexM3\ARM_GCC_541\Debug\RIGHT_TURN.o
 .debug_frame   0x00000188       0x2c .\CortexM3\ARM_GCC_541\Debug\DRIFTED_LEFT.o
 .debug_frame   0x000001b4       0x2c .\CortexM3\ARM_GCC_541\Debug\DRIFTED_RIGHT.o
 .debug_frame   0x000001e0       0x60 .\CortexM3\ARM_GCC_541\Debug\SENSORS_READ.o
 .debug_frame   0x00000240       0x2c .\CortexM3\ARM_GCC_541\Debug\STRAIGHT.o
 .debug_frame   0x0000026c       0x2c .\CortexM3\ARM_GCC_541\Debug\STOP.o
 .debug_frame   0x00000298       0x60 .\CortexM3\ARM_GCC_541\Debug\MOVEMENT.o
 .debug_frame   0x000002f8       0xb8 .\CortexM3\ARM_GCC_541\Debug\manoeuvre.o
 .debug_frame   0x000003b0      0x16c .\CortexM3\ARM_GCC_541\Debug\cyfitter_cfg.o
 .debug_frame   0x0000051c       0xd8 .\CortexM3\ARM_GCC_541\Debug\Cm3Start.o
 .debug_frame   0x000005f4      0x208 .\CortexM3\ARM_GCC_541\Debug\CS301_Class.a(Timer_TS.o)
 .debug_frame   0x000007fc      0x37c .\CortexM3\ARM_GCC_541\Debug\CS301_Class.a(USBUART.o)
 .debug_frame   0x00000b78      0x3ec .\CortexM3\ARM_GCC_541\Debug\CS301_Class.a(USBUART_cdc.o)
 .debug_frame   0x00000f64      0x23c .\CortexM3\ARM_GCC_541\Debug\CS301_Class.a(USBUART_drv.o)
 .debug_frame   0x000011a0       0xbc .\CortexM3\ARM_GCC_541\Debug\CS301_Class.a(USBUART_episr.o)
 .debug_frame   0x0000125c       0xbc .\CortexM3\ARM_GCC_541\Debug\CS301_Class.a(USBUART_pm.o)
 .debug_frame   0x00001318      0x224 .\CortexM3\ARM_GCC_541\Debug\CS301_Class.a(USBUART_std.o)
 .debug_frame   0x0000153c       0x38 .\CortexM3\ARM_GCC_541\Debug\CS301_Class.a(USBUART_vnd.o)
 .debug_frame   0x00001574       0xf4 .\CortexM3\ARM_GCC_541\Debug\CS301_Class.a(USBUART_Dp.o)
 .debug_frame   0x00001668      0xc0c .\CortexM3\ARM_GCC_541\Debug\CS301_Class.a(CyLib.o)
 .debug_frame   0x00002274      0x234 .\CortexM3\ARM_GCC_541\Debug\CS301_Class.a(cyPm.o)
 .debug_frame   0x000024a8      0x1d0 .\CortexM3\ARM_GCC_541\Debug\CS301_Class.a(PWM_1.o)
 .debug_frame   0x00002678      0x1d0 .\CortexM3\ARM_GCC_541\Debug\CS301_Class.a(PWM_2.o)
 .debug_frame   0x00002848      0x160 .\CortexM3\ARM_GCC_541\Debug\CS301_Class.a(QuadDec_M1.o)
 .debug_frame   0x000029a8      0x160 .\CortexM3\ARM_GCC_541\Debug\CS301_Class.a(QuadDec_M2.o)
 .debug_frame   0x00002b08      0x258 .\CortexM3\ARM_GCC_541\Debug\CS301_Class.a(QuadDec_M1_Cnt16.o)
 .debug_frame   0x00002d60      0x258 .\CortexM3\ARM_GCC_541\Debug\CS301_Class.a(QuadDec_M2_Cnt16.o)
 .debug_frame   0x00002fb8      0x1e8 .\CortexM3\ARM_GCC_541\Debug\CS301_Class.a(isr_1.o)
 .debug_frame   0x000031a0       0xa8 .\CortexM3\ARM_GCC_541\Debug\CS301_Class.a(Output_1.o)
 .debug_frame   0x00003248       0xa8 .\CortexM3\ARM_GCC_541\Debug\CS301_Class.a(Output_2.o)
 .debug_frame   0x000032f0       0xa8 .\CortexM3\ARM_GCC_541\Debug\CS301_Class.a(Output_3.o)
 .debug_frame   0x00003398       0xa8 .\CortexM3\ARM_GCC_541\Debug\CS301_Class.a(Output_4.o)
 .debug_frame   0x00003440       0xa8 .\CortexM3\ARM_GCC_541\Debug\CS301_Class.a(Output_5.o)
 .debug_frame   0x000034e8       0xa8 .\CortexM3\ARM_GCC_541\Debug\CS301_Class.a(Output_6.o)
 .debug_frame   0x00003590      0x1e8 .\CortexM3\ARM_GCC_541\Debug\CS301_Class.a(mid_right.o)
 .debug_frame   0x00003778      0x1e8 .\CortexM3\ARM_GCC_541\Debug\CS301_Class.a(mid_left.o)
 .debug_frame   0x00003960      0x1e8 .\CortexM3\ARM_GCC_541\Debug\CS301_Class.a(front_right.o)
 .debug_frame   0x00003b48      0x1e8 .\CortexM3\ARM_GCC_541\Debug\CS301_Class.a(front_left.o)
 .debug_frame   0x00003d30       0x38 .\CortexM3\ARM_GCC_541\Debug\CS301_Class.a(USBUART_cls.o)
 .debug_frame   0x00003d68      0x238 .\CortexM3\ARM_GCC_541\Debug\CS301_Class.a(CyFlash.o)
 .debug_frame   0x00003fa0      0x228 .\CortexM3\ARM_GCC_541\Debug\CS301_Class.a(CySpc.o)
 .debug_frame   0x000041c8       0x20 c:/program files (x86)/cypress/psoc creator/4.2/psoc creator/import/gnu/arm/5.4.1/bin/../lib/gcc/arm-none-eabi/5.4.1/../../../../arm-none-eabi/lib/armv7-m\libg_nano.a(lib_a-errno.o)
 .debug_frame   0x000041e8       0x28 c:/program files (x86)/cypress/psoc creator/4.2/psoc creator/import/gnu/arm/5.4.1/bin/../lib/gcc/arm-none-eabi/5.4.1/../../../../arm-none-eabi/lib/armv7-m\libg_nano.a(lib_a-exit.o)
 .debug_frame   0x00004210       0x2c c:/program files (x86)/cypress/psoc creator/4.2/psoc creator/import/gnu/arm/5.4.1/bin/../lib/gcc/arm-none-eabi/5.4.1/../../../../arm-none-eabi/lib/armv7-m\libg_nano.a(lib_a-init.o)
 .debug_frame   0x0000423c       0x28 c:/program files (x86)/cypress/psoc creator/4.2/psoc creator/import/gnu/arm/5.4.1/bin/../lib/gcc/arm-none-eabi/5.4.1/../../../../arm-none-eabi/lib/armv7-m\libg_nano.a(lib_a-memcpy-stub.o)
 .debug_frame   0x00004264       0x20 c:/program files (x86)/cypress/psoc creator/4.2/psoc creator/import/gnu/arm/5.4.1/bin/../lib/gcc/arm-none-eabi/5.4.1/../../../../arm-none-eabi/lib/armv7-m\libg_nano.a(lib_a-memset.o)
 .debug_frame   0x00004284       0x20 c:/program files (x86)/cypress/psoc creator/4.2/psoc creator/import/gnu/arm/5.4.1/bin/../lib/gcc/arm-none-eabi/5.4.1/../../../../arm-none-eabi/lib/armv7-m\libg_nano.a(lib_a-strcpy.o)

.debug_str      0x00000000     0x3bad
 *(.debug_str)
 .debug_str     0x00000000      0x44b .\CortexM3\ARM_GCC_541\Debug\main.o
                                0x4d6 (size before relaxing)
 .debug_str     0x0000044b       0x37 .\CortexM3\ARM_GCC_541\Debug\tacho.o
                                0x1dc (size before relaxing)
 .debug_str     0x00000482       0x16 .\CortexM3\ARM_GCC_541\Debug\LEFT_TURN.o
                                0x1b5 (size before relaxing)
 .debug_str     0x00000498       0x18 .\CortexM3\ARM_GCC_541\Debug\RIGHT_TURN.o
                                0x1b7 (size before relaxing)
 .debug_str     0x000004b0       0x1b .\CortexM3\ARM_GCC_541\Debug\DRIFTED_LEFT.o
                                0x1ba (size before relaxing)
 .debug_str     0x000004cb       0x1b .\CortexM3\ARM_GCC_541\Debug\DRIFTED_RIGHT.o
                                0x1ba (size before relaxing)
 .debug_str     0x000004e6       0x18 .\CortexM3\ARM_GCC_541\Debug\INTERSECTION_DETECTED.o
                                 0xed (size before relaxing)
 .debug_str     0x000004fe       0xef .\CortexM3\ARM_GCC_541\Debug\SENSORS_READ.o
                                0x2af (size before relaxing)
 .debug_str     0x000005ed       0x19 .\CortexM3\ARM_GCC_541\Debug\STRAIGHT.o
                                0x1b8 (size before relaxing)
 .debug_str     0x00000606       0x13 .\CortexM3\ARM_GCC_541\Debug\STOP.o
                                0x1b2 (size before relaxing)
 .debug_str     0x00000619       0x23 .\CortexM3\ARM_GCC_541\Debug\MOVEMENT.o
                                0x22e (size before relaxing)
 .debug_str     0x0000063c       0xa5 .\CortexM3\ARM_GCC_541\Debug\manoeuvre.o
                                0x244 (size before relaxing)
 .debug_str     0x000006e1      0x174 .\CortexM3\ARM_GCC_541\Debug\cyfitter_cfg.o
                                0x30e (size before relaxing)
 .debug_str     0x00000855       0x75 .\CortexM3\ARM_GCC_541\Debug\cymetadata.o
                                0x1e9 (size before relaxing)
 .debug_str     0x000008ca      0x11d .\CortexM3\ARM_GCC_541\Debug\Cm3Start.o
                                0x2dc (size before relaxing)
 .debug_str     0x000009e7      0x192 .\CortexM3\ARM_GCC_541\Debug\CS301_Class.a(Timer_TS.o)
                                0x32a (size before relaxing)
 .debug_str     0x00000b79      0x434 .\CortexM3\ARM_GCC_541\Debug\CS301_Class.a(USBUART.o)
                                0x5f0 (size before relaxing)
 .debug_str     0x00000fad      0x4d2 .\CortexM3\ARM_GCC_541\Debug\CS301_Class.a(USBUART_cdc.o)
                                0x71f (size before relaxing)
 .debug_str     0x0000147f      0x296 .\CortexM3\ARM_GCC_541\Debug\CS301_Class.a(USBUART_drv.o)
                                0x5ff (size before relaxing)
 .debug_str     0x00001715       0x80 .\CortexM3\ARM_GCC_541\Debug\CS301_Class.a(USBUART_episr.o)
                                0x2cc (size before relaxing)
 .debug_str     0x00001795       0xac .\CortexM3\ARM_GCC_541\Debug\CS301_Class.a(USBUART_pm.o)
                                0x270 (size before relaxing)
 .debug_str     0x00001841      0x2bb .\CortexM3\ARM_GCC_541\Debug\CS301_Class.a(USBUART_std.o)
                                0x75f (size before relaxing)
 .debug_str     0x00001afc       0x5f .\CortexM3\ARM_GCC_541\Debug\CS301_Class.a(USBUART_vnd.o)
                                0x27c (size before relaxing)
 .debug_str     0x00001b5b       0xb5 .\CortexM3\ARM_GCC_541\Debug\CS301_Class.a(USBUART_Dp.o)
                                0x246 (size before relaxing)
 .debug_str     0x00001c10      0x7e9 .\CortexM3\ARM_GCC_541\Debug\CS301_Class.a(CyLib.o)
                                0x9ef (size before relaxing)
 .debug_str     0x000023f9      0x371 .\CortexM3\ARM_GCC_541\Debug\CS301_Class.a(cyPm.o)
                                0x548 (size before relaxing)
 .debug_str     0x0000276a      0x116 .\CortexM3\ARM_GCC_541\Debug\CS301_Class.a(PWM_1.o)
                                0x2d2 (size before relaxing)
 .debug_str     0x00002880      0x109 .\CortexM3\ARM_GCC_541\Debug\CS301_Class.a(PWM_2.o)
                                0x2d2 (size before relaxing)
 .debug_str     0x00002989       0xfa .\CortexM3\ARM_GCC_541\Debug\CS301_Class.a(QuadDec_M1.o)
                                0x2ba (size before relaxing)
 .debug_str     0x00002a83       0xf3 .\CortexM3\ARM_GCC_541\Debug\CS301_Class.a(QuadDec_M2.o)
                                0x2ba (size before relaxing)
 .debug_str     0x00002b76      0x245 .\CortexM3\ARM_GCC_541\Debug\CS301_Class.a(QuadDec_M1_Cnt16.o)
                                0x401 (size before relaxing)
 .debug_str     0x00002dbb      0x236 .\CortexM3\ARM_GCC_541\Debug\CS301_Class.a(QuadDec_M2_Cnt16.o)
                                0x401 (size before relaxing)
 .debug_str     0x00002ff1       0xe6 .\CortexM3\ARM_GCC_541\Debug\CS301_Class.a(isr_1.o)
                                0x2ab (size before relaxing)
 .debug_str     0x000030d7       0x6a .\CortexM3\ARM_GCC_541\Debug\CS301_Class.a(Output_1.o)
                                0x1f6 (size before relaxing)
 .debug_str     0x00003141       0x6a .\CortexM3\ARM_GCC_541\Debug\CS301_Class.a(Output_2.o)
                                0x1f6 (size before relaxing)
 .debug_str     0x000031ab       0x6a .\CortexM3\ARM_GCC_541\Debug\CS301_Class.a(Output_3.o)
                                0x1f6 (size before relaxing)
 .debug_str     0x00003215       0x6a .\CortexM3\ARM_GCC_541\Debug\CS301_Class.a(Output_4.o)
                                0x1f6 (size before relaxing)
 .debug_str     0x0000327f       0x6a .\CortexM3\ARM_GCC_541\Debug\CS301_Class.a(Output_5.o)
                                0x1f6 (size before relaxing)
 .debug_str     0x000032e9       0x6a .\CortexM3\ARM_GCC_541\Debug\CS301_Class.a(Output_6.o)
                                0x1f6 (size before relaxing)
 .debug_str     0x00003353      0x11e .\CortexM3\ARM_GCC_541\Debug\CS301_Class.a(mid_right.o)
                                0x38d (size before relaxing)
 .debug_str     0x00003471      0x110 .\CortexM3\ARM_GCC_541\Debug\CS301_Class.a(mid_left.o)
                                0x37f (size before relaxing)
 .debug_str     0x00003581      0x13a .\CortexM3\ARM_GCC_541\Debug\CS301_Class.a(front_right.o)
                                0x3a9 (size before relaxing)
 .debug_str     0x000036bb      0x12c .\CortexM3\ARM_GCC_541\Debug\CS301_Class.a(front_left.o)
                                0x310 (size before relaxing)
 .debug_str     0x000037e7       0x3f .\CortexM3\ARM_GCC_541\Debug\CS301_Class.a(USBUART_cls.o)
                                0x294 (size before relaxing)
 .debug_str     0x00003826      0x104 .\CortexM3\ARM_GCC_541\Debug\CS301_Class.a(USBUART_descr.o)
                                0x397 (size before relaxing)
 .debug_str     0x0000392a      0x156 .\CortexM3\ARM_GCC_541\Debug\CS301_Class.a(CyFlash.o)
                                0x30c (size before relaxing)
 .debug_str     0x00003a80      0x12d .\CortexM3\ARM_GCC_541\Debug\CS301_Class.a(CySpc.o)
                                0x306 (size before relaxing)

.debug_loc
 *(.debug_loc)

.debug_macinfo
 *(.debug_macinfo)

.debug_ranges   0x00000000      0xef0
 *(.debug_ranges)
 .debug_ranges  0x00000000       0x30 .\CortexM3\ARM_GCC_541\Debug\main.o
 .debug_ranges  0x00000030       0x18 .\CortexM3\ARM_GCC_541\Debug\tacho.o
 .debug_ranges  0x00000048       0x10 .\CortexM3\ARM_GCC_541\Debug\LEFT_TURN.o
 .debug_ranges  0x00000058       0x10 .\CortexM3\ARM_GCC_541\Debug\RIGHT_TURN.o
 .debug_ranges  0x00000068       0x10 .\CortexM3\ARM_GCC_541\Debug\DRIFTED_LEFT.o
 .debug_ranges  0x00000078       0x10 .\CortexM3\ARM_GCC_541\Debug\DRIFTED_RIGHT.o
 .debug_ranges  0x00000088       0x18 .\CortexM3\ARM_GCC_541\Debug\SENSORS_READ.o
 .debug_ranges  0x000000a0       0x10 .\CortexM3\ARM_GCC_541\Debug\STRAIGHT.o
 .debug_ranges  0x000000b0       0x10 .\CortexM3\ARM_GCC_541\Debug\STOP.o
 .debug_ranges  0x000000c0       0x18 .\CortexM3\ARM_GCC_541\Debug\MOVEMENT.o
 .debug_ranges  0x000000d8       0x38 .\CortexM3\ARM_GCC_541\Debug\manoeuvre.o
 .debug_ranges  0x00000110       0x50 .\CortexM3\ARM_GCC_541\Debug\cyfitter_cfg.o
 .debug_ranges  0x00000160       0x38 .\CortexM3\ARM_GCC_541\Debug\Cm3Start.o
 .debug_ranges  0x00000198       0x78 .\CortexM3\ARM_GCC_541\Debug\CS301_Class.a(Timer_TS.o)
 .debug_ranges  0x00000210       0xb8 .\CortexM3\ARM_GCC_541\Debug\CS301_Class.a(USBUART.o)
 .debug_ranges  0x000002c8       0xd8 .\CortexM3\ARM_GCC_541\Debug\CS301_Class.a(USBUART_cdc.o)
 .debug_ranges  0x000003a0       0x88 .\CortexM3\ARM_GCC_541\Debug\CS301_Class.a(USBUART_drv.o)
 .debug_ranges  0x00000428       0x30 .\CortexM3\ARM_GCC_541\Debug\CS301_Class.a(USBUART_episr.o)
 .debug_ranges  0x00000458       0x30 .\CortexM3\ARM_GCC_541\Debug\CS301_Class.a(USBUART_pm.o)
 .debug_ranges  0x00000488       0x70 .\CortexM3\ARM_GCC_541\Debug\CS301_Class.a(USBUART_std.o)
 .debug_ranges  0x000004f8       0x10 .\CortexM3\ARM_GCC_541\Debug\CS301_Class.a(USBUART_vnd.o)
 .debug_ranges  0x00000508       0x38 .\CortexM3\ARM_GCC_541\Debug\CS301_Class.a(USBUART_Dp.o)
 .debug_ranges  0x00000540      0x290 .\CortexM3\ARM_GCC_541\Debug\CS301_Class.a(CyLib.o)
 .debug_ranges  0x000007d0       0x88 .\CortexM3\ARM_GCC_541\Debug\CS301_Class.a(cyPm.o)
 .debug_ranges  0x00000858       0x68 .\CortexM3\ARM_GCC_541\Debug\CS301_Class.a(PWM_1.o)
 .debug_ranges  0x000008c0       0x68 .\CortexM3\ARM_GCC_541\Debug\CS301_Class.a(PWM_2.o)
 .debug_ranges  0x00000928       0x50 .\CortexM3\ARM_GCC_541\Debug\CS301_Class.a(QuadDec_M1.o)
 .debug_ranges  0x00000978       0x50 .\CortexM3\ARM_GCC_541\Debug\CS301_Class.a(QuadDec_M2.o)
 .debug_ranges  0x000009c8       0x88 .\CortexM3\ARM_GCC_541\Debug\CS301_Class.a(QuadDec_M1_Cnt16.o)
 .debug_ranges  0x00000a50       0x88 .\CortexM3\ARM_GCC_541\Debug\CS301_Class.a(QuadDec_M2_Cnt16.o)
 .debug_ranges  0x00000ad8       0x70 .\CortexM3\ARM_GCC_541\Debug\CS301_Class.a(isr_1.o)
 .debug_ranges  0x00000b48       0x28 .\CortexM3\ARM_GCC_541\Debug\CS301_Class.a(Output_1.o)
 .debug_ranges  0x00000b70       0x28 .\CortexM3\ARM_GCC_541\Debug\CS301_Class.a(Output_2.o)
 .debug_ranges  0x00000b98       0x28 .\CortexM3\ARM_GCC_541\Debug\CS301_Class.a(Output_3.o)
 .debug_ranges  0x00000bc0       0x28 .\CortexM3\ARM_GCC_541\Debug\CS301_Class.a(Output_4.o)
 .debug_ranges  0x00000be8       0x28 .\CortexM3\ARM_GCC_541\Debug\CS301_Class.a(Output_5.o)
 .debug_ranges  0x00000c10       0x28 .\CortexM3\ARM_GCC_541\Debug\CS301_Class.a(Output_6.o)
 .debug_ranges  0x00000c38       0x70 .\CortexM3\ARM_GCC_541\Debug\CS301_Class.a(mid_right.o)
 .debug_ranges  0x00000ca8       0x70 .\CortexM3\ARM_GCC_541\Debug\CS301_Class.a(mid_left.o)
 .debug_ranges  0x00000d18       0x70 .\CortexM3\ARM_GCC_541\Debug\CS301_Class.a(front_right.o)
 .debug_ranges  0x00000d88       0x70 .\CortexM3\ARM_GCC_541\Debug\CS301_Class.a(front_left.o)
 .debug_ranges  0x00000df8       0x10 .\CortexM3\ARM_GCC_541\Debug\CS301_Class.a(USBUART_cls.o)
 .debug_ranges  0x00000e08       0x78 .\CortexM3\ARM_GCC_541\Debug\CS301_Class.a(CyFlash.o)
 .debug_ranges  0x00000e80       0x70 .\CortexM3\ARM_GCC_541\Debug\CS301_Class.a(CySpc.o)

.comment        0x00000000       0x6e
 .comment       0x00000000       0x6e .\CortexM3\ARM_GCC_541\Debug\main.o
                                 0x6f (size before relaxing)
 .comment       0x0000006e       0x6f .\CortexM3\ARM_GCC_541\Debug\tacho.o
 .comment       0x0000006e       0x6f .\CortexM3\ARM_GCC_541\Debug\LEFT_TURN.o
 .comment       0x0000006e       0x6f .\CortexM3\ARM_GCC_541\Debug\RIGHT_TURN.o
 .comment       0x0000006e       0x6f .\CortexM3\ARM_GCC_541\Debug\DRIFTED_LEFT.o
 .comment       0x0000006e       0x6f .\CortexM3\ARM_GCC_541\Debug\DRIFTED_RIGHT.o
 .comment       0x0000006e       0x6f .\CortexM3\ARM_GCC_541\Debug\INTERSECTION_DETECTED.o
 .comment       0x0000006e       0x6f .\CortexM3\ARM_GCC_541\Debug\SENSORS_READ.o
 .comment       0x0000006e       0x6f .\CortexM3\ARM_GCC_541\Debug\STRAIGHT.o
 .comment       0x0000006e       0x6f .\CortexM3\ARM_GCC_541\Debug\STOP.o
 .comment       0x0000006e       0x6f .\CortexM3\ARM_GCC_541\Debug\MOVEMENT.o
 .comment       0x0000006e       0x6f .\CortexM3\ARM_GCC_541\Debug\manoeuvre.o
 .comment       0x0000006e       0x6f .\CortexM3\ARM_GCC_541\Debug\cyfitter_cfg.o
 .comment       0x0000006e       0x6f .\CortexM3\ARM_GCC_541\Debug\cymetadata.o
 .comment       0x0000006e       0x6f .\CortexM3\ARM_GCC_541\Debug\Cm3Start.o
 .comment       0x0000006e       0x6f .\CortexM3\ARM_GCC_541\Debug\CS301_Class.a(Timer_TS.o)
 .comment       0x0000006e       0x6f .\CortexM3\ARM_GCC_541\Debug\CS301_Class.a(USBUART.o)
 .comment       0x0000006e       0x6f .\CortexM3\ARM_GCC_541\Debug\CS301_Class.a(USBUART_cdc.o)
 .comment       0x0000006e       0x6f .\CortexM3\ARM_GCC_541\Debug\CS301_Class.a(USBUART_drv.o)
 .comment       0x0000006e       0x6f .\CortexM3\ARM_GCC_541\Debug\CS301_Class.a(USBUART_episr.o)
 .comment       0x0000006e       0x6f .\CortexM3\ARM_GCC_541\Debug\CS301_Class.a(USBUART_pm.o)
 .comment       0x0000006e       0x6f .\CortexM3\ARM_GCC_541\Debug\CS301_Class.a(USBUART_std.o)
 .comment       0x0000006e       0x6f .\CortexM3\ARM_GCC_541\Debug\CS301_Class.a(USBUART_vnd.o)
 .comment       0x0000006e       0x6f .\CortexM3\ARM_GCC_541\Debug\CS301_Class.a(USBUART_Dp.o)
 .comment       0x0000006e       0x6f .\CortexM3\ARM_GCC_541\Debug\CS301_Class.a(CyLib.o)
 .comment       0x0000006e       0x6f .\CortexM3\ARM_GCC_541\Debug\CS301_Class.a(cyPm.o)
 .comment       0x0000006e       0x6f .\CortexM3\ARM_GCC_541\Debug\CS301_Class.a(PWM_1.o)
 .comment       0x0000006e       0x6f .\CortexM3\ARM_GCC_541\Debug\CS301_Class.a(PWM_2.o)
 .comment       0x0000006e       0x6f .\CortexM3\ARM_GCC_541\Debug\CS301_Class.a(QuadDec_M1.o)
 .comment       0x0000006e       0x6f .\CortexM3\ARM_GCC_541\Debug\CS301_Class.a(QuadDec_M2.o)
 .comment       0x0000006e       0x6f .\CortexM3\ARM_GCC_541\Debug\CS301_Class.a(QuadDec_M1_Cnt16.o)
 .comment       0x0000006e       0x6f .\CortexM3\ARM_GCC_541\Debug\CS301_Class.a(QuadDec_M2_Cnt16.o)
 .comment       0x0000006e       0x6f .\CortexM3\ARM_GCC_541\Debug\CS301_Class.a(isr_1.o)
 .comment       0x0000006e       0x6f .\CortexM3\ARM_GCC_541\Debug\CS301_Class.a(Output_1.o)
 .comment       0x0000006e       0x6f .\CortexM3\ARM_GCC_541\Debug\CS301_Class.a(Output_2.o)
 .comment       0x0000006e       0x6f .\CortexM3\ARM_GCC_541\Debug\CS301_Class.a(Output_3.o)
 .comment       0x0000006e       0x6f .\CortexM3\ARM_GCC_541\Debug\CS301_Class.a(Output_4.o)
 .comment       0x0000006e       0x6f .\CortexM3\ARM_GCC_541\Debug\CS301_Class.a(Output_5.o)
 .comment       0x0000006e       0x6f .\CortexM3\ARM_GCC_541\Debug\CS301_Class.a(Output_6.o)
 .comment       0x0000006e       0x6f .\CortexM3\ARM_GCC_541\Debug\CS301_Class.a(mid_right.o)
 .comment       0x0000006e       0x6f .\CortexM3\ARM_GCC_541\Debug\CS301_Class.a(mid_left.o)
 .comment       0x0000006e       0x6f .\CortexM3\ARM_GCC_541\Debug\CS301_Class.a(front_right.o)
 .comment       0x0000006e       0x6f .\CortexM3\ARM_GCC_541\Debug\CS301_Class.a(front_left.o)
 .comment       0x0000006e       0x6f .\CortexM3\ARM_GCC_541\Debug\CS301_Class.a(USBUART_cls.o)
 .comment       0x0000006e       0x6f .\CortexM3\ARM_GCC_541\Debug\CS301_Class.a(USBUART_descr.o)
 .comment       0x0000006e       0x6f .\CortexM3\ARM_GCC_541\Debug\CS301_Class.a(CyFlash.o)
 .comment       0x0000006e       0x6f .\CortexM3\ARM_GCC_541\Debug\CS301_Class.a(CySpc.o)

.debug_weaknames
 *(.debug_weaknames)

.debug_funcnames
 *(.debug_funcnames)

.debug_typenames
 *(.debug_typenames)

.debug_varnames
 *(.debug_varnames)

.note.gnu.arm.ident
 *(.note.gnu.arm.ident)

.ARM.attributes
                0x00000000       0x29
 *(.ARM.attributes)
 .ARM.attributes
                0x00000000       0x1d c:/program files (x86)/cypress/psoc creator/4.2/psoc creator/import/gnu/arm/5.4.1/bin/../lib/gcc/arm-none-eabi/5.4.1/armv7-m/crti.o
 .ARM.attributes
                0x0000001d       0x2d c:/program files (x86)/cypress/psoc creator/4.2/psoc creator/import/gnu/arm/5.4.1/bin/../lib/gcc/arm-none-eabi/5.4.1/armv7-m/crtbegin.o
 .ARM.attributes
                0x0000004a       0x1b c:/program files (x86)/cypress/psoc creator/4.2/psoc creator/import/gnu/arm/5.4.1/bin/../lib/gcc/arm-none-eabi/5.4.1/../../../../arm-none-eabi/lib/armv7-m/crt0.o
 .ARM.attributes
                0x00000065       0x33 .\CortexM3\ARM_GCC_541\Debug\main.o
 .ARM.attributes
                0x00000098       0x33 .\CortexM3\ARM_GCC_541\Debug\tacho.o
 .ARM.attributes
                0x000000cb       0x33 .\CortexM3\ARM_GCC_541\Debug\LEFT_TURN.o
 .ARM.attributes
                0x000000fe       0x33 .\CortexM3\ARM_GCC_541\Debug\RIGHT_TURN.o
 .ARM.attributes
                0x00000131       0x33 .\CortexM3\ARM_GCC_541\Debug\DRIFTED_LEFT.o
 .ARM.attributes
                0x00000164       0x33 .\CortexM3\ARM_GCC_541\Debug\DRIFTED_RIGHT.o
 .ARM.attributes
                0x00000197       0x33 .\CortexM3\ARM_GCC_541\Debug\INTERSECTION_DETECTED.o
 .ARM.attributes
                0x000001ca       0x33 .\CortexM3\ARM_GCC_541\Debug\SENSORS_READ.o
 .ARM.attributes
                0x000001fd       0x33 .\CortexM3\ARM_GCC_541\Debug\STRAIGHT.o
 .ARM.attributes
                0x00000230       0x33 .\CortexM3\ARM_GCC_541\Debug\STOP.o
 .ARM.attributes
                0x00000263       0x33 .\CortexM3\ARM_GCC_541\Debug\MOVEMENT.o
 .ARM.attributes
                0x00000296       0x33 .\CortexM3\ARM_GCC_541\Debug\manoeuvre.o
 .ARM.attributes
                0x000002c9       0x33 .\CortexM3\ARM_GCC_541\Debug\cyfitter_cfg.o
 .ARM.attributes
                0x000002fc       0x33 .\CortexM3\ARM_GCC_541\Debug\cymetadata.o
 .ARM.attributes
                0x0000032f       0x33 .\CortexM3\ARM_GCC_541\Debug\Cm3Start.o
 .ARM.attributes
                0x00000362       0x33 .\CortexM3\ARM_GCC_541\Debug\CS301_Class.a(Timer_TS.o)
 .ARM.attributes
                0x00000395       0x33 .\CortexM3\ARM_GCC_541\Debug\CS301_Class.a(USBUART.o)
 .ARM.attributes
                0x000003c8       0x33 .\CortexM3\ARM_GCC_541\Debug\CS301_Class.a(USBUART_cdc.o)
 .ARM.attributes
                0x000003fb       0x33 .\CortexM3\ARM_GCC_541\Debug\CS301_Class.a(USBUART_drv.o)
 .ARM.attributes
                0x0000042e       0x33 .\CortexM3\ARM_GCC_541\Debug\CS301_Class.a(USBUART_episr.o)
 .ARM.attributes
                0x00000461       0x33 .\CortexM3\ARM_GCC_541\Debug\CS301_Class.a(USBUART_pm.o)
 .ARM.attributes
                0x00000494       0x33 .\CortexM3\ARM_GCC_541\Debug\CS301_Class.a(USBUART_std.o)
 .ARM.attributes
                0x000004c7       0x33 .\CortexM3\ARM_GCC_541\Debug\CS301_Class.a(USBUART_vnd.o)
 .ARM.attributes
                0x000004fa       0x33 .\CortexM3\ARM_GCC_541\Debug\CS301_Class.a(USBUART_Dp.o)