Archive member included to satisfy reference by file (symbol)

.\CortexM3\ARM_GCC_541\Debug\CS301_Class.a(Timer_TS.o)
                              .\CortexM3\ARM_GCC_541\Debug\main.o (Timer_TS_Start)
.\CortexM3\ARM_GCC_541\Debug\CS301_Class.a(USBUART.o)
                              .\CortexM3\ARM_GCC_541\Debug\main.o (USBUART_Start)
.\CortexM3\ARM_GCC_541\Debug\CS301_Class.a(USBUART_cdc.o)
                              .\CortexM3\ARM_GCC_541\Debug\main.o (USBUART_CDC_Init)
.\CortexM3\ARM_GCC_541\Debug\CS301_Class.a(USBUART_drv.o)
                              .\CortexM3\ARM_GCC_541\Debug\CS301_Class.a(USBUART.o) (USBUART_EP)
.\CortexM3\ARM_GCC_541\Debug\CS301_Class.a(USBUART_episr.o)
                              .\CortexM3\ARM_GCC_541\Debug\CS301_Class.a(USBUART.o) (USBUART_EP_1_ISR)
.\CortexM3\ARM_GCC_541\Debug\CS301_Class.a(USBUART_pm.o)
                              .\CortexM3\ARM_GCC_541\Debug\CS301_Class.a(USBUART.o) (USBUART_DP_ISR)
.\CortexM3\ARM_GCC_541\Debug\CS301_Class.a(USBUART_std.o)
                              .\CortexM3\ARM_GCC_541\Debug\CS301_Class.a(USBUART_drv.o) (USBUART_HandleStandardRqst)
.\CortexM3\ARM_GCC_541\Debug\CS301_Class.a(USBUART_vnd.o)
                              .\CortexM3\ARM_GCC_541\Debug\CS301_Class.a(USBUART_drv.o) (USBUART_HandleVendorRqst)
.\CortexM3\ARM_GCC_541\Debug\CS301_Class.a(USBUART_Dp.o)
                              .\CortexM3\ARM_GCC_541\Debug\CS301_Class.a(USBUART.o) (USBUART_Dp_ClearInterrupt)
.\CortexM3\ARM_GCC_541\Debug\CS301_Class.a(CyLib.o)
                              .\CortexM3\ARM_GCC_541\Debug\Cm3Start.o (CyResetStatus)
.\CortexM3\ARM_GCC_541\Debug\CS301_Class.a(cyPm.o)
                              .\CortexM3\ARM_GCC_541\Debug\CS301_Class.a(CyLib.o) (CyPmReadStatus)
.\CortexM3\ARM_GCC_541\Debug\CS301_Class.a(PWM_1.o)
                              .\CortexM3\ARM_GCC_541\Debug\main.o (PWM_1_Start)
.\CortexM3\ARM_GCC_541\Debug\CS301_Class.a(PWM_2.o)
                              .\CortexM3\ARM_GCC_541\Debug\main.o (PWM_2_Start)
.\CortexM3\ARM_GCC_541\Debug\CS301_Class.a(QuadDec_M1.o)
                              .\CortexM3\ARM_GCC_541\Debug\main.o (QuadDec_M1_Start)
.\CortexM3\ARM_GCC_541\Debug\CS301_Class.a(QuadDec_M2.o)
                              .\CortexM3\ARM_GCC_541\Debug\tacho.o (QuadDec_M2_GetCounter)
.\CortexM3\ARM_GCC_541\Debug\CS301_Class.a(QuadDec_M1_Cnt16.o)
                              .\CortexM3\ARM_GCC_541\Debug\CS301_Class.a(QuadDec_M1.o) (QuadDec_M1_Cnt16_WriteCounter)
.\CortexM3\ARM_GCC_541\Debug\CS301_Class.a(QuadDec_M2_Cnt16.o)
                              .\CortexM3\ARM_GCC_541\Debug\CS301_Class.a(QuadDec_M2.o) (QuadDec_M2_Cnt16_WriteCounter)
.\CortexM3\ARM_GCC_541\Debug\CS301_Class.a(isr_1.o)
                              .\CortexM3\ARM_GCC_541\Debug\main.o (isr_1_StartEx)
.\CortexM3\ARM_GCC_541\Debug\CS301_Class.a(Output_1.o)
                              .\CortexM3\ARM_GCC_541\Debug\main.o (Output_1_Read)
.\CortexM3\ARM_GCC_541\Debug\CS301_Class.a(Output_2.o)
                              .\CortexM3\ARM_GCC_541\Debug\main.o (Output_2_Read)
.\CortexM3\ARM_GCC_541\Debug\CS301_Class.a(Output_3.o)
                              .\CortexM3\ARM_GCC_541\Debug\main.o (Output_3_Read)
.\CortexM3\ARM_GCC_541\Debug\CS301_Class.a(Output_4.o)
                              .\CortexM3\ARM_GCC_541\Debug\main.o (Output_4_Read)
.\CortexM3\ARM_GCC_541\Debug\CS301_Class.a(Output_5.o)
                              .\CortexM3\ARM_GCC_541\Debug\main.o (Output_5_Read)
.\CortexM3\ARM_GCC_541\Debug\CS301_Class.a(Output_6.o)
                              .\CortexM3\ARM_GCC_541\Debug\main.o (Output_6_Read)
.\CortexM3\ARM_GCC_541\Debug\CS301_Class.a(LED1.o)
                              .\CortexM3\ARM_GCC_541\Debug\main.o (LED1_Write)
.\CortexM3\ARM_GCC_541\Debug\CS301_Class.a(LED2.o)
                              .\CortexM3\ARM_GCC_541\Debug\main.o (LED2_Write)
.\CortexM3\ARM_GCC_541\Debug\CS301_Class.a(LED3.o)
                              .\CortexM3\ARM_GCC_541\Debug\main.o (LED3_Write)
.\CortexM3\ARM_GCC_541\Debug\CS301_Class.a(LED4.o)
                              .\CortexM3\ARM_GCC_541\Debug\main.o (LED4_Write)
.\CortexM3\ARM_GCC_541\Debug\CS301_Class.a(LED5.o)
                              .\CortexM3\ARM_GCC_541\Debug\main.o (LED5_Write)
.\CortexM3\ARM_GCC_541\Debug\CS301_Class.a(LED6.o)
                              .\CortexM3\ARM_GCC_541\Debug\main.o (LED6_Write)
.\CortexM3\ARM_GCC_541\Debug\CS301_Class.a(front_left.o)
                              .\CortexM3\ARM_GCC_541\Debug\main.o (front_left_Start)
.\CortexM3\ARM_GCC_541\Debug\CS301_Class.a(CyBootAsmGnu.o)
                              .\CortexM3\ARM_GCC_541\Debug\cyfitter_cfg.o (CyDelayCycles)
.\CortexM3\ARM_GCC_541\Debug\CS301_Class.a(USBUART_cls.o)
                              .\CortexM3\ARM_GCC_541\Debug\CS301_Class.a(USBUART_drv.o) (USBUART_DispatchClassRqst)
.\CortexM3\ARM_GCC_541\Debug\CS301_Class.a(USBUART_descr.o)
[...]
Memory Configuration

Name             Origin             Length             Attributes
rom              0x00000000         0x00040000         xr
ram              0x1fff8000         0x00010000         xrw
*default*        0x00000000         0xffffffff

Linker script and memory map

LOAD c:/program files (x86)/cypress/psoc creator/4.2/psoc creator/import/gnu/arm/5.4.1/bin/../lib/gcc/arm-none-eabi/5.4.1/armv7-m/crti.o
LOAD c:/program files (x86)/cypress/psoc creator/4.2/psoc creator/import/gnu/arm/5.4.1/bin/../lib/gcc/arm-none-eabi/5.4.1/armv7-m/crtbegin.o
LOAD c:/program files (x86)/cypress/psoc creator/4.2/psoc creator/import/gnu/arm/5.4.1/bin/../lib/gcc/arm-none-eabi/5.4.1/../../../../arm-none-eabi/lib/armv7-m/crt0.o
START GROUP
LOAD .\CortexM3\ARM_GCC_541\Debug\main.o
LOAD .\CortexM3\ARM_GCC_541\Debug\tacho.o
LOAD .\CortexM3\ARM_GCC_541\Debug\SENSORS_READ.o
LOAD .\CortexM3\ARM_GCC_541\Debug\MOVEMENT.o
LOAD .\CortexM3\ARM_GCC_541\Debug\cyfitter_cfg.o
LOAD .\CortexM3\ARM_GCC_541\Debug\cymetadata.o
LOAD .\CortexM3\ARM_GCC_541\Debug\Cm3Start.o
LOAD .\CortexM3\ARM_GCC_541\Debug\CS301_Class.a
LOAD C:\Program Files (x86)\Cypress\PSoC Creator\4.2\PSoC Creator\psoc\content\cycomponentlibrary\CyComponentLibrary.cylib\CortexM3\ARM_GCC_541\Debug\CyComponentLibrary.a
END GROUP
START GROUP
LOAD c:/program files (x86)/cypress/psoc creator/4.2/psoc creator/import/gnu/arm/5.4.1/bin/../lib/gcc/arm-none-eabi/5.4.1/armv7-m\libgcc.a
LOAD c:/program files (x86)/cypress/psoc creator/4.2/psoc creator/import/gnu/arm/5.4.1/bin/../lib/gcc/arm-none-eabi/5.4.1/../../../../arm-none-eabi/lib/armv7-m\libg_nano.a
LOAD c:/program files (x86)/cypress/psoc creator/4.2/psoc creator/import/gnu/arm/5.4.1/bin/../lib/gcc/arm-none-eabi/5.4.1/../../../../arm-none-eabi/lib/armv7-m\libc_nano.a
END GROUP
START GROUP
LOAD c:/program files (x86)/cypress/psoc creator/4.2/psoc creator/import/gnu/arm/5.4.1/bin/../lib/gcc/arm-none-eabi/5.4.1/armv7-m\libgcc.a
LOAD c:/program files (x86)/cypress/psoc creator/4.2/psoc creator/import/gnu/arm/5.4.1/bin/../lib/gcc/arm-none-eabi/5.4.1/../../../../arm-none-eabi/lib/armv7-m\libc_nano.a
END GROUP
LOAD c:/program files (x86)/cypress/psoc creator/4.2/psoc creator/import/gnu/arm/5.4.1/bin/../lib/gcc/arm-none-eabi/5.4.1/armv7-m/crtend.o
LOAD c:/program files (x86)/cypress/psoc creator/4.2/psoc creator/import/gnu/arm/5.4.1/bin/../lib/gcc/arm-none-eabi/5.4.1/armv7-m/crtn.o
START GROUP
LOAD c:/program files (x86)/cypress/psoc creator/4.2/psoc creator/import/gnu/arm/5.4.1/bin/../lib/gcc/arm-none-eabi/5.4.1/armv7-m\libgcc.a
LOAD c:/program files (x86)/cypress/psoc creator/4.2/psoc creator/import/gnu/arm/5.4.1/bin/../lib/gcc/arm-none-eabi/5.4.1/../../../../arm-none-eabi/lib/armv7-m\libc.a
LOAD c:/program files (x86)/cypress/psoc creator/4.2/psoc creator/import/gnu/arm/5.4.1/bin/../lib/gcc/arm-none-eabi/5.4.1/../../../../arm-none-eabi/lib/armv7-m\libnosys.a
END GROUP
                0x00000000                CY_APPL_ORIGIN = 0x0
                0x00000100                CY_FLASH_ROW_SIZE = 0x100
                0x00000020                CY_ECC_ROW_SIZE = 0x20
                0x00000000                CY_EE_IN_BTLDR = 0x0
                0x00000000                CY_APPL_LOADABLE = 0x0
                0x00000800                CY_EE_SIZE = 0x800
                0x00000001                CY_APPL_NUM = 0x1
                0x00000001                CY_APPL_MAX = 0x1
                0x00000040                CY_METADATA_SIZE = 0x40
                0x00000000                CY_APPL_LOADABLE = 0x0
                0x00000000                CY_CHECKSUM_EXCLUDE_SIZE = ALIGN (0x0, CY_FLASH_ROW_SIZE)
                [!provide]                PROVIDE (__cy_heap_start, _end)
                0x00000001                PROVIDE (__cy_region_num, ((__cy_regions_end - __cy_regions) / 0x10))
                0x20008000                PROVIDE (__cy_stack, (ORIGIN (ram) + LENGTH (ram)))
                [!provide]                PROVIDE (__cy_heap_end, (__cy_stack - 0x800))

.cybootloader   0x00000000        0x0
 *(.cybootloader)
                0x00000000                appl1_start = CY_APPL_ORIGIN?CY_APPL_ORIGIN:ALIGN (CY_FLASH_ROW_SIZE)
                0x0001ff00                appl2_start = (appl1_start + ALIGN ((((LENGTH (rom) - appl1_start) - (0x2 * CY_FLASH_ROW_SIZE)) / 0x2), CY_FLASH_ROW_SIZE))
                0x00000000                appl_start = (CY_APPL_NUM == 0x1)?appl1_start:appl2_start
                0x00000000                ecc_offset = ((appl_start / CY_FLASH_ROW_SIZE) * CY_ECC_ROW_SIZE)
                0x00000000                ee_offset = (CY_APPL_LOADABLE && ! (CY_EE_IN_BTLDR))?((CY_EE_SIZE / CY_APPL_MAX) * (CY_APPL_NUM - 0x1)):0x0
                0x00000800                ee_size = (CY_APPL_LOADABLE && ! (CY_EE_IN_BTLDR))?(CY_EE_SIZE / CY_APPL_MAX):CY_EE_SIZE
                [!provide]                PROVIDE (CY_ECC_OFFSET, ecc_offset)

.text           0x00000000     0x3696
 CREATE_OBJECT_SYMBOLS
                0x00000000                PROVIDE (__cy_interrupt_vector, RomVectors)
 *(.romvectors)
 .romvectors    0x00000000       0x10 .\CortexM3\ARM_GCC_541\Debug\Cm3Start.o
                0x00000000                RomVectors
                0x00000001                ASSERT ((. != __cy_interrupt_vector), No interrupt vector)
                0x00000001                ASSERT (CY_APPL_ORIGIN?(SIZEOF (.cybootloader) <= CY_APPL_ORIGIN):0x1, Wrong image location)
                0x00000010                PROVIDE (__cy_reset, Reset)
 *(.text.Reset)
 .text.Reset    0x00000010       0x18 .\CortexM3\ARM_GCC_541\Debug\Cm3Start.o
                0x00000010                Reset
                0x00000001                ASSERT ((. != __cy_reset), No reset code)
 *(.dma_init)
                0x00000001                ASSERT ((((appl_start + .) <= 0x10000) || 0x1), DMA Init must be within the first 64k of flash)
 *(.text .text.* .gnu.linkonce.t.*)
 .text          0x00000028       0x5c c:/program files (x86)/cypress/psoc creator/4.2/psoc creator/import/gnu/arm/5.4.1/bin/../lib/gcc/arm-none-eabi/5.4.1/armv7-m/crtbegin.o
 .text.Timer_TS_ISR_Handler
                0x00000084      0x10c .\CortexM3\ARM_GCC_541\Debug\main.o
                0x00000084                Timer_TS_ISR_Handler
 .text.main     0x00000190       0xd0 .\CortexM3\ARM_GCC_541\Debug\main.o
                0x00000190                main
 .text.CYMEMZERO
                0x00000260       0x1c .\CortexM3\ARM_GCC_541\Debug\cyfitter_cfg.o
 .text.CYCONFIGCPY
                0x0000027c       0x20 .\CortexM3\ARM_GCC_541\Debug\cyfitter_cfg.o
 .text.CyClockStartupError
                0x0000029c        0xc .\CortexM3\ARM_GCC_541\Debug\cyfitter_cfg.o
 .text.cfg_write_bytes32
                0x000002a8       0x74 .\CortexM3\ARM_GCC_541\Debug\cyfitter_cfg.o
 .text.ClockSetup
                0x0000031c      0x140 .\CortexM3\ARM_GCC_541\Debug\cyfitter_cfg.o
 .text.AnalogSetDefault
                0x0000045c       0x44 .\CortexM3\ARM_GCC_541\Debug\cyfitter_cfg.o
 .text.cyfitter_cfg
                0x000004a0      0x168 .\CortexM3\ARM_GCC_541\Debug\cyfitter_cfg.o
                0x000004a0                cyfitter_cfg
 .text.IntDefaultHandler
                0x00000608       0x14 .\CortexM3\ARM_GCC_541\Debug\Cm3Start.o
                0x00000608                IntDefaultHandler
 .text.Start_c  0x0000061c       0x98 .\CortexM3\ARM_GCC_541\Debug\Cm3Start.o
                0x0000061c                Start_c
 .text.initialize_psoc
                0x000006b4       0x90 .\CortexM3\ARM_GCC_541\Debug\Cm3Start.o
                0x000006b4                initialize_psoc
 .text.Timer_TS_Init
                0x00000744       0x9c .\CortexM3\ARM_GCC_541\Debug\CS301_Class.a(Timer_TS.o)
                0x00000744                Timer_TS_Init
 .text.Timer_TS_Enable
                0x000007e0       0x48 .\CortexM3\ARM_GCC_541\Debug\CS301_Class.a(Timer_TS.o)
                0x000007e0                Timer_TS_Enable
 .text.Timer_TS_Start
                0x00000828       0x24 .\CortexM3\ARM_GCC_541\Debug\CS301_Class.a(Timer_TS.o)
                0x00000828                Timer_TS_Start
 .text.Timer_TS_SetInterruptMode
                0x0000084c       0x20 .\CortexM3\ARM_GCC_541\Debug\CS301_Class.a(Timer_TS.o)
                0x0000084c                Timer_TS_SetInterruptMode
 .text.Timer_TS_ReadStatusRegister
                0x0000086c       0x18 .\CortexM3\ARM_GCC_541\Debug\CS301_Class.a(Timer_TS.o)
                0x0000086c                Timer_TS_ReadStatusRegister
 .text.Timer_TS_WritePeriod
                0x00000884       0x24 .\CortexM3\ARM_GCC_541\Debug\CS301_Class.a(Timer_TS.o)
                0x00000884                Timer_TS_WritePeriod
 .text.Timer_TS_WriteCounter
                0x000008a8       0x20 .\CortexM3\ARM_GCC_541\Debug\CS301_Class.a(Timer_TS.o)
                0x000008a8                Timer_TS_WriteCounter
 .text.USBUART_Start
                0x000008c8       0x3c .\CortexM3\ARM_GCC_541\Debug\CS301_Class.a(USBUART.o)
                0x000008c8                USBUART_Start
 .text.USBUART_Init
                0x00000904      0x1a4 .\CortexM3\ARM_GCC_541\Debug\CS301_Class.a(USBUART.o)
                0x00000904                USBUART_Init
 .text.USBUART_InitComponent
                0x00000aa8      0x100 .\CortexM3\ARM_GCC_541\Debug\CS301_Class.a(USBUART.o)
                0x00000aa8                USBUART_InitComponent
 .text.USBUART_ReInitComponent
                0x00000ba8       0x68 .\CortexM3\ARM_GCC_541\Debug\CS301_Class.a(USBUART.o)
                0x00000ba8                USBUART_ReInitComponent
 .text.USBUART_DispatchCDCClassRqst
                0x00000c10       0xe4 .\CortexM3\ARM_GCC_541\Debug\CS301_Class.a(USBUART_cdc.o)
                0x00000c10                USBUART_DispatchCDCClassRqst
 .text.USBUART_GetInterfaceComPort
                0x00000cf4       0x60 .\CortexM3\ARM_GCC_541\Debug\CS301_Class.a(USBUART_cdc.o)
                0x00000cf4                USBUART_GetInterfaceComPort
 .text.USBUART_Cdc_EpInit
                0x00000d54       0x90 .\CortexM3\ARM_GCC_541\Debug\CS301_Class.a(USBUART_cdc.o)
                0x00000d54                USBUART_Cdc_EpInit
 .text.USBUART_EP_0_ISR
                0x00000de4       0xf8 .\CortexM3\ARM_GCC_541\Debug\CS301_Class.a(USBUART_drv.o)
                0x00000de4                USBUART_EP_0_ISR
 .text.USBUART_HandleSetup
                0x00000edc       0x88 .\CortexM3\ARM_GCC_541\Debug\CS301_Class.a(USBUART_drv.o)
                0x00000edc                USBUART_HandleSetup
 .text.USBUART_HandleIN
                0x00000f64       0x4c .\CortexM3\ARM_GCC_541\Debug\CS301_Class.a(USBUART_drv.o)
                0x00000f64                USBUART_HandleIN
 .text.USBUART_HandleOUT
                0x00000fb0       0x58 .\CortexM3\ARM_GCC_541\Debug\CS301_Class.a(USBUART_drv.o)
                0x00000fb0                USBUART_HandleOUT
 .text.USBUART_LoadEP0
                0x00001008       0xd0 .\CortexM3\ARM_GCC_541\Debug\CS301_Class.a(USBUART_drv.o)
                0x00001008                USBUART_LoadEP0
 .text.USBUART_InitControlRead
                0x000010d8       0x70 .\CortexM3\ARM_GCC_541\Debug\CS301_Class.a(USBUART_drv.o)
                0x000010d8                USBUART_InitControlRead
 .text.USBUART_InitZeroLengthControlTransfer
                0x00001148       0x40 .\CortexM3\ARM_GCC_541\Debug\CS301_Class.a(USBUART_drv.o)
                0x00001148                USBUART_InitZeroLengthControlTransfer
 .text.USBUART_ControlReadDataStage
                0x00001188        0xc .\CortexM3\ARM_GCC_541\Debug\CS301_Class.a(USBUART_drv.o)
                0x00001188                USBUART_ControlReadDataStage
 .text.USBUART_ControlReadStatusStage
                0x00001194       0x40 .\CortexM3\ARM_GCC_541\Debug\CS301_Class.a(USBUART_drv.o)
                0x00001194                USBUART_ControlReadStatusStage
 .text.USBUART_InitControlWrite
                0x000011d4       0x64 .\CortexM3\ARM_GCC_541\Debug\CS301_Class.a(USBUART_drv.o)
                0x000011d4                USBUART_InitControlWrite
 .text.USBUART_ControlWriteDataStage
                0x00001238       0xb4 .\CortexM3\ARM_GCC_541\Debug\CS301_Class.a(USBUART_drv.o)
                0x00001238                USBUART_ControlWriteDataStage
 .text.USBUART_ControlWriteStatusStage
                0x000012ec       0x24 .\CortexM3\ARM_GCC_541\Debug\CS301_Class.a(USBUART_drv.o)
                0x000012ec                USBUART_ControlWriteStatusStage
 .text.USBUART_InitNoDataControlTransfer
                0x00001310       0x38 .\CortexM3\ARM_GCC_541\Debug\CS301_Class.a(USBUART_drv.o)
                0x00001310                USBUART_InitNoDataControlTransfer
 .text.USBUART_NoDataControlStatusStage
                0x00001348       0x4c .\CortexM3\ARM_GCC_541\Debug\CS301_Class.a(USBUART_drv.o)
                0x00001348                USBUART_NoDataControlStatusStage
 .text.USBUART_UpdateStatusBlock
                0x00001394       0x40 .\CortexM3\ARM_GCC_541\Debug\CS301_Class.a(USBUART_drv.o)
                0x00001394                USBUART_UpdateStatusBlock
 .text.USBUART_InitializeStatusBlock
                0x000013d4       0x34 .\CortexM3\ARM_GCC_541\Debug\CS301_Class.a(USBUART_drv.o)
                0x000013d4                USBUART_InitializeStatusBlock
 .text.USBUART_EP_1_ISR
                0x00001408       0x48 .\CortexM3\ARM_GCC_541\Debug\CS301_Class.a(USBUART_episr.o)
                0x00001408                USBUART_EP_1_ISR
 .text.USBUART_EP_2_ISR
                0x00001450       0x4c .\CortexM3\ARM_GCC_541\Debug\CS301_Class.a(USBUART_episr.o)
                0x00001450                USBUART_EP_2_ISR
 .text.USBUART_EP_3_ISR
                0x0000149c       0x54 .\CortexM3\ARM_GCC_541\Debug\CS301_Class.a(USBUART_episr.o)
                0x0000149c                USBUART_EP_3_ISR
 .text.USBUART_SOF_ISR
                0x000014f0        0xc .\CortexM3\ARM_GCC_541\Debug\CS301_Class.a(USBUART_episr.o)
                0x000014f0                USBUART_SOF_ISR
 .text.USBUART_BUS_RESET_ISR
                0x000014fc        0xc .\CortexM3\ARM_GCC_541\Debug\CS301_Class.a(USBUART_episr.o)
                0x000014fc                USBUART_BUS_RESET_ISR
 .text.USBUART_DP_ISR
                0x00001508        0xc .\CortexM3\ARM_GCC_541\Debug\CS301_Class.a(USBUART_pm.o)
                0x00001508                USBUART_DP_ISR
 .text.USBUART_HandleStandardRqst
                0x00001514      0x4a4 .\CortexM3\ARM_GCC_541\Debug\CS301_Class.a(USBUART_std.o)
                0x00001514                USBUART_HandleStandardRqst
 .text.USBUART_ReadDieID
                0x000019b8       0xd8 .\CortexM3\ARM_GCC_541\Debug\CS301_Class.a(USBUART_std.o)
                0x000019b8                USBUART_ReadDieID
 .text.USBUART_ConfigReg
                0x00001a90      0x138 .\CortexM3\ARM_GCC_541\Debug\CS301_Class.a(USBUART_std.o)
                0x00001a90                USBUART_ConfigReg
 .text.USBUART_Config
                0x00001bc8      0x3a4 .\CortexM3\ARM_GCC_541\Debug\CS301_Class.a(USBUART_std.o)
                0x00001bc8                USBUART_Config
 .text.USBUART_ConfigAltChanged
                0x00001f6c      0x25c .\CortexM3\ARM_GCC_541\Debug\CS301_Class.a(USBUART_std.o)
                0x00001f6c                USBUART_ConfigAltChanged
 .text.USBUART_GetConfigTablePtr
                0x000021c8       0x50 .\CortexM3\ARM_GCC_541\Debug\CS301_Class.a(USBUART_std.o)
                0x000021c8                USBUART_GetConfigTablePtr
 .text.USBUART_GetDeviceTablePtr
                0x00002218       0x24 .\CortexM3\ARM_GCC_541\Debug\CS301_Class.a(USBUART_std.o)
                0x00002218                USBUART_GetDeviceTablePtr
 .text.USBUART_GetInterfaceClassTablePtr
                0x0000223c       0x4c .\CortexM3\ARM_GCC_541\Debug\CS301_Class.a(USBUART_std.o)
                0x0000223c                USBUART_GetInterfaceClassTablePtr
 .text.USBUART_SetEndpointHalt
                0x00002288       0xe8 .\CortexM3\ARM_GCC_541\Debug\CS301_Class.a(USBUART_std.o)
                0x00002288                USBUART_SetEndpointHalt
 .text.USBUART_ClearEndpointHalt
                0x00002370      0x158 .\CortexM3\ARM_GCC_541\Debug\CS301_Class.a(USBUART_std.o)
                0x00002370                USBUART_ClearEndpointHalt
 .text.USBUART_ValidateAlternateSetting
                0x000024c8       0x70 .\CortexM3\ARM_GCC_541\Debug\CS301_Class.a(USBUART_std.o)
                0x000024c8                USBUART_ValidateAlternateSetting
 .text.USBUART_HandleVendorRqst
                0x00002538       0x54 .\CortexM3\ARM_GCC_541\Debug\CS301_Class.a(USBUART_vnd.o)
                0x00002538                USBUART_HandleVendorRqst
 .text.USBUART_Dp_ClearInterrupt
                0x0000258c       0x20 .\CortexM3\ARM_GCC_541\Debug\CS301_Class.a(USBUART_Dp.o)
                0x0000258c                USBUART_Dp_ClearInterrupt
 .text.CyHalt   0x000025ac       0x18 .\CortexM3\ARM_GCC_541\Debug\CS301_Class.a(CyLib.o)
                0x000025ac                CyHalt
 .text.CyDelay  0x000025c4       0x44 .\CortexM3\ARM_GCC_541\Debug\CS301_Class.a(CyLib.o)
                0x000025c4                CyDelay
 .text.CyDelayUs
                0x00002608       0x28 .\CortexM3\ARM_GCC_541\Debug\CS301_Class.a(CyLib.o)
                0x00002608                CyDelayUs
 .text.CyIntSetVector
                0x00002630       0x50 .\CortexM3\ARM_GCC_541\Debug\CS301_Class.a(CyLib.o)
                0x00002630                CyIntSetVector
 .text.CyIntSetPriority
                0x00002680       0x48 .\CortexM3\ARM_GCC_541\Debug\CS301_Class.a(CyLib.o)
                0x00002680                CyIntSetPriority
 .text.CyGetUniqueId
                0x000026c8       0xc4 .\CortexM3\ARM_GCC_541\Debug\CS301_Class.a(CyLib.o)
                0x000026c8                CyGetUniqueId
 .text.PWM_1_Start
                0x0000278c       0x24 .\CortexM3\ARM_GCC_541\Debug\CS301_Class.a(PWM_1.o)
                0x0000278c                PWM_1_Start
 .text.PWM_1_Init
                0x000027b0       0xbc .\CortexM3\ARM_GCC_541\Debug\CS301_Class.a(PWM_1.o)
                0x000027b0                PWM_1_Init
 .text.PWM_1_Enable
                0x0000286c       0x48 .\CortexM3\ARM_GCC_541\Debug\CS301_Class.a(PWM_1.o)
                0x0000286c                PWM_1_Enable
 .text.PWM_1_WritePeriod
                0x000028b4       0x20 .\CortexM3\ARM_GCC_541\Debug\CS301_Class.a(PWM_1.o)
                0x000028b4                PWM_1_WritePeriod
 .text.PWM_1_WriteCompare
                0x000028d4       0x20 .\CortexM3\ARM_GCC_541\Debug\CS301_Class.a(PWM_1.o)
                0x000028d4                PWM_1_WriteCompare
 .text.PWM_1_SetInterruptMode
                0x000028f4       0x20 .\CortexM3\ARM_GCC_541\Debug\CS301_Class.a(PWM_1.o)
                0x000028f4                PWM_1_SetInterruptMode
 .text.PWM_2_Start
                0x00002914       0x24 .\CortexM3\ARM_GCC_541\Debug\CS301_Class.a(PWM_2.o)
                0x00002914                PWM_2_Start
 .text.PWM_2_Init
                0x00002938       0xbc .\CortexM3\ARM_GCC_541\Debug\CS301_Class.a(PWM_2.o)
                0x00002938                PWM_2_Init
 .text.PWM_2_Enable
                0x000029f4       0x48 .\CortexM3\ARM_GCC_541\Debug\CS301_Class.a(PWM_2.o)
                0x000029f4                PWM_2_Enable
 .text.PWM_2_WritePeriod
                0x00002a3c       0x20 .\CortexM3\ARM_GCC_541\Debug\CS301_Class.a(PWM_2.o)
                0x00002a3c                PWM_2_WritePeriod
 .text.PWM_2_WriteCompare
                0x00002a5c       0x20 .\CortexM3\ARM_GCC_541\Debug\CS301_Class.a(PWM_2.o)
                0x00002a5c                PWM_2_WriteCompare
 .text.PWM_2_SetInterruptMode
                0x00002a7c       0x20 .\CortexM3\ARM_GCC_541\Debug\CS301_Class.a(PWM_2.o)
                0x00002a7c                PWM_2_SetInterruptMode
 .text.QuadDec_M1_Init
                0x00002a9c        0xc .\CortexM3\ARM_GCC_541\Debug\CS301_Class.a(QuadDec_M1.o)
                0x00002a9c                QuadDec_M1_Init
 .text.QuadDec_M1_Enable
                0x00002aa8       0x3c .\CortexM3\ARM_GCC_541\Debug\CS301_Class.a(QuadDec_M1.o)
                0x00002aa8                QuadDec_M1_Enable
 .text.QuadDec_M1_Start
                0x00002ae4       0x30 .\CortexM3\ARM_GCC_541\Debug\CS301_Class.a(QuadDec_M1.o)
                0x00002ae4                QuadDec_M1_Start
 .text.QuadDec_M1_GetCounter
                0x00002b14       0x24 .\CortexM3\ARM_GCC_541\Debug\CS301_Class.a(QuadDec_M1.o)
                0x00002b14                QuadDec_M1_GetCounter
 .text.QuadDec_M1_SetCounter
                0x00002b38       0x34 .\CortexM3\ARM_GCC_541\Debug\CS301_Class.a(QuadDec_M1.o)
                0x00002b38                QuadDec_M1_SetCounter
 .text.QuadDec_M1_GetEvents
                0x00002b6c       0x1c .\CortexM3\ARM_GCC_541\Debug\CS301_Class.a(QuadDec_M1.o)
                0x00002b6c                QuadDec_M1_GetEvents
 .text.QuadDec_M1_SetInterruptMask
                0x00002b88       0x20 .\CortexM3\ARM_GCC_541\Debug\CS301_Class.a(QuadDec_M1.o)
                0x00002b88                QuadDec_M1_SetInterruptMask
 .text.QuadDec_M1_Cnt16_Init
                0x00002ba8       0x80 .\CortexM3\ARM_GCC_541\Debug\CS301_Class.a(QuadDec_M1_Cnt16.o)
                0x00002ba8                QuadDec_M1_Cnt16_Init
 .text.QuadDec_M1_Cnt16_Enable
                0x00002c28       0x20 .\CortexM3\ARM_GCC_541\Debug\CS301_Class.a(QuadDec_M1_Cnt16.o)
                0x00002c28                QuadDec_M1_Cnt16_Enable
 .text.QuadDec_M1_Cnt16_Start
                0x00002c48       0x24 .\CortexM3\ARM_GCC_541\Debug\CS301_Class.a(QuadDec_M1_Cnt16.o)
                0x00002c48                QuadDec_M1_Cnt16_Start
 .text.QuadDec_M1_Cnt16_SetInterruptMode
                0x00002c6c       0x20 .\CortexM3\ARM_GCC_541\Debug\CS301_Class.a(QuadDec_M1_Cnt16.o)
                0x00002c6c                QuadDec_M1_Cnt16_SetInterruptMode
 .text.QuadDec_M1_Cnt16_ReadStatusRegister
                0x00002c8c       0x18 .\CortexM3\ARM_GCC_541\Debug\CS301_Class.a(QuadDec_M1_Cnt16.o)
                0x00002c8c                QuadDec_M1_Cnt16_ReadStatusRegister
 .text.QuadDec_M1_Cnt16_WriteCounter
                0x00002ca4       0x20 .\CortexM3\ARM_GCC_541\Debug\CS301_Class.a(QuadDec_M1_Cnt16.o)
                0x00002ca4                QuadDec_M1_Cnt16_WriteCounter
 .text.QuadDec_M1_Cnt16_ReadCounter
                0x00002cc4       0x20 .\CortexM3\ARM_GCC_541\Debug\CS301_Class.a(QuadDec_M1_Cnt16.o)
                0x00002cc4                QuadDec_M1_Cnt16_ReadCounter
 .text.QuadDec_M1_Cnt16_ReadCapture
                0x00002ce4       0x18 .\CortexM3\ARM_GCC_541\Debug\CS301_Class.a(QuadDec_M1_Cnt16.o)
                0x00002ce4                QuadDec_M1_Cnt16_ReadCapture
 .text.QuadDec_M1_Cnt16_WritePeriod
                0x00002cfc       0x20 .\CortexM3\ARM_GCC_541\Debug\CS301_Class.a(QuadDec_M1_Cnt16.o)
                0x00002cfc                QuadDec_M1_Cnt16_WritePeriod
 .text.QuadDec_M1_Cnt16_WriteCompare
                0x00002d1c       0x20 .\CortexM3\ARM_GCC_541\Debug\CS301_Class.a(QuadDec_M1_Cnt16.o)
                0x00002d1c                QuadDec_M1_Cnt16_WriteCompare
 .text.QuadDec_M1_Cnt16_ClearFIFO
                0x00002d3c       0x1c .\CortexM3\ARM_GCC_541\Debug\CS301_Class.a(QuadDec_M1_Cnt16.o)
                0x00002d3c                QuadDec_M1_Cnt16_ClearFIFO
 .text.isr_1_StartEx
                0x00002d58       0x24 .\CortexM3\ARM_GCC_541\Debug\CS301_Class.a(isr_1.o)
                0x00002d58                isr_1_StartEx
 .text.isr_1_SetVector
                0x00002d7c       0x24 .\CortexM3\ARM_GCC_541\Debug\CS301_Class.a(isr_1.o)
                0x00002d7c                isr_1_SetVector
 .text.isr_1_SetPriority
                0x00002da0       0x24 .\CortexM3\ARM_GCC_541\Debug\CS301_Class.a(isr_1.o)
                0x00002da0                isr_1_SetPriority
 .text.isr_1_Enable
                0x00002dc4       0x18 .\CortexM3\ARM_GCC_541\Debug\CS301_Class.a(isr_1.o)
                0x00002dc4                isr_1_Enable
 .text.isr_1_Disable
                0x00002ddc       0x18 .\CortexM3\ARM_GCC_541\Debug\CS301_Class.a(isr_1.o)
                0x00002ddc                isr_1_Disable
 .text.Output_1_Read
                0x00002df4       0x20 .\CortexM3\ARM_GCC_541\Debug\CS301_Class.a(Output_1.o)
                0x00002df4                Output_1_Read
 .text.Output_2_Read
                0x00002e14       0x20 .\CortexM3\ARM_GCC_541\Debug\CS301_Class.a(Output_2.o)
                0x00002e14                Output_2_Read
 .text.Output_3_Read
                0x00002e34       0x20 .\CortexM3\ARM_GCC_541\Debug\CS301_Class.a(Output_3.o)
                0x00002e34                Output_3_Read
 .text.Output_4_Read
                0x00002e54       0x20 .\CortexM3\ARM_GCC_541\Debug\CS301_Class.a(Output_4.o)
                0x00002e54                Output_4_Read
 .text.Output_5_Read
                0x00002e74       0x20 .\CortexM3\ARM_GCC_541\Debug\CS301_Class.a(Output_5.o)
                0x00002e74                Output_5_Read
 .text.Output_6_Read
                0x00002e94       0x1c .\CortexM3\ARM_GCC_541\Debug\CS301_Class.a(Output_6.o)
                0x00002e94                Output_6_Read
 .text.LED1_Write
                0x00002eb0       0x3c .\CortexM3\ARM_GCC_541\Debug\CS301_Class.a(LED1.o)
                0x00002eb0                LED1_Write
 .text.LED2_Write
                0x00002eec       0x3c .\CortexM3\ARM_GCC_541\Debug\CS301_Class.a(LED2.o)
                0x00002eec                LED2_Write
 .text.LED3_Write
                0x00002f28       0x3c .\CortexM3\ARM_GCC_541\Debug\CS301_Class.a(LED3.o)
                0x00002f28                LED3_Write
 .text.LED4_Write
                0x00002f64       0x38 .\CortexM3\ARM_GCC_541\Debug\CS301_Class.a(LED4.o)
                0x00002f64                LED4_Write
 .text.LED5_Write
                0x00002f9c       0x3c .\CortexM3\ARM_GCC_541\Debug\CS301_Class.a(LED5.o)
                0x00002f9c                LED5_Write
 .text.LED6_Write
                0x00002fd8       0x3c .\CortexM3\ARM_GCC_541\Debug\CS301_Class.a(LED6.o)
                0x00002fd8                LED6_Write
 .text.front_left_Start
                0x00003014       0x20 .\CortexM3\ARM_GCC_541\Debug\CS301_Class.a(front_left.o)
                0x00003014                front_left_Start
 .text.front_left_Interrupt
                0x00003034        0xc .\CortexM3\ARM_GCC_541\Debug\CS301_Class.a(front_left.o)
                0x00003034                front_left_Interrupt
 .text.front_left_SetVector
                0x00003040       0x24 .\CortexM3\ARM_GCC_541\Debug\CS301_Class.a(front_left.o)
                0x00003040                front_left_SetVector
 .text.front_left_SetPriority
                0x00003064       0x24 .\CortexM3\ARM_GCC_541\Debug\CS301_Class.a(front_left.o)
                0x00003064                front_left_SetPriority
 .text.front_left_Enable
                0x00003088       0x18 .\CortexM3\ARM_GCC_541\Debug\CS301_Class.a(front_left.o)
                0x00003088                front_left_Enable
 .text.front_left_Disable
                0x000030a0       0x18 .\CortexM3\ARM_GCC_541\Debug\CS301_Class.a(front_left.o)
                0x000030a0                front_left_Disable
 .text          0x000030b8       0x20 .\CortexM3\ARM_GCC_541\Debug\CS301_Class.a(CyBootAsmGnu.o)
                0x000030b8                CyDelayCycles
                0x000030c8                CyEnterCriticalSection
                0x000030d0                CyExitCriticalSection
 .text.USBUART_DispatchClassRqst
                0x000030d8       0x84 .\CortexM3\ARM_GCC_541\Debug\CS301_Class.a(USBUART_cls.o)
                0x000030d8                USBUART_DispatchClassRqst
 .text          0x0000315c      0x21c c:/program files (x86)/cypress/psoc creator/4.2/psoc creator/import/gnu/arm/5.4.1/bin/../lib/gcc/arm-none-eabi/5.4.1/armv7-m\libgcc.a(_arm_addsubsf3.o)
                0x0000315c                __aeabi_frsub
                0x00003164                __subsf3
                0x00003164                __aeabi_fsub
                0x00003168                __aeabi_fadd
                0x00003168                __addsf3
                0x000032c8                __aeabi_ui2f
                0x000032c8                __floatunsisf
                0x000032d0                __aeabi_i2f
                0x000032d0                __floatsisf
                0x000032ec                __aeabi_ul2f
                0x000032ec                __floatundisf
                0x000032fc                __aeabi_l2f
                0x000032fc                __floatdisf
 .text          0x00003378      0x2a0 c:/program files (x86)/cypress/psoc creator/4.2/psoc creator/import/gnu/arm/5.4.1/bin/../lib/gcc/arm-none-eabi/5.4.1/armv7-m\libgcc.a(_arm_muldivsf3.o)
                0x00003378                __mulsf3
                0x00003378                __aeabi_fmul
                0x000034e0                __aeabi_fdiv
                0x000034e0                __divsf3
 .text.__errno  0x00003618        0xc c:/program files (x86)/cypress/psoc creator/4.2/psoc creator/import/gnu/arm/5.4.1/bin/../lib/gcc/arm-none-eabi/5.4.1/../../../../arm-none-eabi/lib/armv7-m\libg_nano.a(lib_a-errno.o)
                0x00003618                __errno
 .text.__libc_init_array
                0x00003624       0x4c c:/program files (x86)/cypress/psoc creator/4.2/psoc creator/import/gnu/arm/5.4.1/bin/../lib/gcc/arm-none-eabi/5.4.1/../../../../arm-none-eabi/lib/armv7-m\libg_nano.a(lib_a-init.o)
                0x00003624                __libc_init_array
 .text.memcpy   0x00003670       0x16 c:/program files (x86)/cypress/psoc creator/4.2/psoc creator/import/gnu/arm/5.4.1/bin/../lib/gcc/arm-none-eabi/5.4.1/../../../../arm-none-eabi/lib/armv7-m\libg_nano.a(lib_a-memcpy-stub.o)
                0x00003670                memcpy
 .text.memset   0x00003686       0x10 c:/program files (x86)/cypress/psoc creator/4.2/psoc creator/import/gnu/arm/5.4.1/bin/../lib/gcc/arm-none-eabi/5.4.1/../../../../arm-none-eabi/lib/armv7-m\libg_nano.a(lib_a-memset.o)
                0x00003686                memset
 *(.plt)
 *(.gnu.warning)
 *(.glue_7t)
 .glue_7t       0x00003696        0x0 linker stubs
 *(.glue_7)
 .glue_7        0x00003696        0x0 linker stubs
 *(.vfp11_veneer)
 .vfp11_veneer  0x00003696        0x0 linker stubs
 *(.bootloader)
 *(.ARM.extab* .gnu.linkonce.armextab.*)
 *(.gcc_except_table)

.v4_bx          0x00003698        0x0
 .v4_bx         0x00003698        0x0 linker stubs

.iplt           0x00003698        0x0
 .iplt          0x00003698        0x0 c:/program files (x86)/cypress/psoc creator/4.2/psoc creator/import/gnu/arm/5.4.1/bin/../lib/gcc/arm-none-eabi/5.4.1/armv7-m/crtbegin.o

.eh_frame_hdr
 *(.eh_frame_hdr)

.eh_frame       0x00003698        0x4
 *(.eh_frame)
 .eh_frame      0x00003698        0x0 c:/program files (x86)/cypress/psoc creator/4.2/psoc creator/import/gnu/arm/5.4.1/bin/../lib/gcc/arm-none-eabi/5.4.1/armv7-m/crtbegin.o
 .eh_frame      0x00003698        0x4 c:/program files (x86)/cypress/psoc creator/4.2/psoc creator/import/gnu/arm/5.4.1/bin/../lib/gcc/arm-none-eabi/5.4.1/armv7-m/crtend.o
                [!provide]                PROVIDE (__exidx_start, .)

.ARM.exidx
 *(.ARM.exidx* .gnu.linkonce.armexidx.*)
                0x0000369c                __exidx_end = .

.rodata         0x0000369c      0x214
 *(.rodata .rodata.* .gnu.linkonce.r.*)
 .rodata        0x0000369c       0x2a .\CortexM3\ARM_GCC_541\Debug\cyfitter_cfg.o
 *fill*         0x000036c6        0x2 
 .rodata        0x000036c8       0x11 .\CortexM3\ARM_GCC_541\Debug\CS301_Class.a(USBUART_std.o)
 *fill*         0x000036d9        0x3 
 .rodata        0x000036dc      0x19c .\CortexM3\ARM_GCC_541\Debug\CS301_Class.a(USBUART_descr.o)
                0x000036dc                USBUART_DEVICE0_DESCR
                0x000036f0                USBUART_DEVICE0_CONFIGURATION0_DESCR
                0x00003734                USBUART_STRING_DESCRIPTORS
                0x000037d4                USBUART_SN_STRING_DESCRIPTOR
                0x000037d8                USBUART_DEVICE0_CONFIGURATION0_EP_SETTINGS_TABLE
                0x000037f0                USBUART_DEVICE0_CONFIGURATION0_INTERFACE_CLASS
                0x000037f4                USBUART_DEVICE0_CONFIGURATION0_TABLE
                0x0000381c                USBUART_DEVICE0_TABLE
                0x00003834                USBUART_TABLE
                0x0000383c                USBUART_MSOS_DESCRIPTOR
                0x00003850                USBUART_MSOS_CONFIGURATION_DESCR
 .rodata.str1.1
                0x00003878        0x2 c:/program files (x86)/cypress/psoc creator/4.2/psoc creator/import/gnu/arm/5.4.1/bin/../lib/gcc/arm-none-eabi/5.4.1/../../../../arm-none-eabi/lib/armv7-m\libg_nano.a(lib_a-impure.o)
                0x0000387c                . = ALIGN (0x4)
 *fill*         0x0000387a        0x2 
 *(.init)
 .init          0x0000387c        0x4 c:/program files (x86)/cypress/psoc creator/4.2/psoc creator/import/gnu/arm/5.4.1/bin/../lib/gcc/arm-none-eabi/5.4.1/armv7-m/crti.o
                0x0000387c                _init
 .init          0x00003880        0x8 c:/program files (x86)/cypress/psoc creator/4.2/psoc creator/import/gnu/arm/5.4.1/bin/../lib/gcc/arm-none-eabi/5.4.1/armv7-m/crtn.o
                0x00003888                . = ALIGN (0x4)
                0x00003888                __preinit_array_start = .
 *(.preinit_array)
                0x00003888                __preinit_array_end = .
                0x00003888                . = ALIGN (0x4)
                0x00003888                __init_array_start = .
 *(SORT(.init_array.*))
 *(.init_array)
 .init_array    0x00003888        0x4 c:/program files (x86)/cypress/psoc creator/4.2/psoc creator/import/gnu/arm/5.4.1/bin/../lib/gcc/arm-none-eabi/5.4.1/armv7-m/crtbegin.o
 .init_array    0x0000388c        0x4 .\CortexM3\ARM_GCC_541\Debug\Cm3Start.o
                0x00003890                __init_array_end = .
                0x00003890                . = ALIGN (0x4)
 *(.fini)
 .fini          0x00003890        0x4 c:/program files (x86)/cypress/psoc creator/4.2/psoc creator/import/gnu/arm/5.4.1/bin/../lib/gcc/arm-none-eabi/5.4.1/armv7-m/crti.o
                0x00003890                _fini
 .fini          0x00003894        0x8 c:/program files (x86)/cypress/psoc creator/4.2/psoc creator/import/gnu/arm/5.4.1/bin/../lib/gcc/arm-none-eabi/5.4.1/armv7-m/crtn.o
                0x0000389c                . = ALIGN (0x4)
                0x0000389c                __fini_array_start = .
 *(.fini_array)
 .fini_array    0x0000389c        0x4 c:/program files (x86)/cypress/psoc creator/4.2/psoc creator/import/gnu/arm/5.4.1/bin/../lib/gcc/arm-none-eabi/5.4.1/armv7-m/crtbegin.o
 *(SORT(.fini_array.*))
                0x000038a0                __fini_array_end = .
                0x000038a0                . = ALIGN (0x4)
 *crtbegin.o(.ctors)
 *(EXCLUDE_FILE(*crtend.o) .ctors)
 *(SORT(.ctors.*))
 *crtend.o(.ctors)
                0x000038a0                . = ALIGN (0x4)
 *crtbegin.o(.dtors)
 *(EXCLUDE_FILE(*crtend.o) .dtors)
 *(SORT(.dtors.*))
 *crtend.o(.dtors)
                0x000038a0                . = ALIGN (0x4)
                0x000038a0                __cy_regions = .
                0x000038a0        0x4 LONG 0x38b0 __cy_region_init_ram
                0x000038a4        0x4 LONG 0x1fff80c8 __cy_region_start_data
                0x000038a8        0x4 LONG 0x98 __cy_region_init_size_ram
                0x000038ac        0x4 LONG 0x138 __cy_region_zero_size_ram
                0x000038b0                __cy_regions_end = .
                0x000038b0                . = ALIGN (0x8)
                0x000038b0                _etext = .

.cy_checksum_exclude
                0x000038b0        0x0
 *(.cy_checksum_exclude)

.ramvectors     0x1fff8000       0xc0
                0x1fff8000                __cy_region_start_ram = .
 *(.ramvectors)
 .ramvectors    0x1fff8000       0xc0 .\CortexM3\ARM_GCC_541\Debug\Cm3Start.o
                0x1fff8000                CyRamVectors

.noinit         0x1fff80c0        0x5
 *(.noinit)
 .noinit        0x1fff80c0        0x4 .\CortexM3\ARM_GCC_541\Debug\Cm3Start.o
 .noinit        0x1fff80c4        0x1 .\CortexM3\ARM_GCC_541\Debug\CS301_Class.a(CyLib.o)
                0x1fff80c4                CyResetStatus

.data           0x1fff80c8       0x98 load address 0x000038b0
                0x1fff80c8                __cy_region_start_data = .
 *(.jcr)
 .jcr           0x1fff80c8        0x0 c:/program files (x86)/cypress/psoc creator/4.2/psoc creator/import/gnu/arm/5.4.1/bin/../lib/gcc/arm-none-eabi/5.4.1/armv7-m/crtbegin.o
 .jcr           0x1fff80c8        0x4 c:/program files (x86)/cypress/psoc creator/4.2/psoc creator/import/gnu/arm/5.4.1/bin/../lib/gcc/arm-none-eabi/5.4.1/armv7-m/crtend.o
 *(.got.plt)
 *(.got)
 *(.shdata)
 *(.data .data.* .gnu.linkonce.d.*)
 .data          0x1fff80cc       0x1a .\CortexM3\ARM_GCC_541\Debug\CS301_Class.a(USBUART_cdc.o)
                0x1fff80cc                USBUART_linesCoding
 *fill*         0x1fff80e6        0x2 
 .data          0x1fff80e8       0x10 .\CortexM3\ARM_GCC_541\Debug\CS301_Class.a(CyLib.o)
                0x1fff80e8                cydelay_freq_hz
                0x1fff80ec                cydelay_freq_khz
                0x1fff80f0                cydelay_freq_mhz
                0x1fff80f4                cydelay_32k_ms
 .data.impure_data
                0x1fff80f8       0x60 c:/program files (x86)/cypress/psoc creator/4.2/psoc creator/import/gnu/arm/5.4.1/bin/../lib/gcc/arm-none-eabi/5.4.1/../../../../arm-none-eabi/lib/armv7-m\libg_nano.a(lib_a-impure.o)
 .data._impure_ptr
                0x1fff8158        0x4 c:/program files (x86)/cypress/psoc creator/4.2/psoc creator/import/gnu/arm/5.4.1/bin/../lib/gcc/arm-none-eabi/5.4.1/../../../../arm-none-eabi/lib/armv7-m\libg_nano.a(lib_a-impure.o)
                0x1fff8158                _impure_ptr
                0x1fff8160                . = ALIGN (0x8)
 *fill*         0x1fff815c        0x4 
 *(.ram)
                0x1fff8160                _edata = .

.igot.plt       0x1fff8160        0x0 load address 0x00003948
 .igot.plt      0x1fff8160        0x0 c:/program files (x86)/cypress/psoc creator/4.2/psoc creator/import/gnu/arm/5.4.1/bin/../lib/gcc/arm-none-eabi/5.4.1/armv7-m/crtbegin.o

.bss            0x1fff8160      0x138 load address 0x00003948
                0x1fff8160                PROVIDE (__bss_start__, .)
 *(.shbss)
 *(.bss .bss.* .gnu.linkonce.b.*)
 .bss           0x1fff8160       0x1c c:/program files (x86)/cypress/psoc creator/4.2/psoc creator/import/gnu/arm/5.4.1/bin/../lib/gcc/arm-none-eabi/5.4.1/armv7-m/crtbegin.o
 .bss           0x1fff817c       0x3a .\CortexM3\ARM_GCC_541\Debug\main.o
                0x1fff817c                ts
                0x1fff817e                ts_enc
                0x1fff8180                ts_update
                0x1fff8182                ts_speed
                0x1fff8184                ts_display
                0x1fff8186                flag_ts_enc
                0x1fff8187                flag_ts_update
                0x1fff8188                flag_ts_speed
                0x1fff8189                flag_ts_display
                0x1fff818a                flag_rx
                0x1fff818b                flag_packet
                0x1fff818c                flag_KB_string
                0x1fff818d                dataready_flag
                0x1fff81a5                front_left_flag
                0x1fff81a6                front_right_flag
                0x1fff81a7                mid_left_flag
                0x1fff81a8                mid_right_flag
                0x1fff81a9                left_wing_flag
                0x1fff81aa                right_wing_flag
                0x1fff81ac                edges
 .bss           0x1fff81b6        0x1 .\CortexM3\ARM_GCC_541\Debug\CS301_Class.a(Timer_TS.o)
                0x1fff81b6                Timer_TS_initVar
 .bss           0x1fff81b7        0x1 .\CortexM3\ARM_GCC_541\Debug\CS301_Class.a(USBUART.o)
                0x1fff81b7                USBUART_initVar
 .bss           0x1fff81b8        0x2 .\CortexM3\ARM_GCC_541\Debug\CS301_Class.a(USBUART_std.o)
 .bss           0x1fff81ba        0x1 .\CortexM3\ARM_GCC_541\Debug\CS301_Class.a(PWM_1.o)
                0x1fff81ba                PWM_1_initVar
 .bss           0x1fff81bb        0x1 .\CortexM3\ARM_GCC_541\Debug\CS301_Class.a(PWM_2.o)
                0x1fff81bb                PWM_2_initVar
 .bss           0x1fff81bc        0x1 .\CortexM3\ARM_GCC_541\Debug\CS301_Class.a(QuadDec_M1.o)
                0x1fff81bc                QuadDec_M1_initVar
 .bss           0x1fff81bd        0x1 .\CortexM3\ARM_GCC_541\Debug\CS301_Class.a(QuadDec_M1_Cnt16.o)
                0x1fff81bd                QuadDec_M1_Cnt16_initVar
 *(COMMON)
 *fill*         0x1fff81be        0x2 
 COMMON         0x1fff81c0       0x18 .\CortexM3\ARM_GCC_541\Debug\CS301_Class.a(USBUART_cdc.o)
                0x1fff81c0                USBUART_linesChanged
                0x1fff81c4                USBUART_cdcDataInEp
                0x1fff81c8                USBUART_cdcCommInInterruptEp
                0x1fff81cc                USBUART_cdcDataOutEp
                0x1fff81d0                USBUART_serialStateBitmap
                0x1fff81d4                USBUART_linesControlBitmap
 COMMON         0x1fff81d8       0x9a .\CortexM3\ARM_GCC_541\Debug\CS301_Class.a(USBUART_drv.o)
                0x1fff81d8                USBUART_lastPacketSize
                0x1fff81d9                USBUART_device
                0x1fff81da                USBUART_transferByteCount
                0x1fff81dc                USBUART_transferState
                0x1fff81e0                USBUART_interfaceSettingLast
                0x1fff81e4                USBUART_currentTD
                0x1fff81f0                USBUART_interfaceNumber
                0x1fff81f4                USBUART_interfaceClass
                0x1fff81f8                USBUART_configurationChanged
                0x1fff81f9                USBUART_ep0Mode
                0x1fff81fa                USBUART_deviceAddress
                0x1fff81fb                USBUART_configuration
                0x1fff81fc                USBUART_ep0Count
                0x1fff81fd                USBUART_deviceStatus
                0x1fff8200                USBUART_EP
                0x1fff826c                USBUART_interfaceSetting
                0x1fff826e                USBUART_ep0Toggle
                0x1fff8270                USBUART_interfaceStatus
 *fill*         0x1fff8272        0x2 
 COMMON         0x1fff8274       0x22 .\CortexM3\ARM_GCC_541\Debug\CS301_Class.a(USBUART_descr.o)
                0x1fff8274                USBUART_idSerialNumberStringDescriptor
                0x1fff8298                . = ALIGN (0x8)
 *fill*         0x1fff8296        0x2 
 *(.ram.b)
                0x1fff8298                _end = .
                0x1fff8298                __end = .
                0x1fff8298                PROVIDE (end, .)
                0x1fff8298                PROVIDE (__bss_end__, .)
                0x000038b0                __cy_region_init_ram = LOADADDR (.data)
                0x00000098                __cy_region_init_size_ram = (_edata - ADDR (.data))
                0x00000138                __cy_region_zero_size_ram = (_end - _edata)

.heap           0x1fff8298       0x80 load address 0x00003948
                0x1fff8298                . = _end
                0x1fff8318                . = (. + 0x80)
 *fill*         0x1fff8298       0x80 
                0x1fff8318                __cy_heap_limit = .

.stack          0x20007800      0x800
                0x20007800                __cy_stack_limit = .
                0x20008000                . = (. + 0x800)
 *fill*         0x20007800      0x800 
                0x00000001                ASSERT ((__cy_stack_limit >= __cy_heap_limit), region RAM overflowed with stack)
                0x00000000                cy_checksum_exclude_size = (CY_APPL_LOADABLE == 0x1)?SIZEOF (.cy_checksum_exclude):0x0
                0x00000001                ASSERT ((cy_checksum_exclude_size <= CY_CHECKSUM_EXCLUDE_SIZE), CY_BOOT: Section .cy_checksum_exclude size exceedes specified limit.)

.cyloadermeta
 *(.cyloadermeta)

.cyloadablemeta
 *(.cyloadablemeta)

.cyconfigecc    0x80000000      0xb3c
 *(.cyconfigecc)
 .cyconfigecc   0x80000000      0xb3c .\CortexM3\ARM_GCC_541\Debug\cymetadata.o
                0x80000000                cy_meta_configecc

.cycustnvl      0x90000000        0x4
 *(.cycustnvl)
 .cycustnvl     0x90000000        0x4 .\CortexM3\ARM_GCC_541\Debug\cymetadata.o
                0x90000000                cy_meta_custnvl

.cywolatch      0x90100000        0x4
 *(.cywolatch)
 .cywolatch     0x90100000        0x4 .\CortexM3\ARM_GCC_541\Debug\cymetadata.o
                0x90100000                cy_meta_wonvl

.cyeeprom       0x90200000        0x0
 *(.cyeeprom)
                0x00000001                ASSERT ((. <= ((0x90200000 + ee_offset) + ee_size)), .cyeeprom data will not fit in EEPROM)

.cyflashprotect
                0x90400000      0x100
 *(.cyflashprotect)
 .cyflashprotect
                0x90400000      0x100 .\CortexM3\ARM_GCC_541\Debug\cymetadata.o
                0x90400000                cy_meta_flashprotect

.cymeta         0x90500000        0xc
 *(.cymeta)
 .cymeta        0x90500000        0xc .\CortexM3\ARM_GCC_541\Debug\cymetadata.o
                0x90500000                cy_metadata

.rel.dyn        0x00003948        0x0 load address 0x9050000c
 .rel.iplt      0x00003948        0x0 c:/program files (x86)/cypress/psoc creator/4.2/psoc creator/import/gnu/arm/5.4.1/bin/../lib/gcc/arm-none-eabi/5.4.1/armv7-m/crtbegin.o

.stab
 *(.stab)

.stabstr
 *(.stabstr)

.debug
 *(.debug)

.line
 *(.line)

.debug_srcinfo
 *(.debug_srcinfo)

.debug_sfnames
 *(.debug_sfnames)

.debug_aranges  0x00000000     0x10d8
 *(.debug_aranges)
 .debug_aranges
                0x00000000       0x40 .\CortexM3\ARM_GCC_541\Debug\main.o
 .debug_aranges
                0x00000040       0x28 .\CortexM3\ARM_GCC_541\Debug\tacho.o
 .debug_aranges
                0x00000068       0x28 .\CortexM3\ARM_GCC_541\Debug\SENSORS_READ.o
 .debug_aranges
                0x00000090       0x38 .\CortexM3\ARM_GCC_541\Debug\MOVEMENT.o
 .debug_aranges
                0x000000c8       0x60 .\CortexM3\ARM_GCC_541\Debug\cyfitter_cfg.o
 .debug_aranges
                0x00000128       0x18 .\CortexM3\ARM_GCC_541\Debug\cymetadata.o
 .debug_aranges
                0x00000140       0x48 .\CortexM3\ARM_GCC_541\Debug\Cm3Start.o
 .debug_aranges
                0x00000188       0x88 .\CortexM3\ARM_GCC_541\Debug\CS301_Class.a(Timer_TS.o)
 .debug_aranges
                0x00000210       0xc8 .\CortexM3\ARM_GCC_541\Debug\CS301_Class.a(USBUART.o)
 .debug_aranges
                0x000002d8       0xe8 .\CortexM3\ARM_GCC_541\Debug\CS301_Class.a(USBUART_cdc.o)
 .debug_aranges
                0x000003c0       0x98 .\CortexM3\ARM_GCC_541\Debug\CS301_Class.a(USBUART_drv.o)
 .debug_aranges
                0x00000458       0x40 .\CortexM3\ARM_GCC_541\Debug\CS301_Class.a(USBUART_episr.o)
 .debug_aranges
                0x00000498       0x40 .\CortexM3\ARM_GCC_541\Debug\CS301_Class.a(USBUART_pm.o)
 .debug_aranges
                0x000004d8       0x80 .\CortexM3\ARM_GCC_541\Debug\CS301_Class.a(USBUART_std.o)
 .debug_aranges
                0x00000558       0x20 .\CortexM3\ARM_GCC_541\Debug\CS301_Class.a(USBUART_vnd.o)
 .debug_aranges
                0x00000578       0x48 .\CortexM3\ARM_GCC_541\Debug\CS301_Class.a(USBUART_Dp.o)
 .debug_aranges
                0x000005c0      0x2a0 .\CortexM3\ARM_GCC_541\Debug\CS301_Class.a(CyLib.o)
 .debug_aranges
                0x00000860       0x98 .\CortexM3\ARM_GCC_541\Debug\CS301_Class.a(cyPm.o)
 .debug_aranges
                0x000008f8       0x78 .\CortexM3\ARM_GCC_541\Debug\CS301_Class.a(PWM_1.o)
 .debug_aranges
                0x00000970       0x78 .\CortexM3\ARM_GCC_541\Debug\CS301_Class.a(PWM_2.o)
 .debug_aranges
                0x000009e8       0x60 .\CortexM3\ARM_GCC_541\Debug\CS301_Class.a(QuadDec_M1.o)
 .debug_aranges
                0x00000a48       0x60 .\CortexM3\ARM_GCC_541\Debug\CS301_Class.a(QuadDec_M2.o)
 .debug_aranges
                0x00000aa8       0x98 .\CortexM3\ARM_GCC_541\Debug\CS301_Class.a(QuadDec_M1_Cnt16.o)
 .debug_aranges
                0x00000b40       0x98 .\CortexM3\ARM_GCC_541\Debug\CS301_Class.a(QuadDec_M2_Cnt16.o)
 .debug_aranges
                0x00000bd8       0x80 .\CortexM3\ARM_GCC_541\Debug\CS301_Class.a(isr_1.o)
 .debug_aranges
                0x00000c58       0x38 .\CortexM3\ARM_GCC_541\Debug\CS301_Class.a(Output_1.o)
 .debug_aranges
                0x00000c90       0x38 .\CortexM3\ARM_GCC_541\Debug\CS301_Class.a(Output_2.o)
 .debug_aranges
                0x00000cc8       0x38 .\CortexM3\ARM_GCC_541\Debug\CS301_Class.a(Output_3.o)
 .debug_aranges
                0x00000d00       0x38 .\CortexM3\ARM_GCC_541\Debug\CS301_Class.a(Output_4.o)
 .debug_aranges
                0x00000d38       0x38 .\CortexM3\ARM_GCC_541\Debug\CS301_Class.a(Output_5.o)
 .debug_aranges
                0x00000d70       0x38 .\CortexM3\ARM_GCC_541\Debug\CS301_Class.a(Output_6.o)
 .debug_aranges
                0x00000da8       0x38 .\CortexM3\ARM_GCC_541\Debug\CS301_Class.a(LED1.o)
 .debug_aranges
                0x00000de0       0x38 .\CortexM3\ARM_GCC_541\Debug\CS301_Class.a(LED2.o)
 .debug_aranges
                0x00000e18       0x38 .\CortexM3\ARM_GCC_541\Debug\CS301_Class.a(LED3.o)
 .debug_aranges
                0x00000e50       0x38 .\CortexM3\ARM_GCC_541\Debug\CS301_Class.a(LED4.o)
 .debug_aranges
                0x00000e88       0x38 .\CortexM3\ARM_GCC_541\Debug\CS301_Class.a(LED5.o)
 .debug_aranges
                0x00000ec0       0x38 .\CortexM3\ARM_GCC_541\Debug\CS301_Class.a(LED6.o)
 .debug_aranges
                0x00000ef8       0x80 .\CortexM3\ARM_GCC_541\Debug\CS301_Class.a(front_left.o)
 .debug_aranges
                0x00000f78       0x20 .\CortexM3\ARM_GCC_541\Debug\CS301_Class.a(CyBootAsmGnu.o)
 .debug_aranges
                0x00000f98       0x20 .\CortexM3\ARM_GCC_541\Debug\CS301_Class.a(USBUART_cls.o)
 .debug_aranges
                0x00000fb8       0x18 .\CortexM3\ARM_GCC_541\Debug\CS301_Class.a(USBUART_descr.o)
 .debug_aranges
                0x00000fd0       0x88 .\CortexM3\ARM_GCC_541\Debug\CS301_Class.a(CyFlash.o)
 .debug_aranges
                0x00001058       0x80 .\CortexM3\ARM_GCC_541\Debug\CS301_Class.a(CySpc.o)

.debug_pubnames
 *(.debug_pubnames)

.debug_info     0x00000000     0x7b86
 *(.debug_info .gnu.linkonce.wi.*)
 .debug_info    0x00000000      0x57e .\CortexM3\ARM_GCC_541\Debug\main.o
 .debug_info    0x0000057e      0x14e .\CortexM3\ARM_GCC_541\Debug\tacho.o
 .debug_info    0x000006cc      0x203 .\CortexM3\ARM_GCC_541\Debug\SENSORS_READ.o
 .debug_info    0x000008cf      0x189 .\CortexM3\ARM_GCC_541\Debug\MOVEMENT.o
 .debug_info    0x00000a58      0x3ab .\CortexM3\ARM_GCC_541\Debug\cyfitter_cfg.o
 .debug_info    0x00000e03      0x139 .\CortexM3\ARM_GCC_541\Debug\cymetadata.o
 .debug_info    0x00000f3c      0x32b .\CortexM3\ARM_GCC_541\Debug\Cm3Start.o
 .debug_info    0x00001267      0x245 .\CortexM3\ARM_GCC_541\Debug\CS301_Class.a(Timer_TS.o)
 .debug_info    0x000014ac      0x717 .\CortexM3\ARM_GCC_541\Debug\CS301_Class.a(USBUART.o)
 .debug_info    0x00001bc3      0x924 .\CortexM3\ARM_GCC_541\Debug\CS301_Class.a(USBUART_cdc.o)
 .debug_info    0x000024e7      0x52d .\CortexM3\ARM_GCC_541\Debug\CS301_Class.a(USBUART_drv.o)
 .debug_info    0x00002a14      0x23b .\CortexM3\ARM_GCC_541\Debug\CS301_Class.a(USBUART_episr.o)
 .debug_info    0x00002c4f      0x18d .\CortexM3\ARM_GCC_541\Debug\CS301_Class.a(USBUART_pm.o)
 .debug_info    0x00002ddc      0x961 .\CortexM3\ARM_GCC_541\Debug\CS301_Class.a(USBUART_std.o)
 .debug_info    0x0000373d      0x1a9 .\CortexM3\ARM_GCC_541\Debug\CS301_Class.a(USBUART_vnd.o)
 .debug_info    0x000038e6      0x171 .\CortexM3\ARM_GCC_541\Debug\CS301_Class.a(USBUART_Dp.o)
 .debug_info    0x00003a57      0xe51 .\CortexM3\ARM_GCC_541\Debug\CS301_Class.a(CyLib.o)
 .debug_info    0x000048a8      0x57a .\CortexM3\ARM_GCC_541\Debug\CS301_Class.a(cyPm.o)
 .debug_info    0x00004e22      0x235 .\CortexM3\ARM_GCC_541\Debug\CS301_Class.a(PWM_1.o)
 .debug_info    0x00005057      0x235 .\CortexM3\ARM_GCC_541\Debug\CS301_Class.a(PWM_2.o)
 .debug_info    0x0000528c      0x208 .\CortexM3\ARM_GCC_541\Debug\CS301_Class.a(QuadDec_M1.o)
 .debug_info    0x00005494      0x208 .\CortexM3\ARM_GCC_541\Debug\CS301_Class.a(QuadDec_M2.o)
 .debug_info    0x0000569c      0x291 .\CortexM3\ARM_GCC_541\Debug\CS301_Class.a(QuadDec_M1_Cnt16.o)
 .debug_info    0x0000592d      0x291 .\CortexM3\ARM_GCC_541\Debug\CS301_Class.a(QuadDec_M2_Cnt16.o)
 .debug_info    0x00005bbe      0x241 .\CortexM3\ARM_GCC_541\Debug\CS301_Class.a(isr_1.o)
 .debug_info    0x00005dff      0x11e .\CortexM3\ARM_GCC_541\Debug\CS301_Class.a(Output_1.o)
 .debug_info    0x00005f1d      0x11e .\CortexM3\ARM_GCC_541\Debug\CS301_Class.a(Output_2.o)
 .debug_info    0x0000603b      0x11e .\CortexM3\ARM_GCC_541\Debug\CS301_Class.a(Output_3.o)
 .debug_info    0x00006159      0x11e .\CortexM3\ARM_GCC_541\Debug\CS301_Class.a(Output_4.o)
 .debug_info    0x00006277      0x11e .\CortexM3\ARM_GCC_541\Debug\CS301_Class.a(Output_5.o)
 .debug_info    0x00006395      0x11e .\CortexM3\ARM_GCC_541\Debug\CS301_Class.a(Output_6.o)
 .debug_info    0x000064b3      0x11e .\CortexM3\ARM_GCC_541\Debug\CS301_Class.a(LED1.o)
 .debug_info    0x000065d1      0x11e .\CortexM3\ARM_GCC_541\Debug\CS301_Class.a(LED2.o)
 .debug_info    0x000066ef      0x11e .\CortexM3\ARM_GCC_541\Debug\CS301_Class.a(LED3.o)
 .debug_info    0x0000680d      0x11e .\CortexM3\ARM_GCC_541\Debug\CS301_Class.a(LED4.o)
 .debug_info    0x0000692b      0x11e .\CortexM3\ARM_GCC_541\Debug\CS301_Class.a(LED5.o)
 .debug_info    0x00006a49      0x11e .\CortexM3\ARM_GCC_541\Debug\CS301_Class.a(LED6.o)
 .debug_info    0x00006b67      0x268 .\CortexM3\ARM_GCC_541\Debug\CS301_Class.a(front_left.o)
 .debug_info    0x00006dcf       0x95 .\CortexM3\ARM_GCC_541\Debug\CS301_Class.a(CyBootAsmGnu.o)
 .debug_info    0x00006e64      0x1c8 .\CortexM3\ARM_GCC_541\Debug\CS301_Class.a(USBUART_cls.o)
 .debug_info    0x0000702c      0x2e1 .\CortexM3\ARM_GCC_541\Debug\CS301_Class.a(USBUART_descr.o)
 .debug_info    0x0000730d      0x3b9 .\CortexM3\ARM_GCC_541\Debug\CS301_Class.a(CyFlash.o)
 .debug_info    0x000076c6      0x4c0 .\CortexM3\ARM_GCC_541\Debug\CS301_Class.a(CySpc.o)

.debug_abbrev   0x00000000     0x2b0b
 *(.debug_abbrev)
 .debug_abbrev  0x00000000      0x121 .\CortexM3\ARM_GCC_541\Debug\main.o
 .debug_abbrev  0x00000121       0x96 .\CortexM3\ARM_GCC_541\Debug\tacho.o
 .debug_abbrev  0x000001b7       0xce .\CortexM3\ARM_GCC_541\Debug\SENSORS_READ.o
 .debug_abbrev  0x00000285       0xe5 .\CortexM3\ARM_GCC_541\Debug\MOVEMENT.o
 .debug_abbrev  0x0000036a      0x19d .\CortexM3\ARM_GCC_541\Debug\cyfitter_cfg.o
 .debug_abbrev  0x00000507       0x77 .\CortexM3\ARM_GCC_541\Debug\cymetadata.o
 .debug_abbrev  0x0000057e      0x1d6 .\CortexM3\ARM_GCC_541\Debug\Cm3Start.o
 .debug_abbrev  0x00000754       0xe9 .\CortexM3\ARM_GCC_541\Debug\CS301_Class.a(Timer_TS.o)
 .debug_abbrev  0x0000083d      0x1f3 .\CortexM3\ARM_GCC_541\Debug\CS301_Class.a(USBUART.o)
 .debug_abbrev  0x00000a30      0x233 .\CortexM3\ARM_GCC_541\Debug\CS301_Class.a(USBUART_cdc.o)
 .debug_abbrev  0x00000c63      0x161 .\CortexM3\ARM_GCC_541\Debug\CS301_Class.a(USBUART_drv.o)
 .debug_abbrev  0x00000dc4       0xfd .\CortexM3\ARM_GCC_541\Debug\CS301_Class.a(USBUART_episr.o)
 .debug_abbrev  0x00000ec1       0xd1 .\CortexM3\ARM_GCC_541\Debug\CS301_Class.a(USBUART_pm.o)
 .debug_abbrev  0x00000f92      0x1c2 .\CortexM3\ARM_GCC_541\Debug\CS301_Class.a(USBUART_std.o)
 .debug_abbrev  0x00001154       0xc5 .\CortexM3\ARM_GCC_541\Debug\CS301_Class.a(USBUART_vnd.o)
 .debug_abbrev  0x00001219       0x90 .\CortexM3\ARM_GCC_541\Debug\CS301_Class.a(USBUART_Dp.o)
 .debug_abbrev  0x000012a9      0x217 .\CortexM3\ARM_GCC_541\Debug\CS301_Class.a(CyLib.o)
 .debug_abbrev  0x000014c0      0x161 .\CortexM3\ARM_GCC_541\Debug\CS301_Class.a(cyPm.o)
 .debug_abbrev  0x00001621      0x116 .\CortexM3\ARM_GCC_541\Debug\CS301_Class.a(PWM_1.o)
 .debug_abbrev  0x00001737      0x116 .\CortexM3\ARM_GCC_541\Debug\CS301_Class.a(PWM_2.o)
 .debug_abbrev  0x0000184d      0x130 .\CortexM3\ARM_GCC_541\Debug\CS301_Class.a(QuadDec_M1.o)
 .debug_abbrev  0x0000197d      0x130 .\CortexM3\ARM_GCC_541\Debug\CS301_Class.a(QuadDec_M2.o)
 .debug_abbrev  0x00001aad      0x12c .\CortexM3\ARM_GCC_541\Debug\CS301_Class.a(QuadDec_M1_Cnt16.o)
 .debug_abbrev  0x00001bd9      0x12c .\CortexM3\ARM_GCC_541\Debug\CS301_Class.a(QuadDec_M2_Cnt16.o)
 .debug_abbrev  0x00001d05      0x172 .\CortexM3\ARM_GCC_541\Debug\CS301_Class.a(isr_1.o)
 .debug_abbrev  0x00001e77       0x90 .\CortexM3\ARM_GCC_541\Debug\CS301_Class.a(Output_1.o)
 .debug_abbrev  0x00001f07       0x90 .\CortexM3\ARM_GCC_541\Debug\CS301_Class.a(Output_2.o)
 .debug_abbrev  0x00001f97       0x90 .\CortexM3\ARM_GCC_541\Debug\CS301_Class.a(Output_3.o)
 .debug_abbrev  0x00002027       0x90 .\CortexM3\ARM_GCC_541\Debug\CS301_Class.a(Output_4.o)
 .debug_abbrev  0x000020b7       0x90 .\CortexM3\ARM_GCC_541\Debug\CS301_Class.a(Output_5.o)
 .debug_abbrev  0x00002147       0x90 .\CortexM3\ARM_GCC_541\Debug\CS301_Class.a(Output_6.o)
 .debug_abbrev  0x000021d7       0x90 .\CortexM3\ARM_GCC_541\Debug\CS301_Class.a(LED1.o)
 .debug_abbrev  0x00002267       0x90 .\CortexM3\ARM_GCC_541\Debug\CS301_Class.a(LED2.o)
 .debug_abbrev  0x000022f7       0x90 .\CortexM3\ARM_GCC_541\Debug\CS301_Class.a(LED3.o)
 .debug_abbrev  0x00002387       0x90 .\CortexM3\ARM_GCC_541\Debug\CS301_Class.a(LED4.o)
 .debug_abbrev  0x00002417       0x90 .\CortexM3\ARM_GCC_541\Debug\CS301_Class.a(LED5.o)
 .debug_abbrev  0x000024a7       0x90 .\CortexM3\ARM_GCC_541\Debug\CS301_Class.a(LED6.o)
 .debug_abbrev  0x00002537      0x190 .\CortexM3\ARM_GCC_541\Debug\CS301_Class.a(front_left.o)
 .debug_abbrev  0x000026c7       0x14 .\CortexM3\ARM_GCC_541\Debug\CS301_Class.a(CyBootAsmGnu.o)
 .debug_abbrev  0x000026db       0xc5 .\CortexM3\ARM_GCC_541\Debug\CS301_Class.a(USBUART_cls.o)
 .debug_abbrev  0x000027a0       0xb4 .\CortexM3\ARM_GCC_541\Debug\CS301_Class.a(USBUART_descr.o)
 .debug_abbrev  0x00002854      0x14b .\CortexM3\ARM_GCC_541\Debug\CS301_Class.a(CyFlash.o)
 .debug_abbrev  0x0000299f      0x16c .\CortexM3\ARM_GCC_541\Debug\CS301_Class.a(CySpc.o)

.debug_line     0x00000000     0x41ca
 *(.debug_line)
 .debug_line    0x00000000      0x24a .\CortexM3\ARM_GCC_541\Debug\main.o
 .debug_line    0x0000024a      0x183 .\CortexM3\ARM_GCC_541\Debug\tacho.o
 .debug_line    0x000003cd      0x1c6 .\CortexM3\ARM_GCC_541\Debug\SENSORS_READ.o
 .debug_line    0x00000593      0x1c6 .\CortexM3\ARM_GCC_541\Debug\MOVEMENT.o
 .debug_line    0x00000759      0x1f7 .\CortexM3\ARM_GCC_541\Debug\cyfitter_cfg.o
 .debug_line    0x00000950      0x141 .\CortexM3\ARM_GCC_541\Debug\cymetadata.o
 .debug_line    0x00000a91      0x1dc .\CortexM3\ARM_GCC_541\Debug\Cm3Start.o
 .debug_line    0x00000c6d      0x160 .\CortexM3\ARM_GCC_541\Debug\CS301_Class.a(Timer_TS.o)
 .debug_line    0x00000dcd      0x307 .\CortexM3\ARM_GCC_541\Debug\CS301_Class.a(USBUART.o)
 .debug_line    0x000010d4      0x30c .\CortexM3\ARM_GCC_541\Debug\CS301_Class.a(USBUART_cdc.o)
 .debug_line    0x000013e0      0x21f .\CortexM3\ARM_GCC_541\Debug\CS301_Class.a(USBUART_drv.o)
 .debug_line    0x000015ff       0xf2 .\CortexM3\ARM_GCC_541\Debug\CS301_Class.a(USBUART_episr.o)
 .debug_line    0x000016f1       0xe6 .\CortexM3\ARM_GCC_541\Debug\CS301_Class.a(USBUART_pm.o)
 .debug_line    0x000017d7      0x470 .\CortexM3\ARM_GCC_541\Debug\CS301_Class.a(USBUART_std.o)
 .debug_line    0x00001c47       0x8f .\CortexM3\ARM_GCC_541\Debug\CS301_Class.a(USBUART_vnd.o)
 .debug_line    0x00001cd6       0xbf .\CortexM3\ARM_GCC_541\Debug\CS301_Class.a(USBUART_Dp.o)
 .debug_line    0x00001d95      0x883 .\CortexM3\ARM_GCC_541\Debug\CS301_Class.a(CyLib.o)
 .debug_line    0x00002618      0x38e .\CortexM3\ARM_GCC_541\Debug\CS301_Class.a(cyPm.o)
 .debug_line    0x000029a6      0x140 .\CortexM3\ARM_GCC_541\Debug\CS301_Class.a(PWM_1.o)
 .debug_line    0x00002ae6      0x140 .\CortexM3\ARM_GCC_541\Debug\CS301_Class.a(PWM_2.o)
 .debug_line    0x00002c26      0x10a .\CortexM3\ARM_GCC_541\Debug\CS301_Class.a(QuadDec_M1.o)
 .debug_line    0x00002d30      0x10a .\CortexM3\ARM_GCC_541\Debug\CS301_Class.a(QuadDec_M2.o)
 .debug_line    0x00002e3a      0x18e .\CortexM3\ARM_GCC_541\Debug\CS301_Class.a(QuadDec_M1_Cnt16.o)
 .debug_line    0x00002fc8      0x18e .\CortexM3\ARM_GCC_541\Debug\CS301_Class.a(QuadDec_M2_Cnt16.o)
 .debug_line    0x00003156      0x150 .\CortexM3\ARM_GCC_541\Debug\CS301_Class.a(isr_1.o)
 .debug_line    0x000032a6       0x98 .\CortexM3\ARM_GCC_541\Debug\CS301_Class.a(Output_1.o)
 .debug_line    0x0000333e       0x98 .\CortexM3\ARM_GCC_541\Debug\CS301_Class.a(Output_2.o)
 .debug_line    0x000033d6       0x98 .\CortexM3\ARM_GCC_541\Debug\CS301_Class.a(Output_3.o)
 .debug_line    0x0000346e       0x98 .\CortexM3\ARM_GCC_541\Debug\CS301_Class.a(Output_4.o)
 .debug_line    0x00003506       0x98 .\CortexM3\ARM_GCC_541\Debug\CS301_Class.a(Output_5.o)
 .debug_line    0x0000359e       0x98 .\CortexM3\ARM_GCC_541\Debug\CS301_Class.a(Output_6.o)
 .debug_line    0x00003636       0x94 .\CortexM3\ARM_GCC_541\Debug\CS301_Class.a(LED1.o)
 .debug_line    0x000036ca       0x94 .\CortexM3\ARM_GCC_541\Debug\CS301_Class.a(LED2.o)
 .debug_line    0x0000375e       0x94 .\CortexM3\ARM_GCC_541\Debug\CS301_Class.a(LED3.o)
 .debug_line    0x000037f2       0x94 .\CortexM3\ARM_GCC_541\Debug\CS301_Class.a(LED4.o)
 .debug_line    0x00003886       0x94 .\CortexM3\ARM_GCC_541\Debug\CS301_Class.a(LED5.o)
 .debug_line    0x0000391a       0x94 .\CortexM3\ARM_GCC_541\Debug\CS301_Class.a(LED6.o)
 .debug_line    0x000039ae      0x260 .\CortexM3\ARM_GCC_541\Debug\CS301_Class.a(front_left.o)
 .debug_line    0x00003c0e       0x66 .\CortexM3\ARM_GCC_541\Debug\CS301_Class.a(CyBootAsmGnu.o)
 .debug_line    0x00003c74       0x95 .\CortexM3\ARM_GCC_541\Debug\CS301_Class.a(USBUART_cls.o)
 .debug_line    0x00003d09       0x61 .\CortexM3\ARM_GCC_541\Debug\CS301_Class.a(USBUART_descr.o)
 .debug_line    0x00003d6a      0x22f .\CortexM3\ARM_GCC_541\Debug\CS301_Class.a(CyFlash.o)
 .debug_line    0x00003f99      0x231 .\CortexM3\ARM_GCC_541\Debug\CS301_Class.a(CySpc.o)

.debug_frame    0x00000000     0x3f5c
 *(.debug_frame)
 .debug_frame   0x00000000       0xcc .\CortexM3\ARM_GCC_541\Debug\main.o
 .debug_frame   0x000000cc       0x60 .\CortexM3\ARM_GCC_541\Debug\tacho.o
 .debug_frame   0x0000012c       0x60 .\CortexM3\ARM_GCC_541\Debug\SENSORS_READ.o
 .debug_frame   0x0000018c       0xa4 .\CortexM3\ARM_GCC_541\Debug\MOVEMENT.o
 .debug_frame   0x00000230      0x16c .\CortexM3\ARM_GCC_541\Debug\cyfitter_cfg.o
 .debug_frame   0x0000039c       0xd8 .\CortexM3\ARM_GCC_541\Debug\Cm3Start.o
 .debug_frame   0x00000474      0x208 .\CortexM3\ARM_GCC_541\Debug\CS301_Class.a(Timer_TS.o)
 .debug_frame   0x0000067c      0x37c .\CortexM3\ARM_GCC_541\Debug\CS301_Class.a(USBUART.o)
 .debug_frame   0x000009f8      0x3ec .\CortexM3\ARM_GCC_541\Debug\CS301_Class.a(USBUART_cdc.o)
 .debug_frame   0x00000de4      0x23c .\CortexM3\ARM_GCC_541\Debug\CS301_Class.a(USBUART_drv.o)
 .debug_frame   0x00001020       0xbc .\CortexM3\ARM_GCC_541\Debug\CS301_Class.a(USBUART_episr.o)
 .debug_frame   0x000010dc       0xbc .\CortexM3\ARM_GCC_541\Debug\CS301_Class.a(USBUART_pm.o)
 .debug_frame   0x00001198      0x224 .\CortexM3\ARM_GCC_541\Debug\CS301_Class.a(USBUART_std.o)
 .debug_frame   0x000013bc       0x38 .\CortexM3\ARM_GCC_541\Debug\CS301_Class.a(USBUART_vnd.o)
 .debug_frame   0x000013f4       0xf4 .\CortexM3\ARM_GCC_541\Debug\CS301_Class.a(USBUART_Dp.o)
 .debug_frame   0x000014e8      0xc0c .\CortexM3\ARM_GCC_541\Debug\CS301_Class.a(CyLib.o)
 .debug_frame   0x000020f4      0x234 .\CortexM3\ARM_GCC_541\Debug\CS301_Class.a(cyPm.o)
 .debug_frame   0x00002328      0x1d0 .\CortexM3\ARM_GCC_541\Debug\CS301_Class.a(PWM_1.o)
 .debug_frame   0x000024f8      0x1d0 .\CortexM3\ARM_GCC_541\Debug\CS301_Class.a(PWM_2.o)
 .debug_frame   0x000026c8      0x160 .\CortexM3\ARM_GCC_541\Debug\CS301_Class.a(QuadDec_M1.o)
 .debug_frame   0x00002828      0x160 .\CortexM3\ARM_GCC_541\Debug\CS301_Class.a(QuadDec_M2.o)
 .debug_frame   0x00002988      0x258 .\CortexM3\ARM_GCC_541\Debug\CS301_Class.a(QuadDec_M1_Cnt16.o)
 .debug_frame   0x00002be0      0x258 .\CortexM3\ARM_GCC_541\Debug\CS301_Class.a(QuadDec_M2_Cnt16.o)
 .debug_frame   0x00002e38      0x1e8 .\CortexM3\ARM_GCC_541\Debug\CS301_Class.a(isr_1.o)
 .debug_frame   0x00003020       0xa8 .\CortexM3\ARM_GCC_541\Debug\CS301_Class.a(Output_1.o)
 .debug_frame   0x000030c8       0xa8 .\CortexM3\ARM_GCC_541\Debug\CS301_Class.a(Output_2.o)
 .debug_frame   0x00003170       0xa8 .\CortexM3\ARM_GCC_541\Debug\CS301_Class.a(Output_3.o)
 .debug_frame   0x00003218       0xa8 .\CortexM3\ARM_GCC_541\Debug\CS301_Class.a(Output_4.o)
 .debug_frame   0x000032c0       0xa8 .\CortexM3\ARM_GCC_541\Debug\CS301_Class.a(Output_5.o)
 .debug_frame   0x00003368       0xa8 .\CortexM3\ARM_GCC_541\Debug\CS301_Class.a(Output_6.o)
 .debug_frame   0x00003410       0xa8 .\CortexM3\ARM_GCC_541\Debug\CS301_Class.a(LED1.o)
 .debug_frame   0x000034b8       0xa8 .\CortexM3\ARM_GCC_541\Debug\CS301_Class.a(LED2.o)
 .debug_frame   0x00003560       0xa8 .\CortexM3\ARM_GCC_541\Debug\CS301_Class.a(LED3.o)
 .debug_frame   0x00003608       0xa8 .\CortexM3\ARM_GCC_541\Debug\CS301_Class.a(LED4.o)
 .debug_frame   0x000036b0       0xa8 .\CortexM3\ARM_GCC_541\Debug\CS301_Class.a(LED5.o)
 .debug_frame   0x00003758       0xa8 .\CortexM3\ARM_GCC_541\Debug\CS301_Class.a(LED6.o)
 .debug_frame   0x00003800      0x1e8 .\CortexM3\ARM_GCC_541\Debug\CS301_Class.a(front_left.o)
 .debug_frame   0x000039e8       0x38 .\CortexM3\ARM_GCC_541\Debug\CS301_Class.a(USBUART_cls.o)
 .debug_frame   0x00003a20      0x238 .\CortexM3\ARM_GCC_541\Debug\CS301_Class.a(CyFlash.o)
 .debug_frame   0x00003c58      0x228 .\CortexM3\ARM_GCC_541\Debug\CS301_Class.a(CySpc.o)
 .debug_frame   0x00003e80       0x20 c:/program files (x86)/cypress/psoc creator/4.2/psoc creator/import/gnu/arm/5.4.1/bin/../lib/gcc/arm-none-eabi/5.4.1/../../../../arm-none-eabi/lib/armv7-m\libg_nano.a(lib_a-errno.o)
 .debug_frame   0x00003ea0       0x28 c:/program files (x86)/cypress/psoc creator/4.2/psoc creator/import/gnu/arm/5.4.1/bin/../lib/gcc/arm-none-eabi/5.4.1/../../../../arm-none-eabi/lib/armv7-m\libg_nano.a(lib_a-exit.o)
 .debug_frame   0x00003ec8       0x2c c:/program files (x86)/cypress/psoc creator/4.2/psoc creator/import/gnu/arm/5.4.1/bin/../lib/gcc/arm-none-eabi/5.4.1/../../../../arm-none-eabi/lib/armv7-m\libg_nano.a(lib_a-init.o)
 .debug_frame   0x00003ef4       0x28 c:/program files (x86)/cypress/psoc creator/4.2/psoc creator/import/gnu/arm/5.4.1/bin/../lib/gcc/arm-none-eabi/5.4.1/../../../../arm-none-eabi/lib/armv7-m\libg_nano.a(lib_a-memcpy-stub.o)
 .debug_frame   0x00003f1c       0x20 c:/program files (x86)/cypress/psoc creator/4.2/psoc creator/import/gnu/arm/5.4.1/bin/../lib/gcc/arm-none-eabi/5.4.1/../../../../arm-none-eabi/lib/armv7-m\libg_nano.a(lib_a-memset.o)
 .debug_frame   0x00003f3c       0x20 c:/program files (x86)/cypress/psoc creator/4.2/psoc creator/import/gnu/arm/5.4.1/bin/../lib/gcc/arm-none-eabi/5.4.1/../../../../arm-none-eabi/lib/armv7-m\libg_nano.a(lib_a-strcpy.o)

.debug_str      0x00000000     0x3912
 *(.debug_str)
 .debug_str     0x00000000      0x446 .\CortexM3\ARM_GCC_541\Debug\main.o
                                0x4cb (size before relaxing)
 .debug_str     0x00000446       0x37 .\CortexM3\ARM_GCC_541\Debug\tacho.o
                                0x1dc (size before relaxing)
 .debug_str     0x0000047d       0xf8 .\CortexM3\ARM_GCC_541\Debug\SENSORS_READ.o
                                0x2af (size before relaxing)
 .debug_str     0x00000575       0x35 .\CortexM3\ARM_GCC_541\Debug\MOVEMENT.o
                                0x22c (size before relaxing)
 .debug_str     0x000005aa      0x174 .\CortexM3\ARM_GCC_541\Debug\cyfitter_cfg.o
                                0x30e (size before relaxing)
 .debug_str     0x0000071e       0x75 .\CortexM3\ARM_GCC_541\Debug\cymetadata.o
                                0x1e9 (size before relaxing)
 .debug_str     0x00000793      0x11d .\CortexM3\ARM_GCC_541\Debug\Cm3Start.o
                                0x2dc (size before relaxing)
 .debug_str     0x000008b0      0x192 .\CortexM3\ARM_GCC_541\Debug\CS301_Class.a(Timer_TS.o)
                                0x32a (size before relaxing)
 .debug_str     0x00000a42      0x434 .\CortexM3\ARM_GCC_541\Debug\CS301_Class.a(USBUART.o)
                                0x5f0 (size before relaxing)
 .debug_str     0x00000e76      0x4d2 .\CortexM3\ARM_GCC_541\Debug\CS301_Class.a(USBUART_cdc.o)
                                0x71f (size before relaxing)
 .debug_str     0x00001348      0x296 .\CortexM3\ARM_GCC_541\Debug\CS301_Class.a(USBUART_drv.o)
                                0x5ff (size before relaxing)
 .debug_str     0x000015de       0x80 .\CortexM3\ARM_GCC_541\Debug\CS301_Class.a(USBUART_episr.o)
                                0x2cc (size before relaxing)
 .debug_str     0x0000165e       0xac .\CortexM3\ARM_GCC_541\Debug\CS301_Class.a(USBUART_pm.o)
                                0x270 (size before relaxing)
 .debug_str     0x0000170a      0x2bb .\CortexM3\ARM_GCC_541\Debug\CS301_Class.a(USBUART_std.o)
                                0x75f (size before relaxing)
 .debug_str     0x000019c5       0x5f .\CortexM3\ARM_GCC_541\Debug\CS301_Class.a(USBUART_vnd.o)
                                0x27c (size before relaxing)
 .debug_str     0x00001a24       0xb5 .\CortexM3\ARM_GCC_541\Debug\CS301_Class.a(USBUART_Dp.o)
                                0x246 (size before relaxing)
 .debug_str     0x00001ad9      0x7e9 .\CortexM3\ARM_GCC_541\Debug\CS301_Class.a(CyLib.o)
                                0x9ef (size before relaxing)
 .debug_str     0x000022c2      0x371 .\CortexM3\ARM_GCC_541\Debug\CS301_Class.a(cyPm.o)
                                0x548 (size before relaxing)
 .debug_str     0x00002633      0x116 .\CortexM3\ARM_GCC_541\Debug\CS301_Class.a(PWM_1.o)
                                0x2d2 (size before relaxing)
 .debug_str     0x00002749      0x109 .\CortexM3\ARM_GCC_541\Debug\CS301_Class.a(PWM_2.o)
                                0x2d2 (size before relaxing)
 .debug_str     0x00002852       0xfa .\CortexM3\ARM_GCC_541\Debug\CS301_Class.a(QuadDec_M1.o)
                                0x2ba (size before relaxing)
 .debug_str     0x0000294c       0xf3 .\CortexM3\ARM_GCC_541\Debug\CS301_Class.a(QuadDec_M2.o)
                                0x2ba (size before relaxing)
 .debug_str     0x00002a3f      0x245 .\CortexM3\ARM_GCC_541\Debug\CS301_Class.a(QuadDec_M1_Cnt16.o)
                                0x401 (size before relaxing)
 .debug_str     0x00002c84      0x236 .\CortexM3\ARM_GCC_541\Debug\CS301_Class.a(QuadDec_M2_Cnt16.o)
                                0x401 (size before relaxing)
 .debug_str     0x00002eba       0xe6 .\CortexM3\ARM_GCC_541\Debug\CS301_Class.a(isr_1.o)
                                0x2ab (size before relaxing)
 .debug_str     0x00002fa0       0x6a .\CortexM3\ARM_GCC_541\Debug\CS301_Class.a(Output_1.o)
                                0x1f6 (size before relaxing)
 .debug_str     0x0000300a       0x6a .\CortexM3\ARM_GCC_541\Debug\CS301_Class.a(Output_2.o)
                                0x1f6 (size before relaxing)
 .debug_str     0x00003074       0x6a .\CortexM3\ARM_GCC_541\Debug\CS301_Class.a(Output_3.o)
                                0x1f6 (size before relaxing)
 .debug_str     0x000030de       0x6a .\CortexM3\ARM_GCC_541\Debug\CS301_Class.a(Output_4.o)
                                0x1f6 (size before relaxing)
 .debug_str     0x00003148       0x6a .\CortexM3\ARM_GCC_541\Debug\CS301_Class.a(Output_5.o)
                                0x1f6 (size before relaxing)
 .debug_str     0x000031b2       0x6a .\CortexM3\ARM_GCC_541\Debug\CS301_Class.a(Output_6.o)
                                0x1f6 (size before relaxing)
 .debug_str     0x0000321c       0x56 .\CortexM3\ARM_GCC_541\Debug\CS301_Class.a(LED1.o)
                                0x1e2 (size before relaxing)
 .debug_str     0x00003272       0x56 .\CortexM3\ARM_GCC_541\Debug\CS301_Class.a(LED2.o)
                                0x1e2 (size before relaxing)
 .debug_str     0x000032c8       0x56 .\CortexM3\ARM_GCC_541\Debug\CS301_Class.a(LED3.o)
                                0x1e2 (size before relaxing)
 .debug_str     0x0000331e       0x56 .\CortexM3\ARM_GCC_541\Debug\CS301_Class.a(LED4.o)
                                0x1e2 (size before relaxing)
 .debug_str     0x00003374       0x56 .\CortexM3\ARM_GCC_541\Debug\CS301_Class.a(LED5.o)
                                0x1e2 (size before relaxing)
 .debug_str     0x000033ca       0x56 .\CortexM3\ARM_GCC_541\Debug\CS301_Class.a(LED6.o)
                                0x1e2 (size before relaxing)
 .debug_str     0x00003420      0x12c .\CortexM3\ARM_GCC_541\Debug\CS301_Class.a(front_left.o)
                                0x310 (size before relaxing)
 .debug_str     0x0000354c       0x3f .\CortexM3\ARM_GCC_541\Debug\CS301_Class.a(USBUART_cls.o)
                                0x294 (size before relaxing)
 .debug_str     0x0000358b      0x104 .\CortexM3\ARM_GCC_541\Debug\CS301_Class.a(USBUART_descr.o)
                                0x397 (size before relaxing)
 .debug_str     0x0000368f      0x156 .\CortexM3\ARM_GCC_541\Debug\CS301_Class.a(CyFlash.o)
                                0x30c (size before relaxing)
 .debug_str     0x000037e5      0x12d .\CortexM3\ARM_GCC_541\Debug\CS301_Class.a(CySpc.o)
                                0x306 (size before relaxing)

.debug_loc
 *(.debug_loc)

.debug_macinfo
 *(.debug_macinfo)

.debug_ranges   0x00000000      0xe08
 *(.debug_ranges)
 .debug_ranges  0x00000000       0x30 .\CortexM3\ARM_GCC_541\Debug\main.o
 .debug_ranges  0x00000030       0x18 .\CortexM3\ARM_GCC_541\Debug\tacho.o
 .debug_ranges  0x00000048       0x18 .\CortexM3\ARM_GCC_541\Debug\SENSORS_READ.o
 .debug_ranges  0x00000060       0x28 .\CortexM3\ARM_GCC_541\Debug\MOVEMENT.o
 .debug_ranges  0x00000088       0x50 .\CortexM3\ARM_GCC_541\Debug\cyfitter_cfg.o
 .debug_ranges  0x000000d8       0x38 .\CortexM3\ARM_GCC_541\Debug\Cm3Start.o
 .debug_ranges  0x00000110       0x78 .\CortexM3\ARM_GCC_541\Debug\CS301_Class.a(Timer_TS.o)
 .debug_ranges  0x00000188       0xb8 .\CortexM3\ARM_GCC_541\Debug\CS301_Class.a(USBUART.o)
 .debug_ranges  0x00000240       0xd8 .\CortexM3\ARM_GCC_541\Debug\CS301_Class.a(USBUART_cdc.o)
 .debug_ranges  0x00000318       0x88 .\CortexM3\ARM_GCC_541\Debug\CS301_Class.a(USBUART_drv.o)
 .debug_ranges  0x000003a0       0x30 .\CortexM3\ARM_GCC_541\Debug\CS301_Class.a(USBUART_episr.o)
 .debug_ranges  0x000003d0       0x30 .\CortexM3\ARM_GCC_541\Debug\CS301_Class.a(USBUART_pm.o)
 .debug_ranges  0x00000400       0x70 .\CortexM3\ARM_GCC_541\Debug\CS301_Class.a(USBUART_std.o)
 .debug_ranges  0x00000470       0x10 .\CortexM3\ARM_GCC_541\Debug\CS301_Class.a(USBUART_vnd.o)
 .debug_ranges  0x00000480       0x38 .\CortexM3\ARM_GCC_541\Debug\CS301_Class.a(USBUART_Dp.o)
 .debug_ranges  0x000004b8      0x290 .\CortexM3\ARM_GCC_541\Debug\CS301_Class.a(CyLib.o)
 .debug_ranges  0x00000748       0x88 .\CortexM3\ARM_GCC_541\Debug\CS301_Class.a(cyPm.o)
 .debug_ranges  0x000007d0       0x68 .\CortexM3\ARM_GCC_541\Debug\CS301_Class.a(PWM_1.o)
 .debug_ranges  0x00000838       0x68 .\CortexM3\ARM_GCC_541\Debug\CS301_Class.a(PWM_2.o)
 .debug_ranges  0x000008a0       0x50 .\CortexM3\ARM_GCC_541\Debug\CS301_Class.a(QuadDec_M1.o)
 .debug_ranges  0x000008f0       0x50 .\CortexM3\ARM_GCC_541\Debug\CS301_Class.a(QuadDec_M2.o)
 .debug_ranges  0x00000940       0x88 .\CortexM3\ARM_GCC_541\Debug\CS301_Class.a(QuadDec_M1_Cnt16.o)
 .debug_ranges  0x000009c8       0x88 .\CortexM3\ARM_GCC_541\Debug\CS301_Class.a(QuadDec_M2_Cnt16.o)
 .debug_ranges  0x00000a50       0x70 .\CortexM3\ARM_GCC_541\Debug\CS301_Class.a(isr_1.o)
 .debug_ranges  0x00000ac0       0x28 .\CortexM3\ARM_GCC_541\Debug\CS301_Class.a(Output_1.o)
 .debug_ranges  0x00000ae8       0x28 .\CortexM3\ARM_GCC_541\Debug\CS301_Class.a(Output_2.o)
 .debug_ranges  0x00000b10       0x28 .\CortexM3\ARM_GCC_541\Debug\CS301_Class.a(Output_3.o)
 .debug_ranges  0x00000b38       0x28 .\CortexM3\ARM_GCC_541\Debug\CS301_Class.a(Output_4.o)
 .debug_ranges  0x00000b60       0x28 .\CortexM3\ARM_GCC_541\Debug\CS301_Class.a(Output_5.o)
 .debug_ranges  0x00000b88       0x28 .\CortexM3\ARM_GCC_541\Debug\CS301_Class.a(Output_6.o)
 .debug_ranges  0x00000bb0       0x28 .\CortexM3\ARM_GCC_541\Debug\CS301_Class.a(LED1.o)
 .debug_ranges  0x00000bd8       0x28 .\CortexM3\ARM_GCC_541\Debug\CS301_Class.a(LED2.o)
 .debug_ranges  0x00000c00       0x28 .\CortexM3\ARM_GCC_541\Debug\CS301_Class.a(LED3.o)
 .debug_ranges  0x00000c28       0x28 .\CortexM3\ARM_GCC_541\Debug\CS301_Class.a(LED4.o)
 .debug_ranges  0x00000c50       0x28 .\CortexM3\ARM_GCC_541\Debug\CS301_Class.a(LED5.o)
 .debug_ranges  0x00000c78       0x28 .\CortexM3\ARM_GCC_541\Debug\CS301_Class.a(LED6.o)
 .debug_ranges  0x00000ca0       0x70 .\CortexM3\ARM_GCC_541\Debug\CS301_Class.a(front_left.o)
 .debug_ranges  0x00000d10       0x10 .\CortexM3\ARM_GCC_541\Debug\CS301_Class.a(USBUART_cls.o)
 .debug_ranges  0x00000d20       0x78 .\CortexM3\ARM_GCC_541\Debug\CS301_Class.a(CyFlash.o)
 .debug_ranges  0x00000d98       0x70 .\CortexM3\ARM_GCC_541\Debug\CS301_Class.a(CySpc.o)

.comment        0x00000000       0x6e
 .comment       0x00000000       0x6e .\CortexM3\ARM_GCC_541\Debug\main.o
                                 0x6f (size before relaxing)
 .comment       0x0000006e       0x6f .\CortexM3\ARM_GCC_541\Debug\tacho.o
 .comment       0x0000006e       0x6f .\CortexM3\ARM_GCC_541\Debug\SENSORS_READ.o
 .comment       0x0000006e       0x6f .\CortexM3\ARM_GCC_541\Debug\MOVEMENT.o
 .comment       0x0000006e       0x6f .\CortexM3\ARM_GCC_541\Debug\cyfitter_cfg.o
 .comment       0x0000006e       0x6f .\CortexM3\ARM_GCC_541\Debug\cymetadata.o
 .comment       0x0000006e       0x6f .\CortexM3\ARM_GCC_541\Debug\Cm3Start.o
 .comment       0x0000006e       0x6f .\CortexM3\ARM_GCC_541\Debug\CS301_Class.a(Timer_TS.o)
 .comment       0x0000006e       0x6f .\CortexM3\ARM_GCC_541\Debug\CS301_Class.a(USBUART.o)
 .comment       0x0000006e       0x6f .\CortexM3\ARM_GCC_541\Debug\CS301_Class.a(USBUART_cdc.o)
 .comment       0x0000006e       0x6f .\CortexM3\ARM_GCC_541\Debug\CS301_Class.a(USBUART_drv.o)
 .comment       0x0000006e       0x6f .\CortexM3\ARM_GCC_541\Debug\CS301_Class.a(USBUART_episr.o)
 .comment       0x0000006e       0x6f .\CortexM3\ARM_GCC_541\Debug\CS301_Class.a(USBUART_pm.o)
 .comment       0x0000006e       0x6f .\CortexM3\ARM_GCC_541\Debug\CS301_Class.a(USBUART_std.o)
 .comment       0x0000006e       0x6f .\CortexM3\ARM_GCC_541\Debug\CS301_Class.a(USBUART_vnd.o)
 .comment       0x0000006e       0x6f .\CortexM3\ARM_GCC_541\Debug\CS301_Class.a(USBUART_Dp.o)
 .comment       0x0000006e       0x6f .\CortexM3\ARM_GCC_541\Debug\CS301_Class.a(CyLib.o)
 .comment       0x0000006e       0x6f .\CortexM3\ARM_GCC_541\Debug\CS301_Class.a(cyPm.o)
 .comment       0x0000006e       0x6f .\CortexM3\ARM_GCC_541\Debug\CS301_Class.a(PWM_1.o)
 .comment       0x0000006e       0x6f .\CortexM3\ARM_GCC_541\Debug\CS301_Class.a(PWM_2.o)
 .comment       0x0000006e       0x6f .\CortexM3\ARM_GCC_541\Debug\CS301_Class.a(QuadDec_M1.o)
 .comment       0x0000006e       0x6f .\CortexM3\ARM_GCC_541\Debug\CS301_Class.a(QuadDec_M2.o)
 .comment       0x0000006e       0x6f .\CortexM3\ARM_GCC_541\Debug\CS301_Class.a(QuadDec_M1_Cnt16.o)
 .comment       0x0000006e       0x6f .\CortexM3\ARM_GCC_541\Debug\CS301_Class.a(QuadDec_M2_Cnt16.o)
 .comment       0x0000006e       0x6f .\CortexM3\ARM_GCC_541\Debug\CS301_Class.a(isr_1.o)
 .comment       0x0000006e       0x6f .\CortexM3\ARM_GCC_541\Debug\CS301_Class.a(Output_1.o)
 .comment       0x0000006e       0x6f .\CortexM3\ARM_GCC_541\Debug\CS301_Class.a(Output_2.o)
 .comment       0x0000006e       0x6f .\CortexM3\ARM_GCC_541\Debug\CS301_Class.a(Output_3.o)
 .comment       0x0000006e       0x6f .\CortexM3\ARM_GCC_541\Debug\CS301_Class.a(Output_4.o)
 .comment       0x0000006e       0x6f .\CortexM3\ARM_GCC_541\Debug\CS301_Class.a(Output_5.o)
 .comment       0x0000006e       0x6f .\CortexM3\ARM_GCC_541\Debug\CS301_Class.a(Output_6.o)
 .comment       0x0000006e       0x6f .\CortexM3\ARM_GCC_541\Debug\CS301_Class.a(LED1.o)
 .comment       0x0000006e       0x6f .\CortexM3\ARM_GCC_541\Debug\CS301_Class.a(LED2.o)
 .comment       0x0000006e       0x6f .\CortexM3\ARM_GCC_541\Debug\CS301_Class.a(LED3.o)
 .comment       0x0000006e       0x6f .\CortexM3\ARM_GCC_541\Debug\CS301_Class.a(LED4.o)
 .comment       0x0000006e       0x6f .\CortexM3\ARM_GCC_541\Debug\CS301_Class.a(LED5.o)
 .comment       0x0000006e       0x6f .\CortexM3\ARM_GCC_541\Debug\CS301_Class.a(LED6.o)
 .comment       0x0000006e       0x6f .\CortexM3\ARM_GCC_541\Debug\CS301_Class.a(front_left.o)
 .comment       0x0000006e       0x6f .\CortexM3\ARM_GCC_541\Debug\CS301_Class.a(USBUART_cls.o)
 .comment       0x0000006e       0x6f .\CortexM3\ARM_GCC_541\Debug\CS301_Class.a(USBUART_descr.o)
 .comment       0x0000006e       0x6f .\CortexM3\ARM_GCC_541\Debug\CS301_Class.a(CyFlash.o)
 .comment       0x0000006e       0x6f .\CortexM3\ARM_GCC_541\Debug\CS301_Class.a(CySpc.o)

.debug_weaknames
 *(.debug_weaknames)

.debug_funcnames
 *(.debug_funcnames)

.debug_typenames
 *(.debug_typenames)

.debug_varnames
 *(.debug_varnames)

.note.gnu.arm.ident
 *(.note.gnu.arm.ident)

.ARM.attributes
                0x00000000       0x29
 *(.ARM.attributes)
 .ARM.attributes
                0x00000000       0x1d c:/program files (x86)/cypress/psoc creator/4.2/psoc creator/import/gnu/arm/5.4.1/bin/../lib/gcc/arm-none-eabi/5.4.1/armv7-m/crti.o
 .ARM.attributes
                0x0000001d       0x2d c:/program files (x86)/cypress/psoc creator/4.2/psoc creator/import/gnu/arm/5.4.1/bin/../lib/gcc/arm-none-eabi/5.4.1/armv7-m/crtbegin.o
 .ARM.attributes
                0x0000004a       0x1b c:/program files (x86)/cypress/psoc creator/4.2/psoc creator/import/gnu/arm/5.4.1/bin/../lib/gcc/arm-none-eabi/5.4.1/../../../../arm-none-eabi/lib/armv7-m/crt0.o
 .ARM.attributes
                0x00000065       0x33 .\CortexM3\ARM_GCC_541\Debug\main.o
 .ARM.attributes
                0x00000098       0x33 .\CortexM3\ARM_GCC_541\Debug\tacho.o
 .ARM.attributes
                0x000000cb       0x33 .\CortexM3\ARM_GCC_541\Debug\SENSORS_READ.o
 .ARM.attributes
                0x000000fe       0x33 .\CortexM3\ARM_GCC_541\Debug\MOVEMENT.o
 .ARM.attributes
                0x00000131       0x33 .\CortexM3\ARM_GCC_541\Debug\cyfitter_cfg.o
 .ARM.attributes
                0x00000164       0x33 .\CortexM3\ARM_GCC_541\Debug\cymetadata.o
 .ARM.attributes
                0x00000197       0x33 .\CortexM3\ARM_GCC_541\Debug\Cm3Start.o
 .ARM.attributes
                0x000001ca       0x33 .\CortexM3\ARM_GCC_541\Debug\CS301_Class.a(Timer_TS.o)
 .ARM.attributes
                0x000001fd       0x33 .\CortexM3\ARM_GCC_541\Debug\CS301_Class.a(USBUART.o)
 .ARM.attributes
                0x00000230       0x33 .\CortexM3\ARM_GCC_541\Debug\CS301_Class.a(USBUART_cdc.o)
 .ARM.attributes
                0x00000263       0x33 .\CortexM3\ARM_GCC_541\Debug\CS301_Class.a(USBUART_drv.o)
 .ARM.attributes
                0x00000296       0x33 .\CortexM3\ARM_GCC_541\Debug\CS301_Class.a(USBUART_episr.o)
 .ARM.attributes
                0x000002c9       0x33 .\CortexM3\ARM_GCC_541\Debug\CS301_Class.a(USBUART_pm.o)
 .ARM.attributes
                0x000002fc       0x33 .\CortexM3\ARM_GCC_541\Debug\CS301_Class.a(USBUART_std.o)
 .ARM.attributes
                0x0000032f       0x33 .\CortexM3\ARM_GCC_541\Debug\CS301_Class.a(USBUART_vnd.o)
 .ARM.attributes
                0x00000362       0x33 .\CortexM3\ARM_GCC_541\Debug\CS301_Class.a(USBUART_Dp.o)
 .ARM.attributes
                0x00000395       0x33 .\CortexM3\ARM_GCC_541\Debug\CS301_Class.a(CyLib.o)
 .ARM.attributes
                0x000003c8       0x33 .\CortexM3\ARM_GCC_541\Debug\CS301_Class.a(cyPm.o)
 .ARM.attributes
                0x000003fb       0x33 .\CortexM3\ARM_GCC_541\Debug\CS301_Class.a(PWM_1.o)
 .ARM.attributes
                0x0000042e       0x33 .\CortexM3\ARM_GCC_541\Debug\CS301_Class.a(PWM_2.o)
 .ARM.attributes
                0x00000461       0x33 .\CortexM3\ARM_GCC_541\Debug\CS301_Class.a(QuadDec_M1.o)
 .ARM.attributes
                0x00000494       0x33 .\CortexM3\ARM_GCC_541\Debug\CS301_Class.a(QuadDec_M2.o)
 .ARM.attributes
                0x000004c7       0x33 .\CortexM3\ARM_GCC_541\Debug\CS301_Class.a(QuadDec_M1_Cnt16.o)
 .ARM.attributes
                0x000004fa       0x33 .\CortexM3\ARM_GCC_541\Debug\CS301_Class.a(QuadDec_M2_Cnt16.o)
 .ARM.attributes
                0x0000052d       0x33 .\CortexM3\ARM_GCC_541\Debug\CS301_Class.a(isr_1.o)
 .ARM.attributes
                0x00000560       0x33 .\CortexM3\ARM_GCC_541\Debug\CS301_Class.a(Output_1.o)
 .ARM.attributes
                0x00000593       0x33 .\CortexM3\ARM_GCC_541\Debug\CS301_Class.a(Output_2.o)
 .ARM.attributes
                0x000005c6       0x33 .\CortexM3\ARM_GCC_541\Debug\CS301_Class.a(Output_3.o)
 .ARM.attributes
                0x000005f9       0x33 .\CortexM3\ARM_GCC_541\Debug\CS301_Class.a(Output_4.o)
 .ARM.attributes
                0x0000062c       0x33 .\CortexM3\ARM_GCC_541\Debug\CS301_Class.a(Output_5.o)
 .ARM.attributes
                0x0000065f       0x33 .\CortexM3\ARM_GCC_541\Debug\CS301_Class.a(Output_6.o)
 .ARM.attributes
                0x00000692       0x33 .\CortexM3\ARM_GCC_541\Debug\CS301_Class.a(LED1.o)
 .ARM.attributes
                0x000006c5       0x33 .\CortexM3\ARM_GCC_541\Debug\CS301_Class.a(LED2.o)
 .ARM.attributes
                0x000006f8       0x33 .\CortexM3\ARM_GCC_541\Debug\CS301_Class.a(LED3.o)
 .ARM.attributes
                0x0000072b       0x33 .\CortexM3\ARM_GCC_541\Debug\CS301_Class.a(LED4.o)
 .ARM.attributes
                0x0000075e       0x33 .\CortexM3\ARM_GCC_541\Debug\CS301_Class.a(LED5.o)
 .ARM.attributes
                0x00000791       0x33 .\CortexM3\ARM_GCC_541\Debug\CS301_Class.a(LED6.o)
 .ARM.attributes
                0x000007c4       0x33 .\CortexM3\ARM_GCC_541\Debug\CS301_Class.a(front_left.o)
 .ARM.attributes
                0x000007f7       0x21 .\CortexM3\ARM_GCC_541\Debug\CS301_Class.a(CyBootAsmGnu.o)
 .ARM.attributes
                0x00000818       0x33 .\CortexM3\ARM_GCC_541\Debug\CS301_Class.a(USBUART_cls.o)
 .ARM.attributes
                0x0000084b       0x33 .\CortexM3\ARM_GCC_541\Debug\CS301_Class.a(USBUART_descr.o)
 .ARM.attributes
                0x0000087e       0x33 .\CortexM3\ARM_GCC_541\Debug\CS301_Class.a(CyFlash.o)
 .ARM.attributes
                0x000008b1       0x33 .\CortexM3\ARM_GCC_541\Debug\CS301_Class.a(CySpc.o)
 .ARM.attributes
                0x000008e4       0x1d c:/program files (x86)/cypress/psoc creator/4.2/psoc creator/import/gnu/arm/5.4.1/bin/../lib/gcc/arm-none-eabi/5.4.1/armv7-m\libgcc.a(_arm_addsubsf3.o)
 .ARM.attributes
                0x00000901       0x1d c:/program files (x86)/cypress/psoc creator/4.2/psoc creator/import/gnu/arm/5.4.1/bin/../lib/gcc/arm-none-eabi/5.4.1/armv7-m\libgcc.a(_arm_muldivsf3.o)
 .ARM.attributes
                0x0000091e       0x2d c:/program files (x86)/cypress/psoc creator/4.2/psoc creator/import/gnu/arm/5.4.1/bin/../lib/gcc/arm-none-eabi/5.4.1/../../../../arm-none-eabi/lib/armv7-m\libg_nano.a(lib_a-errno.o)
 .ARM.attributes
                0x0000094b       0x2d c:/program files (x86)/cypress/psoc creator/4.2/psoc creator/import/gnu/arm/5.4.1/bin/../lib/gcc/arm-none-eabi/5.4.1/../../../../arm-none-eabi/lib/armv7-m\libg_nano.a(lib_a-exit.o)
 .ARM.attributes
                0x00000978       0x2d c:/program files (x86)/cypress/psoc creator/4.2/psoc creator/import/gnu/arm/5.4.1/bin/../lib/gcc/arm-none-eabi/5.4.1/../../../../arm-none-eabi/lib/armv7-m\libg_nano.a(lib_a-impure.o)
 .ARM.attributes
                0x000009a5       0x2d c:/program files (x86)/cypress/psoc creator/4.2/psoc creator/import/gnu/arm/5.4.1/bin/../lib/gcc/arm-none-eabi/5.4.1/../../../../arm-none-eabi/lib/armv7-m\libg_nano.a(lib_a-init.o)
 .ARM.attributes
                0x000009d2       0x2d c:/program files (x86)/cypress/psoc creator/4.2/psoc creator/import/gnu/arm/5.4.1/bin/../lib/gcc/arm-none-eabi/5.4.1/../../../../arm-none-eabi/lib/armv7-m\libg_nano.a(lib_a-memcpy-stub.o)
 .ARM.attributes
                0x000009ff       0x2d c:/program files (x86)/cypress/psoc creator/4.2/psoc creator/import/gnu/arm/5.4.1/bin/../lib/gcc/arm-none-eabi/5.4.1/../../../../arm-none-eabi/lib/armv7-m\libg_nano.a(lib_a-memset.o)
 .ARM.attributes
                0x00000a2c       0x2d c:/program files (x86)/cypress/psoc creator/4.2/psoc creator/import/gnu/arm/5.4.1/bin/../lib/gcc/arm-none-eabi/5.4.1/../../../../arm-none-eabi/lib/armv7-m\libg_nano.a(lib_a-strcpy.o)
 .ARM.attributes
                0x00000a59       0x17 c:/program files (x86)/cypress/psoc creator/4.2/psoc creator/import/gnu/arm/5.4.1/bin/../lib/gcc/arm-none-eabi/5.4.1/../../../../arm-none-eabi/lib/armv7-m\libg_nano.a(lib_a-strlen.o)
 .ARM.attributes
                0x00000a70       0x2d c:/program files (x86)/cypress/psoc creator/4.2/psoc creator/import/gnu/arm/5.4.1/bin/../lib/gcc/arm-none-eabi/5.4.1/armv7-m/crtend.o
 .ARM.attributes
                0x00000a9d       0x1d c:/program files (x86)/cypress/psoc creator/4.2/psoc creator/import/gnu/arm/5.4.1/bin/../lib/gcc/arm-none-eabi/5.4.1/armv7-m/crtn.o

/DISCARD/
 *(.note.GNU-stack)
OUTPUT(C:\Users\dpat391\Downloads\301MotorCar\psoc firmware\CS301_Class.cydsn\CortexM3\ARM_GCC_541\Debug\CS301_Class.elf elf32-littlearm)
