Archive member included to satisfy reference by file (symbol)

.\CortexM3\ARM_GCC_541\Debug\CS301_Class.a(Timer_TS.o)
                              .\CortexM3\ARM_GCC_541\Debug\main.o (Timer_TS_Start)
.\CortexM3\ARM_GCC_541\Debug\CS301_Class.a(USBUART.o)
                              .\CortexM3\ARM_GCC_541\Debug\main.o (USBUART_Start)
.\CortexM3\ARM_GCC_541\Debug\CS301_Class.a(USBUART_cdc.o)
                              .\CortexM3\ARM_GCC_541\Debug\main.o (USBUART_CDC_Init)
.\CortexM3\ARM_GCC_541\Debug\CS301_Class.a(USBUART_drv.o)
                              .\CortexM3\ARM_GCC_541\Debug\CS301_Class.a(USBUART.o) (USBUART_EP)
.\CortexM3\ARM_GCC_541\Debug\CS301_Class.a(USBUART_episr.o)
                              .\CortexM3\ARM_GCC_541\Debug\CS301_Class.a(USBUART.o) (USBUART_EP_1_ISR)
.\CortexM3\ARM_GCC_541\Debug\CS301_Class.a(USBUART_pm.o)
                              .\CortexM3\ARM_GCC_541\Debug\CS301_Class.a(USBUART.o) (USBUART_DP_ISR)
.\CortexM3\ARM_GCC_541\Debug\CS301_Class.a(USBUART_std.o)
                              .\CortexM3\ARM_GCC_541\Debug\CS301_Class.a(USBUART_drv.o) (USBUART_HandleStandardRqst)
.\CortexM3\ARM_GCC_541\Debug\CS301_Class.a(USBUART_vnd.o)
                              .\CortexM3\ARM_GCC_541\Debug\CS301_Class.a(USBUART_drv.o) (USBUART_HandleVendorRqst)
.\CortexM3\ARM_GCC_541\Debug\CS301_Class.a(USBUART_Dp.o)
                              .\CortexM3\ARM_GCC_541\Debug\CS301_Class.a(USBUART.o) (USBUART_Dp_ClearInterrupt)
.\CortexM3\ARM_GCC_541\Debug\CS301_Class.a(CyDmac.o)
                              .\CortexM3\ARM_GCC_541\Debug\Cm3Start.o (CyDmacConfigure)
.\CortexM3\ARM_GCC_541\Debug\CS301_Class.a(CyLib.o)
                              .\CortexM3\ARM_GCC_541\Debug\Cm3Start.o (CyResetStatus)
.\CortexM3\ARM_GCC_541\Debug\CS301_Class.a(cyPm.o)
                              .\CortexM3\ARM_GCC_541\Debug\CS301_Class.a(CyLib.o) (CyPmReadStatus)
.\CortexM3\ARM_GCC_541\Debug\CS301_Class.a(QuadDec_M1.o)
                              .\CortexM3\ARM_GCC_541\Debug\tacho.o (QuadDec_M1_GetCounter)
.\CortexM3\ARM_GCC_541\Debug\CS301_Class.a(QuadDec_M2.o)
                              .\CortexM3\ARM_GCC_541\Debug\tacho.o (QuadDec_M2_GetCounter)
.\CortexM3\ARM_GCC_541\Debug\CS301_Class.a(QuadDec_M1_Cnt16.o)
                              .\CortexM3\ARM_GCC_541\Debug\CS301_Class.a(QuadDec_M1.o) (QuadDec_M1_Cnt16_WriteCounter)
.\CortexM3\ARM_GCC_541\Debug\CS301_Class.a(QuadDec_M2_Cnt16.o)
                              .\CortexM3\ARM_GCC_541\Debug\CS301_Class.a(QuadDec_M2.o) (QuadDec_M2_Cnt16_WriteCounter)
.\CortexM3\ARM_GCC_541\Debug\CS301_Class.a(RF_BT_SELECT.o)
                              .\CortexM3\ARM_GCC_541\Debug\main.o (RF_BT_SELECT_Write)
.\CortexM3\ARM_GCC_541\Debug\CS301_Class.a(VDAC.o)
                              .\CortexM3\ARM_GCC_541\Debug\main.o (VDAC_Start)
.\CortexM3\ARM_GCC_541\Debug\CS301_Class.a(ADC_SAR_1.o)
                              .\CortexM3\ARM_GCC_541\Debug\main.o (ADC_SAR_1_Start)
.\CortexM3\ARM_GCC_541\Debug\CS301_Class.a(ADC_SAR_1_INT.o)
                              .\CortexM3\ARM_GCC_541\Debug\CS301_Class.a(ADC_SAR_1.o) (ADC_SAR_1_ISR)
.\CortexM3\ARM_GCC_541\Debug\CS301_Class.a(isr_eoc2.o)
                              .\CortexM3\ARM_GCC_541\Debug\main.o (sample_flag)
.\CortexM3\ARM_GCC_541\Debug\CS301_Class.a(ADC_SAR_1_theACLK.o)
                              .\CortexM3\ARM_GCC_541\Debug\CS301_Class.a(ADC_SAR_1.o) (ADC_SAR_1_theACLK_SetModeRegister)
.\CortexM3\ARM_GCC_541\Debug\CS301_Class.a(CyBootAsmGnu.o)
                              .\CortexM3\ARM_GCC_541\Debug\cyfitter_cfg.o (CyDelayCycles)
.\CortexM3\ARM_GCC_541\Debug\CS301_Class.a(USBUART_cls.o)
                              .\CortexM3\ARM_GCC_541\Debug\CS301_Class.a(USBUART_drv.o) (USBUART_DispatchClassRqst)
.\CortexM3\ARM_GCC_541\Debug\CS301_Class.a(USBUART_descr.o)
                              .\CortexM3\ARM_GCC_541\Debug\CS301_Class.a(USBUART_std.o) (USBUART_DEVICE0_DESCR)
.\CortexM3\ARM_GCC_541\Debug\CS301_Class.a(CyFlash.o)
                              .\CortexM3\ARM_GCC_541\Debug\CS301_Class.a(cyPm.o) (CyFlash_SetWaitCycles)
.\CortexM3\ARM_GCC_541\Debug\CS301_Class.a(CySpc.o)
                              .\CortexM3\ARM_GCC_541\Debug\CS301_Class.a(CyFlash.o) (CySpcStart)
c:/program files (x86)/cypress/psoc creator/4.4/psoc creator/import/gnu/arm/5.4.1/bin/../lib/gcc/arm-none-eabi/5.4.1/armv7-m\libgcc.a(_arm_addsubsf3.o)
                              .\CortexM3\ARM_GCC_541\Debug\CS301_Class.a(ADC_SAR_1.o) (__aeabi_i2f)
c:/program files (x86)/cypress/psoc creator/4.4/psoc creator/import/gnu/arm/5.4.1/bin/../lib/gcc/arm-none-eabi/5.4.1/armv7-m\libgcc.a(_arm_muldivsf3.o)
                              .\CortexM3\ARM_GCC_541\Debug\CS301_Class.a(ADC_SAR_1.o) (__aeabi_fmul)
c:/program files (x86)/cypress/psoc creator/4.4/psoc creator/import/gnu/arm/5.4.1/bin/../lib/gcc/arm-none-eabi/5.4.1/armv7-m\libgcc.a(_aeabi_ldivmod.o)
[...]
Memory Configuration

Name             Origin             Length             Attributes
rom              0x00000000         0x00040000         xr
ram              0x1fff8000         0x00010000         xrw
*default*        0x00000000         0xffffffff

Linker script and memory map

LOAD c:/program files (x86)/cypress/psoc creator/4.4/psoc creator/import/gnu/arm/5.4.1/bin/../lib/gcc/arm-none-eabi/5.4.1/armv7-m/crti.o
LOAD c:/program files (x86)/cypress/psoc creator/4.4/psoc creator/import/gnu/arm/5.4.1/bin/../lib/gcc/arm-none-eabi/5.4.1/armv7-m/crtbegin.o
LOAD c:/program files (x86)/cypress/psoc creator/4.4/psoc creator/import/gnu/arm/5.4.1/bin/../lib/gcc/arm-none-eabi/5.4.1/../../../../arm-none-eabi/lib/armv7-m/crt0.o
START GROUP
LOAD .\CortexM3\ARM_GCC_541\Debug\main.o
LOAD .\CortexM3\ARM_GCC_541\Debug\tacho.o
LOAD .\CortexM3\ARM_GCC_541\Debug\cyfitter_cfg.o
LOAD .\CortexM3\ARM_GCC_541\Debug\cymetadata.o
LOAD .\CortexM3\ARM_GCC_541\Debug\Cm3Start.o
LOAD .\CortexM3\ARM_GCC_541\Debug\CS301_Class.a
LOAD C:\Program Files (x86)\Cypress\PSoC Creator\4.4\PSoC Creator\psoc\content\cycomponentlibrary\CyComponentLibrary.cylib\CortexM3\ARM_GCC_541\Debug\CyComponentLibrary.a
END GROUP
START GROUP
LOAD c:/program files (x86)/cypress/psoc creator/4.4/psoc creator/import/gnu/arm/5.4.1/bin/../lib/gcc/arm-none-eabi/5.4.1/armv7-m\libgcc.a
LOAD c:/program files (x86)/cypress/psoc creator/4.4/psoc creator/import/gnu/arm/5.4.1/bin/../lib/gcc/arm-none-eabi/5.4.1/../../../../arm-none-eabi/lib/armv7-m\libg_nano.a
LOAD c:/program files (x86)/cypress/psoc creator/4.4/psoc creator/import/gnu/arm/5.4.1/bin/../lib/gcc/arm-none-eabi/5.4.1/../../../../arm-none-eabi/lib/armv7-m\libc_nano.a
END GROUP
START GROUP
LOAD c:/program files (x86)/cypress/psoc creator/4.4/psoc creator/import/gnu/arm/5.4.1/bin/../lib/gcc/arm-none-eabi/5.4.1/armv7-m\libgcc.a
LOAD c:/program files (x86)/cypress/psoc creator/4.4/psoc creator/import/gnu/arm/5.4.1/bin/../lib/gcc/arm-none-eabi/5.4.1/../../../../arm-none-eabi/lib/armv7-m\libc_nano.a
END GROUP
LOAD c:/program files (x86)/cypress/psoc creator/4.4/psoc creator/import/gnu/arm/5.4.1/bin/../lib/gcc/arm-none-eabi/5.4.1/armv7-m/crtend.o
LOAD c:/program files (x86)/cypress/psoc creator/4.4/psoc creator/import/gnu/arm/5.4.1/bin/../lib/gcc/arm-none-eabi/5.4.1/armv7-m/crtn.o
START GROUP
LOAD c:/program files (x86)/cypress/psoc creator/4.4/psoc creator/import/gnu/arm/5.4.1/bin/../lib/gcc/arm-none-eabi/5.4.1/armv7-m\libgcc.a
LOAD c:/program files (x86)/cypress/psoc creator/4.4/psoc creator/import/gnu/arm/5.4.1/bin/../lib/gcc/arm-none-eabi/5.4.1/../../../../arm-none-eabi/lib/armv7-m\libc.a
LOAD c:/program files (x86)/cypress/psoc creator/4.4/psoc creator/import/gnu/arm/5.4.1/bin/../lib/gcc/arm-none-eabi/5.4.1/../../../../arm-none-eabi/lib/armv7-m\libnosys.a
END GROUP
                0x00000000                CY_APPL_ORIGIN = 0x0
                0x00000100                CY_FLASH_ROW_SIZE = 0x100
                0x00000020                CY_ECC_ROW_SIZE = 0x20
                0x00000000                CY_EE_IN_BTLDR = 0x0
                0x00000000                CY_APPL_LOADABLE = 0x0
                0x00000800                CY_EE_SIZE = 0x800
                0x00000001                CY_APPL_NUM = 0x1
                0x00000001                CY_APPL_MAX = 0x1
                0x00000040                CY_METADATA_SIZE = 0x40
                0x00000000                CY_APPL_LOADABLE = 0x0
                0x00000000                CY_CHECKSUM_EXCLUDE_SIZE = ALIGN (0x0, CY_FLASH_ROW_SIZE)
                [!provide]                PROVIDE (__cy_heap_start, _end)
                0x00000001                PROVIDE (__cy_region_num, ((__cy_regions_end - __cy_regions) / 0x10))
                0x20008000                PROVIDE (__cy_stack, (ORIGIN (ram) + LENGTH (ram)))
                [!provide]                PROVIDE (__cy_heap_end, (__cy_stack - 0x800))

.cybootloader   0x00000000        0x0
 *(.cybootloader)
                0x00000000                appl1_start = CY_APPL_ORIGIN?CY_APPL_ORIGIN:ALIGN (CY_FLASH_ROW_SIZE)
                0x0001ff00                appl2_start = (appl1_start + ALIGN ((((LENGTH (rom) - appl1_start) - (0x2 * CY_FLASH_ROW_SIZE)) / 0x2), CY_FLASH_ROW_SIZE))
                0x00000000                appl_start = (CY_APPL_NUM == 0x1)?appl1_start:appl2_start
                0x00000000                ecc_offset = ((appl_start / CY_FLASH_ROW_SIZE) * CY_ECC_ROW_SIZE)
                0x00000000                ee_offset = (CY_APPL_LOADABLE && ! (CY_EE_IN_BTLDR))?((CY_EE_SIZE / CY_APPL_MAX) * (CY_APPL_NUM - 0x1)):0x0
                0x00000800                ee_size = (CY_APPL_LOADABLE && ! (CY_EE_IN_BTLDR))?(CY_EE_SIZE / CY_APPL_MAX):CY_EE_SIZE
                [!provide]                PROVIDE (CY_ECC_OFFSET, ecc_offset)

.text           0x00000000     0x3332
 CREATE_OBJECT_SYMBOLS
                0x00000000                PROVIDE (__cy_interrupt_vector, RomVectors)
 *(.romvectors)
 .romvectors    0x00000000       0x10 .\CortexM3\ARM_GCC_541\Debug\Cm3Start.o
                0x00000000                RomVectors
                0x00000001                ASSERT ((. != __cy_interrupt_vector), No interrupt vector)
                0x00000001                ASSERT (CY_APPL_ORIGIN?(SIZEOF (.cybootloader) <= CY_APPL_ORIGIN):0x1, Wrong image location)
                0x00000010                PROVIDE (__cy_reset, Reset)
 *(.text.Reset)
 .text.Reset    0x00000010       0x18 .\CortexM3\ARM_GCC_541\Debug\Cm3Start.o
                0x00000010                Reset
                0x00000001                ASSERT ((. != __cy_reset), No reset code)
 *(.dma_init)
                0x00000001                ASSERT ((((appl_start + .) <= 0x10000) || 0x1), DMA Init must be within the first 64k of flash)
 *(.text .text.* .gnu.linkonce.t.*)
 .text          0x00000028       0x5c c:/program files (x86)/cypress/psoc creator/4.4/psoc creator/import/gnu/arm/5.4.1/bin/../lib/gcc/arm-none-eabi/5.4.1/armv7-m/crtbegin.o
 .text.main     0x00000084       0x74 .\CortexM3\ARM_GCC_541\Debug\main.o
                0x00000084                main
 .text.usbPutString
                0x000000f8       0x40 .\CortexM3\ARM_GCC_541\Debug\main.o
                0x000000f8                usbPutString
 .text.handle_usb
                0x00000138       0xc8 .\CortexM3\ARM_GCC_541\Debug\main.o
                0x00000138                handle_usb
 .text.CYMEMZERO
                0x00000200       0x1c .\CortexM3\ARM_GCC_541\Debug\cyfitter_cfg.o
 .text.CYCONFIGCPY
                0x0000021c       0x20 .\CortexM3\ARM_GCC_541\Debug\cyfitter_cfg.o
 .text.CyClockStartupError
                0x0000023c        0xc .\CortexM3\ARM_GCC_541\Debug\cyfitter_cfg.o
 .text.cfg_write_bytes32
                0x00000248       0x74 .\CortexM3\ARM_GCC_541\Debug\cyfitter_cfg.o
 .text.ClockSetup
                0x000002bc      0x198 .\CortexM3\ARM_GCC_541\Debug\cyfitter_cfg.o
 .text.AnalogSetDefault
                0x00000454      0x124 .\CortexM3\ARM_GCC_541\Debug\cyfitter_cfg.o
 .text.cyfitter_cfg
                0x00000578      0x1c8 .\CortexM3\ARM_GCC_541\Debug\cyfitter_cfg.o
                0x00000578                cyfitter_cfg
 .text.IntDefaultHandler
                0x00000740       0x14 .\CortexM3\ARM_GCC_541\Debug\Cm3Start.o
                0x00000740                IntDefaultHandler
 .text.Start_c  0x00000754       0x98 .\CortexM3\ARM_GCC_541\Debug\Cm3Start.o
                0x00000754                Start_c
 .text.initialize_psoc
                0x000007ec       0x94 .\CortexM3\ARM_GCC_541\Debug\Cm3Start.o
                0x000007ec                initialize_psoc
 .text.Timer_TS_Init
                0x00000880       0x9c .\CortexM3\ARM_GCC_541\Debug\CS301_Class.a(Timer_TS.o)
                0x00000880                Timer_TS_Init
 .text.Timer_TS_Enable
                0x0000091c       0x48 .\CortexM3\ARM_GCC_541\Debug\CS301_Class.a(Timer_TS.o)
                0x0000091c                Timer_TS_Enable
 .text.Timer_TS_Start
                0x00000964       0x24 .\CortexM3\ARM_GCC_541\Debug\CS301_Class.a(Timer_TS.o)
                0x00000964                Timer_TS_Start
 .text.Timer_TS_SetInterruptMode
                0x00000988       0x20 .\CortexM3\ARM_GCC_541\Debug\CS301_Class.a(Timer_TS.o)
                0x00000988                Timer_TS_SetInterruptMode
 .text.Timer_TS_WritePeriod
                0x000009a8       0x24 .\CortexM3\ARM_GCC_541\Debug\CS301_Class.a(Timer_TS.o)
                0x000009a8                Timer_TS_WritePeriod
 .text.Timer_TS_WriteCounter
                0x000009cc       0x20 .\CortexM3\ARM_GCC_541\Debug\CS301_Class.a(Timer_TS.o)
                0x000009cc                Timer_TS_WriteCounter
 .text.USBUART_Start
                0x000009ec       0x3c .\CortexM3\ARM_GCC_541\Debug\CS301_Class.a(USBUART.o)
                0x000009ec                USBUART_Start
 .text.USBUART_Init
                0x00000a28      0x1a4 .\CortexM3\ARM_GCC_541\Debug\CS301_Class.a(USBUART.o)
                0x00000a28                USBUART_Init
 .text.USBUART_InitComponent
                0x00000bcc      0x100 .\CortexM3\ARM_GCC_541\Debug\CS301_Class.a(USBUART.o)
                0x00000bcc                USBUART_InitComponent
 .text.USBUART_ReInitComponent
                0x00000ccc       0x68 .\CortexM3\ARM_GCC_541\Debug\CS301_Class.a(USBUART.o)
                0x00000ccc                USBUART_ReInitComponent
 .text.USBUART_GetConfiguration
                0x00000d34       0x18 .\CortexM3\ARM_GCC_541\Debug\CS301_Class.a(USBUART.o)
                0x00000d34                USBUART_GetConfiguration
 .text.USBUART_GetEPState
                0x00000d4c       0x2c .\CortexM3\ARM_GCC_541\Debug\CS301_Class.a(USBUART.o)
                0x00000d4c                USBUART_GetEPState
 .text.USBUART_GetEPCount
                0x00000d78       0x60 .\CortexM3\ARM_GCC_541\Debug\CS301_Class.a(USBUART.o)
                0x00000d78                USBUART_GetEPCount
 .text.USBUART_LoadInEP
                0x00000dd8      0x108 .\CortexM3\ARM_GCC_541\Debug\CS301_Class.a(USBUART.o)
                0x00000dd8                USBUART_LoadInEP
 .text.USBUART_ReadOutEP
                0x00000ee0       0x8c .\CortexM3\ARM_GCC_541\Debug\CS301_Class.a(USBUART.o)
                0x00000ee0                USBUART_ReadOutEP
 .text.USBUART_EnableOutEP
                0x00000f6c       0x5c .\CortexM3\ARM_GCC_541\Debug\CS301_Class.a(USBUART.o)
                0x00000f6c                USBUART_EnableOutEP
 .text.USBUART_DispatchCDCClassRqst
                0x00000fc8       0xe4 .\CortexM3\ARM_GCC_541\Debug\CS301_Class.a(USBUART_cdc.o)
                0x00000fc8                USBUART_DispatchCDCClassRqst
 .text.USBUART_GetInterfaceComPort
                0x000010ac       0x60 .\CortexM3\ARM_GCC_541\Debug\CS301_Class.a(USBUART_cdc.o)
                0x000010ac                USBUART_GetInterfaceComPort
 .text.USBUART_CDC_Init
                0x0000110c       0xa8 .\CortexM3\ARM_GCC_541\Debug\CS301_Class.a(USBUART_cdc.o)
                0x0000110c                USBUART_CDC_Init
 .text.USBUART_PutData
                0x000011b4       0x6c .\CortexM3\ARM_GCC_541\Debug\CS301_Class.a(USBUART_cdc.o)
                0x000011b4                USBUART_PutData
 .text.USBUART_PutChar
                0x00001220       0x38 .\CortexM3\ARM_GCC_541\Debug\CS301_Class.a(USBUART_cdc.o)
                0x00001220                USBUART_PutChar
 .text.USBUART_DataIsReady
                0x00001258       0x24 .\CortexM3\ARM_GCC_541\Debug\CS301_Class.a(USBUART_cdc.o)
                0x00001258                USBUART_DataIsReady
 .text.USBUART_CDCIsReady
                0x0000127c       0x24 .\CortexM3\ARM_GCC_541\Debug\CS301_Class.a(USBUART_cdc.o)
                0x0000127c                USBUART_CDCIsReady
 .text.USBUART_GetChar
                0x000012a0       0x30 .\CortexM3\ARM_GCC_541\Debug\CS301_Class.a(USBUART_cdc.o)
                0x000012a0                USBUART_GetChar
 .text.USBUART_Cdc_EpInit
                0x000012d0       0x90 .\CortexM3\ARM_GCC_541\Debug\CS301_Class.a(USBUART_cdc.o)
                0x000012d0                USBUART_Cdc_EpInit
 .text.USBUART_EP_0_ISR
                0x00001360       0xf8 .\CortexM3\ARM_GCC_541\Debug\CS301_Class.a(USBUART_drv.o)
                0x00001360                USBUART_EP_0_ISR
 .text.USBUART_HandleSetup
                0x00001458       0x88 .\CortexM3\ARM_GCC_541\Debug\CS301_Class.a(USBUART_drv.o)
                0x00001458                USBUART_HandleSetup
 .text.USBUART_HandleIN
                0x000014e0       0x4c .\CortexM3\ARM_GCC_541\Debug\CS301_Class.a(USBUART_drv.o)
                0x000014e0                USBUART_HandleIN
 .text.USBUART_HandleOUT
                0x0000152c       0x58 .\CortexM3\ARM_GCC_541\Debug\CS301_Class.a(USBUART_drv.o)
                0x0000152c                USBUART_HandleOUT
 .text.USBUART_LoadEP0
                0x00001584       0xd0 .\CortexM3\ARM_GCC_541\Debug\CS301_Class.a(USBUART_drv.o)
                0x00001584                USBUART_LoadEP0
 .text.USBUART_InitControlRead
                0x00001654       0x70 .\CortexM3\ARM_GCC_541\Debug\CS301_Class.a(USBUART_drv.o)
                0x00001654                USBUART_InitControlRead
 .text.USBUART_InitZeroLengthControlTransfer
                0x000016c4       0x40 .\CortexM3\ARM_GCC_541\Debug\CS301_Class.a(USBUART_drv.o)
                0x000016c4                USBUART_InitZeroLengthControlTransfer
 .text.USBUART_ControlReadDataStage
                0x00001704        0xc .\CortexM3\ARM_GCC_541\Debug\CS301_Class.a(USBUART_drv.o)
                0x00001704                USBUART_ControlReadDataStage
 .text.USBUART_ControlReadStatusStage
                0x00001710       0x40 .\CortexM3\ARM_GCC_541\Debug\CS301_Class.a(USBUART_drv.o)
                0x00001710                USBUART_ControlReadStatusStage
 .text.USBUART_InitControlWrite
                0x00001750       0x64 .\CortexM3\ARM_GCC_541\Debug\CS301_Class.a(USBUART_drv.o)
                0x00001750                USBUART_InitControlWrite
 .text.USBUART_ControlWriteDataStage
                0x000017b4       0xb4 .\CortexM3\ARM_GCC_541\Debug\CS301_Class.a(USBUART_drv.o)
                0x000017b4                USBUART_ControlWriteDataStage
 .text.USBUART_ControlWriteStatusStage
                0x00001868       0x24 .\CortexM3\ARM_GCC_541\Debug\CS301_Class.a(USBUART_drv.o)
                0x00001868                USBUART_ControlWriteStatusStage
 .text.USBUART_InitNoDataControlTransfer
                0x0000188c       0x38 .\CortexM3\ARM_GCC_541\Debug\CS301_Class.a(USBUART_drv.o)
                0x0000188c                USBUART_InitNoDataControlTransfer
 .text.USBUART_NoDataControlStatusStage
                0x000018c4       0x4c .\CortexM3\ARM_GCC_541\Debug\CS301_Class.a(USBUART_drv.o)
                0x000018c4                USBUART_NoDataControlStatusStage
 .text.USBUART_UpdateStatusBlock
                0x00001910       0x40 .\CortexM3\ARM_GCC_541\Debug\CS301_Class.a(USBUART_drv.o)
                0x00001910                USBUART_UpdateStatusBlock
 .text.USBUART_InitializeStatusBlock
                0x00001950       0x34 .\CortexM3\ARM_GCC_541\Debug\CS301_Class.a(USBUART_drv.o)
                0x00001950                USBUART_InitializeStatusBlock
 .text.USBUART_EP_1_ISR
                0x00001984       0x48 .\CortexM3\ARM_GCC_541\Debug\CS301_Class.a(USBUART_episr.o)
                0x00001984                USBUART_EP_1_ISR
 .text.USBUART_EP_2_ISR
                0x000019cc       0x4c .\CortexM3\ARM_GCC_541\Debug\CS301_Class.a(USBUART_episr.o)
                0x000019cc                USBUART_EP_2_ISR
 .text.USBUART_EP_3_ISR
                0x00001a18       0x54 .\CortexM3\ARM_GCC_541\Debug\CS301_Class.a(USBUART_episr.o)
                0x00001a18                USBUART_EP_3_ISR
 .text.USBUART_SOF_ISR
                0x00001a6c        0xc .\CortexM3\ARM_GCC_541\Debug\CS301_Class.a(USBUART_episr.o)
                0x00001a6c                USBUART_SOF_ISR
 .text.USBUART_BUS_RESET_ISR
                0x00001a78        0xc .\CortexM3\ARM_GCC_541\Debug\CS301_Class.a(USBUART_episr.o)
                0x00001a78                USBUART_BUS_RESET_ISR
 .text.USBUART_DP_ISR
                0x00001a84        0xc .\CortexM3\ARM_GCC_541\Debug\CS301_Class.a(USBUART_pm.o)
                0x00001a84                USBUART_DP_ISR
 .text.USBUART_HandleStandardRqst
                0x00001a90      0x4a4 .\CortexM3\ARM_GCC_541\Debug\CS301_Class.a(USBUART_std.o)
                0x00001a90                USBUART_HandleStandardRqst
 .text.USBUART_ReadDieID
                0x00001f34       0xd8 .\CortexM3\ARM_GCC_541\Debug\CS301_Class.a(USBUART_std.o)
                0x00001f34                USBUART_ReadDieID
 .text.USBUART_ConfigReg
                0x0000200c      0x138 .\CortexM3\ARM_GCC_541\Debug\CS301_Class.a(USBUART_std.o)
                0x0000200c                USBUART_ConfigReg
 .text.USBUART_Config
                0x00002144      0x3a4 .\CortexM3\ARM_GCC_541\Debug\CS301_Class.a(USBUART_std.o)
                0x00002144                USBUART_Config
 .text.USBUART_ConfigAltChanged
                0x000024e8      0x25c .\CortexM3\ARM_GCC_541\Debug\CS301_Class.a(USBUART_std.o)
                0x000024e8                USBUART_ConfigAltChanged
 .text.USBUART_GetConfigTablePtr
                0x00002744       0x50 .\CortexM3\ARM_GCC_541\Debug\CS301_Class.a(USBUART_std.o)
                0x00002744                USBUART_GetConfigTablePtr
 .text.USBUART_GetDeviceTablePtr
                0x00002794       0x24 .\CortexM3\ARM_GCC_541\Debug\CS301_Class.a(USBUART_std.o)
                0x00002794                USBUART_GetDeviceTablePtr
 .text.USBUART_GetInterfaceClassTablePtr
                0x000027b8       0x4c .\CortexM3\ARM_GCC_541\Debug\CS301_Class.a(USBUART_std.o)
                0x000027b8                USBUART_GetInterfaceClassTablePtr
 .text.USBUART_SetEndpointHalt
                0x00002804       0xe8 .\CortexM3\ARM_GCC_541\Debug\CS301_Class.a(USBUART_std.o)
                0x00002804                USBUART_SetEndpointHalt
 .text.USBUART_ClearEndpointHalt
                0x000028ec      0x158 .\CortexM3\ARM_GCC_541\Debug\CS301_Class.a(USBUART_std.o)
                0x000028ec                USBUART_ClearEndpointHalt
 .text.USBUART_ValidateAlternateSetting
                0x00002a44       0x70 .\CortexM3\ARM_GCC_541\Debug\CS301_Class.a(USBUART_std.o)
                0x00002a44                USBUART_ValidateAlternateSetting
 .text.USBUART_HandleVendorRqst
                0x00002ab4       0x54 .\CortexM3\ARM_GCC_541\Debug\CS301_Class.a(USBUART_vnd.o)
                0x00002ab4                USBUART_HandleVendorRqst
 .text.USBUART_Dp_ClearInterrupt
                0x00002b08       0x20 .\CortexM3\ARM_GCC_541\Debug\CS301_Class.a(USBUART_Dp.o)
                0x00002b08                USBUART_Dp_ClearInterrupt
 .text.CyDmacConfigure
                0x00002b28       0x5c .\CortexM3\ARM_GCC_541\Debug\CS301_Class.a(CyDmac.o)
                0x00002b28                CyDmacConfigure
 .text.CyHalt   0x00002b84       0x18 .\CortexM3\ARM_GCC_541\Debug\CS301_Class.a(CyLib.o)
                0x00002b84                CyHalt
 .text.CyDelayUs
                0x00002b9c       0x28 .\CortexM3\ARM_GCC_541\Debug\CS301_Class.a(CyLib.o)
                0x00002b9c                CyDelayUs
 .text.CyIntSetVector
                0x00002bc4       0x50 .\CortexM3\ARM_GCC_541\Debug\CS301_Class.a(CyLib.o)
                0x00002bc4                CyIntSetVector
 .text.CyIntSetPriority
                0x00002c14       0x48 .\CortexM3\ARM_GCC_541\Debug\CS301_Class.a(CyLib.o)
                0x00002c14                CyIntSetPriority
 .text.CyGetUniqueId
                0x00002c5c       0xc4 .\CortexM3\ARM_GCC_541\Debug\CS301_Class.a(CyLib.o)
                0x00002c5c                CyGetUniqueId
 .text.RF_BT_SELECT_Write
                0x00002d20       0x20 .\CortexM3\ARM_GCC_541\Debug\CS301_Class.a(RF_BT_SELECT.o)
                0x00002d20                RF_BT_SELECT_Write
 .text.VDAC_Init
                0x00002d40       0x28 .\CortexM3\ARM_GCC_541\Debug\CS301_Class.a(VDAC.o)
                0x00002d40                VDAC_Init
 .text.VDAC_Enable
                0x00002d68       0x34 .\CortexM3\ARM_GCC_541\Debug\CS301_Class.a(VDAC.o)
                0x00002d68                VDAC_Enable
 .text.VDAC_Start
                0x00002d9c       0x28 .\CortexM3\ARM_GCC_541\Debug\CS301_Class.a(VDAC.o)
                0x00002d9c                VDAC_Start
 .text.VDAC_SetSpeed
                0x00002dc4       0x40 .\CortexM3\ARM_GCC_541\Debug\CS301_Class.a(VDAC.o)
                0x00002dc4                VDAC_SetSpeed
 .text.VDAC_SetRange
                0x00002e04       0x40 .\CortexM3\ARM_GCC_541\Debug\CS301_Class.a(VDAC.o)
                0x00002e04                VDAC_SetRange
 .text.VDAC_SetValue
                0x00002e44       0x20 .\CortexM3\ARM_GCC_541\Debug\CS301_Class.a(VDAC.o)
                0x00002e44                VDAC_SetValue
 .text.VDAC_DacTrim
                0x00002e64       0x3c .\CortexM3\ARM_GCC_541\Debug\CS301_Class.a(VDAC.o)
                0x00002e64                VDAC_DacTrim
 .text.ADC_SAR_1_Start
                0x00002ea0       0x24 .\CortexM3\ARM_GCC_541\Debug\CS301_Class.a(ADC_SAR_1.o)
                0x00002ea0                ADC_SAR_1_Start
 .text.ADC_SAR_1_Init
                0x00002ec4       0x48 .\CortexM3\ARM_GCC_541\Debug\CS301_Class.a(ADC_SAR_1.o)
                0x00002ec4                ADC_SAR_1_Init
 .text.ADC_SAR_1_Enable
                0x00002f0c       0xf4 .\CortexM3\ARM_GCC_541\Debug\CS301_Class.a(ADC_SAR_1.o)
                0x00002f0c                ADC_SAR_1_Enable
 .text.ADC_SAR_1_SetResolution
                0x00003000       0x54 .\CortexM3\ARM_GCC_541\Debug\CS301_Class.a(ADC_SAR_1.o)
                0x00003000                ADC_SAR_1_SetResolution
 .text.ADC_SAR_1_GetResult8
                0x00003054       0x28 .\CortexM3\ARM_GCC_541\Debug\CS301_Class.a(ADC_SAR_1.o)
                0x00003054                ADC_SAR_1_GetResult8
 .text.ADC_SAR_1_CalcGain
                0x0000307c       0x80 .\CortexM3\ARM_GCC_541\Debug\CS301_Class.a(ADC_SAR_1.o)
 .text.ADC_SAR_1_ISR
                0x000030fc        0xc .\CortexM3\ARM_GCC_541\Debug\CS301_Class.a(ADC_SAR_1_INT.o)
                0x000030fc                ADC_SAR_1_ISR
 .text.isr_eoc2_Start
                0x00003108       0x20 .\CortexM3\ARM_GCC_541\Debug\CS301_Class.a(isr_eoc2.o)
                0x00003108                isr_eoc2_Start
 .text.isr_eoc2_Interrupt
                0x00003128       0x18 .\CortexM3\ARM_GCC_541\Debug\CS301_Class.a(isr_eoc2.o)
                0x00003128                isr_eoc2_Interrupt
 .text.isr_eoc2_SetVector
                0x00003140       0x24 .\CortexM3\ARM_GCC_541\Debug\CS301_Class.a(isr_eoc2.o)
                0x00003140                isr_eoc2_SetVector
 .text.isr_eoc2_SetPriority
                0x00003164       0x24 .\CortexM3\ARM_GCC_541\Debug\CS301_Class.a(isr_eoc2.o)
                0x00003164                isr_eoc2_SetPriority
 .text.isr_eoc2_Enable
                0x00003188       0x18 .\CortexM3\ARM_GCC_541\Debug\CS301_Class.a(isr_eoc2.o)
                0x00003188                isr_eoc2_Enable
 .text.isr_eoc2_Disable
                0x000031a0       0x18 .\CortexM3\ARM_GCC_541\Debug\CS301_Class.a(isr_eoc2.o)
                0x000031a0                isr_eoc2_Disable
 .text.ADC_SAR_1_theACLK_SetModeRegister
                0x000031b8       0x34 .\CortexM3\ARM_GCC_541\Debug\CS301_Class.a(ADC_SAR_1_theACLK.o)
                0x000031b8                ADC_SAR_1_theACLK_SetModeRegister
 *fill*         0x000031ec        0x4 
 .text          0x000031f0       0x20 .\CortexM3\ARM_GCC_541\Debug\CS301_Class.a(CyBootAsmGnu.o)
                0x000031f0                CyDelayCycles
                0x00003200                CyEnterCriticalSection
                0x00003208                CyExitCriticalSection
 .text.USBUART_DispatchClassRqst
                0x00003210       0x84 .\CortexM3\ARM_GCC_541\Debug\CS301_Class.a(USBUART_cls.o)
                0x00003210                USBUART_DispatchClassRqst
 .text.__errno  0x00003294        0xc c:/program files (x86)/cypress/psoc creator/4.4/psoc creator/import/gnu/arm/5.4.1/bin/../lib/gcc/arm-none-eabi/5.4.1/../../../../arm-none-eabi/lib/armv7-m\libg_nano.a(lib_a-errno.o)
                0x00003294                __errno
 .text.__libc_init_array
                0x000032a0       0x4c c:/program files (x86)/cypress/psoc creator/4.4/psoc creator/import/gnu/arm/5.4.1/bin/../lib/gcc/arm-none-eabi/5.4.1/../../../../arm-none-eabi/lib/armv7-m\libg_nano.a(lib_a-init.o)
                0x000032a0                __libc_init_array
 .text.memcpy   0x000032ec       0x16 c:/program files (x86)/cypress/psoc creator/4.4/psoc creator/import/gnu/arm/5.4.1/bin/../lib/gcc/arm-none-eabi/5.4.1/../../../../arm-none-eabi/lib/armv7-m\libg_nano.a(lib_a-memcpy-stub.o)
                0x000032ec                memcpy
 .text.memset   0x00003302       0x10 c:/program files (x86)/cypress/psoc creator/4.4/psoc creator/import/gnu/arm/5.4.1/bin/../lib/gcc/arm-none-eabi/5.4.1/../../../../arm-none-eabi/lib/armv7-m\libg_nano.a(lib_a-memset.o)
                0x00003302                memset
 .text.strcpy   0x00003312       0x10 c:/program files (x86)/cypress/psoc creator/4.4/psoc creator/import/gnu/arm/5.4.1/bin/../lib/gcc/arm-none-eabi/5.4.1/../../../../arm-none-eabi/lib/armv7-m\libg_nano.a(lib_a-strcpy.o)
                0x00003312                strcpy
 .text          0x00003322       0x10 c:/program files (x86)/cypress/psoc creator/4.4/psoc creator/import/gnu/arm/5.4.1/bin/../lib/gcc/arm-none-eabi/5.4.1/../../../../arm-none-eabi/lib/armv7-m\libg_nano.a(lib_a-strlen.o)
                0x00003322                strlen
 *(.plt)
 *(.gnu.warning)
 *(.glue_7t)
 .glue_7t       0x00003332        0x0 linker stubs
 *(.glue_7)
 .glue_7        0x00003332        0x0 linker stubs
 *(.vfp11_veneer)
 .vfp11_veneer  0x00003332        0x0 linker stubs
 *(.bootloader)
 *(.ARM.extab* .gnu.linkonce.armextab.*)
 *(.gcc_except_table)

.v4_bx          0x00003334        0x0
 .v4_bx         0x00003334        0x0 linker stubs

.iplt           0x00003334        0x0
 .iplt          0x00003334        0x0 c:/program files (x86)/cypress/psoc creator/4.4/psoc creator/import/gnu/arm/5.4.1/bin/../lib/gcc/arm-none-eabi/5.4.1/armv7-m/crtbegin.o

.eh_frame_hdr
 *(.eh_frame_hdr)

.eh_frame       0x00003334        0x4
 *(.eh_frame)
 .eh_frame      0x00003334        0x0 c:/program files (x86)/cypress/psoc creator/4.4/psoc creator/import/gnu/arm/5.4.1/bin/../lib/gcc/arm-none-eabi/5.4.1/armv7-m/crtbegin.o
 .eh_frame      0x00003334        0x4 c:/program files (x86)/cypress/psoc creator/4.4/psoc creator/import/gnu/arm/5.4.1/bin/../lib/gcc/arm-none-eabi/5.4.1/armv7-m/crtend.o
                [!provide]                PROVIDE (__exidx_start, .)

.ARM.exidx
 *(.ARM.exidx* .gnu.linkonce.armexidx.*)
                0x00003338                __exidx_end = .

.rodata         0x00003338      0x220
 *(.rodata .rodata.* .gnu.linkonce.r.*)
 .rodata        0x00003338       0x36 .\CortexM3\ARM_GCC_541\Debug\cyfitter_cfg.o
 *fill*         0x0000336e        0x2 
 .rodata        0x00003370       0x11 .\CortexM3\ARM_GCC_541\Debug\CS301_Class.a(USBUART_std.o)
 *fill*         0x00003381        0x3 
 .rodata        0x00003384      0x19c .\CortexM3\ARM_GCC_541\Debug\CS301_Class.a(USBUART_descr.o)
                0x00003384                USBUART_DEVICE0_DESCR
                0x00003398                USBUART_DEVICE0_CONFIGURATION0_DESCR
                0x000033dc                USBUART_STRING_DESCRIPTORS
                0x0000347c                USBUART_SN_STRING_DESCRIPTOR
                0x00003480                USBUART_DEVICE0_CONFIGURATION0_EP_SETTINGS_TABLE
                0x00003498                USBUART_DEVICE0_CONFIGURATION0_INTERFACE_CLASS
                0x0000349c                USBUART_DEVICE0_CONFIGURATION0_TABLE
                0x000034c4                USBUART_DEVICE0_TABLE
                0x000034dc                USBUART_TABLE
                0x000034e4                USBUART_MSOS_DESCRIPTOR
                0x000034f8                USBUART_MSOS_CONFIGURATION_DESCR
 .rodata.str1.1
                0x00003520        0x2 c:/program files (x86)/cypress/psoc creator/4.4/psoc creator/import/gnu/arm/5.4.1/bin/../lib/gcc/arm-none-eabi/5.4.1/../../../../arm-none-eabi/lib/armv7-m\libg_nano.a(lib_a-impure.o)
                0x00003524                . = ALIGN (0x4)
 *fill*         0x00003522        0x2 
 *(.init)
 .init          0x00003524        0x4 c:/program files (x86)/cypress/psoc creator/4.4/psoc creator/import/gnu/arm/5.4.1/bin/../lib/gcc/arm-none-eabi/5.4.1/armv7-m/crti.o
                0x00003524                _init
 .init          0x00003528        0x8 c:/program files (x86)/cypress/psoc creator/4.4/psoc creator/import/gnu/arm/5.4.1/bin/../lib/gcc/arm-none-eabi/5.4.1/armv7-m/crtn.o
                0x00003530                . = ALIGN (0x4)
                0x00003530                __preinit_array_start = .
 *(.preinit_array)
                0x00003530                __preinit_array_end = .
                0x00003530                . = ALIGN (0x4)
                0x00003530                __init_array_start = .
 *(SORT(.init_array.*))
 *(.init_array)
 .init_array    0x00003530        0x4 c:/program files (x86)/cypress/psoc creator/4.4/psoc creator/import/gnu/arm/5.4.1/bin/../lib/gcc/arm-none-eabi/5.4.1/armv7-m/crtbegin.o
 .init_array    0x00003534        0x4 .\CortexM3\ARM_GCC_541\Debug\Cm3Start.o
                0x00003538                __init_array_end = .
                0x00003538                . = ALIGN (0x4)
 *(.fini)
 .fini          0x00003538        0x4 c:/program files (x86)/cypress/psoc creator/4.4/psoc creator/import/gnu/arm/5.4.1/bin/../lib/gcc/arm-none-eabi/5.4.1/armv7-m/crti.o
                0x00003538                _fini
 .fini          0x0000353c        0x8 c:/program files (x86)/cypress/psoc creator/4.4/psoc creator/import/gnu/arm/5.4.1/bin/../lib/gcc/arm-none-eabi/5.4.1/armv7-m/crtn.o
                0x00003544                . = ALIGN (0x4)
                0x00003544                __fini_array_start = .
 *(.fini_array)
 .fini_array    0x00003544        0x4 c:/program files (x86)/cypress/psoc creator/4.4/psoc creator/import/gnu/arm/5.4.1/bin/../lib/gcc/arm-none-eabi/5.4.1/armv7-m/crtbegin.o
 *(SORT(.fini_array.*))
                0x00003548                __fini_array_end = .
                0x00003548                . = ALIGN (0x4)
 *crtbegin.o(.ctors)
 *(EXCLUDE_FILE(*crtend.o) .ctors)
 *(SORT(.ctors.*))
 *crtend.o(.ctors)
                0x00003548                . = ALIGN (0x4)
 *crtbegin.o(.dtors)
 *(EXCLUDE_FILE(*crtend.o) .dtors)
 *(SORT(.dtors.*))
 *crtend.o(.dtors)
                0x00003548                . = ALIGN (0x4)
                0x00003548                __cy_regions = .
                0x00003548        0x4 LONG 0x3558 __cy_region_init_ram
                0x0000354c        0x4 LONG 0x1fff80c8 __cy_region_start_data
                0x00003550        0x4 LONG 0xe0 __cy_region_init_size_ram
                0x00003554        0x4 LONG 0x208 __cy_region_zero_size_ram
                0x00003558                __cy_regions_end = .
                0x00003558                . = ALIGN (0x8)
                0x00003558                _etext = .

.cy_checksum_exclude
                0x00003558        0x0
 *(.cy_checksum_exclude)

.ramvectors     0x1fff8000       0xc0
                0x1fff8000                __cy_region_start_ram = .
 *(.ramvectors)
 .ramvectors    0x1fff8000       0xc0 .\CortexM3\ARM_GCC_541\Debug\Cm3Start.o
                0x1fff8000                CyRamVectors

.noinit         0x1fff80c0        0x5
 *(.noinit)
 .noinit        0x1fff80c0        0x4 .\CortexM3\ARM_GCC_541\Debug\Cm3Start.o
 .noinit        0x1fff80c4        0x1 .\CortexM3\ARM_GCC_541\Debug\CS301_Class.a(CyLib.o)
                0x1fff80c4                CyResetStatus

.data           0x1fff80c8       0xe0 load address 0x00003558
                0x1fff80c8                __cy_region_start_data = .
 *(.jcr)
 .jcr           0x1fff80c8        0x0 c:/program files (x86)/cypress/psoc creator/4.4/psoc creator/import/gnu/arm/5.4.1/bin/../lib/gcc/arm-none-eabi/5.4.1/armv7-m/crtbegin.o
 .jcr           0x1fff80c8        0x4 c:/program files (x86)/cypress/psoc creator/4.4/psoc creator/import/gnu/arm/5.4.1/bin/../lib/gcc/arm-none-eabi/5.4.1/armv7-m/crtend.o
 *(.got.plt)
 *(.got)
 *(.shdata)
 *(.data .data.* .gnu.linkonce.d.*)
 .data          0x1fff80cc       0x44 .\CortexM3\ARM_GCC_541\Debug\main.o
                0x1fff80cc                flag_rf_transmission_active
                0x1fff80d0                displaystring
 .data          0x1fff8110       0x1a .\CortexM3\ARM_GCC_541\Debug\CS301_Class.a(USBUART_cdc.o)
                0x1fff8110                USBUART_linesCoding
 *fill*         0x1fff812a        0x2 
 .data          0x1fff812c        0x8 .\CortexM3\ARM_GCC_541\Debug\CS301_Class.a(CyDmac.o)
 .data          0x1fff8134       0x10 .\CortexM3\ARM_GCC_541\Debug\CS301_Class.a(CyLib.o)
                0x1fff8134                cydelay_freq_hz
                0x1fff8138                cydelay_freq_khz
                0x1fff813c                cydelay_freq_mhz
                0x1fff8140                cydelay_32k_ms
 .data.impure_data
                0x1fff8144       0x60 c:/program files (x86)/cypress/psoc creator/4.4/psoc creator/import/gnu/arm/5.4.1/bin/../lib/gcc/arm-none-eabi/5.4.1/../../../../arm-none-eabi/lib/armv7-m\libg_nano.a(lib_a-impure.o)
 .data._impure_ptr
                0x1fff81a4        0x4 c:/program files (x86)/cypress/psoc creator/4.4/psoc creator/import/gnu/arm/5.4.1/bin/../lib/gcc/arm-none-eabi/5.4.1/../../../../arm-none-eabi/lib/armv7-m\libg_nano.a(lib_a-impure.o)
                0x1fff81a4                _impure_ptr
                0x1fff81a8                . = ALIGN (0x8)
 *(.ram)
                0x1fff81a8                _edata = .

.igot.plt       0x1fff81a8        0x0 load address 0x00003638
 .igot.plt      0x1fff81a8        0x0 c:/program files (x86)/cypress/psoc creator/4.4/psoc creator/import/gnu/arm/5.4.1/bin/../lib/gcc/arm-none-eabi/5.4.1/armv7-m/crtbegin.o

.bss            0x1fff81a8      0x208 load address 0x00003638
                0x1fff81a8                PROVIDE (__bss_start__, .)
 *(.shbss)
 *(.bss .bss.* .gnu.linkonce.b.*)
 .bss           0x1fff81a8       0x1c c:/program files (x86)/cypress/psoc creator/4.4/psoc creator/import/gnu/arm/5.4.1/bin/../lib/gcc/arm-none-eabi/5.4.1/armv7-m/crtbegin.o
 .bss           0x1fff81c4       0x16 .\CortexM3\ARM_GCC_541\Debug\main.o
                0x1fff81c4                ts
                0x1fff81c6                ts_enc
                0x1fff81c8                ts_update
                0x1fff81ca                ts_speed
                0x1fff81cc                ts_display
                0x1fff81ce                flag_ts_enc
                0x1fff81cf                flag_ts_update
                0x1fff81d0                flag_ts_speed
                0x1fff81d1                flag_ts_display
                0x1fff81d2                flag_rx
                0x1fff81d3                flag_packet
                0x1fff81d4                flag_KB_string
                0x1fff81d5                dataready_flag
 .bss           0x1fff81da        0x1 .\CortexM3\ARM_GCC_541\Debug\CS301_Class.a(Timer_TS.o)
                0x1fff81da                Timer_TS_initVar
 .bss           0x1fff81db        0x1 .\CortexM3\ARM_GCC_541\Debug\CS301_Class.a(USBUART.o)
                0x1fff81db                USBUART_initVar
 .bss           0x1fff81dc        0x1 .\CortexM3\ARM_GCC_541\Debug\CS301_Class.a(USBUART_cdc.o)
 *fill*         0x1fff81dd        0x3 
 .bss           0x1fff81e0        0x2 .\CortexM3\ARM_GCC_541\Debug\CS301_Class.a(USBUART_std.o)
 .bss           0x1fff81e2        0x1 .\CortexM3\ARM_GCC_541\Debug\CS301_Class.a(VDAC.o)
                0x1fff81e2                VDAC_initVar
 .bss           0x1fff81e3        0x1 .\CortexM3\ARM_GCC_541\Debug\CS301_Class.a(ADC_SAR_1.o)
                0x1fff81e3                ADC_SAR_1_initVar
 .bss           0x1fff81e4        0x1 .\CortexM3\ARM_GCC_541\Debug\CS301_Class.a(isr_eoc2.o)
                0x1fff81e4                sample_flag
 *(COMMON)
 *fill*         0x1fff81e5        0x3 
 COMMON         0x1fff81e8       0xe0 .\CortexM3\ARM_GCC_541\Debug\main.o
                0x1fff81e8                entry
                0x1fff8228                system_state
                0x1fff8248                line
                0x1fff8288                usbBuffer
 COMMON         0x1fff82c8       0x18 .\CortexM3\ARM_GCC_541\Debug\CS301_Class.a(USBUART_cdc.o)
                0x1fff82c8                USBUART_linesChanged
                0x1fff82cc                USBUART_cdcDataInEp
                0x1fff82d0                USBUART_cdcCommInInterruptEp
                0x1fff82d4                USBUART_cdcDataOutEp
                0x1fff82d8                USBUART_serialStateBitmap
                0x1fff82dc                USBUART_linesControlBitmap
 COMMON         0x1fff82e0       0x9a .\CortexM3\ARM_GCC_541\Debug\CS301_Class.a(USBUART_drv.o)
                0x1fff82e0                USBUART_lastPacketSize
                0x1fff82e1                USBUART_device
                0x1fff82e2                USBUART_transferByteCount
                0x1fff82e4                USBUART_transferState
                0x1fff82e8                USBUART_interfaceSettingLast
                0x1fff82ec                USBUART_currentTD
                0x1fff82f8                USBUART_interfaceNumber
                0x1fff82fc                USBUART_interfaceClass
                0x1fff8300                USBUART_configurationChanged
                0x1fff8301                USBUART_ep0Mode
                0x1fff8302                USBUART_deviceAddress
                0x1fff8303                USBUART_configuration
                0x1fff8304                USBUART_ep0Count
                0x1fff8305                USBUART_deviceStatus
                0x1fff8308                USBUART_EP
                0x1fff8374                USBUART_interfaceSetting
                0x1fff8376                USBUART_ep0Toggle
                0x1fff8378                USBUART_interfaceStatus
 *fill*         0x1fff837a        0x2 
 COMMON         0x1fff837c        0xa .\CortexM3\ARM_GCC_541\Debug\CS301_Class.a(ADC_SAR_1.o)
                0x1fff837c                ADC_SAR_1_countsPerVolt
                0x1fff837e                ADC_SAR_1_shift
                0x1fff8380                ADC_SAR_1_countsPer10Volt
                0x1fff8384                ADC_SAR_1_offset
 *fill*         0x1fff8386        0x2 
 COMMON         0x1fff8388       0x22 .\CortexM3\ARM_GCC_541\Debug\CS301_Class.a(USBUART_descr.o)
                0x1fff8388                USBUART_idSerialNumberStringDescriptor
                0x1fff83b0                . = ALIGN (0x8)
 *fill*         0x1fff83aa        0x6 
 *(.ram.b)
                0x1fff83b0                _end = .
                0x1fff83b0                __end = .
                0x1fff83b0                PROVIDE (end, .)
                0x1fff83b0                PROVIDE (__bss_end__, .)
                0x00003558                __cy_region_init_ram = LOADADDR (.data)
                0x000000e0                __cy_region_init_size_ram = (_edata - ADDR (.data))
                0x00000208                __cy_region_zero_size_ram = (_end - _edata)

.heap           0x1fff83b0       0x80 load address 0x00003638
                0x1fff83b0                . = _end
                0x1fff8430                . = (. + 0x80)
 *fill*         0x1fff83b0       0x80 
                0x1fff8430                __cy_heap_limit = .

.stack          0x20007800      0x800
                0x20007800                __cy_stack_limit = .
                0x20008000                . = (. + 0x800)
 *fill*         0x20007800      0x800 
                0x00000001                ASSERT ((__cy_stack_limit >= __cy_heap_limit), region RAM overflowed with stack)
                0x00000000                cy_checksum_exclude_size = (CY_APPL_LOADABLE == 0x1)?SIZEOF (.cy_checksum_exclude):0x0
                0x00000001                ASSERT ((cy_checksum_exclude_size <= CY_CHECKSUM_EXCLUDE_SIZE), CY_BOOT: Section .cy_checksum_exclude size exceedes specified limit.)

.cyloadermeta
 *(.cyloadermeta)

.cyloadablemeta
 *(.cyloadablemeta)

.cyconfigecc    0x80000000      0xf70
 *(.cyconfigecc)
 .cyconfigecc   0x80000000      0xf70 .\CortexM3\ARM_GCC_541\Debug\cymetadata.o
                0x80000000                cy_meta_configecc

.cycustnvl      0x90000000        0x4
 *(.cycustnvl)
 .cycustnvl     0x90000000        0x4 .\CortexM3\ARM_GCC_541\Debug\cymetadata.o
                0x90000000                cy_meta_custnvl

.cywolatch      0x90100000        0x4
 *(.cywolatch)
 .cywolatch     0x90100000        0x4 .\CortexM3\ARM_GCC_541\Debug\cymetadata.o
                0x90100000                cy_meta_wonvl

.cyeeprom       0x90200000        0x0
 *(.cyeeprom)
                0x00000001                ASSERT ((. <= ((0x90200000 + ee_offset) + ee_size)), .cyeeprom data will not fit in EEPROM)

.cyflashprotect
                0x90400000      0x100
 *(.cyflashprotect)
 .cyflashprotect
                0x90400000      0x100 .\CortexM3\ARM_GCC_541\Debug\cymetadata.o
                0x90400000                cy_meta_flashprotect

.cymeta         0x90500000        0xc
 *(.cymeta)
 .cymeta        0x90500000        0xc .\CortexM3\ARM_GCC_541\Debug\cymetadata.o
                0x90500000                cy_metadata

.rel.dyn        0x00003638        0x0 load address 0x9050000c
 .rel.iplt      0x00003638        0x0 c:/program files (x86)/cypress/psoc creator/4.4/psoc creator/import/gnu/arm/5.4.1/bin/../lib/gcc/arm-none-eabi/5.4.1/armv7-m/crtbegin.o

.stab
 *(.stab)

.stabstr
 *(.stabstr)

.debug
 *(.debug)

.line
 *(.line)

.debug_srcinfo
 *(.debug_srcinfo)

.debug_sfnames
 *(.debug_sfnames)

.debug_aranges  0x00000000      0xef0
 *(.debug_aranges)
 .debug_aranges
                0x00000000       0x38 .\CortexM3\ARM_GCC_541\Debug\main.o
 .debug_aranges
                0x00000038       0x28 .\CortexM3\ARM_GCC_541\Debug\tacho.o
 .debug_aranges
                0x00000060       0x60 .\CortexM3\ARM_GCC_541\Debug\cyfitter_cfg.o
 .debug_aranges
                0x000000c0       0x18 .\CortexM3\ARM_GCC_541\Debug\cymetadata.o
 .debug_aranges
                0x000000d8       0x48 .\CortexM3\ARM_GCC_541\Debug\Cm3Start.o
 .debug_aranges
                0x00000120       0x88 .\CortexM3\ARM_GCC_541\Debug\CS301_Class.a(Timer_TS.o)
 .debug_aranges
                0x000001a8       0xc8 .\CortexM3\ARM_GCC_541\Debug\CS301_Class.a(USBUART.o)
 .debug_aranges
                0x00000270       0xe8 .\CortexM3\ARM_GCC_541\Debug\CS301_Class.a(USBUART_cdc.o)
 .debug_aranges
                0x00000358       0x98 .\CortexM3\ARM_GCC_541\Debug\CS301_Class.a(USBUART_drv.o)
 .debug_aranges
                0x000003f0       0x40 .\CortexM3\ARM_GCC_541\Debug\CS301_Class.a(USBUART_episr.o)
 .debug_aranges
                0x00000430       0x40 .\CortexM3\ARM_GCC_541\Debug\CS301_Class.a(USBUART_pm.o)
 .debug_aranges
                0x00000470       0x80 .\CortexM3\ARM_GCC_541\Debug\CS301_Class.a(USBUART_std.o)
 .debug_aranges
                0x000004f0       0x20 .\CortexM3\ARM_GCC_541\Debug\CS301_Class.a(USBUART_vnd.o)
 .debug_aranges
                0x00000510       0x48 .\CortexM3\ARM_GCC_541\Debug\CS301_Class.a(USBUART_Dp.o)
 .debug_aranges
                0x00000558       0xd8 .\CortexM3\ARM_GCC_541\Debug\CS301_Class.a(CyDmac.o)
 .debug_aranges
                0x00000630      0x2a0 .\CortexM3\ARM_GCC_541\Debug\CS301_Class.a(CyLib.o)
 .debug_aranges
                0x000008d0       0x98 .\CortexM3\ARM_GCC_541\Debug\CS301_Class.a(cyPm.o)
 .debug_aranges
                0x00000968       0x60 .\CortexM3\ARM_GCC_541\Debug\CS301_Class.a(QuadDec_M1.o)
 .debug_aranges
                0x000009c8       0x60 .\CortexM3\ARM_GCC_541\Debug\CS301_Class.a(QuadDec_M2.o)
 .debug_aranges
                0x00000a28       0x98 .\CortexM3\ARM_GCC_541\Debug\CS301_Class.a(QuadDec_M1_Cnt16.o)
 .debug_aranges
                0x00000ac0       0x98 .\CortexM3\ARM_GCC_541\Debug\CS301_Class.a(QuadDec_M2_Cnt16.o)
 .debug_aranges
                0x00000b58       0x28 .\CortexM3\ARM_GCC_541\Debug\CS301_Class.a(RF_BT_SELECT.o)
 .debug_aranges
                0x00000b80       0x58 .\CortexM3\ARM_GCC_541\Debug\CS301_Class.a(VDAC.o)
 .debug_aranges
                0x00000bd8       0x98 .\CortexM3\ARM_GCC_541\Debug\CS301_Class.a(ADC_SAR_1.o)
 .debug_aranges
                0x00000c70       0x20 .\CortexM3\ARM_GCC_541\Debug\CS301_Class.a(ADC_SAR_1_INT.o)
 .debug_aranges
                0x00000c90       0x80 .\CortexM3\ARM_GCC_541\Debug\CS301_Class.a(isr_eoc2.o)
 .debug_aranges
                0x00000d10       0x80 .\CortexM3\ARM_GCC_541\Debug\CS301_Class.a(ADC_SAR_1_theACLK.o)
 .debug_aranges
                0x00000d90       0x20 .\CortexM3\ARM_GCC_541\Debug\CS301_Class.a(CyBootAsmGnu.o)
 .debug_aranges
                0x00000db0       0x20 .\CortexM3\ARM_GCC_541\Debug\CS301_Class.a(USBUART_cls.o)
 .debug_aranges
                0x00000dd0       0x18 .\CortexM3\ARM_GCC_541\Debug\CS301_Class.a(USBUART_descr.o)
 .debug_aranges
                0x00000de8       0x88 .\CortexM3\ARM_GCC_541\Debug\CS301_Class.a(CyFlash.o)
 .debug_aranges
                0x00000e70       0x80 .\CortexM3\ARM_GCC_541\Debug\CS301_Class.a(CySpc.o)

.debug_pubnames
 *(.debug_pubnames)

.debug_info     0x00000000     0x75ce
 *(.debug_info .gnu.linkonce.wi.*)
 .debug_info    0x00000000      0x402 .\CortexM3\ARM_GCC_541\Debug\main.o
 .debug_info    0x00000402      0x14e .\CortexM3\ARM_GCC_541\Debug\tacho.o
 .debug_info    0x00000550      0x470 .\CortexM3\ARM_GCC_541\Debug\cyfitter_cfg.o
 .debug_info    0x000009c0      0x139 .\CortexM3\ARM_GCC_541\Debug\cymetadata.o
 .debug_info    0x00000af9      0x32b .\CortexM3\ARM_GCC_541\Debug\Cm3Start.o
 .debug_info    0x00000e24      0x245 .\CortexM3\ARM_GCC_541\Debug\CS301_Class.a(Timer_TS.o)
 .debug_info    0x00001069      0x717 .\CortexM3\ARM_GCC_541\Debug\CS301_Class.a(USBUART.o)
 .debug_info    0x00001780      0x924 .\CortexM3\ARM_GCC_541\Debug\CS301_Class.a(USBUART_cdc.o)
 .debug_info    0x000020a4      0x52d .\CortexM3\ARM_GCC_541\Debug\CS301_Class.a(USBUART_drv.o)
 .debug_info    0x000025d1      0x23b .\CortexM3\ARM_GCC_541\Debug\CS301_Class.a(USBUART_episr.o)
 .debug_info    0x0000280c      0x18d .\CortexM3\ARM_GCC_541\Debug\CS301_Class.a(USBUART_pm.o)
 .debug_info    0x00002999      0x961 .\CortexM3\ARM_GCC_541\Debug\CS301_Class.a(USBUART_std.o)
 .debug_info    0x000032fa      0x1a9 .\CortexM3\ARM_GCC_541\Debug\CS301_Class.a(USBUART_vnd.o)
 .debug_info    0x000034a3      0x171 .\CortexM3\ARM_GCC_541\Debug\CS301_Class.a(USBUART_Dp.o)
 .debug_info    0x00003614      0x8c0 .\CortexM3\ARM_GCC_541\Debug\CS301_Class.a(CyDmac.o)
 .debug_info    0x00003ed4      0xe51 .\CortexM3\ARM_GCC_541\Debug\CS301_Class.a(CyLib.o)
 .debug_info    0x00004d25      0x57a .\CortexM3\ARM_GCC_541\Debug\CS301_Class.a(cyPm.o)
 .debug_info    0x0000529f      0x208 .\CortexM3\ARM_GCC_541\Debug\CS301_Class.a(QuadDec_M1.o)
 .debug_info    0x000054a7      0x208 .\CortexM3\ARM_GCC_541\Debug\CS301_Class.a(QuadDec_M2.o)
 .debug_info    0x000056af      0x291 .\CortexM3\ARM_GCC_541\Debug\CS301_Class.a(QuadDec_M1_Cnt16.o)
 .debug_info    0x00005940      0x291 .\CortexM3\ARM_GCC_541\Debug\CS301_Class.a(QuadDec_M2_Cnt16.o)
 .debug_info    0x00005bd1       0xd7 .\CortexM3\ARM_GCC_541\Debug\CS301_Class.a(RF_BT_SELECT.o)
 .debug_info    0x00005ca8      0x185 .\CortexM3\ARM_GCC_541\Debug\CS301_Class.a(VDAC.o)
 .debug_info    0x00005e2d      0x45b .\CortexM3\ARM_GCC_541\Debug\CS301_Class.a(ADC_SAR_1.o)
 .debug_info    0x00006288       0x92 .\CortexM3\ARM_GCC_541\Debug\CS301_Class.a(ADC_SAR_1_INT.o)
 .debug_info    0x0000631a      0x268 .\CortexM3\ARM_GCC_541\Debug\CS301_Class.a(isr_eoc2.o)
 .debug_info    0x00006582      0x299 .\CortexM3\ARM_GCC_541\Debug\CS301_Class.a(ADC_SAR_1_theACLK.o)
 .debug_info    0x0000681b       0x91 .\CortexM3\ARM_GCC_541\Debug\CS301_Class.a(CyBootAsmGnu.o)
 .debug_info    0x000068ac      0x1c8 .\CortexM3\ARM_GCC_541\Debug\CS301_Class.a(USBUART_cls.o)
 .debug_info    0x00006a74      0x2e1 .\CortexM3\ARM_GCC_541\Debug\CS301_Class.a(USBUART_descr.o)
 .debug_info    0x00006d55      0x3b9 .\CortexM3\ARM_GCC_541\Debug\CS301_Class.a(CyFlash.o)
 .debug_info    0x0000710e      0x4c0 .\CortexM3\ARM_GCC_541\Debug\CS301_Class.a(CySpc.o)

.debug_abbrev   0x00000000     0x24f7
 *(.debug_abbrev)
 .debug_abbrev  0x00000000      0x14a .\CortexM3\ARM_GCC_541\Debug\main.o
 .debug_abbrev  0x0000014a       0x96 .\CortexM3\ARM_GCC_541\Debug\tacho.o
 .debug_abbrev  0x000001e0      0x1b7 .\CortexM3\ARM_GCC_541\Debug\cyfitter_cfg.o
 .debug_abbrev  0x00000397       0x77 .\CortexM3\ARM_GCC_541\Debug\cymetadata.o
 .debug_abbrev  0x0000040e      0x1d6 .\CortexM3\ARM_GCC_541\Debug\Cm3Start.o
 .debug_abbrev  0x000005e4       0xe9 .\CortexM3\ARM_GCC_541\Debug\CS301_Class.a(Timer_TS.o)
 .debug_abbrev  0x000006cd      0x1f3 .\CortexM3\ARM_GCC_541\Debug\CS301_Class.a(USBUART.o)
 .debug_abbrev  0x000008c0      0x233 .\CortexM3\ARM_GCC_541\Debug\CS301_Class.a(USBUART_cdc.o)
 .debug_abbrev  0x00000af3      0x161 .\CortexM3\ARM_GCC_541\Debug\CS301_Class.a(USBUART_drv.o)
 .debug_abbrev  0x00000c54       0xfd .\CortexM3\ARM_GCC_541\Debug\CS301_Class.a(USBUART_episr.o)
 .debug_abbrev  0x00000d51       0xd1 .\CortexM3\ARM_GCC_541\Debug\CS301_Class.a(USBUART_pm.o)
 .debug_abbrev  0x00000e22      0x1c2 .\CortexM3\ARM_GCC_541\Debug\CS301_Class.a(USBUART_std.o)
 .debug_abbrev  0x00000fe4       0xc5 .\CortexM3\ARM_GCC_541\Debug\CS301_Class.a(USBUART_vnd.o)
 .debug_abbrev  0x000010a9       0x90 .\CortexM3\ARM_GCC_541\Debug\CS301_Class.a(USBUART_Dp.o)
 .debug_abbrev  0x00001139      0x194 .\CortexM3\ARM_GCC_541\Debug\CS301_Class.a(CyDmac.o)
 .debug_abbrev  0x000012cd      0x217 .\CortexM3\ARM_GCC_541\Debug\CS301_Class.a(CyLib.o)
 .debug_abbrev  0x000014e4      0x161 .\CortexM3\ARM_GCC_541\Debug\CS301_Class.a(cyPm.o)
 .debug_abbrev  0x00001645      0x130 .\CortexM3\ARM_GCC_541\Debug\CS301_Class.a(QuadDec_M1.o)
 .debug_abbrev  0x00001775      0x130 .\CortexM3\ARM_GCC_541\Debug\CS301_Class.a(QuadDec_M2.o)
 .debug_abbrev  0x000018a5      0x12c .\CortexM3\ARM_GCC_541\Debug\CS301_Class.a(QuadDec_M1_Cnt16.o)
 .debug_abbrev  0x000019d1      0x12c .\CortexM3\ARM_GCC_541\Debug\CS301_Class.a(QuadDec_M2_Cnt16.o)
 .debug_abbrev  0x00001afd       0x81 .\CortexM3\ARM_GCC_541\Debug\CS301_Class.a(RF_BT_SELECT.o)
 .debug_abbrev  0x00001b7e       0xeb .\CortexM3\ARM_GCC_541\Debug\CS301_Class.a(VDAC.o)
 .debug_abbrev  0x00001c69      0x15b .\CortexM3\ARM_GCC_541\Debug\CS301_Class.a(ADC_SAR_1.o)
 .debug_abbrev  0x00001dc4       0x42 .\CortexM3\ARM_GCC_541\Debug\CS301_Class.a(ADC_SAR_1_INT.o)
 .debug_abbrev  0x00001e06      0x190 .\CortexM3\ARM_GCC_541\Debug\CS301_Class.a(isr_eoc2.o)
 .debug_abbrev  0x00001f96      0x11d .\CortexM3\ARM_GCC_541\Debug\CS301_Class.a(ADC_SAR_1_theACLK.o)
 .debug_abbrev  0x000020b3       0x14 .\CortexM3\ARM_GCC_541\Debug\CS301_Class.a(CyBootAsmGnu.o)
 .debug_abbrev  0x000020c7       0xc5 .\CortexM3\ARM_GCC_541\Debug\CS301_Class.a(USBUART_cls.o)
 .debug_abbrev  0x0000218c       0xb4 .\CortexM3\ARM_GCC_541\Debug\CS301_Class.a(USBUART_descr.o)
 .debug_abbrev  0x00002240      0x14b .\CortexM3\ARM_GCC_541\Debug\CS301_Class.a(CyFlash.o)
 .debug_abbrev  0x0000238b      0x16c .\CortexM3\ARM_GCC_541\Debug\CS301_Class.a(CySpc.o)

.debug_line     0x00000000     0x3b75
 *(.debug_line)
 .debug_line    0x00000000      0x1f2 .\CortexM3\ARM_GCC_541\Debug\main.o
 .debug_line    0x000001f2      0x183 .\CortexM3\ARM_GCC_541\Debug\tacho.o
 .debug_line    0x00000375      0x241 .\CortexM3\ARM_GCC_541\Debug\cyfitter_cfg.o
 .debug_line    0x000005b6      0x141 .\CortexM3\ARM_GCC_541\Debug\cymetadata.o
 .debug_line    0x000006f7      0x1db .\CortexM3\ARM_GCC_541\Debug\Cm3Start.o
 .debug_line    0x000008d2      0x160 .\CortexM3\ARM_GCC_541\Debug\CS301_Class.a(Timer_TS.o)
 .debug_line    0x00000a32      0x307 .\CortexM3\ARM_GCC_541\Debug\CS301_Class.a(USBUART.o)
 .debug_line    0x00000d39      0x30c .\CortexM3\ARM_GCC_541\Debug\CS301_Class.a(USBUART_cdc.o)
 .debug_line    0x00001045      0x21f .\CortexM3\ARM_GCC_541\Debug\CS301_Class.a(USBUART_drv.o)
 .debug_line    0x00001264       0xf2 .\CortexM3\ARM_GCC_541\Debug\CS301_Class.a(USBUART_episr.o)
 .debug_line    0x00001356       0xe6 .\CortexM3\ARM_GCC_541\Debug\CS301_Class.a(USBUART_pm.o)
 .debug_line    0x0000143c      0x470 .\CortexM3\ARM_GCC_541\Debug\CS301_Class.a(USBUART_std.o)
 .debug_line    0x000018ac       0x8f .\CortexM3\ARM_GCC_541\Debug\CS301_Class.a(USBUART_vnd.o)
 .debug_line    0x0000193b       0xbf .\CortexM3\ARM_GCC_541\Debug\CS301_Class.a(USBUART_Dp.o)
 .debug_line    0x000019fa      0x2b6 .\CortexM3\ARM_GCC_541\Debug\CS301_Class.a(CyDmac.o)
 .debug_line    0x00001cb0      0x883 .\CortexM3\ARM_GCC_541\Debug\CS301_Class.a(CyLib.o)
 .debug_line    0x00002533      0x38e .\CortexM3\ARM_GCC_541\Debug\CS301_Class.a(cyPm.o)
 .debug_line    0x000028c1      0x10a .\CortexM3\ARM_GCC_541\Debug\CS301_Class.a(QuadDec_M1.o)
 .debug_line    0x000029cb      0x10a .\CortexM3\ARM_GCC_541\Debug\CS301_Class.a(QuadDec_M2.o)
 .debug_line    0x00002ad5      0x18e .\CortexM3\ARM_GCC_541\Debug\CS301_Class.a(QuadDec_M1_Cnt16.o)
 .debug_line    0x00002c63      0x18e .\CortexM3\ARM_GCC_541\Debug\CS301_Class.a(QuadDec_M2_Cnt16.o)
 .debug_line    0x00002df1       0x75 .\CortexM3\ARM_GCC_541\Debug\CS301_Class.a(RF_BT_SELECT.o)
 .debug_line    0x00002e66       0xed .\CortexM3\ARM_GCC_541\Debug\CS301_Class.a(VDAC.o)
 .debug_line    0x00002f53      0x1e9 .\CortexM3\ARM_GCC_541\Debug\CS301_Class.a(ADC_SAR_1.o)
 .debug_line    0x0000313c       0x59 .\CortexM3\ARM_GCC_541\Debug\CS301_Class.a(ADC_SAR_1_INT.o)
 .debug_line    0x00003195      0x250 .\CortexM3\ARM_GCC_541\Debug\CS301_Class.a(isr_eoc2.o)
 .debug_line    0x000033e5      0x1d4 .\CortexM3\ARM_GCC_541\Debug\CS301_Class.a(ADC_SAR_1_theACLK.o)
 .debug_line    0x000035b9       0x66 .\CortexM3\ARM_GCC_541\Debug\CS301_Class.a(CyBootAsmGnu.o)
 .debug_line    0x0000361f       0x95 .\CortexM3\ARM_GCC_541\Debug\CS301_Class.a(USBUART_cls.o)
 .debug_line    0x000036b4       0x61 .\CortexM3\ARM_GCC_541\Debug\CS301_Class.a(USBUART_descr.o)
 .debug_line    0x00003715      0x22f .\CortexM3\ARM_GCC_541\Debug\CS301_Class.a(CyFlash.o)
 .debug_line    0x00003944      0x231 .\CortexM3\ARM_GCC_541\Debug\CS301_Class.a(CySpc.o)

.debug_frame    0x00000000     0x3b4c
 *(.debug_frame)
 .debug_frame   0x00000000       0xa8 .\CortexM3\ARM_GCC_541\Debug\main.o
 .debug_frame   0x000000a8       0x60 .\CortexM3\ARM_GCC_541\Debug\tacho.o
 .debug_frame   0x00000108      0x16c .\CortexM3\ARM_GCC_541\Debug\cyfitter_cfg.o
 .debug_frame   0x00000274       0xd8 .\CortexM3\ARM_GCC_541\Debug\Cm3Start.o
 .debug_frame   0x0000034c      0x208 .\CortexM3\ARM_GCC_541\Debug\CS301_Class.a(Timer_TS.o)
 .debug_frame   0x00000554      0x37c .\CortexM3\ARM_GCC_541\Debug\CS301_Class.a(USBUART.o)
 .debug_frame   0x000008d0      0x3ec .\CortexM3\ARM_GCC_541\Debug\CS301_Class.a(USBUART_cdc.o)
 .debug_frame   0x00000cbc      0x23c .\CortexM3\ARM_GCC_541\Debug\CS301_Class.a(USBUART_drv.o)
 .debug_frame   0x00000ef8       0xbc .\CortexM3\ARM_GCC_541\Debug\CS301_Class.a(USBUART_episr.o)
 .debug_frame   0x00000fb4       0xbc .\CortexM3\ARM_GCC_541\Debug\CS301_Class.a(USBUART_pm.o)
 .debug_frame   0x00001070      0x224 .\CortexM3\ARM_GCC_541\Debug\CS301_Class.a(USBUART_std.o)
 .debug_frame   0x00001294       0x38 .\CortexM3\ARM_GCC_541\Debug\CS301_Class.a(USBUART_vnd.o)
 .debug_frame   0x000012cc       0xf4 .\CortexM3\ARM_GCC_541\Debug\CS301_Class.a(USBUART_Dp.o)
 .debug_frame   0x000013c0      0x3d0 .\CortexM3\ARM_GCC_541\Debug\CS301_Class.a(CyDmac.o)
 .debug_frame   0x00001790      0xc0c .\CortexM3\ARM_GCC_541\Debug\CS301_Class.a(CyLib.o)
 .debug_frame   0x0000239c      0x234 .\CortexM3\ARM_GCC_541\Debug\CS301_Class.a(cyPm.o)
 .debug_frame   0x000025d0      0x160 .\CortexM3\ARM_GCC_541\Debug\CS301_Class.a(QuadDec_M1.o)
 .debug_frame   0x00002730      0x160 .\CortexM3\ARM_GCC_541\Debug\CS301_Class.a(QuadDec_M2.o)
 .debug_frame   0x00002890      0x258 .\CortexM3\ARM_GCC_541\Debug\CS301_Class.a(QuadDec_M1_Cnt16.o)
 .debug_frame   0x00002ae8      0x258 .\CortexM3\ARM_GCC_541\Debug\CS301_Class.a(QuadDec_M2_Cnt16.o)
 .debug_frame   0x00002d40       0x5c .\CortexM3\ARM_GCC_541\Debug\CS301_Class.a(RF_BT_SELECT.o)
 .debug_frame   0x00002d9c      0x130 .\CortexM3\ARM_GCC_541\Debug\CS301_Class.a(VDAC.o)
 .debug_frame   0x00002ecc      0x274 .\CortexM3\ARM_GCC_541\Debug\CS301_Class.a(ADC_SAR_1.o)
 .debug_frame   0x00003140       0x34 .\CortexM3\ARM_GCC_541\Debug\CS301_Class.a(ADC_SAR_1_INT.o)
 .debug_frame   0x00003174      0x1e8 .\CortexM3\ARM_GCC_541\Debug\CS301_Class.a(isr_eoc2.o)
 .debug_frame   0x0000335c      0x200 .\CortexM3\ARM_GCC_541\Debug\CS301_Class.a(ADC_SAR_1_theACLK.o)
 .debug_frame   0x0000355c       0x38 .\CortexM3\ARM_GCC_541\Debug\CS301_Class.a(USBUART_cls.o)
 .debug_frame   0x00003594      0x238 .\CortexM3\ARM_GCC_541\Debug\CS301_Class.a(CyFlash.o)
 .debug_frame   0x000037cc      0x228 .\CortexM3\ARM_GCC_541\Debug\CS301_Class.a(CySpc.o)
 .debug_frame   0x000039f4       0x44 c:/program files (x86)/cypress/psoc creator/4.4/psoc creator/import/gnu/arm/5.4.1/bin/../lib/gcc/arm-none-eabi/5.4.1/armv7-m\libgcc.a(_aeabi_ldivmod.o)
 .debug_frame   0x00003a38       0x38 c:/program files (x86)/cypress/psoc creator/4.4/psoc creator/import/gnu/arm/5.4.1/bin/../lib/gcc/arm-none-eabi/5.4.1/armv7-m\libgcc.a(_udivmoddi4.o)
 .debug_frame   0x00003a70       0x20 c:/program files (x86)/cypress/psoc creator/4.4/psoc creator/import/gnu/arm/5.4.1/bin/../lib/gcc/arm-none-eabi/5.4.1/../../../../arm-none-eabi/lib/armv7-m\libg_nano.a(lib_a-errno.o)
 .debug_frame   0x00003a90       0x28 c:/program files (x86)/cypress/psoc creator/4.4/psoc creator/import/gnu/arm/5.4.1/bin/../lib/gcc/arm-none-eabi/5.4.1/../../../../arm-none-eabi/lib/armv7-m\libg_nano.a(lib_a-exit.o)
 .debug_frame   0x00003ab8       0x2c c:/program files (x86)/cypress/psoc creator/4.4/psoc creator/import/gnu/arm/5.4.1/bin/../lib/gcc/arm-none-eabi/5.4.1/../../../../arm-none-eabi/lib/armv7-m\libg_nano.a(lib_a-init.o)
 .debug_frame   0x00003ae4       0x28 c:/program files (x86)/cypress/psoc creator/4.4/psoc creator/import/gnu/arm/5.4.1/bin/../lib/gcc/arm-none-eabi/5.4.1/../../../../arm-none-eabi/lib/armv7-m\libg_nano.a(lib_a-memcpy-stub.o)
 .debug_frame   0x00003b0c       0x20 c:/program files (x86)/cypress/psoc creator/4.4/psoc creator/import/gnu/arm/5.4.1/bin/../lib/gcc/arm-none-eabi/5.4.1/../../../../arm-none-eabi/lib/armv7-m\libg_nano.a(lib_a-memset.o)
 .debug_frame   0x00003b2c       0x20 c:/program files (x86)/cypress/psoc creator/4.4/psoc creator/import/gnu/arm/5.4.1/bin/../lib/gcc/arm-none-eabi/5.4.1/../../../../arm-none-eabi/lib/armv7-m\libg_nano.a(lib_a-strcpy.o)

.debug_str      0x00000000     0x37ec
 *(.debug_str)
 .debug_str     0x00000000      0x325 .\CortexM3\ARM_GCC_541\Debug\main.o
                                0x3aa (size before relaxing)
 .debug_str     0x00000325       0x37 .\CortexM3\ARM_GCC_541\Debug\tacho.o
                                0x1d8 (size before relaxing)
 .debug_str     0x0000035c      0x19c .\CortexM3\ARM_GCC_541\Debug\cyfitter_cfg.o
                                0x339 (size before relaxing)
 .debug_str     0x000004f8       0x75 .\CortexM3\ARM_GCC_541\Debug\cymetadata.o
                                0x1e5 (size before relaxing)
 .debug_str     0x0000056d      0x123 .\CortexM3\ARM_GCC_541\Debug\Cm3Start.o
                                0x2d8 (size before relaxing)
 .debug_str     0x00000690      0x192 .\CortexM3\ARM_GCC_541\Debug\CS301_Class.a(Timer_TS.o)
                                0x326 (size before relaxing)
 .debug_str     0x00000822      0x434 .\CortexM3\ARM_GCC_541\Debug\CS301_Class.a(USBUART.o)
                                0x5ec (size before relaxing)
 .debug_str     0x00000c56      0x4d2 .\CortexM3\ARM_GCC_541\Debug\CS301_Class.a(USBUART_cdc.o)
                                0x71b (size before relaxing)
 .debug_str     0x00001128      0x296 .\CortexM3\ARM_GCC_541\Debug\CS301_Class.a(USBUART_drv.o)
                                0x5fb (size before relaxing)
 .debug_str     0x000013be       0x80 .\CortexM3\ARM_GCC_541\Debug\CS301_Class.a(USBUART_episr.o)
                                0x2c8 (size before relaxing)
 .debug_str     0x0000143e       0xac .\CortexM3\ARM_GCC_541\Debug\CS301_Class.a(USBUART_pm.o)
                                0x26c (size before relaxing)
 .debug_str     0x000014ea      0x2bb .\CortexM3\ARM_GCC_541\Debug\CS301_Class.a(USBUART_std.o)
                                0x75b (size before relaxing)
 .debug_str     0x000017a5       0x5f .\CortexM3\ARM_GCC_541\Debug\CS301_Class.a(USBUART_vnd.o)
                                0x278 (size before relaxing)
 .debug_str     0x00001804       0xb5 .\CortexM3\ARM_GCC_541\Debug\CS301_Class.a(USBUART_Dp.o)
                                0x242 (size before relaxing)
 .debug_str     0x000018b9      0x349 .\CortexM3\ARM_GCC_541\Debug\CS301_Class.a(CyDmac.o)
                                0x51e (size before relaxing)
 .debug_str     0x00001c02      0x7d0 .\CortexM3\ARM_GCC_541\Debug\CS301_Class.a(CyLib.o)
                                0x9eb (size before relaxing)
 .debug_str     0x000023d2      0x371 .\CortexM3\ARM_GCC_541\Debug\CS301_Class.a(cyPm.o)
                                0x544 (size before relaxing)
 .debug_str     0x00002743       0xfa .\CortexM3\ARM_GCC_541\Debug\CS301_Class.a(QuadDec_M1.o)
                                0x2b6 (size before relaxing)
 .debug_str     0x0000283d       0xf3 .\CortexM3\ARM_GCC_541\Debug\CS301_Class.a(QuadDec_M2.o)
                                0x2b6 (size before relaxing)
 .debug_str     0x00002930      0x252 .\CortexM3\ARM_GCC_541\Debug\CS301_Class.a(QuadDec_M1_Cnt16.o)
                                0x3fd (size before relaxing)
 .debug_str     0x00002b82      0x236 .\CortexM3\ARM_GCC_541\Debug\CS301_Class.a(QuadDec_M2_Cnt16.o)
                                0x3fd (size before relaxing)
 .debug_str     0x00002db8       0x4b .\CortexM3\ARM_GCC_541\Debug\CS301_Class.a(RF_BT_SELECT.o)
                                0x1c5 (size before relaxing)
 .debug_str     0x00002e03       0x93 .\CortexM3\ARM_GCC_541\Debug\CS301_Class.a(VDAC.o)
                                0x216 (size before relaxing)
 .debug_str     0x00002e96      0x222 .\CortexM3\ARM_GCC_541\Debug\CS301_Class.a(ADC_SAR_1.o)
                                0x411 (size before relaxing)
 .debug_str     0x000030b8       0x35 .\CortexM3\ARM_GCC_541\Debug\CS301_Class.a(ADC_SAR_1_INT.o)
                                0x19c (size before relaxing)
 .debug_str     0x000030ed      0x110 .\CortexM3\ARM_GCC_541\Debug\CS301_Class.a(isr_eoc2.o)
                                0x2ef (size before relaxing)
 .debug_str     0x000031fd      0x229 .\CortexM3\ARM_GCC_541\Debug\CS301_Class.a(ADC_SAR_1_theACLK.o)
                                0x3b6 (size before relaxing)
 .debug_str     0x00003426       0x3f .\CortexM3\ARM_GCC_541\Debug\CS301_Class.a(USBUART_cls.o)
                                0x290 (size before relaxing)
 .debug_str     0x00003465      0x104 .\CortexM3\ARM_GCC_541\Debug\CS301_Class.a(USBUART_descr.o)
                                0x393 (size before relaxing)
 .debug_str     0x00003569      0x156 .\CortexM3\ARM_GCC_541\Debug\CS301_Class.a(CyFlash.o)
                                0x308 (size before relaxing)
 .debug_str     0x000036bf      0x12d .\CortexM3\ARM_GCC_541\Debug\CS301_Class.a(CySpc.o)
                                0x302 (size before relaxing)

.debug_loc
 *(.debug_loc)

.debug_macinfo
 *(.debug_macinfo)

.debug_ranges   0x00000000      0xcd0
 *(.debug_ranges)
 .debug_ranges  0x00000000       0x28 .\CortexM3\ARM_GCC_541\Debug\main.o
 .debug_ranges  0x00000028       0x18 .\CortexM3\ARM_GCC_541\Debug\tacho.o
 .debug_ranges  0x00000040       0x50 .\CortexM3\ARM_GCC_541\Debug\cyfitter_cfg.o
 .debug_ranges  0x00000090       0x38 .\CortexM3\ARM_GCC_541\Debug\Cm3Start.o
 .debug_ranges  0x000000c8       0x78 .\CortexM3\ARM_GCC_541\Debug\CS301_Class.a(Timer_TS.o)
 .debug_ranges  0x00000140       0xb8 .\CortexM3\ARM_GCC_541\Debug\CS301_Class.a(USBUART.o)
 .debug_ranges  0x000001f8       0xd8 .\CortexM3\ARM_GCC_541\Debug\CS301_Class.a(USBUART_cdc.o)
 .debug_ranges  0x000002d0       0x88 .\CortexM3\ARM_GCC_541\Debug\CS301_Class.a(USBUART_drv.o)
 .debug_ranges  0x00000358       0x30 .\CortexM3\ARM_GCC_541\Debug\CS301_Class.a(USBUART_episr.o)
 .debug_ranges  0x00000388       0x30 .\CortexM3\ARM_GCC_541\Debug\CS301_Class.a(USBUART_pm.o)
 .debug_ranges  0x000003b8       0x70 .\CortexM3\ARM_GCC_541\Debug\CS301_Class.a(USBUART_std.o)
 .debug_ranges  0x00000428       0x10 .\CortexM3\ARM_GCC_541\Debug\CS301_Class.a(USBUART_vnd.o)
 .debug_ranges  0x00000438       0x38 .\CortexM3\ARM_GCC_541\Debug\CS301_Class.a(USBUART_Dp.o)
 .debug_ranges  0x00000470       0xc8 .\CortexM3\ARM_GCC_541\Debug\CS301_Class.a(CyDmac.o)
 .debug_ranges  0x00000538      0x290 .\CortexM3\ARM_GCC_541\Debug\CS301_Class.a(CyLib.o)
 .debug_ranges  0x000007c8       0x88 .\CortexM3\ARM_GCC_541\Debug\CS301_Class.a(cyPm.o)
 .debug_ranges  0x00000850       0x50 .\CortexM3\ARM_GCC_541\Debug\CS301_Class.a(QuadDec_M1.o)
 .debug_ranges  0x000008a0       0x50 .\CortexM3\ARM_GCC_541\Debug\CS301_Class.a(QuadDec_M2.o)
 .debug_ranges  0x000008f0       0x88 .\CortexM3\ARM_GCC_541\Debug\CS301_Class.a(QuadDec_M1_Cnt16.o)
 .debug_ranges  0x00000978       0x88 .\CortexM3\ARM_GCC_541\Debug\CS301_Class.a(QuadDec_M2_Cnt16.o)
 .debug_ranges  0x00000a00       0x18 .\CortexM3\ARM_GCC_541\Debug\CS301_Class.a(RF_BT_SELECT.o)
 .debug_ranges  0x00000a18       0x48 .\CortexM3\ARM_GCC_541\Debug\CS301_Class.a(VDAC.o)
 .debug_ranges  0x00000a60       0x88 .\CortexM3\ARM_GCC_541\Debug\CS301_Class.a(ADC_SAR_1.o)
 .debug_ranges  0x00000ae8       0x10 .\CortexM3\ARM_GCC_541\Debug\CS301_Class.a(ADC_SAR_1_INT.o)
 .debug_ranges  0x00000af8       0x70 .\CortexM3\ARM_GCC_541\Debug\CS301_Class.a(isr_eoc2.o)
 .debug_ranges  0x00000b68       0x70 .\CortexM3\ARM_GCC_541\Debug\CS301_Class.a(ADC_SAR_1_theACLK.o)
 .debug_ranges  0x00000bd8       0x10 .\CortexM3\ARM_GCC_541\Debug\CS301_Class.a(USBUART_cls.o)
 .debug_ranges  0x00000be8       0x78 .\CortexM3\ARM_GCC_541\Debug\CS301_Class.a(CyFlash.o)
 .debug_ranges  0x00000c60       0x70 .\CortexM3\ARM_GCC_541\Debug\CS301_Class.a(CySpc.o)

.comment        0x00000000       0x6e
 .comment       0x00000000       0x6e .\CortexM3\ARM_GCC_541\Debug\main.o
                                 0x6f (size before relaxing)
 .comment       0x0000006e       0x6f .\CortexM3\ARM_GCC_541\Debug\tacho.o
 .comment       0x0000006e       0x6f .\CortexM3\ARM_GCC_541\Debug\cyfitter_cfg.o
 .comment       0x0000006e       0x6f .\CortexM3\ARM_GCC_541\Debug\cymetadata.o
 .comment       0x0000006e       0x6f .\CortexM3\ARM_GCC_541\Debug\Cm3Start.o
 .comment       0x0000006e       0x6f .\CortexM3\ARM_GCC_541\Debug\CS301_Class.a(Timer_TS.o)
 .comment       0x0000006e       0x6f .\CortexM3\ARM_GCC_541\Debug\CS301_Class.a(USBUART.o)
 .comment       0x0000006e       0x6f .\CortexM3\ARM_GCC_541\Debug\CS301_Class.a(USBUART_cdc.o)
 .comment       0x0000006e       0x6f .\CortexM3\ARM_GCC_541\Debug\CS301_Class.a(USBUART_drv.o)
 .comment       0x0000006e       0x6f .\CortexM3\ARM_GCC_541\Debug\CS301_Class.a(USBUART_episr.o)
 .comment       0x0000006e       0x6f .\CortexM3\ARM_GCC_541\Debug\CS301_Class.a(USBUART_pm.o)
 .comment       0x0000006e       0x6f .\CortexM3\ARM_GCC_541\Debug\CS301_Class.a(USBUART_std.o)
 .comment       0x0000006e       0x6f .\CortexM3\ARM_GCC_541\Debug\CS301_Class.a(USBUART_vnd.o)
 .comment       0x0000006e       0x6f .\CortexM3\ARM_GCC_541\Debug\CS301_Class.a(USBUART_Dp.o)
 .comment       0x0000006e       0x6f .\CortexM3\ARM_GCC_541\Debug\CS301_Class.a(CyDmac.o)
 .comment       0x0000006e       0x6f .\CortexM3\ARM_GCC_541\Debug\CS301_Class.a(CyLib.o)
 .comment       0x0000006e       0x6f .\CortexM3\ARM_GCC_541\Debug\CS301_Class.a(cyPm.o)
 .comment       0x0000006e       0x6f .\CortexM3\ARM_GCC_541\Debug\CS301_Class.a(QuadDec_M1.o)
 .comment       0x0000006e       0x6f .\CortexM3\ARM_GCC_541\Debug\CS301_Class.a(QuadDec_M2.o)
 .comment       0x0000006e       0x6f .\CortexM3\ARM_GCC_541\Debug\CS301_Class.a(QuadDec_M1_Cnt16.o)
 .comment       0x0000006e       0x6f .\CortexM3\ARM_GCC_541\Debug\CS301_Class.a(QuadDec_M2_Cnt16.o)
 .comment       0x0000006e       0x6f .\CortexM3\ARM_GCC_541\Debug\CS301_Class.a(RF_BT_SELECT.o)
 .comment       0x0000006e       0x6f .\CortexM3\ARM_GCC_541\Debug\CS301_Class.a(VDAC.o)
 .comment       0x0000006e       0x6f .\CortexM3\ARM_GCC_541\Debug\CS301_Class.a(ADC_SAR_1.o)
 .comment       0x0000006e       0x6f .\CortexM3\ARM_GCC_541\Debug\CS301_Class.a(ADC_SAR_1_INT.o)
 .comment       0x0000006e       0x6f .\CortexM3\ARM_GCC_541\Debug\CS301_Class.a(isr_eoc2.o)
 .comment       0x0000006e       0x6f .\CortexM3\ARM_GCC_541\Debug\CS301_Class.a(ADC_SAR_1_theACLK.o)
 .comment       0x0000006e       0x6f .\CortexM3\ARM_GCC_541\Debug\CS301_Class.a(USBUART_cls.o)
 .comment       0x0000006e       0x6f .\CortexM3\ARM_GCC_541\Debug\CS301_Class.a(USBUART_descr.o)
 .comment       0x0000006e       0x6f .\CortexM3\ARM_GCC_541\Debug\CS301_Class.a(CyFlash.o)
 .comment       0x0000006e       0x6f .\CortexM3\ARM_GCC_541\Debug\CS301_Class.a(CySpc.o)

.debug_weaknames
 *(.debug_weaknames)

.debug_funcnames
 *(.debug_funcnames)

.debug_typenames
 *(.debug_typenames)

.debug_varnames
 *(.debug_varnames)

.note.gnu.arm.ident
 *(.note.gnu.arm.ident)

.ARM.attributes
                0x00000000       0x29
 *(.ARM.attributes)
 .ARM.attributes
                0x00000000       0x1d c:/program files (x86)/cypress/psoc creator/4.4/psoc creator/import/gnu/arm/5.4.1/bin/../lib/gcc/arm-none-eabi/5.4.1/armv7-m/crti.o
 .ARM.attributes
                0x0000001d       0x2d c:/program files (x86)/cypress/psoc creator/4.4/psoc creator/import/gnu/arm/5.4.1/bin/../lib/gcc/arm-none-eabi/5.4.1/armv7-m/crtbegin.o
 .ARM.attributes
                0x0000004a       0x1b c:/program files (x86)/cypress/psoc creator/4.4/psoc creator/import/gnu/arm/5.4.1/bin/../lib/gcc/arm-none-eabi/5.4.1/../../../../arm-none-eabi/lib/armv7-m/crt0.o
 .ARM.attributes
                0x00000065       0x33 .\CortexM3\ARM_GCC_541\Debug\main.o
 .ARM.attributes
                0x00000098       0x33 .\CortexM3\ARM_GCC_541\Debug\tacho.o
 .ARM.attributes
                0x000000cb       0x33 .\CortexM3\ARM_GCC_541\Debug\cyfitter_cfg.o
 .ARM.attributes
                0x000000fe       0x33 .\CortexM3\ARM_GCC_541\Debug\cymetadata.o
 .ARM.attributes
                0x00000131       0x33 .\CortexM3\ARM_GCC_541\Debug\Cm3Start.o
 .ARM.attributes
                0x00000164       0x33 .\CortexM3\ARM_GCC_541\Debug\CS301_Class.a(Timer_TS.o)
 .ARM.attributes
                0x00000197       0x33 .\CortexM3\ARM_GCC_541\Debug\CS301_Class.a(USBUART.o)
 .ARM.attributes
                0x000001ca       0x33 .\CortexM3\ARM_GCC_541\Debug\CS301_Class.a(USBUART_cdc.o)
 .ARM.attributes
                0x000001fd       0x33 .\CortexM3\ARM_GCC_541\Debug\CS301_Class.a(USBUART_drv.o)
 .ARM.attributes
                0x00000230       0x33 .\CortexM3\ARM_GCC_541\Debug\CS301_Class.a(USBUART_episr.o)
 .ARM.attributes
                0x00000263       0x33 .\CortexM3\ARM_GCC_541\Debug\CS301_Class.a(USBUART_pm.o)
 .ARM.attributes
                0x00000296       0x33 .\CortexM3\ARM_GCC_541\Debug\CS301_Class.a(USBUART_std.o)
 .ARM.attributes
                0x000002c9       0x33 .\CortexM3\ARM_GCC_541\Debug\CS301_Class.a(USBUART_vnd.o)
 .ARM.attributes
                0x000002fc       0x33 .\CortexM3\ARM_GCC_541\Debug\CS301_Class.a(USBUART_Dp.o)
 .ARM.attributes
                0x0000032f       0x33 .\CortexM3\ARM_GCC_541\Debug\CS301_Class.a(CyDmac.o)
 .ARM.attributes
                0x00000362       0x33 .\CortexM3\ARM_GCC_541\Debug\CS301_Class.a(CyLib.o)
 .ARM.attributes
                0x00000395       0x33 .\CortexM3\ARM_GCC_541\Debug\CS301_Class.a(cyPm.o)
 .ARM.attributes
                0x000003c8       0x33 .\CortexM3\ARM_GCC_541\Debug\CS301_Class.a(QuadDec_M1.o)
 .ARM.attributes
                0x000003fb       0x33 .\CortexM3\ARM_GCC_541\Debug\CS301_Class.a(QuadDec_M2.o)
 .ARM.attributes
                0x0000042e       0x33 .\CortexM3\ARM_GCC_541\Debug\CS301_Class.a(QuadDec_M1_Cnt16.o)
 .ARM.attributes
                0x00000461       0x33 .\CortexM3\ARM_GCC_541\Debug\CS301_Class.a(QuadDec_M2_Cnt16.o)
 .ARM.attributes
                0x00000494       0x33 .\CortexM3\ARM_GCC_541\Debug\CS301_Class.a(RF_BT_SELECT.o)
 .ARM.attributes
                0x000004c7       0x33 .\CortexM3\ARM_GCC_541\Debug\CS301_Class.a(VDAC.o)
 .ARM.attributes
                0x000004fa       0x33 .\CortexM3\ARM_GCC_541\Debug\CS301_Class.a(ADC_SAR_1.o)
 .ARM.attributes
                0x0000052d       0x33 .\CortexM3\ARM_GCC_541\Debug\CS301_Class.a(ADC_SAR_1_INT.o)
 .ARM.attributes
                0x00000560       0x33 .\CortexM3\ARM_GCC_541\Debug\CS301_Class.a(isr_eoc2.o)
 .ARM.attributes
                0x00000593       0x33 .\CortexM3\ARM_GCC_541\Debug\CS301_Class.a(ADC_SAR_1_theACLK.o)
 .ARM.attributes
                0x000005c6       0x21 .\CortexM3\ARM_GCC_541\Debug\CS301_Class.a(CyBootAsmGnu.o)
 .ARM.attributes
                0x000005e7       0x33 .\CortexM3\ARM_GCC_541\Debug\CS301_Class.a(USBUART_cls.o)
 .ARM.attributes
                0x0000061a       0x33 .\CortexM3\ARM_GCC_541\Debug\CS301_Class.a(USBUART_descr.o)
 .ARM.attributes
                0x0000064d       0x33 .\CortexM3\ARM_GCC_541\Debug\CS301_Class.a(CyFlash.o)
 .ARM.attributes
                0x00000680       0x33 .\CortexM3\ARM_GCC_541\Debug\CS301_Class.a(CySpc.o)
 .ARM.attributes
                0x000006b3       0x1d c:/program files (x86)/cypress/psoc creator/4.4/psoc creator/import/gnu/arm/5.4.1/bin/../lib/gcc/arm-none-eabi/5.4.1/armv7-m\libgcc.a(_arm_addsubsf3.o)
 .ARM.attributes
                0x000006d0       0x1d c:/program files (x86)/cypress/psoc creator/4.4/psoc creator/import/gnu/arm/5.4.1/bin/../lib/gcc/arm-none-eabi/5.4.1/armv7-m\libgcc.a(_arm_muldivsf3.o)
 .ARM.attributes
                0x000006ed       0x1d c:/program files (x86)/cypress/psoc creator/4.4/psoc creator/import/gnu/arm/5.4.1/bin/../lib/gcc/arm-none-eabi/5.4.1/armv7-m\libgcc.a(_aeabi_ldivmod.o)
 .ARM.attributes
                0x0000070a       0x2d c:/program files (x86)/cypress/psoc creator/4.4/psoc creator/import/gnu/arm/5.4.1/bin/../lib/gcc/arm-none-eabi/5.4.1/armv7-m\libgcc.a(_udivmoddi4.o)
 .ARM.attributes
                0x00000737       0x1d c:/program files (x86)/cypress/psoc creator/4.4/psoc creator/import/gnu/arm/5.4.1/bin/../lib/gcc/arm-none-eabi/5.4.1/armv7-m\libgcc.a(_dvmd_tls.o)
 .ARM.attributes
                0x00000754       0x2d c:/program files (x86)/cypress/psoc creator/4.4/psoc creator/import/gnu/arm/5.4.1/bin/../lib/gcc/arm-none-eabi/5.4.1/../../../../arm-none-eabi/lib/armv7-m\libg_nano.a(lib_a-errno.o)
 .ARM.attributes
                0x00000781       0x2d c:/program files (x86)/cypress/psoc creator/4.4/psoc creator/import/gnu/arm/5.4.1/bin/../lib/gcc/arm-none-eabi/5.4.1/../../../../arm-none-eabi/lib/armv7-m\libg_nano.a(lib_a-exit.o)
 .ARM.attributes
                0x000007ae       0x2d c:/program files (x86)/cypress/psoc creator/4.4/psoc creator/import/gnu/arm/5.4.1/bin/../lib/gcc/arm-none-eabi/5.4.1/../../../../arm-none-eabi/lib/armv7-m\libg_nano.a(lib_a-impure.o)
 .ARM.attributes
                0x000007db       0x2d c:/program files (x86)/cypress/psoc creator/4.4/psoc creator/import/gnu/arm/5.4.1/bin/../lib/gcc/arm-none-eabi/5.4.1/../../../../arm-none-eabi/lib/armv7-m\libg_nano.a(lib_a-init.o)
 .ARM.attributes
                0x00000808       0x2d c:/program files (x86)/cypress/psoc creator/4.4/psoc creator/import/gnu/arm/5.4.1/bin/../lib/gcc/arm-none-eabi/5.4.1/../../../../arm-none-eabi/lib/armv7-m\libg_nano.a(lib_a-memcpy-stub.o)
 .ARM.attributes
                0x00000835       0x2d c:/program files (x86)/cypress/psoc creator/4.4/psoc creator/import/gnu/arm/5.4.1/bin/../lib/gcc/arm-none-eabi/5.4.1/../../../../arm-none-eabi/lib/armv7-m\libg_nano.a(lib_a-memset.o)
 .ARM.attributes
                0x00000862       0x2d c:/program files (x86)/cypress/psoc creator/4.4/psoc creator/import/gnu/arm/5.4.1/bin/../lib/gcc/arm-none-eabi/5.4.1/../../../../arm-none-eabi/lib/armv7-m\libg_nano.a(lib_a-strcpy.o)
 .ARM.attributes
                0x0000088f       0x17 c:/program files (x86)/cypress/psoc creator/4.4/psoc creator/import/gnu/arm/5.4.1/bin/../lib/gcc/arm-none-eabi/5.4.1/../../../../arm-none-eabi/lib/armv7-m\libg_nano.a(lib_a-strlen.o)
 .ARM.attributes
                0x000008a6       0x2d c:/program files (x86)/cypress/psoc creator/4.4/psoc creator/import/gnu/arm/5.4.1/bin/../lib/gcc/arm-none-eabi/5.4.1/armv7-m/crtend.o
 .ARM.attributes
                0x000008d3       0x1d c:/program files (x86)/cypress/psoc creator/4.4/psoc creator/import/gnu/arm/5.4.1/bin/../lib/gcc/arm-none-eabi/5.4.1/armv7-m/crtn.o

/DISCARD/
 *(.note.GNU-stack)
OUTPUT(C:\psocProjects\psoc student pack\psoc_code_base\CS301_Class.cydsn\CortexM3\ARM_GCC_541\Debug\CS301_Class.elf elf32-littlearm)
