Archive member included to satisfy reference by file (symbol)

.\CortexM3\ARM_GCC_541\Debug\CS301_Class.a(Timer_TS.o)
                              .\CortexM3\ARM_GCC_541\Debug\main.o (Timer_TS_Start)
.\CortexM3\ARM_GCC_541\Debug\CS301_Class.a(CyLib.o)
                              .\CortexM3\ARM_GCC_541\Debug\Cm3Start.o (CyResetStatus)
.\CortexM3\ARM_GCC_541\Debug\CS301_Class.a(cyPm.o)
                              .\CortexM3\ARM_GCC_541\Debug\CS301_Class.a(CyLib.o) (CyPmReadStatus)
.\CortexM3\ARM_GCC_541\Debug\CS301_Class.a(PWM_1.o)
                              .\CortexM3\ARM_GCC_541\Debug\main.o (PWM_1_Start)
.\CortexM3\ARM_GCC_541\Debug\CS301_Class.a(PWM_2.o)
                              .\CortexM3\ARM_GCC_541\Debug\main.o (PWM_2_Start)
.\CortexM3\ARM_GCC_541\Debug\CS301_Class.a(QuadDec_M1.o)
                              .\CortexM3\ARM_GCC_541\Debug\main.o (QuadDec_M1_Start)
.\CortexM3\ARM_GCC_541\Debug\CS301_Class.a(QuadDec_M2.o)
                              .\CortexM3\ARM_GCC_541\Debug\main.o (QuadDec_M2_Start)
.\CortexM3\ARM_GCC_541\Debug\CS301_Class.a(QuadDec_M1_Cnt16.o)
                              .\CortexM3\ARM_GCC_541\Debug\CS301_Class.a(QuadDec_M1.o) (QuadDec_M1_Cnt16_WriteCounter)
.\CortexM3\ARM_GCC_541\Debug\CS301_Class.a(QuadDec_M2_Cnt16.o)
                              .\CortexM3\ARM_GCC_541\Debug\CS301_Class.a(QuadDec_M2.o) (QuadDec_M2_Cnt16_WriteCounter)
.\CortexM3\ARM_GCC_541\Debug\CS301_Class.a(isr_1.o)
                              .\CortexM3\ARM_GCC_541\Debug\main.o (isr_1_StartEx)
.\CortexM3\ARM_GCC_541\Debug\CS301_Class.a(Output_3.o)
                              .\CortexM3\ARM_GCC_541\Debug\SENSORS_READ.o (Output_3_Read)
.\CortexM3\ARM_GCC_541\Debug\CS301_Class.a(Output_4.o)
                              .\CortexM3\ARM_GCC_541\Debug\SENSORS_READ.o (Output_4_Read)
.\CortexM3\ARM_GCC_541\Debug\CS301_Class.a(Output_5.o)
                              .\CortexM3\ARM_GCC_541\Debug\SENSORS_READ.o (Output_5_Read)
.\CortexM3\ARM_GCC_541\Debug\CS301_Class.a(Output_6.o)
                              .\CortexM3\ARM_GCC_541\Debug\SENSORS_READ.o (Output_6_Read)
.\CortexM3\ARM_GCC_541\Debug\CS301_Class.a(LED1.o)
                              .\CortexM3\ARM_GCC_541\Debug\SENSORS_READ.o (LED1_Write)
.\CortexM3\ARM_GCC_541\Debug\CS301_Class.a(LED2.o)
                              .\CortexM3\ARM_GCC_541\Debug\SENSORS_READ.o (LED2_Write)
.\CortexM3\ARM_GCC_541\Debug\CS301_Class.a(LED3.o)
                              .\CortexM3\ARM_GCC_541\Debug\SENSORS_READ.o (LED3_Write)
.\CortexM3\ARM_GCC_541\Debug\CS301_Class.a(LED4.o)
                              .\CortexM3\ARM_GCC_541\Debug\SENSORS_READ.o (LED4_Write)
.\CortexM3\ARM_GCC_541\Debug\CS301_Class.a(LED5.o)
                              .\CortexM3\ARM_GCC_541\Debug\SENSORS_READ.o (LED5_Write)
.\CortexM3\ARM_GCC_541\Debug\CS301_Class.a(LED6.o)
                              .\CortexM3\ARM_GCC_541\Debug\SENSORS_READ.o (LED6_Write)
.\CortexM3\ARM_GCC_541\Debug\CS301_Class.a(CyBootAsmGnu.o)
                              .\CortexM3\ARM_GCC_541\Debug\cyfitter_cfg.o (CyDelayCycles)
.\CortexM3\ARM_GCC_541\Debug\CS301_Class.a(CyFlash.o)
                              .\CortexM3\ARM_GCC_541\Debug\CS301_Class.a(cyPm.o) (CyFlash_SetWaitCycles)
.\CortexM3\ARM_GCC_541\Debug\CS301_Class.a(CySpc.o)
                              .\CortexM3\ARM_GCC_541\Debug\CS301_Class.a(CyFlash.o) (CySpcStart)
c:/program files (x86)/cypress/psoc creator/4.4/psoc creator/import/gnu/arm/5.4.1/bin/../lib/gcc/arm-none-eabi/5.4.1/../../../../arm-none-eabi/lib/armv7-m\libg_nano.a(lib_a-errno.o)
                              .\CortexM3\ARM_GCC_541\Debug\Cm3Start.o (__errno)
c:/program files (x86)/cypress/psoc creator/4.4/psoc creator/import/gnu/arm/5.4.1/bin/../lib/gcc/arm-none-eabi/5.4.1/../../../../arm-none-eabi/lib/armv7-m\libg_nano.a(lib_a-exit.o)
                              c:/program files (x86)/cypress/psoc creator/4.4/psoc creator/import/gnu/arm/5.4.1/bin/../lib/gcc/arm-none-eabi/5.4.1/../../../../arm-none-eabi/lib/armv7-m/crt0.o (exit)
c:/program files (x86)/cypress/psoc creator/4.4/psoc creator/import/gnu/arm/5.4.1/bin/../lib/gcc/arm-none-eabi/5.4.1/../../../../arm-none-eabi/lib/armv7-m\libg_nano.a(lib_a-impure.o)
                              c:/program files (x86)/cypress/psoc creator/4.4/psoc creator/import/gnu/arm/5.4.1/bin/../lib/gcc/arm-none-eabi/5.4.1/../../../../arm-none-eabi/lib/armv7-m\libg_nano.a(lib_a-exit.o) (_global_impure_ptr)
c:/program files (x86)/cypress/psoc creator/4.4/psoc creator/import/gnu/arm/5.4.1/bin/../lib/gcc/arm-none-eabi/5.4.1/../../../../arm-none-eabi/lib/armv7-m\libg_nano.a(lib_a-init.o)
                              c:/program files (x86)/cypress/psoc creator/4.4/psoc creator/import/gnu/arm/5.4.1/bin/../lib/gcc/arm-none-eabi/5.4.1/../../../../arm-none-eabi/lib/armv7-m/crt0.o (__libc_init_array)
[...]
Memory Configuration

Name             Origin             Length             Attributes
rom              0x00000000         0x00040000         xr
ram              0x1fff8000         0x00010000         xrw
*default*        0x00000000         0xffffffff

Linker script and memory map

LOAD c:/program files (x86)/cypress/psoc creator/4.4/psoc creator/import/gnu/arm/5.4.1/bin/../lib/gcc/arm-none-eabi/5.4.1/armv7-m/crti.o
LOAD c:/program files (x86)/cypress/psoc creator/4.4/psoc creator/import/gnu/arm/5.4.1/bin/../lib/gcc/arm-none-eabi/5.4.1/armv7-m/crtbegin.o
LOAD c:/program files (x86)/cypress/psoc creator/4.4/psoc creator/import/gnu/arm/5.4.1/bin/../lib/gcc/arm-none-eabi/5.4.1/../../../../arm-none-eabi/lib/armv7-m/crt0.o
START GROUP
LOAD .\CortexM3\ARM_GCC_541\Debug\main.o
LOAD .\CortexM3\ARM_GCC_541\Debug\tacho.o
LOAD .\CortexM3\ARM_GCC_541\Debug\SENSORS_READ.o
LOAD .\CortexM3\ARM_GCC_541\Debug\MOVEMENT.o
LOAD .\CortexM3\ARM_GCC_541\Debug\map_to_instructions.o
LOAD .\CortexM3\ARM_GCC_541\Debug\cyfitter_cfg.o
LOAD .\CortexM3\ARM_GCC_541\Debug\cymetadata.o
LOAD .\CortexM3\ARM_GCC_541\Debug\Cm3Start.o
LOAD .\CortexM3\ARM_GCC_541\Debug\CS301_Class.a
LOAD C:\Program Files (x86)\Cypress\PSoC Creator\4.4\PSoC Creator\psoc\content\cycomponentlibrary\CyComponentLibrary.cylib\CortexM3\ARM_GCC_541\Debug\CyComponentLibrary.a
END GROUP
START GROUP
LOAD c:/program files (x86)/cypress/psoc creator/4.4/psoc creator/import/gnu/arm/5.4.1/bin/../lib/gcc/arm-none-eabi/5.4.1/armv7-m\libgcc.a
LOAD c:/program files (x86)/cypress/psoc creator/4.4/psoc creator/import/gnu/arm/5.4.1/bin/../lib/gcc/arm-none-eabi/5.4.1/../../../../arm-none-eabi/lib/armv7-m\libg_nano.a
LOAD c:/program files (x86)/cypress/psoc creator/4.4/psoc creator/import/gnu/arm/5.4.1/bin/../lib/gcc/arm-none-eabi/5.4.1/../../../../arm-none-eabi/lib/armv7-m\libc_nano.a
END GROUP
START GROUP
LOAD c:/program files (x86)/cypress/psoc creator/4.4/psoc creator/import/gnu/arm/5.4.1/bin/../lib/gcc/arm-none-eabi/5.4.1/armv7-m\libgcc.a
LOAD c:/program files (x86)/cypress/psoc creator/4.4/psoc creator/import/gnu/arm/5.4.1/bin/../lib/gcc/arm-none-eabi/5.4.1/../../../../arm-none-eabi/lib/armv7-m\libc_nano.a
END GROUP
LOAD c:/program files (x86)/cypress/psoc creator/4.4/psoc creator/import/gnu/arm/5.4.1/bin/../lib/gcc/arm-none-eabi/5.4.1/armv7-m/crtend.o
LOAD c:/program files (x86)/cypress/psoc creator/4.4/psoc creator/import/gnu/arm/5.4.1/bin/../lib/gcc/arm-none-eabi/5.4.1/armv7-m/crtn.o
START GROUP
LOAD c:/program files (x86)/cypress/psoc creator/4.4/psoc creator/import/gnu/arm/5.4.1/bin/../lib/gcc/arm-none-eabi/5.4.1/armv7-m\libgcc.a
LOAD c:/program files (x86)/cypress/psoc creator/4.4/psoc creator/import/gnu/arm/5.4.1/bin/../lib/gcc/arm-none-eabi/5.4.1/../../../../arm-none-eabi/lib/armv7-m\libc.a
LOAD c:/program files (x86)/cypress/psoc creator/4.4/psoc creator/import/gnu/arm/5.4.1/bin/../lib/gcc/arm-none-eabi/5.4.1/../../../../arm-none-eabi/lib/armv7-m\libnosys.a
END GROUP
                0x00000000                CY_APPL_ORIGIN = 0x0
                0x00000100                CY_FLASH_ROW_SIZE = 0x100
                0x00000020                CY_ECC_ROW_SIZE = 0x20
                0x00000000                CY_EE_IN_BTLDR = 0x0
                0x00000000                CY_APPL_LOADABLE = 0x0
                0x00000800                CY_EE_SIZE = 0x800
                0x00000001                CY_APPL_NUM = 0x1
                0x00000001                CY_APPL_MAX = 0x1
                0x00000040                CY_METADATA_SIZE = 0x40
                0x00000000                CY_APPL_LOADABLE = 0x0
                0x00000000                CY_CHECKSUM_EXCLUDE_SIZE = ALIGN (0x0, CY_FLASH_ROW_SIZE)
                [!provide]                PROVIDE (__cy_heap_start, _end)
                0x00000001                PROVIDE (__cy_region_num, ((__cy_regions_end - __cy_regions) / 0x10))
                0x20008000                PROVIDE (__cy_stack, (ORIGIN (ram) + LENGTH (ram)))
                [!provide]                PROVIDE (__cy_heap_end, (__cy_stack - 0x800))

.cybootloader   0x00000000        0x0
 *(.cybootloader)
                0x00000000                appl1_start = CY_APPL_ORIGIN?CY_APPL_ORIGIN:ALIGN (CY_FLASH_ROW_SIZE)
                0x0001ff00                appl2_start = (appl1_start + ALIGN ((((LENGTH (rom) - appl1_start) - (0x2 * CY_FLASH_ROW_SIZE)) / 0x2), CY_FLASH_ROW_SIZE))
                0x00000000                appl_start = (CY_APPL_NUM == 0x1)?appl1_start:appl2_start
                0x00000000                ecc_offset = ((appl_start / CY_FLASH_ROW_SIZE) * CY_ECC_ROW_SIZE)
                0x00000000                ee_offset = (CY_APPL_LOADABLE && ! (CY_EE_IN_BTLDR))?((CY_EE_SIZE / CY_APPL_MAX) * (CY_APPL_NUM - 0x1)):0x0
                0x00000800                ee_size = (CY_APPL_LOADABLE && ! (CY_EE_IN_BTLDR))?(CY_EE_SIZE / CY_APPL_MAX):CY_EE_SIZE
                [!provide]                PROVIDE (CY_ECC_OFFSET, ecc_offset)

.text           0x00000000     0x2c76
 CREATE_OBJECT_SYMBOLS
                0x00000000                PROVIDE (__cy_interrupt_vector, RomVectors)
 *(.romvectors)
 .romvectors    0x00000000       0x10 .\CortexM3\ARM_GCC_541\Debug\Cm3Start.o
                0x00000000                RomVectors
                0x00000001                ASSERT ((. != __cy_interrupt_vector), No interrupt vector)
                0x00000001                ASSERT (CY_APPL_ORIGIN?(SIZEOF (.cybootloader) <= CY_APPL_ORIGIN):0x1, Wrong image location)
                0x00000010                PROVIDE (__cy_reset, Reset)
 *(.text.Reset)
 .text.Reset    0x00000010       0x18 .\CortexM3\ARM_GCC_541\Debug\Cm3Start.o
                0x00000010                Reset
                0x00000001                ASSERT ((. != __cy_reset), No reset code)
 *(.dma_init)
                0x00000001                ASSERT ((((appl_start + .) <= 0x10000) || 0x1), DMA Init must be within the first 64k of flash)
 *(.text .text.* .gnu.linkonce.t.*)
 .text          0x00000028       0x5c c:/program files (x86)/cypress/psoc creator/4.4/psoc creator/import/gnu/arm/5.4.1/bin/../lib/gcc/arm-none-eabi/5.4.1/armv7-m/crtbegin.o
 .text.Timer_TS_ISR_Handler
                0x00000084       0x18 .\CortexM3\ARM_GCC_541\Debug\main.o
                0x00000084                Timer_TS_ISR_Handler
 .text.main     0x0000009c      0x118 .\CortexM3\ARM_GCC_541\Debug\main.o
                0x0000009c                main
 .text.motor_left
                0x000001b4       0x1c .\CortexM3\ARM_GCC_541\Debug\MOVEMENT.o
                0x000001b4                motor_left
 .text.motor_right
                0x000001d0       0x1c .\CortexM3\ARM_GCC_541\Debug\MOVEMENT.o
                0x000001d0                motor_right
 .text.stop     0x000001ec       0x14 .\CortexM3\ARM_GCC_541\Debug\MOVEMENT.o
                0x000001ec                stop
 .text.go_straight
                0x00000200       0xf4 .\CortexM3\ARM_GCC_541\Debug\MOVEMENT.o
                0x00000200                go_straight
 .text.move_forward_ticks
                0x000002f4       0x68 .\CortexM3\ARM_GCC_541\Debug\MOVEMENT.o
                0x000002f4                move_forward_ticks
 .text.go_straigh_with_tick
                0x0000035c      0x13c .\CortexM3\ARM_GCC_541\Debug\MOVEMENT.o
                0x0000035c                go_straigh_with_tick
 .text.turn_left_enc
                0x00000498       0xb8 .\CortexM3\ARM_GCC_541\Debug\MOVEMENT.o
                0x00000498                turn_left_enc
 .text.turn_right_enc
                0x00000550       0xb8 .\CortexM3\ARM_GCC_541\Debug\MOVEMENT.o
                0x00000550                turn_right_enc
 .text.u_turn_enc
                0x00000608       0xc0 .\CortexM3\ARM_GCC_541\Debug\MOVEMENT.o
                0x00000608                u_turn_enc
 .text.move_forward_until_intersection
                0x000006c8       0xbc .\CortexM3\ARM_GCC_541\Debug\MOVEMENT.o
                0x000006c8                move_forward_until_intersection
 .text.run_for_food
                0x00000784       0x60 .\CortexM3\ARM_GCC_541\Debug\MOVEMENT.o
                0x00000784                run_for_food
 .text.in_bounds
                0x000007e4       0x38 .\CortexM3\ARM_GCC_541\Debug\map_to_instructions.o
 .text.is_free  0x0000081c       0x4c .\CortexM3\ARM_GCC_541\Debug\map_to_instructions.o
 .text.heuristic
                0x00000868       0x34 .\CortexM3\ARM_GCC_541\Debug\map_to_instructions.o
 .text.has_side_branch
                0x0000089c       0x74 .\CortexM3\ARM_GCC_541\Debug\map_to_instructions.o
 .text.emit_plan_for_path
                0x00000910      0x568 .\CortexM3\ARM_GCC_541\Debug\map_to_instructions.o
 .text.generate_instructions_from_map
                0x00000e78      0xd28 .\CortexM3\ARM_GCC_541\Debug\map_to_instructions.o
                0x00000e78                generate_instructions_from_map
 .text.CYMEMZERO
                0x00001ba0       0x1c .\CortexM3\ARM_GCC_541\Debug\cyfitter_cfg.o
 .text.CYCONFIGCPY
                0x00001bbc       0x20 .\CortexM3\ARM_GCC_541\Debug\cyfitter_cfg.o
 .text.CyClockStartupError
                0x00001bdc        0xc .\CortexM3\ARM_GCC_541\Debug\cyfitter_cfg.o
 .text.cfg_write_bytes32
                0x00001be8       0x74 .\CortexM3\ARM_GCC_541\Debug\cyfitter_cfg.o
 .text.ClockSetup
                0x00001c5c      0x144 .\CortexM3\ARM_GCC_541\Debug\cyfitter_cfg.o
 .text.AnalogSetDefault
                0x00001da0       0x44 .\CortexM3\ARM_GCC_541\Debug\cyfitter_cfg.o
 .text.cyfitter_cfg
                0x00001de4      0x164 .\CortexM3\ARM_GCC_541\Debug\cyfitter_cfg.o
                0x00001de4                cyfitter_cfg
 .text.IntDefaultHandler
                0x00001f48       0x14 .\CortexM3\ARM_GCC_541\Debug\Cm3Start.o
                0x00001f48                IntDefaultHandler
 .text.Start_c  0x00001f5c       0x98 .\CortexM3\ARM_GCC_541\Debug\Cm3Start.o
                0x00001f5c                Start_c
 .text.initialize_psoc
                0x00001ff4       0x90 .\CortexM3\ARM_GCC_541\Debug\Cm3Start.o
                0x00001ff4                initialize_psoc
 .text.Timer_TS_Init
                0x00002084       0xa0 .\CortexM3\ARM_GCC_541\Debug\CS301_Class.a(Timer_TS.o)
                0x00002084                Timer_TS_Init
 .text.Timer_TS_Enable
                0x00002124       0x48 .\CortexM3\ARM_GCC_541\Debug\CS301_Class.a(Timer_TS.o)
                0x00002124                Timer_TS_Enable
 .text.Timer_TS_Start
                0x0000216c       0x24 .\CortexM3\ARM_GCC_541\Debug\CS301_Class.a(Timer_TS.o)
                0x0000216c                Timer_TS_Start
 .text.Timer_TS_SetInterruptMode
                0x00002190       0x20 .\CortexM3\ARM_GCC_541\Debug\CS301_Class.a(Timer_TS.o)
                0x00002190                Timer_TS_SetInterruptMode
 .text.Timer_TS_WritePeriod
                0x000021b0       0x24 .\CortexM3\ARM_GCC_541\Debug\CS301_Class.a(Timer_TS.o)
                0x000021b0                Timer_TS_WritePeriod
 .text.Timer_TS_WriteCounter
                0x000021d4       0x20 .\CortexM3\ARM_GCC_541\Debug\CS301_Class.a(Timer_TS.o)
                0x000021d4                Timer_TS_WriteCounter
 .text.CyDelay  0x000021f4       0x44 .\CortexM3\ARM_GCC_541\Debug\CS301_Class.a(CyLib.o)
                0x000021f4                CyDelay
 .text.PWM_1_Start
                0x00002238       0x24 .\CortexM3\ARM_GCC_541\Debug\CS301_Class.a(PWM_1.o)
                0x00002238                PWM_1_Start
 .text.PWM_1_Init
                0x0000225c       0xbc .\CortexM3\ARM_GCC_541\Debug\CS301_Class.a(PWM_1.o)
                0x0000225c                PWM_1_Init
 .text.PWM_1_Enable
                0x00002318       0x48 .\CortexM3\ARM_GCC_541\Debug\CS301_Class.a(PWM_1.o)
                0x00002318                PWM_1_Enable
 .text.PWM_1_WritePeriod
                0x00002360       0x20 .\CortexM3\ARM_GCC_541\Debug\CS301_Class.a(PWM_1.o)
                0x00002360                PWM_1_WritePeriod
 .text.PWM_1_WriteCompare
                0x00002380       0x20 .\CortexM3\ARM_GCC_541\Debug\CS301_Class.a(PWM_1.o)
                0x00002380                PWM_1_WriteCompare
 .text.PWM_1_SetInterruptMode
                0x000023a0       0x20 .\CortexM3\ARM_GCC_541\Debug\CS301_Class.a(PWM_1.o)
                0x000023a0                PWM_1_SetInterruptMode
 .text.PWM_2_Start
                0x000023c0       0x24 .\CortexM3\ARM_GCC_541\Debug\CS301_Class.a(PWM_2.o)
                0x000023c0                PWM_2_Start
 .text.PWM_2_Init
                0x000023e4       0xbc .\CortexM3\ARM_GCC_541\Debug\CS301_Class.a(PWM_2.o)
                0x000023e4                PWM_2_Init
 .text.PWM_2_Enable
                0x000024a0       0x48 .\CortexM3\ARM_GCC_541\Debug\CS301_Class.a(PWM_2.o)
                0x000024a0                PWM_2_Enable
 .text.PWM_2_WritePeriod
                0x000024e8       0x20 .\CortexM3\ARM_GCC_541\Debug\CS301_Class.a(PWM_2.o)
                0x000024e8                PWM_2_WritePeriod
 .text.PWM_2_WriteCompare
                0x00002508       0x20 .\CortexM3\ARM_GCC_541\Debug\CS301_Class.a(PWM_2.o)
                0x00002508                PWM_2_WriteCompare
 .text.PWM_2_SetInterruptMode
                0x00002528       0x20 .\CortexM3\ARM_GCC_541\Debug\CS301_Class.a(PWM_2.o)
                0x00002528                PWM_2_SetInterruptMode
 .text.QuadDec_M1_Init
                0x00002548        0xc .\CortexM3\ARM_GCC_541\Debug\CS301_Class.a(QuadDec_M1.o)
                0x00002548                QuadDec_M1_Init
 .text.QuadDec_M1_Enable
                0x00002554       0x3c .\CortexM3\ARM_GCC_541\Debug\CS301_Class.a(QuadDec_M1.o)
                0x00002554                QuadDec_M1_Enable
 .text.QuadDec_M1_Start
                0x00002590       0x30 .\CortexM3\ARM_GCC_541\Debug\CS301_Class.a(QuadDec_M1.o)
                0x00002590                QuadDec_M1_Start
 .text.QuadDec_M1_GetCounter
                0x000025c0       0x24 .\CortexM3\ARM_GCC_541\Debug\CS301_Class.a(QuadDec_M1.o)
                0x000025c0                QuadDec_M1_GetCounter
 .text.QuadDec_M1_SetCounter
                0x000025e4       0x34 .\CortexM3\ARM_GCC_541\Debug\CS301_Class.a(QuadDec_M1.o)
                0x000025e4                QuadDec_M1_SetCounter
 .text.QuadDec_M1_GetEvents
                0x00002618       0x1c .\CortexM3\ARM_GCC_541\Debug\CS301_Class.a(QuadDec_M1.o)
                0x00002618                QuadDec_M1_GetEvents
 .text.QuadDec_M1_SetInterruptMask
                0x00002634       0x20 .\CortexM3\ARM_GCC_541\Debug\CS301_Class.a(QuadDec_M1.o)
                0x00002634                QuadDec_M1_SetInterruptMask
 .text.QuadDec_M2_Init
                0x00002654        0xc .\CortexM3\ARM_GCC_541\Debug\CS301_Class.a(QuadDec_M2.o)
                0x00002654                QuadDec_M2_Init
 .text.QuadDec_M2_Enable
                0x00002660       0x3c .\CortexM3\ARM_GCC_541\Debug\CS301_Class.a(QuadDec_M2.o)
                0x00002660                QuadDec_M2_Enable
 .text.QuadDec_M2_Start
                0x0000269c       0x30 .\CortexM3\ARM_GCC_541\Debug\CS301_Class.a(QuadDec_M2.o)
                0x0000269c                QuadDec_M2_Start
 .text.QuadDec_M2_GetCounter
                0x000026cc       0x24 .\CortexM3\ARM_GCC_541\Debug\CS301_Class.a(QuadDec_M2.o)
                0x000026cc                QuadDec_M2_GetCounter
 .text.QuadDec_M2_SetCounter
                0x000026f0       0x34 .\CortexM3\ARM_GCC_541\Debug\CS301_Class.a(QuadDec_M2.o)
                0x000026f0                QuadDec_M2_SetCounter
 .text.QuadDec_M2_GetEvents
                0x00002724       0x1c .\CortexM3\ARM_GCC_541\Debug\CS301_Class.a(QuadDec_M2.o)
                0x00002724                QuadDec_M2_GetEvents
 .text.QuadDec_M2_SetInterruptMask
                0x00002740       0x20 .\CortexM3\ARM_GCC_541\Debug\CS301_Class.a(QuadDec_M2.o)
                0x00002740                QuadDec_M2_SetInterruptMask
 .text.QuadDec_M1_Cnt16_Init
                0x00002760       0x80 .\CortexM3\ARM_GCC_541\Debug\CS301_Class.a(QuadDec_M1_Cnt16.o)
                0x00002760                QuadDec_M1_Cnt16_Init
 .text.QuadDec_M1_Cnt16_Enable
                0x000027e0       0x20 .\CortexM3\ARM_GCC_541\Debug\CS301_Class.a(QuadDec_M1_Cnt16.o)
                0x000027e0                QuadDec_M1_Cnt16_Enable
 .text.QuadDec_M1_Cnt16_Start
                0x00002800       0x24 .\CortexM3\ARM_GCC_541\Debug\CS301_Class.a(QuadDec_M1_Cnt16.o)
                0x00002800                QuadDec_M1_Cnt16_Start
 .text.QuadDec_M1_Cnt16_SetInterruptMode
                0x00002824       0x20 .\CortexM3\ARM_GCC_541\Debug\CS301_Class.a(QuadDec_M1_Cnt16.o)
                0x00002824                QuadDec_M1_Cnt16_SetInterruptMode
 .text.QuadDec_M1_Cnt16_ReadStatusRegister
                0x00002844       0x18 .\CortexM3\ARM_GCC_541\Debug\CS301_Class.a(QuadDec_M1_Cnt16.o)
                0x00002844                QuadDec_M1_Cnt16_ReadStatusRegister
 .text.QuadDec_M1_Cnt16_WriteCounter
                0x0000285c       0x20 .\CortexM3\ARM_GCC_541\Debug\CS301_Class.a(QuadDec_M1_Cnt16.o)
                0x0000285c                QuadDec_M1_Cnt16_WriteCounter
 .text.QuadDec_M1_Cnt16_ReadCounter
                0x0000287c       0x20 .\CortexM3\ARM_GCC_541\Debug\CS301_Class.a(QuadDec_M1_Cnt16.o)
                0x0000287c                QuadDec_M1_Cnt16_ReadCounter
 .text.QuadDec_M1_Cnt16_ReadCapture
                0x0000289c       0x18 .\CortexM3\ARM_GCC_541\Debug\CS301_Class.a(QuadDec_M1_Cnt16.o)
                0x0000289c                QuadDec_M1_Cnt16_ReadCapture
 .text.QuadDec_M1_Cnt16_WritePeriod
                0x000028b4       0x20 .\CortexM3\ARM_GCC_541\Debug\CS301_Class.a(QuadDec_M1_Cnt16.o)
                0x000028b4                QuadDec_M1_Cnt16_WritePeriod
 .text.QuadDec_M1_Cnt16_WriteCompare
                0x000028d4       0x20 .\CortexM3\ARM_GCC_541\Debug\CS301_Class.a(QuadDec_M1_Cnt16.o)
                0x000028d4                QuadDec_M1_Cnt16_WriteCompare
 .text.QuadDec_M1_Cnt16_ClearFIFO
                0x000028f4       0x1c .\CortexM3\ARM_GCC_541\Debug\CS301_Class.a(QuadDec_M1_Cnt16.o)
                0x000028f4                QuadDec_M1_Cnt16_ClearFIFO
 .text.QuadDec_M2_Cnt16_Init
                0x00002910       0x80 .\CortexM3\ARM_GCC_541\Debug\CS301_Class.a(QuadDec_M2_Cnt16.o)
                0x00002910                QuadDec_M2_Cnt16_Init
 .text.QuadDec_M2_Cnt16_Enable
                0x00002990       0x20 .\CortexM3\ARM_GCC_541\Debug\CS301_Class.a(QuadDec_M2_Cnt16.o)
                0x00002990                QuadDec_M2_Cnt16_Enable
 .text.QuadDec_M2_Cnt16_Start
                0x000029b0       0x24 .\CortexM3\ARM_GCC_541\Debug\CS301_Class.a(QuadDec_M2_Cnt16.o)
                0x000029b0                QuadDec_M2_Cnt16_Start
 .text.QuadDec_M2_Cnt16_SetInterruptMode
                0x000029d4       0x20 .\CortexM3\ARM_GCC_541\Debug\CS301_Class.a(QuadDec_M2_Cnt16.o)
                0x000029d4                QuadDec_M2_Cnt16_SetInterruptMode
 .text.QuadDec_M2_Cnt16_ReadStatusRegister
                0x000029f4       0x18 .\CortexM3\ARM_GCC_541\Debug\CS301_Class.a(QuadDec_M2_Cnt16.o)
                0x000029f4                QuadDec_M2_Cnt16_ReadStatusRegister
 .text.QuadDec_M2_Cnt16_WriteCounter
                0x00002a0c       0x20 .\CortexM3\ARM_GCC_541\Debug\CS301_Class.a(QuadDec_M2_Cnt16.o)
                0x00002a0c                QuadDec_M2_Cnt16_WriteCounter
 .text.QuadDec_M2_Cnt16_ReadCounter
                0x00002a2c       0x20 .\CortexM3\ARM_GCC_541\Debug\CS301_Class.a(QuadDec_M2_Cnt16.o)
                0x00002a2c                QuadDec_M2_Cnt16_ReadCounter
 .text.QuadDec_M2_Cnt16_ReadCapture
                0x00002a4c       0x18 .\CortexM3\ARM_GCC_541\Debug\CS301_Class.a(QuadDec_M2_Cnt16.o)
                0x00002a4c                QuadDec_M2_Cnt16_ReadCapture
 .text.QuadDec_M2_Cnt16_WritePeriod
                0x00002a64       0x20 .\CortexM3\ARM_GCC_541\Debug\CS301_Class.a(QuadDec_M2_Cnt16.o)
                0x00002a64                QuadDec_M2_Cnt16_WritePeriod
 .text.QuadDec_M2_Cnt16_WriteCompare
                0x00002a84       0x20 .\CortexM3\ARM_GCC_541\Debug\CS301_Class.a(QuadDec_M2_Cnt16.o)
                0x00002a84                QuadDec_M2_Cnt16_WriteCompare
 .text.QuadDec_M2_Cnt16_ClearFIFO
                0x00002aa4       0x1c .\CortexM3\ARM_GCC_541\Debug\CS301_Class.a(QuadDec_M2_Cnt16.o)
                0x00002aa4                QuadDec_M2_Cnt16_ClearFIFO
 .text.isr_1_StartEx
                0x00002ac0       0x24 .\CortexM3\ARM_GCC_541\Debug\CS301_Class.a(isr_1.o)
                0x00002ac0                isr_1_StartEx
 .text.isr_1_SetVector
                0x00002ae4       0x24 .\CortexM3\ARM_GCC_541\Debug\CS301_Class.a(isr_1.o)
                0x00002ae4                isr_1_SetVector
 .text.isr_1_SetPriority
                0x00002b08       0x24 .\CortexM3\ARM_GCC_541\Debug\CS301_Class.a(isr_1.o)
                0x00002b08                isr_1_SetPriority
 .text.isr_1_Enable
                0x00002b2c       0x18 .\CortexM3\ARM_GCC_541\Debug\CS301_Class.a(isr_1.o)
                0x00002b2c                isr_1_Enable
 .text.isr_1_Disable
                0x00002b44       0x18 .\CortexM3\ARM_GCC_541\Debug\CS301_Class.a(isr_1.o)
                0x00002b44                isr_1_Disable
 .text.Output_3_Read
                0x00002b5c       0x20 .\CortexM3\ARM_GCC_541\Debug\CS301_Class.a(Output_3.o)
                0x00002b5c                Output_3_Read
 .text.Output_4_Read
                0x00002b7c       0x20 .\CortexM3\ARM_GCC_541\Debug\CS301_Class.a(Output_4.o)
                0x00002b7c                Output_4_Read
 .text.Output_5_Read
                0x00002b9c       0x20 .\CortexM3\ARM_GCC_541\Debug\CS301_Class.a(Output_5.o)
                0x00002b9c                Output_5_Read
 .text.Output_6_Read
                0x00002bbc       0x1c .\CortexM3\ARM_GCC_541\Debug\CS301_Class.a(Output_6.o)
                0x00002bbc                Output_6_Read
 .text          0x00002bd8       0x20 .\CortexM3\ARM_GCC_541\Debug\CS301_Class.a(CyBootAsmGnu.o)
                0x00002bd8                CyDelayCycles
                0x00002be8                CyEnterCriticalSection
                0x00002bf0                CyExitCriticalSection
 .text.__errno  0x00002bf8        0xc c:/program files (x86)/cypress/psoc creator/4.4/psoc creator/import/gnu/arm/5.4.1/bin/../lib/gcc/arm-none-eabi/5.4.1/../../../../arm-none-eabi/lib/armv7-m\libg_nano.a(lib_a-errno.o)
                0x00002bf8                __errno
 .text.__libc_init_array
                0x00002c04       0x4c c:/program files (x86)/cypress/psoc creator/4.4/psoc creator/import/gnu/arm/5.4.1/bin/../lib/gcc/arm-none-eabi/5.4.1/../../../../arm-none-eabi/lib/armv7-m\libg_nano.a(lib_a-init.o)
                0x00002c04                __libc_init_array
 .text.memcpy   0x00002c50       0x16 c:/program files (x86)/cypress/psoc creator/4.4/psoc creator/import/gnu/arm/5.4.1/bin/../lib/gcc/arm-none-eabi/5.4.1/../../../../arm-none-eabi/lib/armv7-m\libg_nano.a(lib_a-memcpy-stub.o)
                0x00002c50                memcpy
 .text.memset   0x00002c66       0x10 c:/program files (x86)/cypress/psoc creator/4.4/psoc creator/import/gnu/arm/5.4.1/bin/../lib/gcc/arm-none-eabi/5.4.1/../../../../arm-none-eabi/lib/armv7-m\libg_nano.a(lib_a-memset.o)
                0x00002c66                memset
 *(.plt)
 *(.gnu.warning)
 *(.glue_7t)
 .glue_7t       0x00002c76        0x0 linker stubs
 *(.glue_7)
 .glue_7        0x00002c76        0x0 linker stubs
 *(.vfp11_veneer)
 .vfp11_veneer  0x00002c76        0x0 linker stubs
 *(.bootloader)
 *(.ARM.extab* .gnu.linkonce.armextab.*)
 *(.gcc_except_table)

.v4_bx          0x00002c78        0x0
 .v4_bx         0x00002c78        0x0 linker stubs

.iplt           0x00002c78        0x0
 .iplt          0x00002c78        0x0 c:/program files (x86)/cypress/psoc creator/4.4/psoc creator/import/gnu/arm/5.4.1/bin/../lib/gcc/arm-none-eabi/5.4.1/armv7-m/crtbegin.o

.eh_frame_hdr
 *(.eh_frame_hdr)

.eh_frame       0x00002c78        0x4
 *(.eh_frame)
 .eh_frame      0x00002c78        0x0 c:/program files (x86)/cypress/psoc creator/4.4/psoc creator/import/gnu/arm/5.4.1/bin/../lib/gcc/arm-none-eabi/5.4.1/armv7-m/crtbegin.o
 .eh_frame      0x00002c78        0x4 c:/program files (x86)/cypress/psoc creator/4.4/psoc creator/import/gnu/arm/5.4.1/bin/../lib/gcc/arm-none-eabi/5.4.1/armv7-m/crtend.o
                [!provide]                PROVIDE (__exidx_start, .)

.ARM.exidx
 *(.ARM.exidx* .gnu.linkonce.armexidx.*)
                0x00002c7c                __exidx_end = .

.rodata         0x00002c7c       0x84
 *(.rodata .rodata.* .gnu.linkonce.r.*)
 .rodata        0x00002c7c       0x20 .\CortexM3\ARM_GCC_541\Debug\map_to_instructions.o
 .rodata        0x00002c9c       0x2a .\CortexM3\ARM_GCC_541\Debug\cyfitter_cfg.o
 .rodata.str1.1
                0x00002cc6        0x2 c:/program files (x86)/cypress/psoc creator/4.4/psoc creator/import/gnu/arm/5.4.1/bin/../lib/gcc/arm-none-eabi/5.4.1/../../../../arm-none-eabi/lib/armv7-m\libg_nano.a(lib_a-impure.o)
                0x00002cc8                . = ALIGN (0x4)
 *(.init)
 .init          0x00002cc8        0x4 c:/program files (x86)/cypress/psoc creator/4.4/psoc creator/import/gnu/arm/5.4.1/bin/../lib/gcc/arm-none-eabi/5.4.1/armv7-m/crti.o
                0x00002cc8                _init
 .init          0x00002ccc        0x8 c:/program files (x86)/cypress/psoc creator/4.4/psoc creator/import/gnu/arm/5.4.1/bin/../lib/gcc/arm-none-eabi/5.4.1/armv7-m/crtn.o
                0x00002cd4                . = ALIGN (0x4)
                0x00002cd4                __preinit_array_start = .
 *(.preinit_array)
                0x00002cd4                __preinit_array_end = .
                0x00002cd4                . = ALIGN (0x4)
                0x00002cd4                __init_array_start = .
 *(SORT(.init_array.*))
 *(.init_array)
 .init_array    0x00002cd4        0x4 c:/program files (x86)/cypress/psoc creator/4.4/psoc creator/import/gnu/arm/5.4.1/bin/../lib/gcc/arm-none-eabi/5.4.1/armv7-m/crtbegin.o
 .init_array    0x00002cd8        0x4 .\CortexM3\ARM_GCC_541\Debug\Cm3Start.o
                0x00002cdc                __init_array_end = .
                0x00002cdc                . = ALIGN (0x4)
 *(.fini)
 .fini          0x00002cdc        0x4 c:/program files (x86)/cypress/psoc creator/4.4/psoc creator/import/gnu/arm/5.4.1/bin/../lib/gcc/arm-none-eabi/5.4.1/armv7-m/crti.o
                0x00002cdc                _fini
 .fini          0x00002ce0        0x8 c:/program files (x86)/cypress/psoc creator/4.4/psoc creator/import/gnu/arm/5.4.1/bin/../lib/gcc/arm-none-eabi/5.4.1/armv7-m/crtn.o
                0x00002ce8                . = ALIGN (0x4)
                0x00002ce8                __fini_array_start = .
 *(.fini_array)
 .fini_array    0x00002ce8        0x4 c:/program files (x86)/cypress/psoc creator/4.4/psoc creator/import/gnu/arm/5.4.1/bin/../lib/gcc/arm-none-eabi/5.4.1/armv7-m/crtbegin.o
 *(SORT(.fini_array.*))
                0x00002cec                __fini_array_end = .
                0x00002cec                . = ALIGN (0x4)
 *crtbegin.o(.ctors)
 *(EXCLUDE_FILE(*crtend.o) .ctors)
 *(SORT(.ctors.*))
 *crtend.o(.ctors)
                0x00002cec                . = ALIGN (0x4)
 *crtbegin.o(.dtors)
 *(EXCLUDE_FILE(*crtend.o) .dtors)
 *(SORT(.dtors.*))
 *crtend.o(.dtors)
                0x00002cec                . = ALIGN (0x4)
                0x00002cec                __cy_regions = .
                0x00002cec        0x4 LONG 0x2d00 __cy_region_init_ram
                0x00002cf0        0x4 LONG 0x1fff80c8 __cy_region_start_data
                0x00002cf4        0x4 LONG 0x1b0 __cy_region_init_size_ram
                0x00002cf8        0x4 LONG 0x48 __cy_region_zero_size_ram
                0x00002cfc                __cy_regions_end = .
                0x00002d00                . = ALIGN (0x8)
 *fill*         0x00002cfc        0x4 
                0x00002d00                _etext = .

.cy_checksum_exclude
                0x00002d00        0x0
 *(.cy_checksum_exclude)

.ramvectors     0x1fff8000       0xc0
                0x1fff8000                __cy_region_start_ram = .
 *(.ramvectors)
 .ramvectors    0x1fff8000       0xc0 .\CortexM3\ARM_GCC_541\Debug\Cm3Start.o
                0x1fff8000                CyRamVectors

.noinit         0x1fff80c0        0x5
 *(.noinit)
 .noinit        0x1fff80c0        0x4 .\CortexM3\ARM_GCC_541\Debug\Cm3Start.o
 .noinit        0x1fff80c4        0x1 .\CortexM3\ARM_GCC_541\Debug\CS301_Class.a(CyLib.o)
                0x1fff80c4                CyResetStatus

.data           0x1fff80c8      0x1b0 load address 0x00002d00
                0x1fff80c8                __cy_region_start_data = .
 *(.jcr)
 .jcr           0x1fff80c8        0x0 c:/program files (x86)/cypress/psoc creator/4.4/psoc creator/import/gnu/arm/5.4.1/bin/../lib/gcc/arm-none-eabi/5.4.1/armv7-m/crtbegin.o
 .jcr           0x1fff80c8        0x4 c:/program files (x86)/cypress/psoc creator/4.4/psoc creator/import/gnu/arm/5.4.1/bin/../lib/gcc/arm-none-eabi/5.4.1/armv7-m/crtend.o
 *(.got.plt)
 *(.got)
 *(.shdata)
 *(.data .data.* .gnu.linkonce.d.*)
 .data          0x1fff80cc        0x6 .\CortexM3\ARM_GCC_541\Debug\MOVEMENT.o
                0x1fff80cc                left_pwm
                0x1fff80cd                right_pwm
                0x1fff80ce                drift_left_pwm
                0x1fff80cf                drift_right_pwm
                0x1fff80d0                adjust_left_pwm
                0x1fff80d1                adjust_right_pwm
 *fill*         0x1fff80d2        0x2 
 .data          0x1fff80d4      0x12e .\CortexM3\ARM_GCC_541\Debug\map_to_instructions.o
                0x1fff80d4                map
                0x1fff81f4                start_pos
                0x1fff81f8                food_list
 *fill*         0x1fff8202        0x2 
 .data          0x1fff8204       0x10 .\CortexM3\ARM_GCC_541\Debug\CS301_Class.a(CyLib.o)
                0x1fff8204                cydelay_freq_hz
                0x1fff8208                cydelay_freq_khz
                0x1fff820c                cydelay_freq_mhz
                0x1fff8210                cydelay_32k_ms
 .data.impure_data
                0x1fff8214       0x60 c:/program files (x86)/cypress/psoc creator/4.4/psoc creator/import/gnu/arm/5.4.1/bin/../lib/gcc/arm-none-eabi/5.4.1/../../../../arm-none-eabi/lib/armv7-m\libg_nano.a(lib_a-impure.o)
 .data._impure_ptr
                0x1fff8274        0x4 c:/program files (x86)/cypress/psoc creator/4.4/psoc creator/import/gnu/arm/5.4.1/bin/../lib/gcc/arm-none-eabi/5.4.1/../../../../arm-none-eabi/lib/armv7-m\libg_nano.a(lib_a-impure.o)
                0x1fff8274                _impure_ptr
                0x1fff8278                . = ALIGN (0x8)
 *(.ram)
                0x1fff8278                _edata = .

.igot.plt       0x1fff8278        0x0 load address 0x00002eb0
 .igot.plt      0x1fff8278        0x0 c:/program files (x86)/cypress/psoc creator/4.4/psoc creator/import/gnu/arm/5.4.1/bin/../lib/gcc/arm-none-eabi/5.4.1/armv7-m/crtbegin.o

.bss            0x1fff8278       0x48 load address 0x00002eb0
                0x1fff8278                PROVIDE (__bss_start__, .)
 *(.shbss)
 *(.bss .bss.* .gnu.linkonce.b.*)
 .bss           0x1fff8278       0x1c c:/program files (x86)/cypress/psoc creator/4.4/psoc creator/import/gnu/arm/5.4.1/bin/../lib/gcc/arm-none-eabi/5.4.1/armv7-m/crtbegin.o
 .bss           0x1fff8294       0x18 .\CortexM3\ARM_GCC_541\Debug\main.o
                0x1fff8294                ts
                0x1fff8296                ts_enc
                0x1fff8298                ts_update
                0x1fff829a                ts_speed
                0x1fff829c                ts_display
                0x1fff829e                flag_ts_enc
                0x1fff829f                flag_ts_update
                0x1fff82a0                flag_ts_speed
                0x1fff82a1                flag_ts_display
                0x1fff82a2                flag_rx
                0x1fff82a3                flag_packet
                0x1fff82a4                flag_KB_string
                0x1fff82a5                dataready_flag
                0x1fff82aa                timer_flag
                0x1fff82ab                food_index
 .bss           0x1fff82ac        0xc .\CortexM3\ARM_GCC_541\Debug\MOVEMENT.o
                0x1fff82b0                last_drift
 .bss           0x1fff82b8        0x1 .\CortexM3\ARM_GCC_541\Debug\CS301_Class.a(Timer_TS.o)
                0x1fff82b8                Timer_TS_initVar
 .bss           0x1fff82b9        0x1 .\CortexM3\ARM_GCC_541\Debug\CS301_Class.a(PWM_1.o)
                0x1fff82b9                PWM_1_initVar
 .bss           0x1fff82ba        0x1 .\CortexM3\ARM_GCC_541\Debug\CS301_Class.a(PWM_2.o)
                0x1fff82ba                PWM_2_initVar
 .bss           0x1fff82bb        0x1 .\CortexM3\ARM_GCC_541\Debug\CS301_Class.a(QuadDec_M1.o)
                0x1fff82bb                QuadDec_M1_initVar
 .bss           0x1fff82bc        0x1 .\CortexM3\ARM_GCC_541\Debug\CS301_Class.a(QuadDec_M2.o)
                0x1fff82bc                QuadDec_M2_initVar
 .bss           0x1fff82bd        0x1 .\CortexM3\ARM_GCC_541\Debug\CS301_Class.a(QuadDec_M1_Cnt16.o)
                0x1fff82bd                QuadDec_M1_Cnt16_initVar
 .bss           0x1fff82be        0x1 .\CortexM3\ARM_GCC_541\Debug\CS301_Class.a(QuadDec_M2_Cnt16.o)
                0x1fff82be                QuadDec_M2_Cnt16_initVar
 *(COMMON)
                0x1fff82c0                . = ALIGN (0x8)
 *fill*         0x1fff82bf        0x1 
 *(.ram.b)
                0x1fff82c0                _end = .
                0x1fff82c0                __end = .
                0x1fff82c0                PROVIDE (end, .)
                0x1fff82c0                PROVIDE (__bss_end__, .)
                0x00002d00                __cy_region_init_ram = LOADADDR (.data)
                0x000001b0                __cy_region_init_size_ram = (_edata - ADDR (.data))
                0x00000048                __cy_region_zero_size_ram = (_end - _edata)

.heap           0x1fff82c0       0x80 load address 0x00002eb0
                0x1fff82c0                . = _end
                0x1fff8340                . = (. + 0x80)
 *fill*         0x1fff82c0       0x80 
                0x1fff8340                __cy_heap_limit = .

.stack          0x20007800      0x800
                0x20007800                __cy_stack_limit = .
                0x20008000                . = (. + 0x800)
 *fill*         0x20007800      0x800 
                0x00000001                ASSERT ((__cy_stack_limit >= __cy_heap_limit), region RAM overflowed with stack)
                0x00000000                cy_checksum_exclude_size = (CY_APPL_LOADABLE == 0x1)?SIZEOF (.cy_checksum_exclude):0x0
                0x00000001                ASSERT ((cy_checksum_exclude_size <= CY_CHECKSUM_EXCLUDE_SIZE), CY_BOOT: Section .cy_checksum_exclude size exceedes specified limit.)

.cyloadermeta
 *(.cyloadermeta)

.cyloadablemeta
 *(.cyloadablemeta)

.cyconfigecc    0x80000000      0xb74
 *(.cyconfigecc)
 .cyconfigecc   0x80000000      0xb74 .\CortexM3\ARM_GCC_541\Debug\cymetadata.o
                0x80000000                cy_meta_configecc

.cycustnvl      0x90000000        0x4
 *(.cycustnvl)
 .cycustnvl     0x90000000        0x4 .\CortexM3\ARM_GCC_541\Debug\cymetadata.o
                0x90000000                cy_meta_custnvl

.cywolatch      0x90100000        0x4
 *(.cywolatch)
 .cywolatch     0x90100000        0x4 .\CortexM3\ARM_GCC_541\Debug\cymetadata.o
                0x90100000                cy_meta_wonvl

.cyeeprom       0x90200000        0x0
 *(.cyeeprom)
                0x00000001                ASSERT ((. <= ((0x90200000 + ee_offset) + ee_size)), .cyeeprom data will not fit in EEPROM)

.cyflashprotect
                0x90400000      0x100
 *(.cyflashprotect)
 .cyflashprotect
                0x90400000      0x100 .\CortexM3\ARM_GCC_541\Debug\cymetadata.o
                0x90400000                cy_meta_flashprotect

.cymeta         0x90500000        0xc
 *(.cymeta)
 .cymeta        0x90500000        0xc .\CortexM3\ARM_GCC_541\Debug\cymetadata.o
                0x90500000                cy_metadata

.rel.dyn        0x00002eb0        0x0 load address 0x9050000c
 .rel.iplt      0x00002eb0        0x0 c:/program files (x86)/cypress/psoc creator/4.4/psoc creator/import/gnu/arm/5.4.1/bin/../lib/gcc/arm-none-eabi/5.4.1/armv7-m/crtbegin.o

.stab
 *(.stab)

.stabstr
 *(.stabstr)

.debug
 *(.debug)

.line
 *(.line)

.debug_srcinfo
 *(.debug_srcinfo)

.debug_sfnames
 *(.debug_sfnames)

.debug_aranges  0x00000000      0xca0
 *(.debug_aranges)
 .debug_aranges
                0x00000000       0x48 .\CortexM3\ARM_GCC_541\Debug\main.o
 .debug_aranges
                0x00000048       0x28 .\CortexM3\ARM_GCC_541\Debug\tacho.o
 .debug_aranges
                0x00000070       0x20 .\CortexM3\ARM_GCC_541\Debug\SENSORS_READ.o
 .debug_aranges
                0x00000090       0x88 .\CortexM3\ARM_GCC_541\Debug\MOVEMENT.o
 .debug_aranges
                0x00000118       0x50 .\CortexM3\ARM_GCC_541\Debug\map_to_instructions.o
 .debug_aranges
                0x00000168       0x60 .\CortexM3\ARM_GCC_541\Debug\cyfitter_cfg.o
 .debug_aranges
                0x000001c8       0x18 .\CortexM3\ARM_GCC_541\Debug\cymetadata.o
 .debug_aranges
                0x000001e0       0x48 .\CortexM3\ARM_GCC_541\Debug\Cm3Start.o
 .debug_aranges
                0x00000228       0x88 .\CortexM3\ARM_GCC_541\Debug\CS301_Class.a(Timer_TS.o)
 .debug_aranges
                0x000002b0      0x2a0 .\CortexM3\ARM_GCC_541\Debug\CS301_Class.a(CyLib.o)
 .debug_aranges
                0x00000550       0x98 .\CortexM3\ARM_GCC_541\Debug\CS301_Class.a(cyPm.o)
 .debug_aranges
                0x000005e8       0x78 .\CortexM3\ARM_GCC_541\Debug\CS301_Class.a(PWM_1.o)
 .debug_aranges
                0x00000660       0x78 .\CortexM3\ARM_GCC_541\Debug\CS301_Class.a(PWM_2.o)
 .debug_aranges
                0x000006d8       0x60 .\CortexM3\ARM_GCC_541\Debug\CS301_Class.a(QuadDec_M1.o)
 .debug_aranges
                0x00000738       0x60 .\CortexM3\ARM_GCC_541\Debug\CS301_Class.a(QuadDec_M2.o)
 .debug_aranges
                0x00000798       0x98 .\CortexM3\ARM_GCC_541\Debug\CS301_Class.a(QuadDec_M1_Cnt16.o)
 .debug_aranges
                0x00000830       0x98 .\CortexM3\ARM_GCC_541\Debug\CS301_Class.a(QuadDec_M2_Cnt16.o)
 .debug_aranges
                0x000008c8       0x80 .\CortexM3\ARM_GCC_541\Debug\CS301_Class.a(isr_1.o)
 .debug_aranges
                0x00000948       0x38 .\CortexM3\ARM_GCC_541\Debug\CS301_Class.a(Output_3.o)
 .debug_aranges
                0x00000980       0x38 .\CortexM3\ARM_GCC_541\Debug\CS301_Class.a(Output_4.o)
 .debug_aranges
                0x000009b8       0x38 .\CortexM3\ARM_GCC_541\Debug\CS301_Class.a(Output_5.o)
 .debug_aranges
                0x000009f0       0x38 .\CortexM3\ARM_GCC_541\Debug\CS301_Class.a(Output_6.o)
 .debug_aranges
                0x00000a28       0x38 .\CortexM3\ARM_GCC_541\Debug\CS301_Class.a(LED1.o)
 .debug_aranges
                0x00000a60       0x38 .\CortexM3\ARM_GCC_541\Debug\CS301_Class.a(LED2.o)
 .debug_aranges
                0x00000a98       0x38 .\CortexM3\ARM_GCC_541\Debug\CS301_Class.a(LED3.o)
 .debug_aranges
                0x00000ad0       0x38 .\CortexM3\ARM_GCC_541\Debug\CS301_Class.a(LED4.o)
 .debug_aranges
                0x00000b08       0x38 .\CortexM3\ARM_GCC_541\Debug\CS301_Class.a(LED5.o)
 .debug_aranges
                0x00000b40       0x38 .\CortexM3\ARM_GCC_541\Debug\CS301_Class.a(LED6.o)
 .debug_aranges
                0x00000b78       0x20 .\CortexM3\ARM_GCC_541\Debug\CS301_Class.a(CyBootAsmGnu.o)
 .debug_aranges
                0x00000b98       0x88 .\CortexM3\ARM_GCC_541\Debug\CS301_Class.a(CyFlash.o)
 .debug_aranges
                0x00000c20       0x80 .\CortexM3\ARM_GCC_541\Debug\CS301_Class.a(CySpc.o)

.debug_pubnames
 *(.debug_pubnames)

.debug_info     0x00000000     0x5a04
 *(.debug_info .gnu.linkonce.wi.*)
 .debug_info    0x00000000      0x549 .\CortexM3\ARM_GCC_541\Debug\main.o
 .debug_info    0x00000549      0x14e .\CortexM3\ARM_GCC_541\Debug\tacho.o
 .debug_info    0x00000697      0x190 .\CortexM3\ARM_GCC_541\Debug\SENSORS_READ.o
 .debug_info    0x00000827      0x58e .\CortexM3\ARM_GCC_541\Debug\MOVEMENT.o
 .debug_info    0x00000db5      0xa25 .\CortexM3\ARM_GCC_541\Debug\map_to_instructions.o
 .debug_info    0x000017da      0x3ab .\CortexM3\ARM_GCC_541\Debug\cyfitter_cfg.o
 .debug_info    0x00001b85      0x139 .\CortexM3\ARM_GCC_541\Debug\cymetadata.o
 .debug_info    0x00001cbe      0x32b .\CortexM3\ARM_GCC_541\Debug\Cm3Start.o
 .debug_info    0x00001fe9      0x245 .\CortexM3\ARM_GCC_541\Debug\CS301_Class.a(Timer_TS.o)
 .debug_info    0x0000222e      0xe51 .\CortexM3\ARM_GCC_541\Debug\CS301_Class.a(CyLib.o)
 .debug_info    0x0000307f      0x57a .\CortexM3\ARM_GCC_541\Debug\CS301_Class.a(cyPm.o)
 .debug_info    0x000035f9      0x235 .\CortexM3\ARM_GCC_541\Debug\CS301_Class.a(PWM_1.o)
 .debug_info    0x0000382e      0x235 .\CortexM3\ARM_GCC_541\Debug\CS301_Class.a(PWM_2.o)
 .debug_info    0x00003a63      0x208 .\CortexM3\ARM_GCC_541\Debug\CS301_Class.a(QuadDec_M1.o)
 .debug_info    0x00003c6b      0x208 .\CortexM3\ARM_GCC_541\Debug\CS301_Class.a(QuadDec_M2.o)
 .debug_info    0x00003e73      0x291 .\CortexM3\ARM_GCC_541\Debug\CS301_Class.a(QuadDec_M1_Cnt16.o)
 .debug_info    0x00004104      0x291 .\CortexM3\ARM_GCC_541\Debug\CS301_Class.a(QuadDec_M2_Cnt16.o)
 .debug_info    0x00004395      0x241 .\CortexM3\ARM_GCC_541\Debug\CS301_Class.a(isr_1.o)
 .debug_info    0x000045d6      0x11e .\CortexM3\ARM_GCC_541\Debug\CS301_Class.a(Output_3.o)
 .debug_info    0x000046f4      0x11e .\CortexM3\ARM_GCC_541\Debug\CS301_Class.a(Output_4.o)
 .debug_info    0x00004812      0x11e .\CortexM3\ARM_GCC_541\Debug\CS301_Class.a(Output_5.o)
 .debug_info    0x00004930      0x11e .\CortexM3\ARM_GCC_541\Debug\CS301_Class.a(Output_6.o)
 .debug_info    0x00004a4e      0x11e .\CortexM3\ARM_GCC_541\Debug\CS301_Class.a(LED1.o)
 .debug_info    0x00004b6c      0x11e .\CortexM3\ARM_GCC_541\Debug\CS301_Class.a(LED2.o)
 .debug_info    0x00004c8a      0x11e .\CortexM3\ARM_GCC_541\Debug\CS301_Class.a(LED3.o)
 .debug_info    0x00004da8      0x11e .\CortexM3\ARM_GCC_541\Debug\CS301_Class.a(LED4.o)
 .debug_info    0x00004ec6      0x11e .\CortexM3\ARM_GCC_541\Debug\CS301_Class.a(LED5.o)
 .debug_info    0x00004fe4      0x11e .\CortexM3\ARM_GCC_541\Debug\CS301_Class.a(LED6.o)
 .debug_info    0x00005102       0x89 .\CortexM3\ARM_GCC_541\Debug\CS301_Class.a(CyBootAsmGnu.o)
 .debug_info    0x0000518b      0x3b9 .\CortexM3\ARM_GCC_541\Debug\CS301_Class.a(CyFlash.o)
 .debug_info    0x00005544      0x4c0 .\CortexM3\ARM_GCC_541\Debug\CS301_Class.a(CySpc.o)

.debug_abbrev   0x00000000     0x1efd
 *(.debug_abbrev)
 .debug_abbrev  0x00000000      0x17f .\CortexM3\ARM_GCC_541\Debug\main.o
 .debug_abbrev  0x0000017f       0x96 .\CortexM3\ARM_GCC_541\Debug\tacho.o
 .debug_abbrev  0x00000215       0xbf .\CortexM3\ARM_GCC_541\Debug\SENSORS_READ.o
 .debug_abbrev  0x000002d4      0x176 .\CortexM3\ARM_GCC_541\Debug\MOVEMENT.o
 .debug_abbrev  0x0000044a      0x1a7 .\CortexM3\ARM_GCC_541\Debug\map_to_instructions.o
 .debug_abbrev  0x000005f1      0x19d .\CortexM3\ARM_GCC_541\Debug\cyfitter_cfg.o
 .debug_abbrev  0x0000078e       0x77 .\CortexM3\ARM_GCC_541\Debug\cymetadata.o
 .debug_abbrev  0x00000805      0x1d6 .\CortexM3\ARM_GCC_541\Debug\Cm3Start.o
 .debug_abbrev  0x000009db       0xe9 .\CortexM3\ARM_GCC_541\Debug\CS301_Class.a(Timer_TS.o)
 .debug_abbrev  0x00000ac4      0x217 .\CortexM3\ARM_GCC_541\Debug\CS301_Class.a(CyLib.o)
 .debug_abbrev  0x00000cdb      0x161 .\CortexM3\ARM_GCC_541\Debug\CS301_Class.a(cyPm.o)
 .debug_abbrev  0x00000e3c      0x116 .\CortexM3\ARM_GCC_541\Debug\CS301_Class.a(PWM_1.o)
 .debug_abbrev  0x00000f52      0x116 .\CortexM3\ARM_GCC_541\Debug\CS301_Class.a(PWM_2.o)
 .debug_abbrev  0x00001068      0x130 .\CortexM3\ARM_GCC_541\Debug\CS301_Class.a(QuadDec_M1.o)
 .debug_abbrev  0x00001198      0x130 .\CortexM3\ARM_GCC_541\Debug\CS301_Class.a(QuadDec_M2.o)
 .debug_abbrev  0x000012c8      0x12c .\CortexM3\ARM_GCC_541\Debug\CS301_Class.a(QuadDec_M1_Cnt16.o)
 .debug_abbrev  0x000013f4      0x12c .\CortexM3\ARM_GCC_541\Debug\CS301_Class.a(QuadDec_M2_Cnt16.o)
 .debug_abbrev  0x00001520      0x172 .\CortexM3\ARM_GCC_541\Debug\CS301_Class.a(isr_1.o)
 .debug_abbrev  0x00001692       0x90 .\CortexM3\ARM_GCC_541\Debug\CS301_Class.a(Output_3.o)
 .debug_abbrev  0x00001722       0x90 .\CortexM3\ARM_GCC_541\Debug\CS301_Class.a(Output_4.o)
 .debug_abbrev  0x000017b2       0x90 .\CortexM3\ARM_GCC_541\Debug\CS301_Class.a(Output_5.o)
 .debug_abbrev  0x00001842       0x90 .\CortexM3\ARM_GCC_541\Debug\CS301_Class.a(Output_6.o)
 .debug_abbrev  0x000018d2       0x90 .\CortexM3\ARM_GCC_541\Debug\CS301_Class.a(LED1.o)
 .debug_abbrev  0x00001962       0x90 .\CortexM3\ARM_GCC_541\Debug\CS301_Class.a(LED2.o)
 .debug_abbrev  0x000019f2       0x90 .\CortexM3\ARM_GCC_541\Debug\CS301_Class.a(LED3.o)
 .debug_abbrev  0x00001a82       0x90 .\CortexM3\ARM_GCC_541\Debug\CS301_Class.a(LED4.o)
 .debug_abbrev  0x00001b12       0x90 .\CortexM3\ARM_GCC_541\Debug\CS301_Class.a(LED5.o)
 .debug_abbrev  0x00001ba2       0x90 .\CortexM3\ARM_GCC_541\Debug\CS301_Class.a(LED6.o)
 .debug_abbrev  0x00001c32       0x14 .\CortexM3\ARM_GCC_541\Debug\CS301_Class.a(CyBootAsmGnu.o)
 .debug_abbrev  0x00001c46      0x14b .\CortexM3\ARM_GCC_541\Debug\CS301_Class.a(CyFlash.o)
 .debug_abbrev  0x00001d91      0x16c .\CortexM3\ARM_GCC_541\Debug\CS301_Class.a(CySpc.o)

.debug_line     0x00000000     0x3317
 *(.debug_line)
 .debug_line    0x00000000      0x238 .\CortexM3\ARM_GCC_541\Debug\main.o
 .debug_line    0x00000238      0x183 .\CortexM3\ARM_GCC_541\Debug\tacho.o
 .debug_line    0x000003bb      0x1ab .\CortexM3\ARM_GCC_541\Debug\SENSORS_READ.o
 .debug_line    0x00000566      0x3e6 .\CortexM3\ARM_GCC_541\Debug\MOVEMENT.o
 .debug_line    0x0000094c      0x3a8 .\CortexM3\ARM_GCC_541\Debug\map_to_instructions.o
 .debug_line    0x00000cf4      0x1f7 .\CortexM3\ARM_GCC_541\Debug\cyfitter_cfg.o
 .debug_line    0x00000eeb      0x141 .\CortexM3\ARM_GCC_541\Debug\cymetadata.o
 .debug_line    0x0000102c      0x1dc .\CortexM3\ARM_GCC_541\Debug\Cm3Start.o
 .debug_line    0x00001208      0x160 .\CortexM3\ARM_GCC_541\Debug\CS301_Class.a(Timer_TS.o)
 .debug_line    0x00001368      0x883 .\CortexM3\ARM_GCC_541\Debug\CS301_Class.a(CyLib.o)
 .debug_line    0x00001beb      0x38e .\CortexM3\ARM_GCC_541\Debug\CS301_Class.a(cyPm.o)
 .debug_line    0x00001f79      0x140 .\CortexM3\ARM_GCC_541\Debug\CS301_Class.a(PWM_1.o)
 .debug_line    0x000020b9      0x140 .\CortexM3\ARM_GCC_541\Debug\CS301_Class.a(PWM_2.o)
 .debug_line    0x000021f9      0x10a .\CortexM3\ARM_GCC_541\Debug\CS301_Class.a(QuadDec_M1.o)
 .debug_line    0x00002303      0x10a .\CortexM3\ARM_GCC_541\Debug\CS301_Class.a(QuadDec_M2.o)
 .debug_line    0x0000240d      0x18e .\CortexM3\ARM_GCC_541\Debug\CS301_Class.a(QuadDec_M1_Cnt16.o)
 .debug_line    0x0000259b      0x18e .\CortexM3\ARM_GCC_541\Debug\CS301_Class.a(QuadDec_M2_Cnt16.o)
 .debug_line    0x00002729      0x150 .\CortexM3\ARM_GCC_541\Debug\CS301_Class.a(isr_1.o)
 .debug_line    0x00002879       0x98 .\CortexM3\ARM_GCC_541\Debug\CS301_Class.a(Output_3.o)
 .debug_line    0x00002911       0x98 .\CortexM3\ARM_GCC_541\Debug\CS301_Class.a(Output_4.o)
 .debug_line    0x000029a9       0x98 .\CortexM3\ARM_GCC_541\Debug\CS301_Class.a(Output_5.o)
 .debug_line    0x00002a41       0x98 .\CortexM3\ARM_GCC_541\Debug\CS301_Class.a(Output_6.o)
 .debug_line    0x00002ad9       0x94 .\CortexM3\ARM_GCC_541\Debug\CS301_Class.a(LED1.o)
 .debug_line    0x00002b6d       0x94 .\CortexM3\ARM_GCC_541\Debug\CS301_Class.a(LED2.o)
 .debug_line    0x00002c01       0x94 .\CortexM3\ARM_GCC_541\Debug\CS301_Class.a(LED3.o)
 .debug_line    0x00002c95       0x94 .\CortexM3\ARM_GCC_541\Debug\CS301_Class.a(LED4.o)
 .debug_line    0x00002d29       0x94 .\CortexM3\ARM_GCC_541\Debug\CS301_Class.a(LED5.o)
 .debug_line    0x00002dbd       0x94 .\CortexM3\ARM_GCC_541\Debug\CS301_Class.a(LED6.o)
 .debug_line    0x00002e51       0x66 .\CortexM3\ARM_GCC_541\Debug\CS301_Class.a(CyBootAsmGnu.o)
 .debug_line    0x00002eb7      0x22f .\CortexM3\ARM_GCC_541\Debug\CS301_Class.a(CyFlash.o)
 .debug_line    0x000030e6      0x231 .\CortexM3\ARM_GCC_541\Debug\CS301_Class.a(CySpc.o)

.debug_frame    0x00000000     0x3014
 *(.debug_frame)
 .debug_frame   0x00000000       0xf0 .\CortexM3\ARM_GCC_541\Debug\main.o
 .debug_frame   0x000000f0       0x60 .\CortexM3\ARM_GCC_541\Debug\tacho.o
 .debug_frame   0x00000150       0x38 .\CortexM3\ARM_GCC_541\Debug\SENSORS_READ.o
 .debug_frame   0x00000188      0x228 .\CortexM3\ARM_GCC_541\Debug\MOVEMENT.o
 .debug_frame   0x000003b0      0x134 .\CortexM3\ARM_GCC_541\Debug\map_to_instructions.o
 .debug_frame   0x000004e4      0x16c .\CortexM3\ARM_GCC_541\Debug\cyfitter_cfg.o
 .debug_frame   0x00000650       0xd8 .\CortexM3\ARM_GCC_541\Debug\Cm3Start.o
 .debug_frame   0x00000728      0x208 .\CortexM3\ARM_GCC_541\Debug\CS301_Class.a(Timer_TS.o)
 .debug_frame   0x00000930      0xc0c .\CortexM3\ARM_GCC_541\Debug\CS301_Class.a(CyLib.o)
 .debug_frame   0x0000153c      0x234 .\CortexM3\ARM_GCC_541\Debug\CS301_Class.a(cyPm.o)
 .debug_frame   0x00001770      0x1d0 .\CortexM3\ARM_GCC_541\Debug\CS301_Class.a(PWM_1.o)
 .debug_frame   0x00001940      0x1d0 .\CortexM3\ARM_GCC_541\Debug\CS301_Class.a(PWM_2.o)
 .debug_frame   0x00001b10      0x160 .\CortexM3\ARM_GCC_541\Debug\CS301_Class.a(QuadDec_M1.o)
 .debug_frame   0x00001c70      0x160 .\CortexM3\ARM_GCC_541\Debug\CS301_Class.a(QuadDec_M2.o)
 .debug_frame   0x00001dd0      0x258 .\CortexM3\ARM_GCC_541\Debug\CS301_Class.a(QuadDec_M1_Cnt16.o)
 .debug_frame   0x00002028      0x258 .\CortexM3\ARM_GCC_541\Debug\CS301_Class.a(QuadDec_M2_Cnt16.o)
 .debug_frame   0x00002280      0x1e8 .\CortexM3\ARM_GCC_541\Debug\CS301_Class.a(isr_1.o)
 .debug_frame   0x00002468       0xa8 .\CortexM3\ARM_GCC_541\Debug\CS301_Class.a(Output_3.o)
 .debug_frame   0x00002510       0xa8 .\CortexM3\ARM_GCC_541\Debug\CS301_Class.a(Output_4.o)
 .debug_frame   0x000025b8       0xa8 .\CortexM3\ARM_GCC_541\Debug\CS301_Class.a(Output_5.o)
 .debug_frame   0x00002660       0xa8 .\CortexM3\ARM_GCC_541\Debug\CS301_Class.a(Output_6.o)
 .debug_frame   0x00002708       0xa8 .\CortexM3\ARM_GCC_541\Debug\CS301_Class.a(LED1.o)
 .debug_frame   0x000027b0       0xa8 .\CortexM3\ARM_GCC_541\Debug\CS301_Class.a(LED2.o)
 .debug_frame   0x00002858       0xa8 .\CortexM3\ARM_GCC_541\Debug\CS301_Class.a(LED3.o)
 .debug_frame   0x00002900       0xa8 .\CortexM3\ARM_GCC_541\Debug\CS301_Class.a(LED4.o)
 .debug_frame   0x000029a8       0xa8 .\CortexM3\ARM_GCC_541\Debug\CS301_Class.a(LED5.o)
 .debug_frame   0x00002a50       0xa8 .\CortexM3\ARM_GCC_541\Debug\CS301_Class.a(LED6.o)
 .debug_frame   0x00002af8      0x238 .\CortexM3\ARM_GCC_541\Debug\CS301_Class.a(CyFlash.o)
 .debug_frame   0x00002d30      0x228 .\CortexM3\ARM_GCC_541\Debug\CS301_Class.a(CySpc.o)
 .debug_frame   0x00002f58       0x20 c:/program files (x86)/cypress/psoc creator/4.4/psoc creator/import/gnu/arm/5.4.1/bin/../lib/gcc/arm-none-eabi/5.4.1/../../../../arm-none-eabi/lib/armv7-m\libg_nano.a(lib_a-errno.o)
 .debug_frame   0x00002f78       0x28 c:/program files (x86)/cypress/psoc creator/4.4/psoc creator/import/gnu/arm/5.4.1/bin/../lib/gcc/arm-none-eabi/5.4.1/../../../../arm-none-eabi/lib/armv7-m\libg_nano.a(lib_a-exit.o)
 .debug_frame   0x00002fa0       0x2c c:/program files (x86)/cypress/psoc creator/4.4/psoc creator/import/gnu/arm/5.4.1/bin/../lib/gcc/arm-none-eabi/5.4.1/../../../../arm-none-eabi/lib/armv7-m\libg_nano.a(lib_a-init.o)
 .debug_frame   0x00002fcc       0x28 c:/program files (x86)/cypress/psoc creator/4.4/psoc creator/import/gnu/arm/5.4.1/bin/../lib/gcc/arm-none-eabi/5.4.1/../../../../arm-none-eabi/lib/armv7-m\libg_nano.a(lib_a-memcpy-stub.o)
 .debug_frame   0x00002ff4       0x20 c:/program files (x86)/cypress/psoc creator/4.4/psoc creator/import/gnu/arm/5.4.1/bin/../lib/gcc/arm-none-eabi/5.4.1/../../../../arm-none-eabi/lib/armv7-m\libg_nano.a(lib_a-memset.o)

.debug_str      0x00000000     0x27db
 *(.debug_str)
 .debug_str     0x00000000      0x3d1 .\CortexM3\ARM_GCC_541\Debug\main.o
                                0x487 (size before relaxing)
 .debug_str     0x000003d1       0x37 .\CortexM3\ARM_GCC_541\Debug\tacho.o
                                0x1d0 (size before relaxing)
 .debug_str     0x00000408       0x59 .\CortexM3\ARM_GCC_541\Debug\SENSORS_READ.o
                                0x22f (size before relaxing)
 .debug_str     0x00000461      0x1dd .\CortexM3\ARM_GCC_541\Debug\MOVEMENT.o
                                0x42c (size before relaxing)
 .debug_str     0x0000063e      0x1f2 .\CortexM3\ARM_GCC_541\Debug\map_to_instructions.o
                                0x3da (size before relaxing)
 .debug_str     0x00000830      0x16e .\CortexM3\ARM_GCC_541\Debug\cyfitter_cfg.o
                                0x302 (size before relaxing)
 .debug_str     0x0000099e       0x75 .\CortexM3\ARM_GCC_541\Debug\cymetadata.o
                                0x1dd (size before relaxing)
 .debug_str     0x00000a13      0x11d .\CortexM3\ARM_GCC_541\Debug\Cm3Start.o
                                0x2d0 (size before relaxing)
 .debug_str     0x00000b30      0x192 .\CortexM3\ARM_GCC_541\Debug\CS301_Class.a(Timer_TS.o)
                                0x31e (size before relaxing)
 .debug_str     0x00000cc2      0x7e9 .\CortexM3\ARM_GCC_541\Debug\CS301_Class.a(CyLib.o)
                                0x9e3 (size before relaxing)
 .debug_str     0x000014ab      0x371 .\CortexM3\ARM_GCC_541\Debug\CS301_Class.a(cyPm.o)
                                0x53c (size before relaxing)
 .debug_str     0x0000181c      0x11d .\CortexM3\ARM_GCC_541\Debug\CS301_Class.a(PWM_1.o)
                                0x2c6 (size before relaxing)
 .debug_str     0x00001939      0x109 .\CortexM3\ARM_GCC_541\Debug\CS301_Class.a(PWM_2.o)
                                0x2c6 (size before relaxing)
 .debug_str     0x00001a42      0x10b .\CortexM3\ARM_GCC_541\Debug\CS301_Class.a(QuadDec_M1.o)
                                0x2ae (size before relaxing)
 .debug_str     0x00001b4d       0xf3 .\CortexM3\ARM_GCC_541\Debug\CS301_Class.a(QuadDec_M2.o)
                                0x2ae (size before relaxing)
 .debug_str     0x00001c40      0x245 .\CortexM3\ARM_GCC_541\Debug\CS301_Class.a(QuadDec_M1_Cnt16.o)
                                0x3f5 (size before relaxing)
 .debug_str     0x00001e85      0x236 .\CortexM3\ARM_GCC_541\Debug\CS301_Class.a(QuadDec_M2_Cnt16.o)
                                0x3f5 (size before relaxing)
 .debug_str     0x000020bb       0xe6 .\CortexM3\ARM_GCC_541\Debug\CS301_Class.a(isr_1.o)
                                0x29f (size before relaxing)
 .debug_str     0x000021a1       0x75 .\CortexM3\ARM_GCC_541\Debug\CS301_Class.a(Output_3.o)
                                0x1ea (size before relaxing)
 .debug_str     0x00002216       0x6a .\CortexM3\ARM_GCC_541\Debug\CS301_Class.a(Output_4.o)
                                0x1ea (size before relaxing)
 .debug_str     0x00002280       0x6a .\CortexM3\ARM_GCC_541\Debug\CS301_Class.a(Output_5.o)
                                0x1ea (size before relaxing)
 .debug_str     0x000022ea       0x6a .\CortexM3\ARM_GCC_541\Debug\CS301_Class.a(Output_6.o)
                                0x1ea (size before relaxing)
 .debug_str     0x00002354       0x56 .\CortexM3\ARM_GCC_541\Debug\CS301_Class.a(LED1.o)
                                0x1d6 (size before relaxing)
 .debug_str     0x000023aa       0x56 .\CortexM3\ARM_GCC_541\Debug\CS301_Class.a(LED2.o)
                                0x1d6 (size before relaxing)
 .debug_str     0x00002400       0x56 .\CortexM3\ARM_GCC_541\Debug\CS301_Class.a(LED3.o)
                                0x1d6 (size before relaxing)
 .debug_str     0x00002456       0x56 .\CortexM3\ARM_GCC_541\Debug\CS301_Class.a(LED4.o)
                                0x1d6 (size before relaxing)
 .debug_str     0x000024ac       0x56 .\CortexM3\ARM_GCC_541\Debug\CS301_Class.a(LED5.o)
                                0x1d6 (size before relaxing)
 .debug_str     0x00002502       0x56 .\CortexM3\ARM_GCC_541\Debug\CS301_Class.a(LED6.o)
                                0x1d6 (size before relaxing)
 .debug_str     0x00002558      0x156 .\CortexM3\ARM_GCC_541\Debug\CS301_Class.a(CyFlash.o)
                                0x300 (size before relaxing)
 .debug_str     0x000026ae      0x12d .\CortexM3\ARM_GCC_541\Debug\CS301_Class.a(CySpc.o)
                                0x2fa (size before relaxing)

.debug_loc
 *(.debug_loc)

.debug_macinfo
 *(.debug_macinfo)

.debug_ranges   0x00000000      0xb58
 *(.debug_ranges)
 .debug_ranges  0x00000000       0x38 .\CortexM3\ARM_GCC_541\Debug\main.o
 .debug_ranges  0x00000038       0x18 .\CortexM3\ARM_GCC_541\Debug\tacho.o
 .debug_ranges  0x00000050       0x10 .\CortexM3\ARM_GCC_541\Debug\SENSORS_READ.o
 .debug_ranges  0x00000060       0xf0 .\CortexM3\ARM_GCC_541\Debug\MOVEMENT.o
 .debug_ranges  0x00000150       0x88 .\CortexM3\ARM_GCC_541\Debug\map_to_instructions.o
 .debug_ranges  0x000001d8       0x50 .\CortexM3\ARM_GCC_541\Debug\cyfitter_cfg.o
 .debug_ranges  0x00000228       0x38 .\CortexM3\ARM_GCC_541\Debug\Cm3Start.o
 .debug_ranges  0x00000260       0x78 .\CortexM3\ARM_GCC_541\Debug\CS301_Class.a(Timer_TS.o)
 .debug_ranges  0x000002d8      0x290 .\CortexM3\ARM_GCC_541\Debug\CS301_Class.a(CyLib.o)
 .debug_ranges  0x00000568       0x88 .\CortexM3\ARM_GCC_541\Debug\CS301_Class.a(cyPm.o)
 .debug_ranges  0x000005f0       0x68 .\CortexM3\ARM_GCC_541\Debug\CS301_Class.a(PWM_1.o)
 .debug_ranges  0x00000658       0x68 .\CortexM3\ARM_GCC_541\Debug\CS301_Class.a(PWM_2.o)
 .debug_ranges  0x000006c0       0x50 .\CortexM3\ARM_GCC_541\Debug\CS301_Class.a(QuadDec_M1.o)
 .debug_ranges  0x00000710       0x50 .\CortexM3\ARM_GCC_541\Debug\CS301_Class.a(QuadDec_M2.o)
 .debug_ranges  0x00000760       0x88 .\CortexM3\ARM_GCC_541\Debug\CS301_Class.a(QuadDec_M1_Cnt16.o)
 .debug_ranges  0x000007e8       0x88 .\CortexM3\ARM_GCC_541\Debug\CS301_Class.a(QuadDec_M2_Cnt16.o)
 .debug_ranges  0x00000870       0x70 .\CortexM3\ARM_GCC_541\Debug\CS301_Class.a(isr_1.o)
 .debug_ranges  0x000008e0       0x28 .\CortexM3\ARM_GCC_541\Debug\CS301_Class.a(Output_3.o)
 .debug_ranges  0x00000908       0x28 .\CortexM3\ARM_GCC_541\Debug\CS301_Class.a(Output_4.o)
 .debug_ranges  0x00000930       0x28 .\CortexM3\ARM_GCC_541\Debug\CS301_Class.a(Output_5.o)
 .debug_ranges  0x00000958       0x28 .\CortexM3\ARM_GCC_541\Debug\CS301_Class.a(Output_6.o)
 .debug_ranges  0x00000980       0x28 .\CortexM3\ARM_GCC_541\Debug\CS301_Class.a(LED1.o)
 .debug_ranges  0x000009a8       0x28 .\CortexM3\ARM_GCC_541\Debug\CS301_Class.a(LED2.o)
 .debug_ranges  0x000009d0       0x28 .\CortexM3\ARM_GCC_541\Debug\CS301_Class.a(LED3.o)
 .debug_ranges  0x000009f8       0x28 .\CortexM3\ARM_GCC_541\Debug\CS301_Class.a(LED4.o)
 .debug_ranges  0x00000a20       0x28 .\CortexM3\ARM_GCC_541\Debug\CS301_Class.a(LED5.o)
 .debug_ranges  0x00000a48       0x28 .\CortexM3\ARM_GCC_541\Debug\CS301_Class.a(LED6.o)
 .debug_ranges  0x00000a70       0x78 .\CortexM3\ARM_GCC_541\Debug\CS301_Class.a(CyFlash.o)
 .debug_ranges  0x00000ae8       0x70 .\CortexM3\ARM_GCC_541\Debug\CS301_Class.a(CySpc.o)

.comment        0x00000000       0x6e
 .comment       0x00000000       0x6e .\CortexM3\ARM_GCC_541\Debug\main.o
                                 0x6f (size before relaxing)
 .comment       0x0000006e       0x6f .\CortexM3\ARM_GCC_541\Debug\tacho.o
 .comment       0x0000006e       0x6f .\CortexM3\ARM_GCC_541\Debug\SENSORS_READ.o
 .comment       0x0000006e       0x6f .\CortexM3\ARM_GCC_541\Debug\MOVEMENT.o
 .comment       0x0000006e       0x6f .\CortexM3\ARM_GCC_541\Debug\map_to_instructions.o
 .comment       0x0000006e       0x6f .\CortexM3\ARM_GCC_541\Debug\cyfitter_cfg.o
 .comment       0x0000006e       0x6f .\CortexM3\ARM_GCC_541\Debug\cymetadata.o
 .comment       0x0000006e       0x6f .\CortexM3\ARM_GCC_541\Debug\Cm3Start.o
 .comment       0x0000006e       0x6f .\CortexM3\ARM_GCC_541\Debug\CS301_Class.a(Timer_TS.o)
 .comment       0x0000006e       0x6f .\CortexM3\ARM_GCC_541\Debug\CS301_Class.a(CyLib.o)
 .comment       0x0000006e       0x6f .\CortexM3\ARM_GCC_541\Debug\CS301_Class.a(cyPm.o)
 .comment       0x0000006e       0x6f .\CortexM3\ARM_GCC_541\Debug\CS301_Class.a(PWM_1.o)
 .comment       0x0000006e       0x6f .\CortexM3\ARM_GCC_541\Debug\CS301_Class.a(PWM_2.o)
 .comment       0x0000006e       0x6f .\CortexM3\ARM_GCC_541\Debug\CS301_Class.a(QuadDec_M1.o)
 .comment       0x0000006e       0x6f .\CortexM3\ARM_GCC_541\Debug\CS301_Class.a(QuadDec_M2.o)
 .comment       0x0000006e       0x6f .\CortexM3\ARM_GCC_541\Debug\CS301_Class.a(QuadDec_M1_Cnt16.o)
 .comment       0x0000006e       0x6f .\CortexM3\ARM_GCC_541\Debug\CS301_Class.a(QuadDec_M2_Cnt16.o)
 .comment       0x0000006e       0x6f .\CortexM3\ARM_GCC_541\Debug\CS301_Class.a(isr_1.o)
 .comment       0x0000006e       0x6f .\CortexM3\ARM_GCC_541\Debug\CS301_Class.a(Output_3.o)
 .comment       0x0000006e       0x6f .\CortexM3\ARM_GCC_541\Debug\CS301_Class.a(Output_4.o)
 .comment       0x0000006e       0x6f .\CortexM3\ARM_GCC_541\Debug\CS301_Class.a(Output_5.o)
 .comment       0x0000006e       0x6f .\CortexM3\ARM_GCC_541\Debug\CS301_Class.a(Output_6.o)
 .comment       0x0000006e       0x6f .\CortexM3\ARM_GCC_541\Debug\CS301_Class.a(LED1.o)
 .comment       0x0000006e       0x6f .\CortexM3\ARM_GCC_541\Debug\CS301_Class.a(LED2.o)
 .comment       0x0000006e       0x6f .\CortexM3\ARM_GCC_541\Debug\CS301_Class.a(LED3.o)
 .comment       0x0000006e       0x6f .\CortexM3\ARM_GCC_541\Debug\CS301_Class.a(LED4.o)
 .comment       0x0000006e       0x6f .\CortexM3\ARM_GCC_541\Debug\CS301_Class.a(LED5.o)
 .comment       0x0000006e       0x6f .\CortexM3\ARM_GCC_541\Debug\CS301_Class.a(LED6.o)
 .comment       0x0000006e       0x6f .\CortexM3\ARM_GCC_541\Debug\CS301_Class.a(CyFlash.o)
 .comment       0x0000006e       0x6f .\CortexM3\ARM_GCC_541\Debug\CS301_Class.a(CySpc.o)

.debug_weaknames
 *(.debug_weaknames)

.debug_funcnames
 *(.debug_funcnames)

.debug_typenames
 *(.debug_typenames)

.debug_varnames
 *(.debug_varnames)

.note.gnu.arm.ident
 *(.note.gnu.arm.ident)

.ARM.attributes
                0x00000000       0x29
 *(.ARM.attributes)
 .ARM.attributes
                0x00000000       0x1d c:/program files (x86)/cypress/psoc creator/4.4/psoc creator/import/gnu/arm/5.4.1/bin/../lib/gcc/arm-none-eabi/5.4.1/armv7-m/crti.o
 .ARM.attributes
                0x0000001d       0x2d c:/program files (x86)/cypress/psoc creator/4.4/psoc creator/import/gnu/arm/5.4.1/bin/../lib/gcc/arm-none-eabi/5.4.1/armv7-m/crtbegin.o
 .ARM.attributes
                0x0000004a       0x1b c:/program files (x86)/cypress/psoc creator/4.4/psoc creator/import/gnu/arm/5.4.1/bin/../lib/gcc/arm-none-eabi/5.4.1/../../../../arm-none-eabi/lib/armv7-m/crt0.o
 .ARM.attributes
                0x00000065       0x33 .\CortexM3\ARM_GCC_541\Debug\main.o
 .ARM.attributes
                0x00000098       0x33 .\CortexM3\ARM_GCC_541\Debug\tacho.o
 .ARM.attributes
                0x000000cb       0x33 .\CortexM3\ARM_GCC_541\Debug\SENSORS_READ.o
 .ARM.attributes
                0x000000fe       0x33 .\CortexM3\ARM_GCC_541\Debug\MOVEMENT.o
 .ARM.attributes
                0x00000131       0x33 .\CortexM3\ARM_GCC_541\Debug\map_to_instructions.o
 .ARM.attributes
                0x00000164       0x33 .\CortexM3\ARM_GCC_541\Debug\cyfitter_cfg.o
 .ARM.attributes
                0x00000197       0x33 .\CortexM3\ARM_GCC_541\Debug\cymetadata.o
 .ARM.attributes
                0x000001ca       0x33 .\CortexM3\ARM_GCC_541\Debug\Cm3Start.o
 .ARM.attributes
                0x000001fd       0x33 .\CortexM3\ARM_GCC_541\Debug\CS301_Class.a(Timer_TS.o)
 .ARM.attributes
                0x00000230       0x33 .\CortexM3\ARM_GCC_541\Debug\CS301_Class.a(CyLib.o)
 .ARM.attributes
                0x00000263       0x33 .\CortexM3\ARM_GCC_541\Debug\CS301_Class.a(cyPm.o)
 .ARM.attributes
                0x00000296       0x33 .\CortexM3\ARM_GCC_541\Debug\CS301_Class.a(PWM_1.o)
 .ARM.attributes
                0x000002c9       0x33 .\CortexM3\ARM_GCC_541\Debug\CS301_Class.a(PWM_2.o)
 .ARM.attributes
                0x000002fc       0x33 .\CortexM3\ARM_GCC_541\Debug\CS301_Class.a(QuadDec_M1.o)
 .ARM.attributes
                0x0000032f       0x33 .\CortexM3\ARM_GCC_541\Debug\CS301_Class.a(QuadDec_M2.o)
 .ARM.attributes
                0x00000362       0x33 .\CortexM3\ARM_GCC_541\Debug\CS301_Class.a(QuadDec_M1_Cnt16.o)
 .ARM.attributes
                0x00000395       0x33 .\CortexM3\ARM_GCC_541\Debug\CS301_Class.a(QuadDec_M2_Cnt16.o)
 .ARM.attributes
                0x000003c8       0x33 .\CortexM3\ARM_GCC_541\Debug\CS301_Class.a(isr_1.o)
 .ARM.attributes
                0x000003fb       0x33 .\CortexM3\ARM_GCC_541\Debug\CS301_Class.a(Output_3.o)
 .ARM.attributes
                0x0000042e       0x33 .\CortexM3\ARM_GCC_541\Debug\CS301_Class.a(Output_4.o)
 .ARM.attributes
                0x00000461       0x33 .\CortexM3\ARM_GCC_541\Debug\CS301_Class.a(Output_5.o)
 .ARM.attributes
                0x00000494       0x33 .\CortexM3\ARM_GCC_541\Debug\CS301_Class.a(Output_6.o)
 .ARM.attributes
                0x000004c7       0x33 .\CortexM3\ARM_GCC_541\Debug\CS301_Class.a(LED1.o)
 .ARM.attributes
                0x000004fa       0x33 .\CortexM3\ARM_GCC_541\Debug\CS301_Class.a(LED2.o)
 .ARM.attributes
                0x0000052d       0x33 .\CortexM3\ARM_GCC_541\Debug\CS301_Class.a(LED3.o)
 .ARM.attributes
                0x00000560       0x33 .\CortexM3\ARM_GCC_541\Debug\CS301_Class.a(LED4.o)
 .ARM.attributes
                0x00000593       0x33 .\CortexM3\ARM_GCC_541\Debug\CS301_Class.a(LED5.o)
 .ARM.attributes
                0x000005c6       0x33 .\CortexM3\ARM_GCC_541\Debug\CS301_Class.a(LED6.o)
 .ARM.attributes
                0x000005f9       0x21 .\CortexM3\ARM_GCC_541\Debug\CS301_Class.a(CyBootAsmGnu.o)
 .ARM.attributes
                0x0000061a       0x33 .\CortexM3\ARM_GCC_541\Debug\CS301_Class.a(CyFlash.o)
 .ARM.attributes
                0x0000064d       0x33 .\CortexM3\ARM_GCC_541\Debug\CS301_Class.a(CySpc.o)
 .ARM.attributes
                0x00000680       0x2d c:/program files (x86)/cypress/psoc creator/4.4/psoc creator/import/gnu/arm/5.4.1/bin/../lib/gcc/arm-none-eabi/5.4.1/../../../../arm-none-eabi/lib/armv7-m\libg_nano.a(lib_a-errno.o)
 .ARM.attributes
                0x000006ad       0x2d c:/program files (x86)/cypress/psoc creator/4.4/psoc creator/import/gnu/arm/5.4.1/bin/../lib/gcc/arm-none-eabi/5.4.1/../../../../arm-none-eabi/lib/armv7-m\libg_nano.a(lib_a-exit.o)
 .ARM.attributes
                0x000006da       0x2d c:/program files (x86)/cypress/psoc creator/4.4/psoc creator/import/gnu/arm/5.4.1/bin/../lib/gcc/arm-none-eabi/5.4.1/../../../../arm-none-eabi/lib/armv7-m\libg_nano.a(lib_a-impure.o)
 .ARM.attributes
                0x00000707       0x2d c:/program files (x86)/cypress/psoc creator/4.4/psoc creator/import/gnu/arm/5.4.1/bin/../lib/gcc/arm-none-eabi/5.4.1/../../../../arm-none-eabi/lib/armv7-m\libg_nano.a(lib_a-init.o)
 .ARM.attributes
                0x00000734       0x2d c:/program files (x86)/cypress/psoc creator/4.4/psoc creator/import/gnu/arm/5.4.1/bin/../lib/gcc/arm-none-eabi/5.4.1/../../../../arm-none-eabi/lib/armv7-m\libg_nano.a(lib_a-memcpy-stub.o)
 .ARM.attributes
                0x00000761       0x2d c:/program files (x86)/cypress/psoc creator/4.4/psoc creator/import/gnu/arm/5.4.1/bin/../lib/gcc/arm-none-eabi/5.4.1/../../../../arm-none-eabi/lib/armv7-m\libg_nano.a(lib_a-memset.o)
 .ARM.attributes
                0x0000078e       0x2d c:/program files (x86)/cypress/psoc creator/4.4/psoc creator/import/gnu/arm/5.4.1/bin/../lib/gcc/arm-none-eabi/5.4.1/armv7-m/crtend.o
 .ARM.attributes
                0x000007bb       0x1d c:/program files (x86)/cypress/psoc creator/4.4/psoc creator/import/gnu/arm/5.4.1/bin/../lib/gcc/arm-none-eabi/5.4.1/armv7-m/crtn.o

/DISCARD/
 *(.note.GNU-stack)
OUTPUT(C:\Users\Calvi\Desktop\301\psoc firmware\CS301_Class.cydsn\CortexM3\ARM_GCC_541\Debug\CS301_Class.elf elf32-littlearm)
