Archive member included to satisfy reference by file (symbol)

.\CortexM3\ARM_GCC_541\Debug\CS301_Class.a(Timer_TS.o)
                              .\CortexM3\ARM_GCC_541\Debug\main.o (Timer_TS_Start)
.\CortexM3\ARM_GCC_541\Debug\CS301_Class.a(USBUART.o)
                              .\CortexM3\ARM_GCC_541\Debug\main.o (USBUART_Start)
.\CortexM3\ARM_GCC_541\Debug\CS301_Class.a(USBUART_cdc.o)
                              .\CortexM3\ARM_GCC_541\Debug\main.o (USBUART_CDC_Init)
.\CortexM3\ARM_GCC_541\Debug\CS301_Class.a(USBUART_drv.o)
                              .\CortexM3\ARM_GCC_541\Debug\CS301_Class.a(USBUART.o) (USBUART_EP)
.\CortexM3\ARM_GCC_541\Debug\CS301_Class.a(USBUART_episr.o)
                              .\CortexM3\ARM_GCC_541\Debug\CS301_Class.a(USBUART.o) (USBUART_EP_1_ISR)
.\CortexM3\ARM_GCC_541\Debug\CS301_Class.a(USBUART_pm.o)
                              .\CortexM3\ARM_GCC_541\Debug\CS301_Class.a(USBUART.o) (USBUART_DP_ISR)
.\CortexM3\ARM_GCC_541\Debug\CS301_Class.a(USBUART_std.o)
                              .\CortexM3\ARM_GCC_541\Debug\CS301_Class.a(USBUART_drv.o) (USBUART_HandleStandardRqst)
.\CortexM3\ARM_GCC_541\Debug\CS301_Class.a(USBUART_vnd.o)
                              .\CortexM3\ARM_GCC_541\Debug\CS301_Class.a(USBUART_drv.o) (USBUART_HandleVendorRqst)
.\CortexM3\ARM_GCC_541\Debug\CS301_Class.a(USBUART_Dp.o)
                              .\CortexM3\ARM_GCC_541\Debug\CS301_Class.a(USBUART.o) (USBUART_Dp_ClearInterrupt)
.\CortexM3\ARM_GCC_541\Debug\CS301_Class.a(CyLib.o)
                              .\CortexM3\ARM_GCC_541\Debug\Cm3Start.o (CyResetStatus)
.\CortexM3\ARM_GCC_541\Debug\CS301_Class.a(cyPm.o)
                              .\CortexM3\ARM_GCC_541\Debug\CS301_Class.a(CyLib.o) (CyPmReadStatus)
.\CortexM3\ARM_GCC_541\Debug\CS301_Class.a(PWM_1.o)
                              .\CortexM3\ARM_GCC_541\Debug\main.o (PWM_1_Start)
.\CortexM3\ARM_GCC_541\Debug\CS301_Class.a(PWM_2.o)
                              .\CortexM3\ARM_GCC_541\Debug\main.o (PWM_2_Start)
.\CortexM3\ARM_GCC_541\Debug\CS301_Class.a(QuadDec_M1.o)
                              .\CortexM3\ARM_GCC_541\Debug\main.o (QuadDec_M1_Start)
.\CortexM3\ARM_GCC_541\Debug\CS301_Class.a(QuadDec_M2.o)
                              .\CortexM3\ARM_GCC_541\Debug\main.o (QuadDec_M2_Start)
.\CortexM3\ARM_GCC_541\Debug\CS301_Class.a(QuadDec_M1_Cnt16.o)
                              .\CortexM3\ARM_GCC_541\Debug\CS301_Class.a(QuadDec_M1.o) (QuadDec_M1_Cnt16_WriteCounter)
.\CortexM3\ARM_GCC_541\Debug\CS301_Class.a(QuadDec_M2_Cnt16.o)
                              .\CortexM3\ARM_GCC_541\Debug\CS301_Class.a(QuadDec_M2.o) (QuadDec_M2_Cnt16_WriteCounter)
.\CortexM3\ARM_GCC_541\Debug\CS301_Class.a(isr_1.o)
                              .\CortexM3\ARM_GCC_541\Debug\main.o (isr_1_StartEx)
.\CortexM3\ARM_GCC_541\Debug\CS301_Class.a(Output_1.o)
                              .\CortexM3\ARM_GCC_541\Debug\SENSORS_READ.o (Output_1_Read)
.\CortexM3\ARM_GCC_541\Debug\CS301_Class.a(Output_2.o)
                              .\CortexM3\ARM_GCC_541\Debug\SENSORS_READ.o (Output_2_Read)
.\CortexM3\ARM_GCC_541\Debug\CS301_Class.a(Output_3.o)
                              .\CortexM3\ARM_GCC_541\Debug\SENSORS_READ.o (Output_3_Read)
.\CortexM3\ARM_GCC_541\Debug\CS301_Class.a(Output_4.o)
                              .\CortexM3\ARM_GCC_541\Debug\SENSORS_READ.o (Output_4_Read)
.\CortexM3\ARM_GCC_541\Debug\CS301_Class.a(Output_5.o)
                              .\CortexM3\ARM_GCC_541\Debug\SENSORS_READ.o (Output_5_Read)
.\CortexM3\ARM_GCC_541\Debug\CS301_Class.a(Output_6.o)
                              .\CortexM3\ARM_GCC_541\Debug\SENSORS_READ.o (Output_6_Read)
.\CortexM3\ARM_GCC_541\Debug\CS301_Class.a(LED1.o)
                              .\CortexM3\ARM_GCC_541\Debug\SENSORS_READ.o (LED1_Write)
.\CortexM3\ARM_GCC_541\Debug\CS301_Class.a(LED2.o)
                              .\CortexM3\ARM_GCC_541\Debug\SENSORS_READ.o (LED2_Write)
.\CortexM3\ARM_GCC_541\Debug\CS301_Class.a(LED3.o)
                              .\CortexM3\ARM_GCC_541\Debug\SENSORS_READ.o (LED3_Write)
.\CortexM3\ARM_GCC_541\Debug\CS301_Class.a(LED4.o)
                              .\CortexM3\ARM_GCC_541\Debug\SENSORS_READ.o (LED4_Write)
.\CortexM3\ARM_GCC_541\Debug\CS301_Class.a(LED5.o)
                              .\CortexM3\ARM_GCC_541\Debug\SENSORS_READ.o (LED5_Write)
.\CortexM3\ARM_GCC_541\Debug\CS301_Class.a(LED6.o)
                              .\CortexM3\ARM_GCC_541\Debug\SENSORS_READ.o (LED6_Write)
.\CortexM3\ARM_GCC_541\Debug\CS301_Class.a(CyBootAsmGnu.o)
                              .\CortexM3\ARM_GCC_541\Debug\cyfitter_cfg.o (CyDelayCycles)
.\CortexM3\ARM_GCC_541\Debug\CS301_Class.a(USBUART_cls.o)
                              .\CortexM3\ARM_GCC_541\Debug\CS301_Class.a(USBUART_drv.o) (USBUART_DispatchClassRqst)
.\CortexM3\ARM_GCC_541\Debug\CS301_Class.a(USBUART_descr.o)
                              .\CortexM3\ARM_GCC_541\Debug\CS301_Class.a(USBUART_std.o) (USBUART_DEVICE0_DESCR)
[...]
Memory Configuration

Name             Origin             Length             Attributes
rom              0x00000000         0x00040000         xr
ram              0x1fff8000         0x00010000         xrw
*default*        0x00000000         0xffffffff

Linker script and memory map

LOAD c:/program files (x86)/cypress/psoc creator/4.4/psoc creator/import/gnu/arm/5.4.1/bin/../lib/gcc/arm-none-eabi/5.4.1/armv7-m/crti.o
LOAD c:/program files (x86)/cypress/psoc creator/4.4/psoc creator/import/gnu/arm/5.4.1/bin/../lib/gcc/arm-none-eabi/5.4.1/armv7-m/crtbegin.o
LOAD c:/program files (x86)/cypress/psoc creator/4.4/psoc creator/import/gnu/arm/5.4.1/bin/../lib/gcc/arm-none-eabi/5.4.1/../../../../arm-none-eabi/lib/armv7-m/crt0.o
START GROUP
LOAD .\CortexM3\ARM_GCC_541\Debug\main.o
LOAD .\CortexM3\ARM_GCC_541\Debug\tacho.o
LOAD .\CortexM3\ARM_GCC_541\Debug\SENSORS_READ.o
LOAD .\CortexM3\ARM_GCC_541\Debug\MOVEMENT.o
LOAD .\CortexM3\ARM_GCC_541\Debug\cyfitter_cfg.o
LOAD .\CortexM3\ARM_GCC_541\Debug\cymetadata.o
LOAD .\CortexM3\ARM_GCC_541\Debug\Cm3Start.o
LOAD .\CortexM3\ARM_GCC_541\Debug\CS301_Class.a
LOAD C:\Program Files (x86)\Cypress\PSoC Creator\4.4\PSoC Creator\psoc\content\cycomponentlibrary\CyComponentLibrary.cylib\CortexM3\ARM_GCC_541\Debug\CyComponentLibrary.a
END GROUP
START GROUP
LOAD c:/program files (x86)/cypress/psoc creator/4.4/psoc creator/import/gnu/arm/5.4.1/bin/../lib/gcc/arm-none-eabi/5.4.1/armv7-m\libgcc.a
LOAD c:/program files (x86)/cypress/psoc creator/4.4/psoc creator/import/gnu/arm/5.4.1/bin/../lib/gcc/arm-none-eabi/5.4.1/../../../../arm-none-eabi/lib/armv7-m\libg_nano.a
LOAD c:/program files (x86)/cypress/psoc creator/4.4/psoc creator/import/gnu/arm/5.4.1/bin/../lib/gcc/arm-none-eabi/5.4.1/../../../../arm-none-eabi/lib/armv7-m\libc_nano.a
END GROUP
START GROUP
LOAD c:/program files (x86)/cypress/psoc creator/4.4/psoc creator/import/gnu/arm/5.4.1/bin/../lib/gcc/arm-none-eabi/5.4.1/armv7-m\libgcc.a
LOAD c:/program files (x86)/cypress/psoc creator/4.4/psoc creator/import/gnu/arm/5.4.1/bin/../lib/gcc/arm-none-eabi/5.4.1/../../../../arm-none-eabi/lib/armv7-m\libc_nano.a
END GROUP
LOAD c:/program files (x86)/cypress/psoc creator/4.4/psoc creator/import/gnu/arm/5.4.1/bin/../lib/gcc/arm-none-eabi/5.4.1/armv7-m/crtend.o
LOAD c:/program files (x86)/cypress/psoc creator/4.4/psoc creator/import/gnu/arm/5.4.1/bin/../lib/gcc/arm-none-eabi/5.4.1/armv7-m/crtn.o
START GROUP
LOAD c:/program files (x86)/cypress/psoc creator/4.4/psoc creator/import/gnu/arm/5.4.1/bin/../lib/gcc/arm-none-eabi/5.4.1/armv7-m\libgcc.a
LOAD c:/program files (x86)/cypress/psoc creator/4.4/psoc creator/import/gnu/arm/5.4.1/bin/../lib/gcc/arm-none-eabi/5.4.1/../../../../arm-none-eabi/lib/armv7-m\libc.a
LOAD c:/program files (x86)/cypress/psoc creator/4.4/psoc creator/import/gnu/arm/5.4.1/bin/../lib/gcc/arm-none-eabi/5.4.1/../../../../arm-none-eabi/lib/armv7-m\libnosys.a
END GROUP
                0x00000000                CY_APPL_ORIGIN = 0x0
                0x00000100                CY_FLASH_ROW_SIZE = 0x100
                0x00000020                CY_ECC_ROW_SIZE = 0x20
                0x00000000                CY_EE_IN_BTLDR = 0x0
                0x00000000                CY_APPL_LOADABLE = 0x0
                0x00000800                CY_EE_SIZE = 0x800
                0x00000001                CY_APPL_NUM = 0x1
                0x00000001                CY_APPL_MAX = 0x1
                0x00000040                CY_METADATA_SIZE = 0x40
                0x00000000                CY_APPL_LOADABLE = 0x0
                0x00000000                CY_CHECKSUM_EXCLUDE_SIZE = ALIGN (0x0, CY_FLASH_ROW_SIZE)
                [!provide]                PROVIDE (__cy_heap_start, _end)
                0x00000001                PROVIDE (__cy_region_num, ((__cy_regions_end - __cy_regions) / 0x10))
                0x20008000                PROVIDE (__cy_stack, (ORIGIN (ram) + LENGTH (ram)))
                [!provide]                PROVIDE (__cy_heap_end, (__cy_stack - 0x800))

.cybootloader   0x00000000        0x0
 *(.cybootloader)
                0x00000000                appl1_start = CY_APPL_ORIGIN?CY_APPL_ORIGIN:ALIGN (CY_FLASH_ROW_SIZE)
                0x0001ff00                appl2_start = (appl1_start + ALIGN ((((LENGTH (rom) - appl1_start) - (0x2 * CY_FLASH_ROW_SIZE)) / 0x2), CY_FLASH_ROW_SIZE))
                0x00000000                appl_start = (CY_APPL_NUM == 0x1)?appl1_start:appl2_start
                0x00000000                ecc_offset = ((appl_start / CY_FLASH_ROW_SIZE) * CY_ECC_ROW_SIZE)
                0x00000000                ee_offset = (CY_APPL_LOADABLE && ! (CY_EE_IN_BTLDR))?((CY_EE_SIZE / CY_APPL_MAX) * (CY_APPL_NUM - 0x1)):0x0
                0x00000800                ee_size = (CY_APPL_LOADABLE && ! (CY_EE_IN_BTLDR))?(CY_EE_SIZE / CY_APPL_MAX):CY_EE_SIZE
                [!provide]                PROVIDE (CY_ECC_OFFSET, ecc_offset)

.text           0x00000000     0x31e2
 CREATE_OBJECT_SYMBOLS
                0x00000000                PROVIDE (__cy_interrupt_vector, RomVectors)
 *(.romvectors)
 .romvectors    0x00000000       0x10 .\CortexM3\ARM_GCC_541\Debug\Cm3Start.o
                0x00000000                RomVectors
                0x00000001                ASSERT ((. != __cy_interrupt_vector), No interrupt vector)
                0x00000001                ASSERT (CY_APPL_ORIGIN?(SIZEOF (.cybootloader) <= CY_APPL_ORIGIN):0x1, Wrong image location)
                0x00000010                PROVIDE (__cy_reset, Reset)
 *(.text.Reset)
 .text.Reset    0x00000010       0x18 .\CortexM3\ARM_GCC_541\Debug\Cm3Start.o
                0x00000010                Reset
                0x00000001                ASSERT ((. != __cy_reset), No reset code)
 *(.dma_init)
                0x00000001                ASSERT ((((appl_start + .) <= 0x10000) || 0x1), DMA Init must be within the first 64k of flash)
 *(.text .text.* .gnu.linkonce.t.*)
 .text          0x00000028       0x5c c:/program files (x86)/cypress/psoc creator/4.4/psoc creator/import/gnu/arm/5.4.1/bin/../lib/gcc/arm-none-eabi/5.4.1/armv7-m/crtbegin.o
 .text.Timer_TS_ISR_Handler
                0x00000084       0x18 .\CortexM3\ARM_GCC_541\Debug\main.o
                0x00000084                Timer_TS_ISR_Handler
 .text.main     0x0000009c       0x44 .\CortexM3\ARM_GCC_541\Debug\main.o
                0x0000009c                main
 .text.GetMovement
                0x000000e0       0x90 .\CortexM3\ARM_GCC_541\Debug\SENSORS_READ.o
                0x000000e0                GetMovement
 .text.CYMEMZERO
                0x00000170       0x1c .\CortexM3\ARM_GCC_541\Debug\cyfitter_cfg.o
 .text.CYCONFIGCPY
                0x0000018c       0x20 .\CortexM3\ARM_GCC_541\Debug\cyfitter_cfg.o
 .text.CyClockStartupError
                0x000001ac        0xc .\CortexM3\ARM_GCC_541\Debug\cyfitter_cfg.o
 .text.cfg_write_bytes32
                0x000001b8       0x74 .\CortexM3\ARM_GCC_541\Debug\cyfitter_cfg.o
 .text.ClockSetup
                0x0000022c      0x140 .\CortexM3\ARM_GCC_541\Debug\cyfitter_cfg.o
 .text.AnalogSetDefault
                0x0000036c       0x44 .\CortexM3\ARM_GCC_541\Debug\cyfitter_cfg.o
 .text.cyfitter_cfg
                0x000003b0      0x168 .\CortexM3\ARM_GCC_541\Debug\cyfitter_cfg.o
                0x000003b0                cyfitter_cfg
 .text.IntDefaultHandler
                0x00000518       0x14 .\CortexM3\ARM_GCC_541\Debug\Cm3Start.o
                0x00000518                IntDefaultHandler
 .text.Start_c  0x0000052c       0x98 .\CortexM3\ARM_GCC_541\Debug\Cm3Start.o
                0x0000052c                Start_c
 .text.initialize_psoc
                0x000005c4       0x90 .\CortexM3\ARM_GCC_541\Debug\Cm3Start.o
                0x000005c4                initialize_psoc
 .text.Timer_TS_Init
                0x00000654       0x9c .\CortexM3\ARM_GCC_541\Debug\CS301_Class.a(Timer_TS.o)
                0x00000654                Timer_TS_Init
 .text.Timer_TS_Enable
                0x000006f0       0x48 .\CortexM3\ARM_GCC_541\Debug\CS301_Class.a(Timer_TS.o)
                0x000006f0                Timer_TS_Enable
 .text.Timer_TS_Start
                0x00000738       0x24 .\CortexM3\ARM_GCC_541\Debug\CS301_Class.a(Timer_TS.o)
                0x00000738                Timer_TS_Start
 .text.Timer_TS_SetInterruptMode
                0x0000075c       0x20 .\CortexM3\ARM_GCC_541\Debug\CS301_Class.a(Timer_TS.o)
                0x0000075c                Timer_TS_SetInterruptMode
 .text.Timer_TS_WritePeriod
                0x0000077c       0x24 .\CortexM3\ARM_GCC_541\Debug\CS301_Class.a(Timer_TS.o)
                0x0000077c                Timer_TS_WritePeriod
 .text.Timer_TS_WriteCounter
                0x000007a0       0x20 .\CortexM3\ARM_GCC_541\Debug\CS301_Class.a(Timer_TS.o)
                0x000007a0                Timer_TS_WriteCounter
 .text.USBUART_Start
                0x000007c0       0x3c .\CortexM3\ARM_GCC_541\Debug\CS301_Class.a(USBUART.o)
                0x000007c0                USBUART_Start
 .text.USBUART_Init
                0x000007fc      0x1a4 .\CortexM3\ARM_GCC_541\Debug\CS301_Class.a(USBUART.o)
                0x000007fc                USBUART_Init
 .text.USBUART_InitComponent
                0x000009a0      0x100 .\CortexM3\ARM_GCC_541\Debug\CS301_Class.a(USBUART.o)
                0x000009a0                USBUART_InitComponent
 .text.USBUART_ReInitComponent
                0x00000aa0       0x68 .\CortexM3\ARM_GCC_541\Debug\CS301_Class.a(USBUART.o)
                0x00000aa0                USBUART_ReInitComponent
 .text.USBUART_DispatchCDCClassRqst
                0x00000b08       0xe4 .\CortexM3\ARM_GCC_541\Debug\CS301_Class.a(USBUART_cdc.o)
                0x00000b08                USBUART_DispatchCDCClassRqst
 .text.USBUART_GetInterfaceComPort
                0x00000bec       0x60 .\CortexM3\ARM_GCC_541\Debug\CS301_Class.a(USBUART_cdc.o)
                0x00000bec                USBUART_GetInterfaceComPort
 .text.USBUART_Cdc_EpInit
                0x00000c4c       0x90 .\CortexM3\ARM_GCC_541\Debug\CS301_Class.a(USBUART_cdc.o)
                0x00000c4c                USBUART_Cdc_EpInit
 .text.USBUART_EP_0_ISR
                0x00000cdc       0xf8 .\CortexM3\ARM_GCC_541\Debug\CS301_Class.a(USBUART_drv.o)
                0x00000cdc                USBUART_EP_0_ISR
 .text.USBUART_HandleSetup
                0x00000dd4       0x88 .\CortexM3\ARM_GCC_541\Debug\CS301_Class.a(USBUART_drv.o)
                0x00000dd4                USBUART_HandleSetup
 .text.USBUART_HandleIN
                0x00000e5c       0x4c .\CortexM3\ARM_GCC_541\Debug\CS301_Class.a(USBUART_drv.o)
                0x00000e5c                USBUART_HandleIN
 .text.USBUART_HandleOUT
                0x00000ea8       0x58 .\CortexM3\ARM_GCC_541\Debug\CS301_Class.a(USBUART_drv.o)
                0x00000ea8                USBUART_HandleOUT
 .text.USBUART_LoadEP0
                0x00000f00       0xd0 .\CortexM3\ARM_GCC_541\Debug\CS301_Class.a(USBUART_drv.o)
                0x00000f00                USBUART_LoadEP0
 .text.USBUART_InitControlRead
                0x00000fd0       0x70 .\CortexM3\ARM_GCC_541\Debug\CS301_Class.a(USBUART_drv.o)
                0x00000fd0                USBUART_InitControlRead
 .text.USBUART_InitZeroLengthControlTransfer
                0x00001040       0x40 .\CortexM3\ARM_GCC_541\Debug\CS301_Class.a(USBUART_drv.o)
                0x00001040                USBUART_InitZeroLengthControlTransfer
 .text.USBUART_ControlReadDataStage
                0x00001080        0xc .\CortexM3\ARM_GCC_541\Debug\CS301_Class.a(USBUART_drv.o)
                0x00001080                USBUART_ControlReadDataStage
 .text.USBUART_ControlReadStatusStage
                0x0000108c       0x40 .\CortexM3\ARM_GCC_541\Debug\CS301_Class.a(USBUART_drv.o)
                0x0000108c                USBUART_ControlReadStatusStage
 .text.USBUART_InitControlWrite
                0x000010cc       0x64 .\CortexM3\ARM_GCC_541\Debug\CS301_Class.a(USBUART_drv.o)
                0x000010cc                USBUART_InitControlWrite
 .text.USBUART_ControlWriteDataStage
                0x00001130       0xb4 .\CortexM3\ARM_GCC_541\Debug\CS301_Class.a(USBUART_drv.o)
                0x00001130                USBUART_ControlWriteDataStage
 .text.USBUART_ControlWriteStatusStage
                0x000011e4       0x24 .\CortexM3\ARM_GCC_541\Debug\CS301_Class.a(USBUART_drv.o)
                0x000011e4                USBUART_ControlWriteStatusStage
 .text.USBUART_InitNoDataControlTransfer
                0x00001208       0x38 .\CortexM3\ARM_GCC_541\Debug\CS301_Class.a(USBUART_drv.o)
                0x00001208                USBUART_InitNoDataControlTransfer
 .text.USBUART_NoDataControlStatusStage
                0x00001240       0x4c .\CortexM3\ARM_GCC_541\Debug\CS301_Class.a(USBUART_drv.o)
                0x00001240                USBUART_NoDataControlStatusStage
 .text.USBUART_UpdateStatusBlock
                0x0000128c       0x40 .\CortexM3\ARM_GCC_541\Debug\CS301_Class.a(USBUART_drv.o)
                0x0000128c                USBUART_UpdateStatusBlock
 .text.USBUART_InitializeStatusBlock
                0x000012cc       0x34 .\CortexM3\ARM_GCC_541\Debug\CS301_Class.a(USBUART_drv.o)
                0x000012cc                USBUART_InitializeStatusBlock
 .text.USBUART_EP_1_ISR
                0x00001300       0x48 .\CortexM3\ARM_GCC_541\Debug\CS301_Class.a(USBUART_episr.o)
                0x00001300                USBUART_EP_1_ISR
 .text.USBUART_EP_2_ISR
                0x00001348       0x4c .\CortexM3\ARM_GCC_541\Debug\CS301_Class.a(USBUART_episr.o)
                0x00001348                USBUART_EP_2_ISR
 .text.USBUART_EP_3_ISR
                0x00001394       0x54 .\CortexM3\ARM_GCC_541\Debug\CS301_Class.a(USBUART_episr.o)
                0x00001394                USBUART_EP_3_ISR
 .text.USBUART_SOF_ISR
                0x000013e8        0xc .\CortexM3\ARM_GCC_541\Debug\CS301_Class.a(USBUART_episr.o)
                0x000013e8                USBUART_SOF_ISR
 .text.USBUART_BUS_RESET_ISR
                0x000013f4        0xc .\CortexM3\ARM_GCC_541\Debug\CS301_Class.a(USBUART_episr.o)
                0x000013f4                USBUART_BUS_RESET_ISR
 .text.USBUART_DP_ISR
                0x00001400        0xc .\CortexM3\ARM_GCC_541\Debug\CS301_Class.a(USBUART_pm.o)
                0x00001400                USBUART_DP_ISR
 .text.USBUART_HandleStandardRqst
                0x0000140c      0x4a4 .\CortexM3\ARM_GCC_541\Debug\CS301_Class.a(USBUART_std.o)
                0x0000140c                USBUART_HandleStandardRqst
 .text.USBUART_ReadDieID
                0x000018b0       0xd8 .\CortexM3\ARM_GCC_541\Debug\CS301_Class.a(USBUART_std.o)
                0x000018b0                USBUART_ReadDieID
 .text.USBUART_ConfigReg
                0x00001988      0x138 .\CortexM3\ARM_GCC_541\Debug\CS301_Class.a(USBUART_std.o)
                0x00001988                USBUART_ConfigReg
 .text.USBUART_Config
                0x00001ac0      0x3a4 .\CortexM3\ARM_GCC_541\Debug\CS301_Class.a(USBUART_std.o)
                0x00001ac0                USBUART_Config
 .text.USBUART_ConfigAltChanged
                0x00001e64      0x25c .\CortexM3\ARM_GCC_541\Debug\CS301_Class.a(USBUART_std.o)
                0x00001e64                USBUART_ConfigAltChanged
 .text.USBUART_GetConfigTablePtr
                0x000020c0       0x50 .\CortexM3\ARM_GCC_541\Debug\CS301_Class.a(USBUART_std.o)
                0x000020c0                USBUART_GetConfigTablePtr
 .text.USBUART_GetDeviceTablePtr
                0x00002110       0x24 .\CortexM3\ARM_GCC_541\Debug\CS301_Class.a(USBUART_std.o)
                0x00002110                USBUART_GetDeviceTablePtr
 .text.USBUART_GetInterfaceClassTablePtr
                0x00002134       0x4c .\CortexM3\ARM_GCC_541\Debug\CS301_Class.a(USBUART_std.o)
                0x00002134                USBUART_GetInterfaceClassTablePtr
 .text.USBUART_SetEndpointHalt
                0x00002180       0xe8 .\CortexM3\ARM_GCC_541\Debug\CS301_Class.a(USBUART_std.o)
                0x00002180                USBUART_SetEndpointHalt
 .text.USBUART_ClearEndpointHalt
                0x00002268      0x158 .\CortexM3\ARM_GCC_541\Debug\CS301_Class.a(USBUART_std.o)
                0x00002268                USBUART_ClearEndpointHalt
 .text.USBUART_ValidateAlternateSetting
                0x000023c0       0x70 .\CortexM3\ARM_GCC_541\Debug\CS301_Class.a(USBUART_std.o)
                0x000023c0                USBUART_ValidateAlternateSetting
 .text.USBUART_HandleVendorRqst
                0x00002430       0x54 .\CortexM3\ARM_GCC_541\Debug\CS301_Class.a(USBUART_vnd.o)
                0x00002430                USBUART_HandleVendorRqst
 .text.USBUART_Dp_ClearInterrupt
                0x00002484       0x20 .\CortexM3\ARM_GCC_541\Debug\CS301_Class.a(USBUART_Dp.o)
                0x00002484                USBUART_Dp_ClearInterrupt
 .text.CyHalt   0x000024a4       0x18 .\CortexM3\ARM_GCC_541\Debug\CS301_Class.a(CyLib.o)
                0x000024a4                CyHalt
 .text.CyDelayUs
                0x000024bc       0x28 .\CortexM3\ARM_GCC_541\Debug\CS301_Class.a(CyLib.o)
                0x000024bc                CyDelayUs
 .text.CyIntSetVector
                0x000024e4       0x50 .\CortexM3\ARM_GCC_541\Debug\CS301_Class.a(CyLib.o)
                0x000024e4                CyIntSetVector
 .text.CyIntSetPriority
                0x00002534       0x48 .\CortexM3\ARM_GCC_541\Debug\CS301_Class.a(CyLib.o)
                0x00002534                CyIntSetPriority
 .text.CyGetUniqueId
                0x0000257c       0xc4 .\CortexM3\ARM_GCC_541\Debug\CS301_Class.a(CyLib.o)
                0x0000257c                CyGetUniqueId
 .text.PWM_1_Start
                0x00002640       0x24 .\CortexM3\ARM_GCC_541\Debug\CS301_Class.a(PWM_1.o)
                0x00002640                PWM_1_Start
 .text.PWM_1_Init
                0x00002664       0xbc .\CortexM3\ARM_GCC_541\Debug\CS301_Class.a(PWM_1.o)
                0x00002664                PWM_1_Init
 .text.PWM_1_Enable
                0x00002720       0x48 .\CortexM3\ARM_GCC_541\Debug\CS301_Class.a(PWM_1.o)
                0x00002720                PWM_1_Enable
 .text.PWM_1_WritePeriod
                0x00002768       0x20 .\CortexM3\ARM_GCC_541\Debug\CS301_Class.a(PWM_1.o)
                0x00002768                PWM_1_WritePeriod
 .text.PWM_1_WriteCompare
                0x00002788       0x20 .\CortexM3\ARM_GCC_541\Debug\CS301_Class.a(PWM_1.o)
                0x00002788                PWM_1_WriteCompare
 .text.PWM_1_SetInterruptMode
                0x000027a8       0x20 .\CortexM3\ARM_GCC_541\Debug\CS301_Class.a(PWM_1.o)
                0x000027a8                PWM_1_SetInterruptMode
 .text.PWM_2_Start
                0x000027c8       0x24 .\CortexM3\ARM_GCC_541\Debug\CS301_Class.a(PWM_2.o)
                0x000027c8                PWM_2_Start
 .text.PWM_2_Init
                0x000027ec       0xbc .\CortexM3\ARM_GCC_541\Debug\CS301_Class.a(PWM_2.o)
                0x000027ec                PWM_2_Init
 .text.PWM_2_Enable
                0x000028a8       0x48 .\CortexM3\ARM_GCC_541\Debug\CS301_Class.a(PWM_2.o)
                0x000028a8                PWM_2_Enable
 .text.PWM_2_WritePeriod
                0x000028f0       0x20 .\CortexM3\ARM_GCC_541\Debug\CS301_Class.a(PWM_2.o)
                0x000028f0                PWM_2_WritePeriod
 .text.PWM_2_WriteCompare
                0x00002910       0x20 .\CortexM3\ARM_GCC_541\Debug\CS301_Class.a(PWM_2.o)
                0x00002910                PWM_2_WriteCompare
 .text.PWM_2_SetInterruptMode
                0x00002930       0x20 .\CortexM3\ARM_GCC_541\Debug\CS301_Class.a(PWM_2.o)
                0x00002930                PWM_2_SetInterruptMode
 .text.QuadDec_M1_Init
                0x00002950        0xc .\CortexM3\ARM_GCC_541\Debug\CS301_Class.a(QuadDec_M1.o)
                0x00002950                QuadDec_M1_Init
 .text.QuadDec_M1_Enable
                0x0000295c       0x3c .\CortexM3\ARM_GCC_541\Debug\CS301_Class.a(QuadDec_M1.o)
                0x0000295c                QuadDec_M1_Enable
 .text.QuadDec_M1_Start
                0x00002998       0x30 .\CortexM3\ARM_GCC_541\Debug\CS301_Class.a(QuadDec_M1.o)
                0x00002998                QuadDec_M1_Start
 .text.QuadDec_M1_SetCounter
                0x000029c8       0x34 .\CortexM3\ARM_GCC_541\Debug\CS301_Class.a(QuadDec_M1.o)
                0x000029c8                QuadDec_M1_SetCounter
 .text.QuadDec_M1_GetEvents
                0x000029fc       0x1c .\CortexM3\ARM_GCC_541\Debug\CS301_Class.a(QuadDec_M1.o)
                0x000029fc                QuadDec_M1_GetEvents
 .text.QuadDec_M1_SetInterruptMask
                0x00002a18       0x20 .\CortexM3\ARM_GCC_541\Debug\CS301_Class.a(QuadDec_M1.o)
                0x00002a18                QuadDec_M1_SetInterruptMask
 .text.QuadDec_M2_Init
                0x00002a38        0xc .\CortexM3\ARM_GCC_541\Debug\CS301_Class.a(QuadDec_M2.o)
                0x00002a38                QuadDec_M2_Init
 .text.QuadDec_M2_Enable
                0x00002a44       0x3c .\CortexM3\ARM_GCC_541\Debug\CS301_Class.a(QuadDec_M2.o)
                0x00002a44                QuadDec_M2_Enable
 .text.QuadDec_M2_Start
                0x00002a80       0x30 .\CortexM3\ARM_GCC_541\Debug\CS301_Class.a(QuadDec_M2.o)
                0x00002a80                QuadDec_M2_Start
 .text.QuadDec_M2_SetCounter
                0x00002ab0       0x34 .\CortexM3\ARM_GCC_541\Debug\CS301_Class.a(QuadDec_M2.o)
                0x00002ab0                QuadDec_M2_SetCounter
 .text.QuadDec_M2_GetEvents
                0x00002ae4       0x1c .\CortexM3\ARM_GCC_541\Debug\CS301_Class.a(QuadDec_M2.o)
                0x00002ae4                QuadDec_M2_GetEvents
 .text.QuadDec_M2_SetInterruptMask
                0x00002b00       0x20 .\CortexM3\ARM_GCC_541\Debug\CS301_Class.a(QuadDec_M2.o)
                0x00002b00                QuadDec_M2_SetInterruptMask
 .text.QuadDec_M1_Cnt16_Init
                0x00002b20       0x80 .\CortexM3\ARM_GCC_541\Debug\CS301_Class.a(QuadDec_M1_Cnt16.o)
                0x00002b20                QuadDec_M1_Cnt16_Init
 .text.QuadDec_M1_Cnt16_Enable
                0x00002ba0       0x20 .\CortexM3\ARM_GCC_541\Debug\CS301_Class.a(QuadDec_M1_Cnt16.o)
                0x00002ba0                QuadDec_M1_Cnt16_Enable
 .text.QuadDec_M1_Cnt16_Start
                0x00002bc0       0x24 .\CortexM3\ARM_GCC_541\Debug\CS301_Class.a(QuadDec_M1_Cnt16.o)
                0x00002bc0                QuadDec_M1_Cnt16_Start
 .text.QuadDec_M1_Cnt16_SetInterruptMode
                0x00002be4       0x20 .\CortexM3\ARM_GCC_541\Debug\CS301_Class.a(QuadDec_M1_Cnt16.o)
                0x00002be4                QuadDec_M1_Cnt16_SetInterruptMode
 .text.QuadDec_M1_Cnt16_ReadStatusRegister
                0x00002c04       0x18 .\CortexM3\ARM_GCC_541\Debug\CS301_Class.a(QuadDec_M1_Cnt16.o)
                0x00002c04                QuadDec_M1_Cnt16_ReadStatusRegister
 .text.QuadDec_M1_Cnt16_WriteCounter
                0x00002c1c       0x20 .\CortexM3\ARM_GCC_541\Debug\CS301_Class.a(QuadDec_M1_Cnt16.o)
                0x00002c1c                QuadDec_M1_Cnt16_WriteCounter
 .text.QuadDec_M1_Cnt16_ReadCapture
                0x00002c3c       0x18 .\CortexM3\ARM_GCC_541\Debug\CS301_Class.a(QuadDec_M1_Cnt16.o)
                0x00002c3c                QuadDec_M1_Cnt16_ReadCapture
 .text.QuadDec_M1_Cnt16_WritePeriod
                0x00002c54       0x20 .\CortexM3\ARM_GCC_541\Debug\CS301_Class.a(QuadDec_M1_Cnt16.o)
                0x00002c54                QuadDec_M1_Cnt16_WritePeriod
 .text.QuadDec_M1_Cnt16_WriteCompare
                0x00002c74       0x20 .\CortexM3\ARM_GCC_541\Debug\CS301_Class.a(QuadDec_M1_Cnt16.o)
                0x00002c74                QuadDec_M1_Cnt16_WriteCompare
 .text.QuadDec_M1_Cnt16_ClearFIFO
                0x00002c94       0x1c .\CortexM3\ARM_GCC_541\Debug\CS301_Class.a(QuadDec_M1_Cnt16.o)
                0x00002c94                QuadDec_M1_Cnt16_ClearFIFO
 .text.QuadDec_M2_Cnt16_Init
                0x00002cb0       0x80 .\CortexM3\ARM_GCC_541\Debug\CS301_Class.a(QuadDec_M2_Cnt16.o)
                0x00002cb0                QuadDec_M2_Cnt16_Init
 .text.QuadDec_M2_Cnt16_Enable
                0x00002d30       0x20 .\CortexM3\ARM_GCC_541\Debug\CS301_Class.a(QuadDec_M2_Cnt16.o)
                0x00002d30                QuadDec_M2_Cnt16_Enable
 .text.QuadDec_M2_Cnt16_Start
                0x00002d50       0x24 .\CortexM3\ARM_GCC_541\Debug\CS301_Class.a(QuadDec_M2_Cnt16.o)
                0x00002d50                QuadDec_M2_Cnt16_Start
 .text.QuadDec_M2_Cnt16_SetInterruptMode
                0x00002d74       0x20 .\CortexM3\ARM_GCC_541\Debug\CS301_Class.a(QuadDec_M2_Cnt16.o)
                0x00002d74                QuadDec_M2_Cnt16_SetInterruptMode
 .text.QuadDec_M2_Cnt16_ReadStatusRegister
                0x00002d94       0x18 .\CortexM3\ARM_GCC_541\Debug\CS301_Class.a(QuadDec_M2_Cnt16.o)
                0x00002d94                QuadDec_M2_Cnt16_ReadStatusRegister
 .text.QuadDec_M2_Cnt16_WriteCounter
                0x00002dac       0x20 .\CortexM3\ARM_GCC_541\Debug\CS301_Class.a(QuadDec_M2_Cnt16.o)
                0x00002dac                QuadDec_M2_Cnt16_WriteCounter
 .text.QuadDec_M2_Cnt16_ReadCapture
                0x00002dcc       0x18 .\CortexM3\ARM_GCC_541\Debug\CS301_Class.a(QuadDec_M2_Cnt16.o)
                0x00002dcc                QuadDec_M2_Cnt16_ReadCapture
 .text.QuadDec_M2_Cnt16_WritePeriod
                0x00002de4       0x20 .\CortexM3\ARM_GCC_541\Debug\CS301_Class.a(QuadDec_M2_Cnt16.o)
                0x00002de4                QuadDec_M2_Cnt16_WritePeriod
 .text.QuadDec_M2_Cnt16_WriteCompare
                0x00002e04       0x20 .\CortexM3\ARM_GCC_541\Debug\CS301_Class.a(QuadDec_M2_Cnt16.o)
                0x00002e04                QuadDec_M2_Cnt16_WriteCompare
 .text.QuadDec_M2_Cnt16_ClearFIFO
                0x00002e24       0x1c .\CortexM3\ARM_GCC_541\Debug\CS301_Class.a(QuadDec_M2_Cnt16.o)
                0x00002e24                QuadDec_M2_Cnt16_ClearFIFO
 .text.isr_1_StartEx
                0x00002e40       0x24 .\CortexM3\ARM_GCC_541\Debug\CS301_Class.a(isr_1.o)
                0x00002e40                isr_1_StartEx
 .text.isr_1_SetVector
                0x00002e64       0x24 .\CortexM3\ARM_GCC_541\Debug\CS301_Class.a(isr_1.o)
                0x00002e64                isr_1_SetVector
 .text.isr_1_SetPriority
                0x00002e88       0x24 .\CortexM3\ARM_GCC_541\Debug\CS301_Class.a(isr_1.o)
                0x00002e88                isr_1_SetPriority
 .text.isr_1_Enable
                0x00002eac       0x18 .\CortexM3\ARM_GCC_541\Debug\CS301_Class.a(isr_1.o)
                0x00002eac                isr_1_Enable
 .text.isr_1_Disable
                0x00002ec4       0x18 .\CortexM3\ARM_GCC_541\Debug\CS301_Class.a(isr_1.o)
                0x00002ec4                isr_1_Disable
 .text.Output_3_Read
                0x00002edc       0x20 .\CortexM3\ARM_GCC_541\Debug\CS301_Class.a(Output_3.o)
                0x00002edc                Output_3_Read
 .text.Output_4_Read
                0x00002efc       0x20 .\CortexM3\ARM_GCC_541\Debug\CS301_Class.a(Output_4.o)
                0x00002efc                Output_4_Read
 .text.Output_5_Read
                0x00002f1c       0x20 .\CortexM3\ARM_GCC_541\Debug\CS301_Class.a(Output_5.o)
                0x00002f1c                Output_5_Read
 .text.Output_6_Read
                0x00002f3c       0x1c .\CortexM3\ARM_GCC_541\Debug\CS301_Class.a(Output_6.o)
                0x00002f3c                Output_6_Read
 .text.LED1_Write
                0x00002f58       0x3c .\CortexM3\ARM_GCC_541\Debug\CS301_Class.a(LED1.o)
                0x00002f58                LED1_Write
 .text.LED2_Write
                0x00002f94       0x3c .\CortexM3\ARM_GCC_541\Debug\CS301_Class.a(LED2.o)
                0x00002f94                LED2_Write
 .text.LED3_Write
                0x00002fd0       0x3c .\CortexM3\ARM_GCC_541\Debug\CS301_Class.a(LED3.o)
                0x00002fd0                LED3_Write
 .text.LED4_Write
                0x0000300c       0x38 .\CortexM3\ARM_GCC_541\Debug\CS301_Class.a(LED4.o)
                0x0000300c                LED4_Write
 .text.LED5_Write
                0x00003044       0x3c .\CortexM3\ARM_GCC_541\Debug\CS301_Class.a(LED5.o)
                0x00003044                LED5_Write
 .text.LED6_Write
                0x00003080       0x3c .\CortexM3\ARM_GCC_541\Debug\CS301_Class.a(LED6.o)
                0x00003080                LED6_Write
 *fill*         0x000030bc        0x4 
 .text          0x000030c0       0x20 .\CortexM3\ARM_GCC_541\Debug\CS301_Class.a(CyBootAsmGnu.o)
                0x000030c0                CyDelayCycles
                0x000030d0                CyEnterCriticalSection
                0x000030d8                CyExitCriticalSection
 .text.USBUART_DispatchClassRqst
                0x000030e0       0x84 .\CortexM3\ARM_GCC_541\Debug\CS301_Class.a(USBUART_cls.o)
                0x000030e0                USBUART_DispatchClassRqst
 .text.__errno  0x00003164        0xc c:/program files (x86)/cypress/psoc creator/4.4/psoc creator/import/gnu/arm/5.4.1/bin/../lib/gcc/arm-none-eabi/5.4.1/../../../../arm-none-eabi/lib/armv7-m\libg_nano.a(lib_a-errno.o)
                0x00003164                __errno
 .text.__libc_init_array
                0x00003170       0x4c c:/program files (x86)/cypress/psoc creator/4.4/psoc creator/import/gnu/arm/5.4.1/bin/../lib/gcc/arm-none-eabi/5.4.1/../../../../arm-none-eabi/lib/armv7-m\libg_nano.a(lib_a-init.o)
                0x00003170                __libc_init_array
 .text.memcpy   0x000031bc       0x16 c:/program files (x86)/cypress/psoc creator/4.4/psoc creator/import/gnu/arm/5.4.1/bin/../lib/gcc/arm-none-eabi/5.4.1/../../../../arm-none-eabi/lib/armv7-m\libg_nano.a(lib_a-memcpy-stub.o)
                0x000031bc                memcpy
 .text.memset   0x000031d2       0x10 c:/program files (x86)/cypress/psoc creator/4.4/psoc creator/import/gnu/arm/5.4.1/bin/../lib/gcc/arm-none-eabi/5.4.1/../../../../arm-none-eabi/lib/armv7-m\libg_nano.a(lib_a-memset.o)
                0x000031d2                memset
 *(.plt)
 *(.gnu.warning)
 *(.glue_7t)
 .glue_7t       0x000031e2        0x0 linker stubs
 *(.glue_7)
 .glue_7        0x000031e2        0x0 linker stubs
 *(.vfp11_veneer)
 .vfp11_veneer  0x000031e2        0x0 linker stubs
 *(.bootloader)
 *(.ARM.extab* .gnu.linkonce.armextab.*)
 *(.gcc_except_table)

.v4_bx          0x000031e4        0x0
 .v4_bx         0x000031e4        0x0 linker stubs

.iplt           0x000031e4        0x0
 .iplt          0x000031e4        0x0 c:/program files (x86)/cypress/psoc creator/4.4/psoc creator/import/gnu/arm/5.4.1/bin/../lib/gcc/arm-none-eabi/5.4.1/armv7-m/crtbegin.o

.eh_frame_hdr
 *(.eh_frame_hdr)

.eh_frame       0x000031e4        0x4
 *(.eh_frame)
 .eh_frame      0x000031e4        0x0 c:/program files (x86)/cypress/psoc creator/4.4/psoc creator/import/gnu/arm/5.4.1/bin/../lib/gcc/arm-none-eabi/5.4.1/armv7-m/crtbegin.o
 .eh_frame      0x000031e4        0x4 c:/program files (x86)/cypress/psoc creator/4.4/psoc creator/import/gnu/arm/5.4.1/bin/../lib/gcc/arm-none-eabi/5.4.1/armv7-m/crtend.o
                [!provide]                PROVIDE (__exidx_start, .)

.ARM.exidx
 *(.ARM.exidx* .gnu.linkonce.armexidx.*)
                0x000031e8                __exidx_end = .

.rodata         0x000031e8      0x218
 *(.rodata .rodata.* .gnu.linkonce.r.*)
 .rodata        0x000031e8       0x2a .\CortexM3\ARM_GCC_541\Debug\cyfitter_cfg.o
 *fill*         0x00003212        0x2 
 .rodata        0x00003214       0x11 .\CortexM3\ARM_GCC_541\Debug\CS301_Class.a(USBUART_std.o)
 *fill*         0x00003225        0x3 
 .rodata        0x00003228      0x19c .\CortexM3\ARM_GCC_541\Debug\CS301_Class.a(USBUART_descr.o)
                0x00003228                USBUART_DEVICE0_DESCR
                0x0000323c                USBUART_DEVICE0_CONFIGURATION0_DESCR
                0x00003280                USBUART_STRING_DESCRIPTORS
                0x00003320                USBUART_SN_STRING_DESCRIPTOR
                0x00003324                USBUART_DEVICE0_CONFIGURATION0_EP_SETTINGS_TABLE
                0x0000333c                USBUART_DEVICE0_CONFIGURATION0_INTERFACE_CLASS
                0x00003340                USBUART_DEVICE0_CONFIGURATION0_TABLE
                0x00003368                USBUART_DEVICE0_TABLE
                0x00003380                USBUART_TABLE
                0x00003388                USBUART_MSOS_DESCRIPTOR
                0x0000339c                USBUART_MSOS_CONFIGURATION_DESCR
 .rodata.str1.1
                0x000033c4        0x2 c:/program files (x86)/cypress/psoc creator/4.4/psoc creator/import/gnu/arm/5.4.1/bin/../lib/gcc/arm-none-eabi/5.4.1/../../../../arm-none-eabi/lib/armv7-m\libg_nano.a(lib_a-impure.o)
                0x000033c8                . = ALIGN (0x4)
 *fill*         0x000033c6        0x2 
 *(.init)
 .init          0x000033c8        0x4 c:/program files (x86)/cypress/psoc creator/4.4/psoc creator/import/gnu/arm/5.4.1/bin/../lib/gcc/arm-none-eabi/5.4.1/armv7-m/crti.o
                0x000033c8                _init
 .init          0x000033cc        0x8 c:/program files (x86)/cypress/psoc creator/4.4/psoc creator/import/gnu/arm/5.4.1/bin/../lib/gcc/arm-none-eabi/5.4.1/armv7-m/crtn.o
                0x000033d4                . = ALIGN (0x4)
                0x000033d4                __preinit_array_start = .
 *(.preinit_array)
                0x000033d4                __preinit_array_end = .
                0x000033d4                . = ALIGN (0x4)
                0x000033d4                __init_array_start = .
 *(SORT(.init_array.*))
 *(.init_array)
 .init_array    0x000033d4        0x4 c:/program files (x86)/cypress/psoc creator/4.4/psoc creator/import/gnu/arm/5.4.1/bin/../lib/gcc/arm-none-eabi/5.4.1/armv7-m/crtbegin.o
 .init_array    0x000033d8        0x4 .\CortexM3\ARM_GCC_541\Debug\Cm3Start.o
                0x000033dc                __init_array_end = .
                0x000033dc                . = ALIGN (0x4)
 *(.fini)
 .fini          0x000033dc        0x4 c:/program files (x86)/cypress/psoc creator/4.4/psoc creator/import/gnu/arm/5.4.1/bin/../lib/gcc/arm-none-eabi/5.4.1/armv7-m/crti.o
                0x000033dc                _fini
 .fini          0x000033e0        0x8 c:/program files (x86)/cypress/psoc creator/4.4/psoc creator/import/gnu/arm/5.4.1/bin/../lib/gcc/arm-none-eabi/5.4.1/armv7-m/crtn.o
                0x000033e8                . = ALIGN (0x4)
                0x000033e8                __fini_array_start = .
 *(.fini_array)
 .fini_array    0x000033e8        0x4 c:/program files (x86)/cypress/psoc creator/4.4/psoc creator/import/gnu/arm/5.4.1/bin/../lib/gcc/arm-none-eabi/5.4.1/armv7-m/crtbegin.o
 *(SORT(.fini_array.*))
                0x000033ec                __fini_array_end = .
                0x000033ec                . = ALIGN (0x4)
 *crtbegin.o(.ctors)
 *(EXCLUDE_FILE(*crtend.o) .ctors)
 *(SORT(.ctors.*))
 *crtend.o(.ctors)
                0x000033ec                . = ALIGN (0x4)
 *crtbegin.o(.dtors)
 *(EXCLUDE_FILE(*crtend.o) .dtors)
 *(SORT(.dtors.*))
 *crtend.o(.dtors)
                0x000033ec                . = ALIGN (0x4)
                0x000033ec                __cy_regions = .
                0x000033ec        0x4 LONG 0x3400 __cy_region_init_ram
                0x000033f0        0x4 LONG 0x1fff80c8 __cy_region_start_data
                0x000033f4        0x4 LONG 0x98 __cy_region_init_size_ram
                0x000033f8        0x4 LONG 0x148 __cy_region_zero_size_ram
                0x000033fc                __cy_regions_end = .
                0x00003400                . = ALIGN (0x8)
 *fill*         0x000033fc        0x4 
                0x00003400                _etext = .

.cy_checksum_exclude
                0x00003400        0x0
 *(.cy_checksum_exclude)

.ramvectors     0x1fff8000       0xc0
                0x1fff8000                __cy_region_start_ram = .
 *(.ramvectors)
 .ramvectors    0x1fff8000       0xc0 .\CortexM3\ARM_GCC_541\Debug\Cm3Start.o
                0x1fff8000                CyRamVectors

.noinit         0x1fff80c0        0x5
 *(.noinit)
 .noinit        0x1fff80c0        0x4 .\CortexM3\ARM_GCC_541\Debug\Cm3Start.o
 .noinit        0x1fff80c4        0x1 .\CortexM3\ARM_GCC_541\Debug\CS301_Class.a(CyLib.o)
                0x1fff80c4                CyResetStatus

.data           0x1fff80c8       0x98 load address 0x00003400
                0x1fff80c8                __cy_region_start_data = .
 *(.jcr)
 .jcr           0x1fff80c8        0x0 c:/program files (x86)/cypress/psoc creator/4.4/psoc creator/import/gnu/arm/5.4.1/bin/../lib/gcc/arm-none-eabi/5.4.1/armv7-m/crtbegin.o
 .jcr           0x1fff80c8        0x4 c:/program files (x86)/cypress/psoc creator/4.4/psoc creator/import/gnu/arm/5.4.1/bin/../lib/gcc/arm-none-eabi/5.4.1/armv7-m/crtend.o
 *(.got.plt)
 *(.got)
 *(.shdata)
 *(.data .data.* .gnu.linkonce.d.*)
 .data          0x1fff80cc       0x1a .\CortexM3\ARM_GCC_541\Debug\CS301_Class.a(USBUART_cdc.o)
                0x1fff80cc                USBUART_linesCoding
 *fill*         0x1fff80e6        0x2 
 .data          0x1fff80e8       0x10 .\CortexM3\ARM_GCC_541\Debug\CS301_Class.a(CyLib.o)
                0x1fff80e8                cydelay_freq_hz
                0x1fff80ec                cydelay_freq_khz
                0x1fff80f0                cydelay_freq_mhz
                0x1fff80f4                cydelay_32k_ms
 .data.impure_data
                0x1fff80f8       0x60 c:/program files (x86)/cypress/psoc creator/4.4/psoc creator/import/gnu/arm/5.4.1/bin/../lib/gcc/arm-none-eabi/5.4.1/../../../../arm-none-eabi/lib/armv7-m\libg_nano.a(lib_a-impure.o)
 .data._impure_ptr
                0x1fff8158        0x4 c:/program files (x86)/cypress/psoc creator/4.4/psoc creator/import/gnu/arm/5.4.1/bin/../lib/gcc/arm-none-eabi/5.4.1/../../../../arm-none-eabi/lib/armv7-m\libg_nano.a(lib_a-impure.o)
                0x1fff8158                _impure_ptr
                0x1fff8160                . = ALIGN (0x8)
 *fill*         0x1fff815c        0x4 
 *(.ram)
                0x1fff8160                _edata = .

.igot.plt       0x1fff8160        0x0 load address 0x00003498
 .igot.plt      0x1fff8160        0x0 c:/program files (x86)/cypress/psoc creator/4.4/psoc creator/import/gnu/arm/5.4.1/bin/../lib/gcc/arm-none-eabi/5.4.1/armv7-m/crtbegin.o

.bss            0x1fff8160      0x148 load address 0x00003498
                0x1fff8160                PROVIDE (__bss_start__, .)
 *(.shbss)
 *(.bss .bss.* .gnu.linkonce.b.*)
 .bss           0x1fff8160       0x1c c:/program files (x86)/cypress/psoc creator/4.4/psoc creator/import/gnu/arm/5.4.1/bin/../lib/gcc/arm-none-eabi/5.4.1/armv7-m/crtbegin.o
 .bss           0x1fff817c       0x46 .\CortexM3\ARM_GCC_541\Debug\main.o
                0x1fff817c                ts
                0x1fff817e                ts_enc
                0x1fff8180                ts_update
                0x1fff8182                ts_speed
                0x1fff8184                ts_display
                0x1fff8186                flag_ts_enc
                0x1fff8187                flag_ts_update
                0x1fff8188                flag_ts_speed
                0x1fff8189                flag_ts_display
                0x1fff818a                flag_rx
                0x1fff818b                flag_packet
                0x1fff818c                flag_KB_string
                0x1fff818d                dataready_flag
                0x1fff818e                tick_count
                0x1fff8190                delay_active
                0x1fff8192                delay_target
                0x1fff81a9                front_left_flag
                0x1fff81aa                front_right_flag
                0x1fff81ab                mid_left_flag
                0x1fff81ac                mid_right_flag
                0x1fff81ad                left_wing_flag
                0x1fff81ae                right_wing_flag
                0x1fff81b6                timer_flag
                0x1fff81b8                edges
 .bss           0x1fff81c2        0x1 .\CortexM3\ARM_GCC_541\Debug\CS301_Class.a(Timer_TS.o)
                0x1fff81c2                Timer_TS_initVar
 .bss           0x1fff81c3        0x1 .\CortexM3\ARM_GCC_541\Debug\CS301_Class.a(USBUART.o)
                0x1fff81c3                USBUART_initVar
 .bss           0x1fff81c4        0x2 .\CortexM3\ARM_GCC_541\Debug\CS301_Class.a(USBUART_std.o)
 .bss           0x1fff81c6        0x1 .\CortexM3\ARM_GCC_541\Debug\CS301_Class.a(PWM_1.o)
                0x1fff81c6                PWM_1_initVar
 .bss           0x1fff81c7        0x1 .\CortexM3\ARM_GCC_541\Debug\CS301_Class.a(PWM_2.o)
                0x1fff81c7                PWM_2_initVar
 .bss           0x1fff81c8        0x1 .\CortexM3\ARM_GCC_541\Debug\CS301_Class.a(QuadDec_M1.o)
                0x1fff81c8                QuadDec_M1_initVar
 .bss           0x1fff81c9        0x1 .\CortexM3\ARM_GCC_541\Debug\CS301_Class.a(QuadDec_M2.o)
                0x1fff81c9                QuadDec_M2_initVar
 .bss           0x1fff81ca        0x1 .\CortexM3\ARM_GCC_541\Debug\CS301_Class.a(QuadDec_M1_Cnt16.o)
                0x1fff81ca                QuadDec_M1_Cnt16_initVar
 .bss           0x1fff81cb        0x1 .\CortexM3\ARM_GCC_541\Debug\CS301_Class.a(QuadDec_M2_Cnt16.o)
                0x1fff81cb                QuadDec_M2_Cnt16_initVar
 *(COMMON)
 COMMON         0x1fff81cc       0x18 .\CortexM3\ARM_GCC_541\Debug\CS301_Class.a(USBUART_cdc.o)
                0x1fff81cc                USBUART_linesChanged
                0x1fff81d0                USBUART_cdcDataInEp
                0x1fff81d4                USBUART_cdcCommInInterruptEp
                0x1fff81d8                USBUART_cdcDataOutEp
                0x1fff81dc                USBUART_serialStateBitmap
                0x1fff81e0                USBUART_linesControlBitmap
 COMMON         0x1fff81e4       0x9a .\CortexM3\ARM_GCC_541\Debug\CS301_Class.a(USBUART_drv.o)
                0x1fff81e4                USBUART_lastPacketSize
                0x1fff81e5                USBUART_device
                0x1fff81e6                USBUART_transferByteCount
                0x1fff81e8                USBUART_transferState
                0x1fff81ec                USBUART_interfaceSettingLast
                0x1fff81f0                USBUART_currentTD
                0x1fff81fc                USBUART_interfaceNumber
                0x1fff8200                USBUART_interfaceClass
                0x1fff8204                USBUART_configurationChanged
                0x1fff8205                USBUART_ep0Mode
                0x1fff8206                USBUART_deviceAddress
                0x1fff8207                USBUART_configuration
                0x1fff8208                USBUART_ep0Count
                0x1fff8209                USBUART_deviceStatus
                0x1fff820c                USBUART_EP
                0x1fff8278                USBUART_interfaceSetting
                0x1fff827a                USBUART_ep0Toggle
                0x1fff827c                USBUART_interfaceStatus
 *fill*         0x1fff827e        0x2 
 COMMON         0x1fff8280       0x22 .\CortexM3\ARM_GCC_541\Debug\CS301_Class.a(USBUART_descr.o)
                0x1fff8280                USBUART_idSerialNumberStringDescriptor
                0x1fff82a8                . = ALIGN (0x8)
 *fill*         0x1fff82a2        0x6 
 *(.ram.b)
                0x1fff82a8                _end = .
                0x1fff82a8                __end = .
                0x1fff82a8                PROVIDE (end, .)
                0x1fff82a8                PROVIDE (__bss_end__, .)
                0x00003400                __cy_region_init_ram = LOADADDR (.data)
                0x00000098                __cy_region_init_size_ram = (_edata - ADDR (.data))
                0x00000148                __cy_region_zero_size_ram = (_end - _edata)

.heap           0x1fff82a8       0x80 load address 0x00003498
                0x1fff82a8                . = _end
                0x1fff8328                . = (. + 0x80)
 *fill*         0x1fff82a8       0x80 
                0x1fff8328                __cy_heap_limit = .

.stack          0x20007800      0x800
                0x20007800                __cy_stack_limit = .
                0x20008000                . = (. + 0x800)
 *fill*         0x20007800      0x800 
                0x00000001                ASSERT ((__cy_stack_limit >= __cy_heap_limit), region RAM overflowed with stack)
                0x00000000                cy_checksum_exclude_size = (CY_APPL_LOADABLE == 0x1)?SIZEOF (.cy_checksum_exclude):0x0
                0x00000001                ASSERT ((cy_checksum_exclude_size <= CY_CHECKSUM_EXCLUDE_SIZE), CY_BOOT: Section .cy_checksum_exclude size exceedes specified limit.)

.cyloadermeta
 *(.cyloadermeta)

.cyloadablemeta
 *(.cyloadablemeta)

.cyconfigecc    0x80000000      0xc5c
 *(.cyconfigecc)
 .cyconfigecc   0x80000000      0xc5c .\CortexM3\ARM_GCC_541\Debug\cymetadata.o
                0x80000000                cy_meta_configecc

.cycustnvl      0x90000000        0x4
 *(.cycustnvl)
 .cycustnvl     0x90000000        0x4 .\CortexM3\ARM_GCC_541\Debug\cymetadata.o
                0x90000000                cy_meta_custnvl

.cywolatch      0x90100000        0x4
 *(.cywolatch)
 .cywolatch     0x90100000        0x4 .\CortexM3\ARM_GCC_541\Debug\cymetadata.o
                0x90100000                cy_meta_wonvl

.cyeeprom       0x90200000        0x0
 *(.cyeeprom)
                0x00000001                ASSERT ((. <= ((0x90200000 + ee_offset) + ee_size)), .cyeeprom data will not fit in EEPROM)

.cyflashprotect
                0x90400000      0x100
 *(.cyflashprotect)
 .cyflashprotect
                0x90400000      0x100 .\CortexM3\ARM_GCC_541\Debug\cymetadata.o
                0x90400000                cy_meta_flashprotect

.cymeta         0x90500000        0xc
 *(.cymeta)
 .cymeta        0x90500000        0xc .\CortexM3\ARM_GCC_541\Debug\cymetadata.o
                0x90500000                cy_metadata

.rel.dyn        0x00003498        0x0 load address 0x9050000c
 .rel.iplt      0x00003498        0x0 c:/program files (x86)/cypress/psoc creator/4.4/psoc creator/import/gnu/arm/5.4.1/bin/../lib/gcc/arm-none-eabi/5.4.1/armv7-m/crtbegin.o

.stab
 *(.stab)

.stabstr
 *(.stabstr)

.debug
 *(.debug)

.line
 *(.line)

.debug_srcinfo
 *(.debug_srcinfo)

.debug_sfnames
 *(.debug_sfnames)

.debug_aranges  0x00000000     0x1080
 *(.debug_aranges)
 .debug_aranges
                0x00000000       0x50 .\CortexM3\ARM_GCC_541\Debug\main.o
 .debug_aranges
                0x00000050       0x28 .\CortexM3\ARM_GCC_541\Debug\tacho.o
 .debug_aranges
                0x00000078       0x28 .\CortexM3\ARM_GCC_541\Debug\SENSORS_READ.o
 .debug_aranges
                0x000000a0       0x50 .\CortexM3\ARM_GCC_541\Debug\MOVEMENT.o
 .debug_aranges
                0x000000f0       0x60 .\CortexM3\ARM_GCC_541\Debug\cyfitter_cfg.o
 .debug_aranges
                0x00000150       0x18 .\CortexM3\ARM_GCC_541\Debug\cymetadata.o
 .debug_aranges
                0x00000168       0x48 .\CortexM3\ARM_GCC_541\Debug\Cm3Start.o
 .debug_aranges
                0x000001b0       0x88 .\CortexM3\ARM_GCC_541\Debug\CS301_Class.a(Timer_TS.o)
 .debug_aranges
                0x00000238       0xc8 .\CortexM3\ARM_GCC_541\Debug\CS301_Class.a(USBUART.o)
 .debug_aranges
                0x00000300       0xe8 .\CortexM3\ARM_GCC_541\Debug\CS301_Class.a(USBUART_cdc.o)
 .debug_aranges
                0x000003e8       0x98 .\CortexM3\ARM_GCC_541\Debug\CS301_Class.a(USBUART_drv.o)
 .debug_aranges
                0x00000480       0x40 .\CortexM3\ARM_GCC_541\Debug\CS301_Class.a(USBUART_episr.o)
 .debug_aranges
                0x000004c0       0x40 .\CortexM3\ARM_GCC_541\Debug\CS301_Class.a(USBUART_pm.o)
 .debug_aranges
                0x00000500       0x80 .\CortexM3\ARM_GCC_541\Debug\CS301_Class.a(USBUART_std.o)
 .debug_aranges
                0x00000580       0x20 .\CortexM3\ARM_GCC_541\Debug\CS301_Class.a(USBUART_vnd.o)
 .debug_aranges
                0x000005a0       0x48 .\CortexM3\ARM_GCC_541\Debug\CS301_Class.a(USBUART_Dp.o)
 .debug_aranges
                0x000005e8      0x2a0 .\CortexM3\ARM_GCC_541\Debug\CS301_Class.a(CyLib.o)
 .debug_aranges
                0x00000888       0x98 .\CortexM3\ARM_GCC_541\Debug\CS301_Class.a(cyPm.o)
 .debug_aranges
                0x00000920       0x78 .\CortexM3\ARM_GCC_541\Debug\CS301_Class.a(PWM_1.o)
 .debug_aranges
                0x00000998       0x78 .\CortexM3\ARM_GCC_541\Debug\CS301_Class.a(PWM_2.o)
 .debug_aranges
                0x00000a10       0x60 .\CortexM3\ARM_GCC_541\Debug\CS301_Class.a(QuadDec_M1.o)
 .debug_aranges
                0x00000a70       0x60 .\CortexM3\ARM_GCC_541\Debug\CS301_Class.a(QuadDec_M2.o)
 .debug_aranges
                0x00000ad0       0x98 .\CortexM3\ARM_GCC_541\Debug\CS301_Class.a(QuadDec_M1_Cnt16.o)
 .debug_aranges
                0x00000b68       0x98 .\CortexM3\ARM_GCC_541\Debug\CS301_Class.a(QuadDec_M2_Cnt16.o)
 .debug_aranges
                0x00000c00       0x80 .\CortexM3\ARM_GCC_541\Debug\CS301_Class.a(isr_1.o)
 .debug_aranges
                0x00000c80       0x38 .\CortexM3\ARM_GCC_541\Debug\CS301_Class.a(Output_1.o)
 .debug_aranges
                0x00000cb8       0x38 .\CortexM3\ARM_GCC_541\Debug\CS301_Class.a(Output_2.o)
 .debug_aranges
                0x00000cf0       0x38 .\CortexM3\ARM_GCC_541\Debug\CS301_Class.a(Output_3.o)
 .debug_aranges
                0x00000d28       0x38 .\CortexM3\ARM_GCC_541\Debug\CS301_Class.a(Output_4.o)
 .debug_aranges
                0x00000d60       0x38 .\CortexM3\ARM_GCC_541\Debug\CS301_Class.a(Output_5.o)
 .debug_aranges
                0x00000d98       0x38 .\CortexM3\ARM_GCC_541\Debug\CS301_Class.a(Output_6.o)
 .debug_aranges
                0x00000dd0       0x38 .\CortexM3\ARM_GCC_541\Debug\CS301_Class.a(LED1.o)
 .debug_aranges
                0x00000e08       0x38 .\CortexM3\ARM_GCC_541\Debug\CS301_Class.a(LED2.o)
 .debug_aranges
                0x00000e40       0x38 .\CortexM3\ARM_GCC_541\Debug\CS301_Class.a(LED3.o)
 .debug_aranges
                0x00000e78       0x38 .\CortexM3\ARM_GCC_541\Debug\CS301_Class.a(LED4.o)
 .debug_aranges
                0x00000eb0       0x38 .\CortexM3\ARM_GCC_541\Debug\CS301_Class.a(LED5.o)
 .debug_aranges
                0x00000ee8       0x38 .\CortexM3\ARM_GCC_541\Debug\CS301_Class.a(LED6.o)
 .debug_aranges
                0x00000f20       0x20 .\CortexM3\ARM_GCC_541\Debug\CS301_Class.a(CyBootAsmGnu.o)
 .debug_aranges
                0x00000f40       0x20 .\CortexM3\ARM_GCC_541\Debug\CS301_Class.a(USBUART_cls.o)
 .debug_aranges
                0x00000f60       0x18 .\CortexM3\ARM_GCC_541\Debug\CS301_Class.a(USBUART_descr.o)
 .debug_aranges
                0x00000f78       0x88 .\CortexM3\ARM_GCC_541\Debug\CS301_Class.a(CyFlash.o)
 .debug_aranges
                0x00001000       0x80 .\CortexM3\ARM_GCC_541\Debug\CS301_Class.a(CySpc.o)

.debug_pubnames
 *(.debug_pubnames)

.debug_info     0x00000000     0x7bdc
 *(.debug_info .gnu.linkonce.wi.*)
 .debug_info    0x00000000      0x6af .\CortexM3\ARM_GCC_541\Debug\main.o
 .debug_info    0x000006af      0x14e .\CortexM3\ARM_GCC_541\Debug\tacho.o
 .debug_info    0x000007fd      0x229 .\CortexM3\ARM_GCC_541\Debug\SENSORS_READ.o
 .debug_info    0x00000a26      0x2fc .\CortexM3\ARM_GCC_541\Debug\MOVEMENT.o
 .debug_info    0x00000d22      0x3ab .\CortexM3\ARM_GCC_541\Debug\cyfitter_cfg.o
 .debug_info    0x000010cd      0x139 .\CortexM3\ARM_GCC_541\Debug\cymetadata.o
 .debug_info    0x00001206      0x32b .\CortexM3\ARM_GCC_541\Debug\Cm3Start.o
 .debug_info    0x00001531      0x245 .\CortexM3\ARM_GCC_541\Debug\CS301_Class.a(Timer_TS.o)
 .debug_info    0x00001776      0x717 .\CortexM3\ARM_GCC_541\Debug\CS301_Class.a(USBUART.o)
 .debug_info    0x00001e8d      0x924 .\CortexM3\ARM_GCC_541\Debug\CS301_Class.a(USBUART_cdc.o)
 .debug_info    0x000027b1      0x52d .\CortexM3\ARM_GCC_541\Debug\CS301_Class.a(USBUART_drv.o)
 .debug_info    0x00002cde      0x23b .\CortexM3\ARM_GCC_541\Debug\CS301_Class.a(USBUART_episr.o)
 .debug_info    0x00002f19      0x18d .\CortexM3\ARM_GCC_541\Debug\CS301_Class.a(USBUART_pm.o)
 .debug_info    0x000030a6      0x961 .\CortexM3\ARM_GCC_541\Debug\CS301_Class.a(USBUART_std.o)
 .debug_info    0x00003a07      0x1a9 .\CortexM3\ARM_GCC_541\Debug\CS301_Class.a(USBUART_vnd.o)
 .debug_info    0x00003bb0      0x171 .\CortexM3\ARM_GCC_541\Debug\CS301_Class.a(USBUART_Dp.o)
 .debug_info    0x00003d21      0xe51 .\CortexM3\ARM_GCC_541\Debug\CS301_Class.a(CyLib.o)
 .debug_info    0x00004b72      0x57a .\CortexM3\ARM_GCC_541\Debug\CS301_Class.a(cyPm.o)
 .debug_info    0x000050ec      0x235 .\CortexM3\ARM_GCC_541\Debug\CS301_Class.a(PWM_1.o)
 .debug_info    0x00005321      0x235 .\CortexM3\ARM_GCC_541\Debug\CS301_Class.a(PWM_2.o)
 .debug_info    0x00005556      0x208 .\CortexM3\ARM_GCC_541\Debug\CS301_Class.a(QuadDec_M1.o)
 .debug_info    0x0000575e      0x208 .\CortexM3\ARM_GCC_541\Debug\CS301_Class.a(QuadDec_M2.o)
 .debug_info    0x00005966      0x291 .\CortexM3\ARM_GCC_541\Debug\CS301_Class.a(QuadDec_M1_Cnt16.o)
 .debug_info    0x00005bf7      0x291 .\CortexM3\ARM_GCC_541\Debug\CS301_Class.a(QuadDec_M2_Cnt16.o)
 .debug_info    0x00005e88      0x241 .\CortexM3\ARM_GCC_541\Debug\CS301_Class.a(isr_1.o)
 .debug_info    0x000060c9      0x11e .\CortexM3\ARM_GCC_541\Debug\CS301_Class.a(Output_1.o)
 .debug_info    0x000061e7      0x11e .\CortexM3\ARM_GCC_541\Debug\CS301_Class.a(Output_2.o)
 .debug_info    0x00006305      0x11e .\CortexM3\ARM_GCC_541\Debug\CS301_Class.a(Output_3.o)
 .debug_info    0x00006423      0x11e .\CortexM3\ARM_GCC_541\Debug\CS301_Class.a(Output_4.o)
 .debug_info    0x00006541      0x11e .\CortexM3\ARM_GCC_541\Debug\CS301_Class.a(Output_5.o)
 .debug_info    0x0000665f      0x11e .\CortexM3\ARM_GCC_541\Debug\CS301_Class.a(Output_6.o)
 .debug_info    0x0000677d      0x11e .\CortexM3\ARM_GCC_541\Debug\CS301_Class.a(LED1.o)
 .debug_info    0x0000689b      0x11e .\CortexM3\ARM_GCC_541\Debug\CS301_Class.a(LED2.o)
 .debug_info    0x000069b9      0x11e .\CortexM3\ARM_GCC_541\Debug\CS301_Class.a(LED3.o)
 .debug_info    0x00006ad7      0x11e .\CortexM3\ARM_GCC_541\Debug\CS301_Class.a(LED4.o)
 .debug_info    0x00006bf5      0x11e .\CortexM3\ARM_GCC_541\Debug\CS301_Class.a(LED5.o)
 .debug_info    0x00006d13      0x11e .\CortexM3\ARM_GCC_541\Debug\CS301_Class.a(LED6.o)
 .debug_info    0x00006e31       0x89 .\CortexM3\ARM_GCC_541\Debug\CS301_Class.a(CyBootAsmGnu.o)
 .debug_info    0x00006eba      0x1c8 .\CortexM3\ARM_GCC_541\Debug\CS301_Class.a(USBUART_cls.o)
 .debug_info    0x00007082      0x2e1 .\CortexM3\ARM_GCC_541\Debug\CS301_Class.a(USBUART_descr.o)
 .debug_info    0x00007363      0x3b9 .\CortexM3\ARM_GCC_541\Debug\CS301_Class.a(CyFlash.o)
 .debug_info    0x0000771c      0x4c0 .\CortexM3\ARM_GCC_541\Debug\CS301_Class.a(CySpc.o)

.debug_abbrev   0x00000000     0x2a3d
 *(.debug_abbrev)
 .debug_abbrev  0x00000000      0x16b .\CortexM3\ARM_GCC_541\Debug\main.o
 .debug_abbrev  0x0000016b       0x96 .\CortexM3\ARM_GCC_541\Debug\tacho.o
 .debug_abbrev  0x00000201       0xdd .\CortexM3\ARM_GCC_541\Debug\SENSORS_READ.o
 .debug_abbrev  0x000002de      0x14e .\CortexM3\ARM_GCC_541\Debug\MOVEMENT.o
 .debug_abbrev  0x0000042c      0x19d .\CortexM3\ARM_GCC_541\Debug\cyfitter_cfg.o
 .debug_abbrev  0x000005c9       0x77 .\CortexM3\ARM_GCC_541\Debug\cymetadata.o
 .debug_abbrev  0x00000640      0x1d6 .\CortexM3\ARM_GCC_541\Debug\Cm3Start.o
 .debug_abbrev  0x00000816       0xe9 .\CortexM3\ARM_GCC_541\Debug\CS301_Class.a(Timer_TS.o)
 .debug_abbrev  0x000008ff      0x1f3 .\CortexM3\ARM_GCC_541\Debug\CS301_Class.a(USBUART.o)
 .debug_abbrev  0x00000af2      0x233 .\CortexM3\ARM_GCC_541\Debug\CS301_Class.a(USBUART_cdc.o)
 .debug_abbrev  0x00000d25      0x161 .\CortexM3\ARM_GCC_541\Debug\CS301_Class.a(USBUART_drv.o)
 .debug_abbrev  0x00000e86       0xfd .\CortexM3\ARM_GCC_541\Debug\CS301_Class.a(USBUART_episr.o)
 .debug_abbrev  0x00000f83       0xd1 .\CortexM3\ARM_GCC_541\Debug\CS301_Class.a(USBUART_pm.o)
 .debug_abbrev  0x00001054      0x1c2 .\CortexM3\ARM_GCC_541\Debug\CS301_Class.a(USBUART_std.o)
 .debug_abbrev  0x00001216       0xc5 .\CortexM3\ARM_GCC_541\Debug\CS301_Class.a(USBUART_vnd.o)
 .debug_abbrev  0x000012db       0x90 .\CortexM3\ARM_GCC_541\Debug\CS301_Class.a(USBUART_Dp.o)
 .debug_abbrev  0x0000136b      0x217 .\CortexM3\ARM_GCC_541\Debug\CS301_Class.a(CyLib.o)
 .debug_abbrev  0x00001582      0x161 .\CortexM3\ARM_GCC_541\Debug\CS301_Class.a(cyPm.o)
 .debug_abbrev  0x000016e3      0x116 .\CortexM3\ARM_GCC_541\Debug\CS301_Class.a(PWM_1.o)
 .debug_abbrev  0x000017f9      0x116 .\CortexM3\ARM_GCC_541\Debug\CS301_Class.a(PWM_2.o)
 .debug_abbrev  0x0000190f      0x130 .\CortexM3\ARM_GCC_541\Debug\CS301_Class.a(QuadDec_M1.o)
 .debug_abbrev  0x00001a3f      0x130 .\CortexM3\ARM_GCC_541\Debug\CS301_Class.a(QuadDec_M2.o)
 .debug_abbrev  0x00001b6f      0x12c .\CortexM3\ARM_GCC_541\Debug\CS301_Class.a(QuadDec_M1_Cnt16.o)
 .debug_abbrev  0x00001c9b      0x12c .\CortexM3\ARM_GCC_541\Debug\CS301_Class.a(QuadDec_M2_Cnt16.o)
 .debug_abbrev  0x00001dc7      0x172 .\CortexM3\ARM_GCC_541\Debug\CS301_Class.a(isr_1.o)
 .debug_abbrev  0x00001f39       0x90 .\CortexM3\ARM_GCC_541\Debug\CS301_Class.a(Output_1.o)
 .debug_abbrev  0x00001fc9       0x90 .\CortexM3\ARM_GCC_541\Debug\CS301_Class.a(Output_2.o)
 .debug_abbrev  0x00002059       0x90 .\CortexM3\ARM_GCC_541\Debug\CS301_Class.a(Output_3.o)
 .debug_abbrev  0x000020e9       0x90 .\CortexM3\ARM_GCC_541\Debug\CS301_Class.a(Output_4.o)
 .debug_abbrev  0x00002179       0x90 .\CortexM3\ARM_GCC_541\Debug\CS301_Class.a(Output_5.o)
 .debug_abbrev  0x00002209       0x90 .\CortexM3\ARM_GCC_541\Debug\CS301_Class.a(Output_6.o)
 .debug_abbrev  0x00002299       0x90 .\CortexM3\ARM_GCC_541\Debug\CS301_Class.a(LED1.o)
 .debug_abbrev  0x00002329       0x90 .\CortexM3\ARM_GCC_541\Debug\CS301_Class.a(LED2.o)
 .debug_abbrev  0x000023b9       0x90 .\CortexM3\ARM_GCC_541\Debug\CS301_Class.a(LED3.o)
 .debug_abbrev  0x00002449       0x90 .\CortexM3\ARM_GCC_541\Debug\CS301_Class.a(LED4.o)
 .debug_abbrev  0x000024d9       0x90 .\CortexM3\ARM_GCC_541\Debug\CS301_Class.a(LED5.o)
 .debug_abbrev  0x00002569       0x90 .\CortexM3\ARM_GCC_541\Debug\CS301_Class.a(LED6.o)
 .debug_abbrev  0x000025f9       0x14 .\CortexM3\ARM_GCC_541\Debug\CS301_Class.a(CyBootAsmGnu.o)
 .debug_abbrev  0x0000260d       0xc5 .\CortexM3\ARM_GCC_541\Debug\CS301_Class.a(USBUART_cls.o)
 .debug_abbrev  0x000026d2       0xb4 .\CortexM3\ARM_GCC_541\Debug\CS301_Class.a(USBUART_descr.o)
 .debug_abbrev  0x00002786      0x14b .\CortexM3\ARM_GCC_541\Debug\CS301_Class.a(CyFlash.o)
 .debug_abbrev  0x000028d1      0x16c .\CortexM3\ARM_GCC_541\Debug\CS301_Class.a(CySpc.o)

.debug_line     0x00000000     0x402e
 *(.debug_line)
 .debug_line    0x00000000      0x245 .\CortexM3\ARM_GCC_541\Debug\main.o
 .debug_line    0x00000245      0x183 .\CortexM3\ARM_GCC_541\Debug\tacho.o
 .debug_line    0x000003c8      0x1b4 .\CortexM3\ARM_GCC_541\Debug\SENSORS_READ.o
 .debug_line    0x0000057c      0x2a1 .\CortexM3\ARM_GCC_541\Debug\MOVEMENT.o
 .debug_line    0x0000081d      0x1f7 .\CortexM3\ARM_GCC_541\Debug\cyfitter_cfg.o
 .debug_line    0x00000a14      0x141 .\CortexM3\ARM_GCC_541\Debug\cymetadata.o
 .debug_line    0x00000b55      0x1dc .\CortexM3\ARM_GCC_541\Debug\Cm3Start.o
 .debug_line    0x00000d31      0x160 .\CortexM3\ARM_GCC_541\Debug\CS301_Class.a(Timer_TS.o)
 .debug_line    0x00000e91      0x307 .\CortexM3\ARM_GCC_541\Debug\CS301_Class.a(USBUART.o)
 .debug_line    0x00001198      0x30c .\CortexM3\ARM_GCC_541\Debug\CS301_Class.a(USBUART_cdc.o)
 .debug_line    0x000014a4      0x21f .\CortexM3\ARM_GCC_541\Debug\CS301_Class.a(USBUART_drv.o)
 .debug_line    0x000016c3       0xf2 .\CortexM3\ARM_GCC_541\Debug\CS301_Class.a(USBUART_episr.o)
 .debug_line    0x000017b5       0xe6 .\CortexM3\ARM_GCC_541\Debug\CS301_Class.a(USBUART_pm.o)
 .debug_line    0x0000189b      0x470 .\CortexM3\ARM_GCC_541\Debug\CS301_Class.a(USBUART_std.o)
 .debug_line    0x00001d0b       0x8f .\CortexM3\ARM_GCC_541\Debug\CS301_Class.a(USBUART_vnd.o)
 .debug_line    0x00001d9a       0xbf .\CortexM3\ARM_GCC_541\Debug\CS301_Class.a(USBUART_Dp.o)
 .debug_line    0x00001e59      0x883 .\CortexM3\ARM_GCC_541\Debug\CS301_Class.a(CyLib.o)
 .debug_line    0x000026dc      0x38e .\CortexM3\ARM_GCC_541\Debug\CS301_Class.a(cyPm.o)
 .debug_line    0x00002a6a      0x140 .\CortexM3\ARM_GCC_541\Debug\CS301_Class.a(PWM_1.o)
 .debug_line    0x00002baa      0x140 .\CortexM3\ARM_GCC_541\Debug\CS301_Class.a(PWM_2.o)
 .debug_line    0x00002cea      0x10a .\CortexM3\ARM_GCC_541\Debug\CS301_Class.a(QuadDec_M1.o)
 .debug_line    0x00002df4      0x10a .\CortexM3\ARM_GCC_541\Debug\CS301_Class.a(QuadDec_M2.o)
 .debug_line    0x00002efe      0x18e .\CortexM3\ARM_GCC_541\Debug\CS301_Class.a(QuadDec_M1_Cnt16.o)
 .debug_line    0x0000308c      0x18e .\CortexM3\ARM_GCC_541\Debug\CS301_Class.a(QuadDec_M2_Cnt16.o)
 .debug_line    0x0000321a      0x150 .\CortexM3\ARM_GCC_541\Debug\CS301_Class.a(isr_1.o)
 .debug_line    0x0000336a       0x98 .\CortexM3\ARM_GCC_541\Debug\CS301_Class.a(Output_1.o)
 .debug_line    0x00003402       0x98 .\CortexM3\ARM_GCC_541\Debug\CS301_Class.a(Output_2.o)
 .debug_line    0x0000349a       0x98 .\CortexM3\ARM_GCC_541\Debug\CS301_Class.a(Output_3.o)
 .debug_line    0x00003532       0x98 .\CortexM3\ARM_GCC_541\Debug\CS301_Class.a(Output_4.o)
 .debug_line    0x000035ca       0x98 .\CortexM3\ARM_GCC_541\Debug\CS301_Class.a(Output_5.o)
 .debug_line    0x00003662       0x98 .\CortexM3\ARM_GCC_541\Debug\CS301_Class.a(Output_6.o)
 .debug_line    0x000036fa       0x94 .\CortexM3\ARM_GCC_541\Debug\CS301_Class.a(LED1.o)
 .debug_line    0x0000378e       0x94 .\CortexM3\ARM_GCC_541\Debug\CS301_Class.a(LED2.o)
 .debug_line    0x00003822       0x94 .\CortexM3\ARM_GCC_541\Debug\CS301_Class.a(LED3.o)
 .debug_line    0x000038b6       0x94 .\CortexM3\ARM_GCC_541\Debug\CS301_Class.a(LED4.o)
 .debug_line    0x0000394a       0x94 .\CortexM3\ARM_GCC_541\Debug\CS301_Class.a(LED5.o)
 .debug_line    0x000039de       0x94 .\CortexM3\ARM_GCC_541\Debug\CS301_Class.a(LED6.o)
 .debug_line    0x00003a72       0x66 .\CortexM3\ARM_GCC_541\Debug\CS301_Class.a(CyBootAsmGnu.o)
 .debug_line    0x00003ad8       0x95 .\CortexM3\ARM_GCC_541\Debug\CS301_Class.a(USBUART_cls.o)
 .debug_line    0x00003b6d       0x61 .\CortexM3\ARM_GCC_541\Debug\CS301_Class.a(USBUART_descr.o)
 .debug_line    0x00003bce      0x22f .\CortexM3\ARM_GCC_541\Debug\CS301_Class.a(CyFlash.o)
 .debug_line    0x00003dfd      0x231 .\CortexM3\ARM_GCC_541\Debug\CS301_Class.a(CySpc.o)

.debug_frame    0x00000000     0x3e3c
 *(.debug_frame)
 .debug_frame   0x00000000      0x11c .\CortexM3\ARM_GCC_541\Debug\main.o
 .debug_frame   0x0000011c       0x60 .\CortexM3\ARM_GCC_541\Debug\tacho.o
 .debug_frame   0x0000017c       0x60 .\CortexM3\ARM_GCC_541\Debug\SENSORS_READ.o
 .debug_frame   0x000001dc      0x11c .\CortexM3\ARM_GCC_541\Debug\MOVEMENT.o
 .debug_frame   0x000002f8      0x16c .\CortexM3\ARM_GCC_541\Debug\cyfitter_cfg.o
 .debug_frame   0x00000464       0xd8 .\CortexM3\ARM_GCC_541\Debug\Cm3Start.o
 .debug_frame   0x0000053c      0x208 .\CortexM3\ARM_GCC_541\Debug\CS301_Class.a(Timer_TS.o)
 .debug_frame   0x00000744      0x37c .\CortexM3\ARM_GCC_541\Debug\CS301_Class.a(USBUART.o)
 .debug_frame   0x00000ac0      0x3ec .\CortexM3\ARM_GCC_541\Debug\CS301_Class.a(USBUART_cdc.o)
 .debug_frame   0x00000eac      0x23c .\CortexM3\ARM_GCC_541\Debug\CS301_Class.a(USBUART_drv.o)
 .debug_frame   0x000010e8       0xbc .\CortexM3\ARM_GCC_541\Debug\CS301_Class.a(USBUART_episr.o)
 .debug_frame   0x000011a4       0xbc .\CortexM3\ARM_GCC_541\Debug\CS301_Class.a(USBUART_pm.o)
 .debug_frame   0x00001260      0x224 .\CortexM3\ARM_GCC_541\Debug\CS301_Class.a(USBUART_std.o)
 .debug_frame   0x00001484       0x38 .\CortexM3\ARM_GCC_541\Debug\CS301_Class.a(USBUART_vnd.o)
 .debug_frame   0x000014bc       0xf4 .\CortexM3\ARM_GCC_541\Debug\CS301_Class.a(USBUART_Dp.o)
 .debug_frame   0x000015b0      0xc0c .\CortexM3\ARM_GCC_541\Debug\CS301_Class.a(CyLib.o)
 .debug_frame   0x000021bc      0x234 .\CortexM3\ARM_GCC_541\Debug\CS301_Class.a(cyPm.o)
 .debug_frame   0x000023f0      0x1d0 .\CortexM3\ARM_GCC_541\Debug\CS301_Class.a(PWM_1.o)
 .debug_frame   0x000025c0      0x1d0 .\CortexM3\ARM_GCC_541\Debug\CS301_Class.a(PWM_2.o)
 .debug_frame   0x00002790      0x160 .\CortexM3\ARM_GCC_541\Debug\CS301_Class.a(QuadDec_M1.o)
 .debug_frame   0x000028f0      0x160 .\CortexM3\ARM_GCC_541\Debug\CS301_Class.a(QuadDec_M2.o)
 .debug_frame   0x00002a50      0x258 .\CortexM3\ARM_GCC_541\Debug\CS301_Class.a(QuadDec_M1_Cnt16.o)
 .debug_frame   0x00002ca8      0x258 .\CortexM3\ARM_GCC_541\Debug\CS301_Class.a(QuadDec_M2_Cnt16.o)
 .debug_frame   0x00002f00      0x1e8 .\CortexM3\ARM_GCC_541\Debug\CS301_Class.a(isr_1.o)
 .debug_frame   0x000030e8       0xa8 .\CortexM3\ARM_GCC_541\Debug\CS301_Class.a(Output_1.o)
 .debug_frame   0x00003190       0xa8 .\CortexM3\ARM_GCC_541\Debug\CS301_Class.a(Output_2.o)
 .debug_frame   0x00003238       0xa8 .\CortexM3\ARM_GCC_541\Debug\CS301_Class.a(Output_3.o)
 .debug_frame   0x000032e0       0xa8 .\CortexM3\ARM_GCC_541\Debug\CS301_Class.a(Output_4.o)
 .debug_frame   0x00003388       0xa8 .\CortexM3\ARM_GCC_541\Debug\CS301_Class.a(Output_5.o)
 .debug_frame   0x00003430       0xa8 .\CortexM3\ARM_GCC_541\Debug\CS301_Class.a(Output_6.o)
 .debug_frame   0x000034d8       0xa8 .\CortexM3\ARM_GCC_541\Debug\CS301_Class.a(LED1.o)
 .debug_frame   0x00003580       0xa8 .\CortexM3\ARM_GCC_541\Debug\CS301_Class.a(LED2.o)
 .debug_frame   0x00003628       0xa8 .\CortexM3\ARM_GCC_541\Debug\CS301_Class.a(LED3.o)
 .debug_frame   0x000036d0       0xa8 .\CortexM3\ARM_GCC_541\Debug\CS301_Class.a(LED4.o)
 .debug_frame   0x00003778       0xa8 .\CortexM3\ARM_GCC_541\Debug\CS301_Class.a(LED5.o)
 .debug_frame   0x00003820       0xa8 .\CortexM3\ARM_GCC_541\Debug\CS301_Class.a(LED6.o)
 .debug_frame   0x000038c8       0x38 .\CortexM3\ARM_GCC_541\Debug\CS301_Class.a(USBUART_cls.o)
 .debug_frame   0x00003900      0x238 .\CortexM3\ARM_GCC_541\Debug\CS301_Class.a(CyFlash.o)
 .debug_frame   0x00003b38      0x228 .\CortexM3\ARM_GCC_541\Debug\CS301_Class.a(CySpc.o)
 .debug_frame   0x00003d60       0x20 c:/program files (x86)/cypress/psoc creator/4.4/psoc creator/import/gnu/arm/5.4.1/bin/../lib/gcc/arm-none-eabi/5.4.1/../../../../arm-none-eabi/lib/armv7-m\libg_nano.a(lib_a-errno.o)
 .debug_frame   0x00003d80       0x28 c:/program files (x86)/cypress/psoc creator/4.4/psoc creator/import/gnu/arm/5.4.1/bin/../lib/gcc/arm-none-eabi/5.4.1/../../../../arm-none-eabi/lib/armv7-m\libg_nano.a(lib_a-exit.o)
 .debug_frame   0x00003da8       0x2c c:/program files (x86)/cypress/psoc creator/4.4/psoc creator/import/gnu/arm/5.4.1/bin/../lib/gcc/arm-none-eabi/5.4.1/../../../../arm-none-eabi/lib/armv7-m\libg_nano.a(lib_a-init.o)
 .debug_frame   0x00003dd4       0x28 c:/program files (x86)/cypress/psoc creator/4.4/psoc creator/import/gnu/arm/5.4.1/bin/../lib/gcc/arm-none-eabi/5.4.1/../../../../arm-none-eabi/lib/armv7-m\libg_nano.a(lib_a-memcpy-stub.o)
 .debug_frame   0x00003dfc       0x20 c:/program files (x86)/cypress/psoc creator/4.4/psoc creator/import/gnu/arm/5.4.1/bin/../lib/gcc/arm-none-eabi/5.4.1/../../../../arm-none-eabi/lib/armv7-m\libg_nano.a(lib_a-memset.o)
 .debug_frame   0x00003e1c       0x20 c:/program files (x86)/cypress/psoc creator/4.4/psoc creator/import/gnu/arm/5.4.1/bin/../lib/gcc/arm-none-eabi/5.4.1/../../../../arm-none-eabi/lib/armv7-m\libg_nano.a(lib_a-strcpy.o)

.debug_str      0x00000000     0x390c
 *(.debug_str)
 .debug_str     0x00000000      0x55b .\CortexM3\ARM_GCC_541\Debug\main.o
                                0x5e0 (size before relaxing)
 .debug_str     0x0000055b       0x37 .\CortexM3\ARM_GCC_541\Debug\tacho.o
                                0x1d0 (size before relaxing)
 .debug_str     0x00000592       0x9f .\CortexM3\ARM_GCC_541\Debug\SENSORS_READ.o
                                0x29b (size before relaxing)
 .debug_str     0x00000631       0xaa .\CortexM3\ARM_GCC_541\Debug\MOVEMENT.o
                                0x2f4 (size before relaxing)
 .debug_str     0x000006db      0x16e .\CortexM3\ARM_GCC_541\Debug\cyfitter_cfg.o
                                0x302 (size before relaxing)
 .debug_str     0x00000849       0x75 .\CortexM3\ARM_GCC_541\Debug\cymetadata.o
                                0x1dd (size before relaxing)
 .debug_str     0x000008be      0x11d .\CortexM3\ARM_GCC_541\Debug\Cm3Start.o
                                0x2d0 (size before relaxing)
 .debug_str     0x000009db      0x192 .\CortexM3\ARM_GCC_541\Debug\CS301_Class.a(Timer_TS.o)
                                0x31e (size before relaxing)
 .debug_str     0x00000b6d      0x42f .\CortexM3\ARM_GCC_541\Debug\CS301_Class.a(USBUART.o)
                                0x5e4 (size before relaxing)
 .debug_str     0x00000f9c      0x4d2 .\CortexM3\ARM_GCC_541\Debug\CS301_Class.a(USBUART_cdc.o)
                                0x713 (size before relaxing)
 .debug_str     0x0000146e      0x296 .\CortexM3\ARM_GCC_541\Debug\CS301_Class.a(USBUART_drv.o)
                                0x5f3 (size before relaxing)
 .debug_str     0x00001704       0x80 .\CortexM3\ARM_GCC_541\Debug\CS301_Class.a(USBUART_episr.o)
                                0x2c0 (size before relaxing)
 .debug_str     0x00001784       0xac .\CortexM3\ARM_GCC_541\Debug\CS301_Class.a(USBUART_pm.o)
                                0x264 (size before relaxing)
 .debug_str     0x00001830      0x2bb .\CortexM3\ARM_GCC_541\Debug\CS301_Class.a(USBUART_std.o)
                                0x753 (size before relaxing)
 .debug_str     0x00001aeb       0x5f .\CortexM3\ARM_GCC_541\Debug\CS301_Class.a(USBUART_vnd.o)
                                0x270 (size before relaxing)
 .debug_str     0x00001b4a       0xb5 .\CortexM3\ARM_GCC_541\Debug\CS301_Class.a(USBUART_Dp.o)
                                0x23a (size before relaxing)
 .debug_str     0x00001bff      0x7e9 .\CortexM3\ARM_GCC_541\Debug\CS301_Class.a(CyLib.o)
                                0x9e3 (size before relaxing)
 .debug_str     0x000023e8      0x371 .\CortexM3\ARM_GCC_541\Debug\CS301_Class.a(cyPm.o)
                                0x53c (size before relaxing)
 .debug_str     0x00002759      0x116 .\CortexM3\ARM_GCC_541\Debug\CS301_Class.a(PWM_1.o)
                                0x2c6 (size before relaxing)
 .debug_str     0x0000286f      0x109 .\CortexM3\ARM_GCC_541\Debug\CS301_Class.a(PWM_2.o)
                                0x2c6 (size before relaxing)
 .debug_str     0x00002978       0xfa .\CortexM3\ARM_GCC_541\Debug\CS301_Class.a(QuadDec_M1.o)
                                0x2ae (size before relaxing)
 .debug_str     0x00002a72       0xf3 .\CortexM3\ARM_GCC_541\Debug\CS301_Class.a(QuadDec_M2.o)
                                0x2ae (size before relaxing)
 .debug_str     0x00002b65      0x245 .\CortexM3\ARM_GCC_541\Debug\CS301_Class.a(QuadDec_M1_Cnt16.o)
                                0x3f5 (size before relaxing)
 .debug_str     0x00002daa      0x236 .\CortexM3\ARM_GCC_541\Debug\CS301_Class.a(QuadDec_M2_Cnt16.o)
                                0x3f5 (size before relaxing)
 .debug_str     0x00002fe0       0xe6 .\CortexM3\ARM_GCC_541\Debug\CS301_Class.a(isr_1.o)
                                0x29f (size before relaxing)
 .debug_str     0x000030c6       0x6a .\CortexM3\ARM_GCC_541\Debug\CS301_Class.a(Output_1.o)
                                0x1ea (size before relaxing)
 .debug_str     0x00003130       0x6a .\CortexM3\ARM_GCC_541\Debug\CS301_Class.a(Output_2.o)
                                0x1ea (size before relaxing)
 .debug_str     0x0000319a       0x6a .\CortexM3\ARM_GCC_541\Debug\CS301_Class.a(Output_3.o)
                                0x1ea (size before relaxing)
 .debug_str     0x00003204       0x6a .\CortexM3\ARM_GCC_541\Debug\CS301_Class.a(Output_4.o)
                                0x1ea (size before relaxing)
 .debug_str     0x0000326e       0x6a .\CortexM3\ARM_GCC_541\Debug\CS301_Class.a(Output_5.o)
                                0x1ea (size before relaxing)
 .debug_str     0x000032d8       0x6a .\CortexM3\ARM_GCC_541\Debug\CS301_Class.a(Output_6.o)
                                0x1ea (size before relaxing)
 .debug_str     0x00003342       0x56 .\CortexM3\ARM_GCC_541\Debug\CS301_Class.a(LED1.o)
                                0x1d6 (size before relaxing)
 .debug_str     0x00003398       0x56 .\CortexM3\ARM_GCC_541\Debug\CS301_Class.a(LED2.o)
                                0x1d6 (size before relaxing)
 .debug_str     0x000033ee       0x56 .\CortexM3\ARM_GCC_541\Debug\CS301_Class.a(LED3.o)
                                0x1d6 (size before relaxing)
 .debug_str     0x00003444       0x56 .\CortexM3\ARM_GCC_541\Debug\CS301_Class.a(LED4.o)
                                0x1d6 (size before relaxing)
 .debug_str     0x0000349a       0x56 .\CortexM3\ARM_GCC_541\Debug\CS301_Class.a(LED5.o)
                                0x1d6 (size before relaxing)
 .debug_str     0x000034f0       0x56 .\CortexM3\ARM_GCC_541\Debug\CS301_Class.a(LED6.o)
                                0x1d6 (size before relaxing)
 .debug_str     0x00003546       0x3f .\CortexM3\ARM_GCC_541\Debug\CS301_Class.a(USBUART_cls.o)
                                0x288 (size before relaxing)
 .debug_str     0x00003585      0x104 .\CortexM3\ARM_GCC_541\Debug\CS301_Class.a(USBUART_descr.o)
                                0x38b (size before relaxing)
 .debug_str     0x00003689      0x156 .\CortexM3\ARM_GCC_541\Debug\CS301_Class.a(CyFlash.o)
                                0x300 (size before relaxing)
 .debug_str     0x000037df      0x12d .\CortexM3\ARM_GCC_541\Debug\CS301_Class.a(CySpc.o)
                                0x2fa (size before relaxing)

.debug_loc
 *(.debug_loc)

.debug_macinfo
 *(.debug_macinfo)

.debug_ranges   0x00000000      0xdc0
 *(.debug_ranges)
 .debug_ranges  0x00000000       0x40 .\CortexM3\ARM_GCC_541\Debug\main.o
 .debug_ranges  0x00000040       0x18 .\CortexM3\ARM_GCC_541\Debug\tacho.o
 .debug_ranges  0x00000058       0x18 .\CortexM3\ARM_GCC_541\Debug\SENSORS_READ.o
 .debug_ranges  0x00000070       0x40 .\CortexM3\ARM_GCC_541\Debug\MOVEMENT.o
 .debug_ranges  0x000000b0       0x50 .\CortexM3\ARM_GCC_541\Debug\cyfitter_cfg.o
 .debug_ranges  0x00000100       0x38 .\CortexM3\ARM_GCC_541\Debug\Cm3Start.o
 .debug_ranges  0x00000138       0x78 .\CortexM3\ARM_GCC_541\Debug\CS301_Class.a(Timer_TS.o)
 .debug_ranges  0x000001b0       0xb8 .\CortexM3\ARM_GCC_541\Debug\CS301_Class.a(USBUART.o)
 .debug_ranges  0x00000268       0xd8 .\CortexM3\ARM_GCC_541\Debug\CS301_Class.a(USBUART_cdc.o)
 .debug_ranges  0x00000340       0x88 .\CortexM3\ARM_GCC_541\Debug\CS301_Class.a(USBUART_drv.o)
 .debug_ranges  0x000003c8       0x30 .\CortexM3\ARM_GCC_541\Debug\CS301_Class.a(USBUART_episr.o)
 .debug_ranges  0x000003f8       0x30 .\CortexM3\ARM_GCC_541\Debug\CS301_Class.a(USBUART_pm.o)
 .debug_ranges  0x00000428       0x70 .\CortexM3\ARM_GCC_541\Debug\CS301_Class.a(USBUART_std.o)
 .debug_ranges  0x00000498       0x10 .\CortexM3\ARM_GCC_541\Debug\CS301_Class.a(USBUART_vnd.o)
 .debug_ranges  0x000004a8       0x38 .\CortexM3\ARM_GCC_541\Debug\CS301_Class.a(USBUART_Dp.o)
 .debug_ranges  0x000004e0      0x290 .\CortexM3\ARM_GCC_541\Debug\CS301_Class.a(CyLib.o)
 .debug_ranges  0x00000770       0x88 .\CortexM3\ARM_GCC_541\Debug\CS301_Class.a(cyPm.o)
 .debug_ranges  0x000007f8       0x68 .\CortexM3\ARM_GCC_541\Debug\CS301_Class.a(PWM_1.o)
 .debug_ranges  0x00000860       0x68 .\CortexM3\ARM_GCC_541\Debug\CS301_Class.a(PWM_2.o)
 .debug_ranges  0x000008c8       0x50 .\CortexM3\ARM_GCC_541\Debug\CS301_Class.a(QuadDec_M1.o)
 .debug_ranges  0x00000918       0x50 .\CortexM3\ARM_GCC_541\Debug\CS301_Class.a(QuadDec_M2.o)
 .debug_ranges  0x00000968       0x88 .\CortexM3\ARM_GCC_541\Debug\CS301_Class.a(QuadDec_M1_Cnt16.o)
 .debug_ranges  0x000009f0       0x88 .\CortexM3\ARM_GCC_541\Debug\CS301_Class.a(QuadDec_M2_Cnt16.o)
 .debug_ranges  0x00000a78       0x70 .\CortexM3\ARM_GCC_541\Debug\CS301_Class.a(isr_1.o)
 .debug_ranges  0x00000ae8       0x28 .\CortexM3\ARM_GCC_541\Debug\CS301_Class.a(Output_1.o)
 .debug_ranges  0x00000b10       0x28 .\CortexM3\ARM_GCC_541\Debug\CS301_Class.a(Output_2.o)
 .debug_ranges  0x00000b38       0x28 .\CortexM3\ARM_GCC_541\Debug\CS301_Class.a(Output_3.o)
 .debug_ranges  0x00000b60       0x28 .\CortexM3\ARM_GCC_541\Debug\CS301_Class.a(Output_4.o)
 .debug_ranges  0x00000b88       0x28 .\CortexM3\ARM_GCC_541\Debug\CS301_Class.a(Output_5.o)
 .debug_ranges  0x00000bb0       0x28 .\CortexM3\ARM_GCC_541\Debug\CS301_Class.a(Output_6.o)
 .debug_ranges  0x00000bd8       0x28 .\CortexM3\ARM_GCC_541\Debug\CS301_Class.a(LED1.o)
 .debug_ranges  0x00000c00       0x28 .\CortexM3\ARM_GCC_541\Debug\CS301_Class.a(LED2.o)
 .debug_ranges  0x00000c28       0x28 .\CortexM3\ARM_GCC_541\Debug\CS301_Class.a(LED3.o)
 .debug_ranges  0x00000c50       0x28 .\CortexM3\ARM_GCC_541\Debug\CS301_Class.a(LED4.o)
 .debug_ranges  0x00000c78       0x28 .\CortexM3\ARM_GCC_541\Debug\CS301_Class.a(LED5.o)
 .debug_ranges  0x00000ca0       0x28 .\CortexM3\ARM_GCC_541\Debug\CS301_Class.a(LED6.o)
 .debug_ranges  0x00000cc8       0x10 .\CortexM3\ARM_GCC_541\Debug\CS301_Class.a(USBUART_cls.o)
 .debug_ranges  0x00000cd8       0x78 .\CortexM3\ARM_GCC_541\Debug\CS301_Class.a(CyFlash.o)
 .debug_ranges  0x00000d50       0x70 .\CortexM3\ARM_GCC_541\Debug\CS301_Class.a(CySpc.o)

.comment        0x00000000       0x6e
 .comment       0x00000000       0x6e .\CortexM3\ARM_GCC_541\Debug\main.o
                                 0x6f (size before relaxing)
 .comment       0x0000006e       0x6f .\CortexM3\ARM_GCC_541\Debug\tacho.o
 .comment       0x0000006e       0x6f .\CortexM3\ARM_GCC_541\Debug\SENSORS_READ.o
 .comment       0x0000006e       0x6f .\CortexM3\ARM_GCC_541\Debug\MOVEMENT.o
 .comment       0x0000006e       0x6f .\CortexM3\ARM_GCC_541\Debug\cyfitter_cfg.o
 .comment       0x0000006e       0x6f .\CortexM3\ARM_GCC_541\Debug\cymetadata.o
 .comment       0x0000006e       0x6f .\CortexM3\ARM_GCC_541\Debug\Cm3Start.o
 .comment       0x0000006e       0x6f .\CortexM3\ARM_GCC_541\Debug\CS301_Class.a(Timer_TS.o)
 .comment       0x0000006e       0x6f .\CortexM3\ARM_GCC_541\Debug\CS301_Class.a(USBUART.o)
 .comment       0x0000006e       0x6f .\CortexM3\ARM_GCC_541\Debug\CS301_Class.a(USBUART_cdc.o)
 .comment       0x0000006e       0x6f .\CortexM3\ARM_GCC_541\Debug\CS301_Class.a(USBUART_drv.o)
 .comment       0x0000006e       0x6f .\CortexM3\ARM_GCC_541\Debug\CS301_Class.a(USBUART_episr.o)
 .comment       0x0000006e       0x6f .\CortexM3\ARM_GCC_541\Debug\CS301_Class.a(USBUART_pm.o)
 .comment       0x0000006e       0x6f .\CortexM3\ARM_GCC_541\Debug\CS301_Class.a(USBUART_std.o)
 .comment       0x0000006e       0x6f .\CortexM3\ARM_GCC_541\Debug\CS301_Class.a(USBUART_vnd.o)
 .comment       0x0000006e       0x6f .\CortexM3\ARM_GCC_541\Debug\CS301_Class.a(USBUART_Dp.o)
 .comment       0x0000006e       0x6f .\CortexM3\ARM_GCC_541\Debug\CS301_Class.a(CyLib.o)
 .comment       0x0000006e       0x6f .\CortexM3\ARM_GCC_541\Debug\CS301_Class.a(cyPm.o)
 .comment       0x0000006e       0x6f .\CortexM3\ARM_GCC_541\Debug\CS301_Class.a(PWM_1.o)
 .comment       0x0000006e       0x6f .\CortexM3\ARM_GCC_541\Debug\CS301_Class.a(PWM_2.o)
 .comment       0x0000006e       0x6f .\CortexM3\ARM_GCC_541\Debug\CS301_Class.a(QuadDec_M1.o)
 .comment       0x0000006e       0x6f .\CortexM3\ARM_GCC_541\Debug\CS301_Class.a(QuadDec_M2.o)
 .comment       0x0000006e       0x6f .\CortexM3\ARM_GCC_541\Debug\CS301_Class.a(QuadDec_M1_Cnt16.o)
 .comment       0x0000006e       0x6f .\CortexM3\ARM_GCC_541\Debug\CS301_Class.a(QuadDec_M2_Cnt16.o)
 .comment       0x0000006e       0x6f .\CortexM3\ARM_GCC_541\Debug\CS301_Class.a(isr_1.o)
 .comment       0x0000006e       0x6f .\CortexM3\ARM_GCC_541\Debug\CS301_Class.a(Output_1.o)
 .comment       0x0000006e       0x6f .\CortexM3\ARM_GCC_541\Debug\CS301_Class.a(Output_2.o)
 .comment       0x0000006e       0x6f .\CortexM3\ARM_GCC_541\Debug\CS301_Class.a(Output_3.o)
 .comment       0x0000006e       0x6f .\CortexM3\ARM_GCC_541\Debug\CS301_Class.a(Output_4.o)
 .comment       0x0000006e       0x6f .\CortexM3\ARM_GCC_541\Debug\CS301_Class.a(Output_5.o)
 .comment       0x0000006e       0x6f .\CortexM3\ARM_GCC_541\Debug\CS301_Class.a(Output_6.o)
 .comment       0x0000006e       0x6f .\CortexM3\ARM_GCC_541\Debug\CS301_Class.a(LED1.o)
 .comment       0x0000006e       0x6f .\CortexM3\ARM_GCC_541\Debug\CS301_Class.a(LED2.o)
 .comment       0x0000006e       0x6f .\CortexM3\ARM_GCC_541\Debug\CS301_Class.a(LED3.o)
 .comment       0x0000006e       0x6f .\CortexM3\ARM_GCC_541\Debug\CS301_Class.a(LED4.o)
 .comment       0x0000006e       0x6f .\CortexM3\ARM_GCC_541\Debug\CS301_Class.a(LED5.o)
 .comment       0x0000006e       0x6f .\CortexM3\ARM_GCC_541\Debug\CS301_Class.a(LED6.o)
 .comment       0x0000006e       0x6f .\CortexM3\ARM_GCC_541\Debug\CS301_Class.a(USBUART_cls.o)
 .comment       0x0000006e       0x6f .\CortexM3\ARM_GCC_541\Debug\CS301_Class.a(USBUART_descr.o)
 .comment       0x0000006e       0x6f .\CortexM3\ARM_GCC_541\Debug\CS301_Class.a(CyFlash.o)
 .comment       0x0000006e       0x6f .\CortexM3\ARM_GCC_541\Debug\CS301_Class.a(CySpc.o)

.debug_weaknames
 *(.debug_weaknames)

.debug_funcnames
 *(.debug_funcnames)

.debug_typenames
 *(.debug_typenames)

.debug_varnames
 *(.debug_varnames)

.note.gnu.arm.ident
 *(.note.gnu.arm.ident)

.ARM.attributes
                0x00000000       0x29
 *(.ARM.attributes)
 .ARM.attributes
                0x00000000       0x1d c:/program files (x86)/cypress/psoc creator/4.4/psoc creator/import/gnu/arm/5.4.1/bin/../lib/gcc/arm-none-eabi/5.4.1/armv7-m/crti.o
 .ARM.attributes
                0x0000001d       0x2d c:/program files (x86)/cypress/psoc creator/4.4/psoc creator/import/gnu/arm/5.4.1/bin/../lib/gcc/arm-none-eabi/5.4.1/armv7-m/crtbegin.o
 .ARM.attributes
                0x0000004a       0x1b c:/program files (x86)/cypress/psoc creator/4.4/psoc creator/import/gnu/arm/5.4.1/bin/../lib/gcc/arm-none-eabi/5.4.1/../../../../arm-none-eabi/lib/armv7-m/crt0.o
 .ARM.attributes
                0x00000065       0x33 .\CortexM3\ARM_GCC_541\Debug\main.o
 .ARM.attributes
                0x00000098       0x33 .\CortexM3\ARM_GCC_541\Debug\tacho.o
 .ARM.attributes
                0x000000cb       0x33 .\CortexM3\ARM_GCC_541\Debug\SENSORS_READ.o
 .ARM.attributes
                0x000000fe       0x33 .\CortexM3\ARM_GCC_541\Debug\MOVEMENT.o
 .ARM.attributes
                0x00000131       0x33 .\CortexM3\ARM_GCC_541\Debug\cyfitter_cfg.o
 .ARM.attributes
                0x00000164       0x33 .\CortexM3\ARM_GCC_541\Debug\cymetadata.o
 .ARM.attributes
                0x00000197       0x33 .\CortexM3\ARM_GCC_541\Debug\Cm3Start.o
 .ARM.attributes
                0x000001ca       0x33 .\CortexM3\ARM_GCC_541\Debug\CS301_Class.a(Timer_TS.o)
 .ARM.attributes
                0x000001fd       0x33 .\CortexM3\ARM_GCC_541\Debug\CS301_Class.a(USBUART.o)
 .ARM.attributes
                0x00000230       0x33 .\CortexM3\ARM_GCC_541\Debug\CS301_Class.a(USBUART_cdc.o)
 .ARM.attributes
                0x00000263       0x33 .\CortexM3\ARM_GCC_541\Debug\CS301_Class.a(USBUART_drv.o)
 .ARM.attributes
                0x00000296       0x33 .\CortexM3\ARM_GCC_541\Debug\CS301_Class.a(USBUART_episr.o)
 .ARM.attributes
                0x000002c9       0x33 .\CortexM3\ARM_GCC_541\Debug\CS301_Class.a(USBUART_pm.o)
 .ARM.attributes
                0x000002fc       0x33 .\CortexM3\ARM_GCC_541\Debug\CS301_Class.a(USBUART_std.o)
 .ARM.attributes
                0x0000032f       0x33 .\CortexM3\ARM_GCC_541\Debug\CS301_Class.a(USBUART_vnd.o)
 .ARM.attributes
                0x00000362       0x33 .\CortexM3\ARM_GCC_541\Debug\CS301_Class.a(USBUART_Dp.o)
 .ARM.attributes
                0x00000395       0x33 .\CortexM3\ARM_GCC_541\Debug\CS301_Class.a(CyLib.o)
 .ARM.attributes
                0x000003c8       0x33 .\CortexM3\ARM_GCC_541\Debug\CS301_Class.a(cyPm.o)
 .ARM.attributes
                0x000003fb       0x33 .\CortexM3\ARM_GCC_541\Debug\CS301_Class.a(PWM_1.o)
 .ARM.attributes
                0x0000042e       0x33 .\CortexM3\ARM_GCC_541\Debug\CS301_Class.a(PWM_2.o)
 .ARM.attributes
                0x00000461       0x33 .\CortexM3\ARM_GCC_541\Debug\CS301_Class.a(QuadDec_M1.o)
 .ARM.attributes
                0x00000494       0x33 .\CortexM3\ARM_GCC_541\Debug\CS301_Class.a(QuadDec_M2.o)
 .ARM.attributes
                0x000004c7       0x33 .\CortexM3\ARM_GCC_541\Debug\CS301_Class.a(QuadDec_M1_Cnt16.o)
 .ARM.attributes
                0x000004fa       0x33 .\CortexM3\ARM_GCC_541\Debug\CS301_Class.a(QuadDec_M2_Cnt16.o)
 .ARM.attributes
                0x0000052d       0x33 .\CortexM3\ARM_GCC_541\Debug\CS301_Class.a(isr_1.o)
 .ARM.attributes
                0x00000560       0x33 .\CortexM3\ARM_GCC_541\Debug\CS301_Class.a(Output_1.o)
 .ARM.attributes
                0x00000593       0x33 .\CortexM3\ARM_GCC_541\Debug\CS301_Class.a(Output_2.o)
 .ARM.attributes
                0x000005c6       0x33 .\CortexM3\ARM_GCC_541\Debug\CS301_Class.a(Output_3.o)
 .ARM.attributes
                0x000005f9       0x33 .\CortexM3\ARM_GCC_541\Debug\CS301_Class.a(Output_4.o)
 .ARM.attributes
                0x0000062c       0x33 .\CortexM3\ARM_GCC_541\Debug\CS301_Class.a(Output_5.o)
 .ARM.attributes
                0x0000065f       0x33 .\CortexM3\ARM_GCC_541\Debug\CS301_Class.a(Output_6.o)
 .ARM.attributes
                0x00000692       0x33 .\CortexM3\ARM_GCC_541\Debug\CS301_Class.a(LED1.o)
 .ARM.attributes
                0x000006c5       0x33 .\CortexM3\ARM_GCC_541\Debug\CS301_Class.a(LED2.o)
 .ARM.attributes
                0x000006f8       0x33 .\CortexM3\ARM_GCC_541\Debug\CS301_Class.a(LED3.o)
 .ARM.attributes
                0x0000072b       0x33 .\CortexM3\ARM_GCC_541\Debug\CS301_Class.a(LED4.o)
 .ARM.attributes
                0x0000075e       0x33 .\CortexM3\ARM_GCC_541\Debug\CS301_Class.a(LED5.o)
 .ARM.attributes
                0x00000791       0x33 .\CortexM3\ARM_GCC_541\Debug\CS301_Class.a(LED6.o)
 .ARM.attributes
                0x000007c4       0x21 .\CortexM3\ARM_GCC_541\Debug\CS301_Class.a(CyBootAsmGnu.o)
 .ARM.attributes
                0x000007e5       0x33 .\CortexM3\ARM_GCC_541\Debug\CS301_Class.a(USBUART_cls.o)
 .ARM.attributes
                0x00000818       0x33 .\CortexM3\ARM_GCC_541\Debug\CS301_Class.a(USBUART_descr.o)
 .ARM.attributes
                0x0000084b       0x33 .\CortexM3\ARM_GCC_541\Debug\CS301_Class.a(CyFlash.o)
 .ARM.attributes
                0x0000087e       0x33 .\CortexM3\ARM_GCC_541\Debug\CS301_Class.a(CySpc.o)
 .ARM.attributes
                0x000008b1       0x1d c:/program files (x86)/cypress/psoc creator/4.4/psoc creator/import/gnu/arm/5.4.1/bin/../lib/gcc/arm-none-eabi/5.4.1/armv7-m\libgcc.a(_arm_addsubdf3.o)
 .ARM.attributes
                0x000008ce       0x1d c:/program files (x86)/cypress/psoc creator/4.4/psoc creator/import/gnu/arm/5.4.1/bin/../lib/gcc/arm-none-eabi/5.4.1/armv7-m\libgcc.a(_arm_muldivdf3.o)
 .ARM.attributes
                0x000008eb       0x1d c:/program files (x86)/cypress/psoc creator/4.4/psoc creator/import/gnu/arm/5.4.1/bin/../lib/gcc/arm-none-eabi/5.4.1/armv7-m\libgcc.a(_arm_truncdfsf2.o)
 .ARM.attributes
                0x00000908       0x1d c:/program files (x86)/cypress/psoc creator/4.4/psoc creator/import/gnu/arm/5.4.1/bin/../lib/gcc/arm-none-eabi/5.4.1/armv7-m\libgcc.a(_arm_addsubsf3.o)
 .ARM.attributes
                0x00000925       0x1d c:/program files (x86)/cypress/psoc creator/4.4/psoc creator/import/gnu/arm/5.4.1/bin/../lib/gcc/arm-none-eabi/5.4.1/armv7-m\libgcc.a(_arm_muldivsf3.o)
 .ARM.attributes
                0x00000942       0x1d c:/program files (x86)/cypress/psoc creator/4.4/psoc creator/import/gnu/arm/5.4.1/bin/../lib/gcc/arm-none-eabi/5.4.1/armv7-m\libgcc.a(_arm_cmpsf2.o)
 .ARM.attributes
                0x0000095f       0x1d c:/program files (x86)/cypress/psoc creator/4.4/psoc creator/import/gnu/arm/5.4.1/bin/../lib/gcc/arm-none-eabi/5.4.1/armv7-m\libgcc.a(_arm_fixsfsi.o)
 .ARM.attributes
                0x0000097c       0x2d c:/program files (x86)/cypress/psoc creator/4.4/psoc creator/import/gnu/arm/5.4.1/bin/../lib/gcc/arm-none-eabi/5.4.1/../../../../arm-none-eabi/lib/armv7-m\libg_nano.a(lib_a-errno.o)
 .ARM.attributes
                0x000009a9       0x2d c:/program files (x86)/cypress/psoc creator/4.4/psoc creator/import/gnu/arm/5.4.1/bin/../lib/gcc/arm-none-eabi/5.4.1/../../../../arm-none-eabi/lib/armv7-m\libg_nano.a(lib_a-exit.o)
 .ARM.attributes
                0x000009d6       0x2d c:/program files (x86)/cypress/psoc creator/4.4/psoc creator/import/gnu/arm/5.4.1/bin/../lib/gcc/arm-none-eabi/5.4.1/../../../../arm-none-eabi/lib/armv7-m\libg_nano.a(lib_a-impure.o)
 .ARM.attributes
                0x00000a03       0x2d c:/program files (x86)/cypress/psoc creator/4.4/psoc creator/import/gnu/arm/5.4.1/bin/../lib/gcc/arm-none-eabi/5.4.1/../../../../arm-none-eabi/lib/armv7-m\libg_nano.a(lib_a-init.o)
 .ARM.attributes
                0x00000a30       0x2d c:/program files (x86)/cypress/psoc creator/4.4/psoc creator/import/gnu/arm/5.4.1/bin/../lib/gcc/arm-none-eabi/5.4.1/../../../../arm-none-eabi/lib/armv7-m\libg_nano.a(lib_a-memcpy-stub.o)
 .ARM.attributes
                0x00000a5d       0x2d c:/program files (x86)/cypress/psoc creator/4.4/psoc creator/import/gnu/arm/5.4.1/bin/../lib/gcc/arm-none-eabi/5.4.1/../../../../arm-none-eabi/lib/armv7-m\libg_nano.a(lib_a-memset.o)
 .ARM.attributes
                0x00000a8a       0x2d c:/program files (x86)/cypress/psoc creator/4.4/psoc creator/import/gnu/arm/5.4.1/bin/../lib/gcc/arm-none-eabi/5.4.1/../../../../arm-none-eabi/lib/armv7-m\libg_nano.a(lib_a-strcpy.o)
 .ARM.attributes
                0x00000ab7       0x17 c:/program files (x86)/cypress/psoc creator/4.4/psoc creator/import/gnu/arm/5.4.1/bin/../lib/gcc/arm-none-eabi/5.4.1/../../../../arm-none-eabi/lib/armv7-m\libg_nano.a(lib_a-strlen.o)
 .ARM.attributes
                0x00000ace       0x2d c:/program files (x86)/cypress/psoc creator/4.4/psoc creator/import/gnu/arm/5.4.1/bin/../lib/gcc/arm-none-eabi/5.4.1/armv7-m/crtend.o
 .ARM.attributes
                0x00000afb       0x1d c:/program files (x86)/cypress/psoc creator/4.4/psoc creator/import/gnu/arm/5.4.1/bin/../lib/gcc/arm-none-eabi/5.4.1/armv7-m/crtn.o

/DISCARD/
 *(.note.GNU-stack)
OUTPUT(C:\Users\Calvi\Desktop\301\psoc firmware\CS301_Class.cydsn\CortexM3\ARM_GCC_541\Debug\CS301_Class.elf elf32-littlearm)
