Archive member included to satisfy reference by file (symbol)

.\CortexM3\ARM_GCC_541\Debug\CS301_Class.a(Timer_TS.o)
                              .\CortexM3\ARM_GCC_541\Debug\main.o (Timer_TS_Start)
.\CortexM3\ARM_GCC_541\Debug\CS301_Class.a(CyLib.o)
                              .\CortexM3\ARM_GCC_541\Debug\Cm3Start.o (CyResetStatus)
.\CortexM3\ARM_GCC_541\Debug\CS301_Class.a(cyPm.o)
                              .\CortexM3\ARM_GCC_541\Debug\CS301_Class.a(CyLib.o) (CyPmReadStatus)
.\CortexM3\ARM_GCC_541\Debug\CS301_Class.a(PWM_1.o)
                              .\CortexM3\ARM_GCC_541\Debug\main.o (PWM_1_Start)
.\CortexM3\ARM_GCC_541\Debug\CS301_Class.a(PWM_2.o)
                              .\CortexM3\ARM_GCC_541\Debug\main.o (PWM_2_Start)
.\CortexM3\ARM_GCC_541\Debug\CS301_Class.a(QuadDec_M1.o)
                              .\CortexM3\ARM_GCC_541\Debug\main.o (QuadDec_M1_Start)
.\CortexM3\ARM_GCC_541\Debug\CS301_Class.a(QuadDec_M2.o)
                              .\CortexM3\ARM_GCC_541\Debug\main.o (QuadDec_M2_Start)
.\CortexM3\ARM_GCC_541\Debug\CS301_Class.a(QuadDec_M1_Cnt16.o)
                              .\CortexM3\ARM_GCC_541\Debug\CS301_Class.a(QuadDec_M1.o) (QuadDec_M1_Cnt16_WriteCounter)
.\CortexM3\ARM_GCC_541\Debug\CS301_Class.a(QuadDec_M2_Cnt16.o)
                              .\CortexM3\ARM_GCC_541\Debug\CS301_Class.a(QuadDec_M2.o) (QuadDec_M2_Cnt16_WriteCounter)
.\CortexM3\ARM_GCC_541\Debug\CS301_Class.a(isr_1.o)
                              .\CortexM3\ARM_GCC_541\Debug\main.o (isr_1_StartEx)
.\CortexM3\ARM_GCC_541\Debug\CS301_Class.a(Output_3.o)
                              .\CortexM3\ARM_GCC_541\Debug\SENSORS_READ.o (Output_3_Read)
.\CortexM3\ARM_GCC_541\Debug\CS301_Class.a(Output_4.o)
                              .\CortexM3\ARM_GCC_541\Debug\SENSORS_READ.o (Output_4_Read)
.\CortexM3\ARM_GCC_541\Debug\CS301_Class.a(Output_5.o)
                              .\CortexM3\ARM_GCC_541\Debug\SENSORS_READ.o (Output_5_Read)
.\CortexM3\ARM_GCC_541\Debug\CS301_Class.a(Output_6.o)
                              .\CortexM3\ARM_GCC_541\Debug\SENSORS_READ.o (Output_6_Read)
.\CortexM3\ARM_GCC_541\Debug\CS301_Class.a(LED1.o)
                              .\CortexM3\ARM_GCC_541\Debug\SENSORS_READ.o (LED1_Write)
.\CortexM3\ARM_GCC_541\Debug\CS301_Class.a(LED2.o)
                              .\CortexM3\ARM_GCC_541\Debug\SENSORS_READ.o (LED2_Write)
.\CortexM3\ARM_GCC_541\Debug\CS301_Class.a(LED3.o)
                              .\CortexM3\ARM_GCC_541\Debug\SENSORS_READ.o (LED3_Write)
.\CortexM3\ARM_GCC_541\Debug\CS301_Class.a(LED4.o)
                              .\CortexM3\ARM_GCC_541\Debug\SENSORS_READ.o (LED4_Write)
.\CortexM3\ARM_GCC_541\Debug\CS301_Class.a(LED5.o)
                              .\CortexM3\ARM_GCC_541\Debug\SENSORS_READ.o (LED5_Write)
.\CortexM3\ARM_GCC_541\Debug\CS301_Class.a(LED6.o)
                              .\CortexM3\ARM_GCC_541\Debug\SENSORS_READ.o (LED6_Write)
.\CortexM3\ARM_GCC_541\Debug\CS301_Class.a(CyBootAsmGnu.o)
                              .\CortexM3\ARM_GCC_541\Debug\cyfitter_cfg.o (CyDelayCycles)
.\CortexM3\ARM_GCC_541\Debug\CS301_Class.a(CyFlash.o)
                              .\CortexM3\ARM_GCC_541\Debug\CS301_Class.a(cyPm.o) (CyFlash_SetWaitCycles)
.\CortexM3\ARM_GCC_541\Debug\CS301_Class.a(CySpc.o)
                              .\CortexM3\ARM_GCC_541\Debug\CS301_Class.a(CyFlash.o) (CySpcStart)
c:/program files (x86)/cypress/psoc creator/4.4/psoc creator/import/gnu/arm/5.4.1/bin/../lib/gcc/arm-none-eabi/5.4.1/armv7-m\libgcc.a(_arm_addsubdf3.o)
                              .\CortexM3\ARM_GCC_541\Debug\MOVEMENT.o (__aeabi_i2d)
c:/program files (x86)/cypress/psoc creator/4.4/psoc creator/import/gnu/arm/5.4.1/bin/../lib/gcc/arm-none-eabi/5.4.1/armv7-m\libgcc.a(_arm_muldivdf3.o)
                              .\CortexM3\ARM_GCC_541\Debug\MOVEMENT.o (__aeabi_dmul)
c:/program files (x86)/cypress/psoc creator/4.4/psoc creator/import/gnu/arm/5.4.1/bin/../lib/gcc/arm-none-eabi/5.4.1/armv7-m\libgcc.a(_arm_fixdfsi.o)
                              .\CortexM3\ARM_GCC_541\Debug\MOVEMENT.o (__aeabi_d2iz)
c:/program files (x86)/cypress/psoc creator/4.4/psoc creator/import/gnu/arm/5.4.1/bin/../lib/gcc/arm-none-eabi/5.4.1/../../../../arm-none-eabi/lib/armv7-m\libg_nano.a(lib_a-errno.o)
                              .\CortexM3\ARM_GCC_541\Debug\Cm3Start.o (__errno)
c:/program files (x86)/cypress/psoc creator/4.4/psoc creator/import/gnu/arm/5.4.1/bin/../lib/gcc/arm-none-eabi/5.4.1/../../../../arm-none-eabi/lib/armv7-m\libg_nano.a(lib_a-exit.o)
                              c:/program files (x86)/cypress/psoc creator/4.4/psoc creator/import/gnu/arm/5.4.1/bin/../lib/gcc/arm-none-eabi/5.4.1/../../../../arm-none-eabi/lib/armv7-m/crt0.o (exit)
c:/program files (x86)/cypress/psoc creator/4.4/psoc creator/import/gnu/arm/5.4.1/bin/../lib/gcc/arm-none-eabi/5.4.1/../../../../arm-none-eabi/lib/armv7-m\libg_nano.a(lib_a-impure.o)
[...]
Memory Configuration

Name             Origin             Length             Attributes
rom              0x00000000         0x00040000         xr
ram              0x1fff8000         0x00010000         xrw
*default*        0x00000000         0xffffffff

Linker script and memory map

LOAD c:/program files (x86)/cypress/psoc creator/4.4/psoc creator/import/gnu/arm/5.4.1/bin/../lib/gcc/arm-none-eabi/5.4.1/armv7-m/crti.o
LOAD c:/program files (x86)/cypress/psoc creator/4.4/psoc creator/import/gnu/arm/5.4.1/bin/../lib/gcc/arm-none-eabi/5.4.1/armv7-m/crtbegin.o
LOAD c:/program files (x86)/cypress/psoc creator/4.4/psoc creator/import/gnu/arm/5.4.1/bin/../lib/gcc/arm-none-eabi/5.4.1/../../../../arm-none-eabi/lib/armv7-m/crt0.o
START GROUP
LOAD .\CortexM3\ARM_GCC_541\Debug\main.o
LOAD .\CortexM3\ARM_GCC_541\Debug\tacho.o
LOAD .\CortexM3\ARM_GCC_541\Debug\SENSORS_READ.o
LOAD .\CortexM3\ARM_GCC_541\Debug\MOVEMENT.o
LOAD .\CortexM3\ARM_GCC_541\Debug\map_to_instructions.o
LOAD .\CortexM3\ARM_GCC_541\Debug\cyfitter_cfg.o
LOAD .\CortexM3\ARM_GCC_541\Debug\cymetadata.o
LOAD .\CortexM3\ARM_GCC_541\Debug\Cm3Start.o
LOAD .\CortexM3\ARM_GCC_541\Debug\CS301_Class.a
LOAD C:\Program Files (x86)\Cypress\PSoC Creator\4.4\PSoC Creator\psoc\content\cycomponentlibrary\CyComponentLibrary.cylib\CortexM3\ARM_GCC_541\Debug\CyComponentLibrary.a
END GROUP
START GROUP
LOAD c:/program files (x86)/cypress/psoc creator/4.4/psoc creator/import/gnu/arm/5.4.1/bin/../lib/gcc/arm-none-eabi/5.4.1/armv7-m\libgcc.a
LOAD c:/program files (x86)/cypress/psoc creator/4.4/psoc creator/import/gnu/arm/5.4.1/bin/../lib/gcc/arm-none-eabi/5.4.1/../../../../arm-none-eabi/lib/armv7-m\libg_nano.a
LOAD c:/program files (x86)/cypress/psoc creator/4.4/psoc creator/import/gnu/arm/5.4.1/bin/../lib/gcc/arm-none-eabi/5.4.1/../../../../arm-none-eabi/lib/armv7-m\libc_nano.a
END GROUP
START GROUP
LOAD c:/program files (x86)/cypress/psoc creator/4.4/psoc creator/import/gnu/arm/5.4.1/bin/../lib/gcc/arm-none-eabi/5.4.1/armv7-m\libgcc.a
LOAD c:/program files (x86)/cypress/psoc creator/4.4/psoc creator/import/gnu/arm/5.4.1/bin/../lib/gcc/arm-none-eabi/5.4.1/../../../../arm-none-eabi/lib/armv7-m\libc_nano.a
END GROUP
LOAD c:/program files (x86)/cypress/psoc creator/4.4/psoc creator/import/gnu/arm/5.4.1/bin/../lib/gcc/arm-none-eabi/5.4.1/armv7-m/crtend.o
LOAD c:/program files (x86)/cypress/psoc creator/4.4/psoc creator/import/gnu/arm/5.4.1/bin/../lib/gcc/arm-none-eabi/5.4.1/armv7-m/crtn.o
START GROUP
LOAD c:/program files (x86)/cypress/psoc creator/4.4/psoc creator/import/gnu/arm/5.4.1/bin/../lib/gcc/arm-none-eabi/5.4.1/armv7-m\libgcc.a
LOAD c:/program files (x86)/cypress/psoc creator/4.4/psoc creator/import/gnu/arm/5.4.1/bin/../lib/gcc/arm-none-eabi/5.4.1/../../../../arm-none-eabi/lib/armv7-m\libc.a
LOAD c:/program files (x86)/cypress/psoc creator/4.4/psoc creator/import/gnu/arm/5.4.1/bin/../lib/gcc/arm-none-eabi/5.4.1/../../../../arm-none-eabi/lib/armv7-m\libnosys.a
END GROUP
                0x00000000                CY_APPL_ORIGIN = 0x0
                0x00000100                CY_FLASH_ROW_SIZE = 0x100
                0x00000020                CY_ECC_ROW_SIZE = 0x20
                0x00000000                CY_EE_IN_BTLDR = 0x0
                0x00000000                CY_APPL_LOADABLE = 0x0
                0x00000800                CY_EE_SIZE = 0x800
                0x00000001                CY_APPL_NUM = 0x1
                0x00000001                CY_APPL_MAX = 0x1
                0x00000040                CY_METADATA_SIZE = 0x40
                0x00000000                CY_APPL_LOADABLE = 0x0
                0x00000000                CY_CHECKSUM_EXCLUDE_SIZE = ALIGN (0x0, CY_FLASH_ROW_SIZE)
                [!provide]                PROVIDE (__cy_heap_start, _end)
                0x00000001                PROVIDE (__cy_region_num, ((__cy_regions_end - __cy_regions) / 0x10))
                0x20008000                PROVIDE (__cy_stack, (ORIGIN (ram) + LENGTH (ram)))
                [!provide]                PROVIDE (__cy_heap_end, (__cy_stack - 0x800))

.cybootloader   0x00000000        0x0
 *(.cybootloader)
                0x00000000                appl1_start = CY_APPL_ORIGIN?CY_APPL_ORIGIN:ALIGN (CY_FLASH_ROW_SIZE)
                0x0001ff00                appl2_start = (appl1_start + ALIGN ((((LENGTH (rom) - appl1_start) - (0x2 * CY_FLASH_ROW_SIZE)) / 0x2), CY_FLASH_ROW_SIZE))
                0x00000000                appl_start = (CY_APPL_NUM == 0x1)?appl1_start:appl2_start
                0x00000000                ecc_offset = ((appl_start / CY_FLASH_ROW_SIZE) * CY_ECC_ROW_SIZE)
                0x00000000                ee_offset = (CY_APPL_LOADABLE && ! (CY_EE_IN_BTLDR))?((CY_EE_SIZE / CY_APPL_MAX) * (CY_APPL_NUM - 0x1)):0x0
                0x00000800                ee_size = (CY_APPL_LOADABLE && ! (CY_EE_IN_BTLDR))?(CY_EE_SIZE / CY_APPL_MAX):CY_EE_SIZE
                [!provide]                PROVIDE (CY_ECC_OFFSET, ecc_offset)

.text           0x00000000     0x34d2
 CREATE_OBJECT_SYMBOLS
                0x00000000                PROVIDE (__cy_interrupt_vector, RomVectors)
 *(.romvectors)
 .romvectors    0x00000000       0x10 .\CortexM3\ARM_GCC_541\Debug\Cm3Start.o
                0x00000000                RomVectors
                0x00000001                ASSERT ((. != __cy_interrupt_vector), No interrupt vector)
                0x00000001                ASSERT (CY_APPL_ORIGIN?(SIZEOF (.cybootloader) <= CY_APPL_ORIGIN):0x1, Wrong image location)
                0x00000010                PROVIDE (__cy_reset, Reset)
 *(.text.Reset)
 .text.Reset    0x00000010       0x18 .\CortexM3\ARM_GCC_541\Debug\Cm3Start.o
                0x00000010                Reset
                0x00000001                ASSERT ((. != __cy_reset), No reset code)
 *(.dma_init)
                0x00000001                ASSERT ((((appl_start + .) <= 0x10000) || 0x1), DMA Init must be within the first 64k of flash)
 *(.text .text.* .gnu.linkonce.t.*)
 .text          0x00000028       0x5c c:/program files (x86)/cypress/psoc creator/4.4/psoc creator/import/gnu/arm/5.4.1/bin/../lib/gcc/arm-none-eabi/5.4.1/armv7-m/crtbegin.o
 .text.Timer_TS_ISR_Handler
                0x00000084       0x18 .\CortexM3\ARM_GCC_541\Debug\main.o
                0x00000084                Timer_TS_ISR_Handler
 .text.main     0x0000009c      0x118 .\CortexM3\ARM_GCC_541\Debug\main.o
                0x0000009c                main
 .text.motor_left
                0x000001b4       0x1c .\CortexM3\ARM_GCC_541\Debug\MOVEMENT.o
                0x000001b4                motor_left
 .text.motor_right
                0x000001d0       0x1c .\CortexM3\ARM_GCC_541\Debug\MOVEMENT.o
                0x000001d0                motor_right
 .text.stop     0x000001ec       0x14 .\CortexM3\ARM_GCC_541\Debug\MOVEMENT.o
                0x000001ec                stop
 .text.go_straight
                0x00000200       0xf4 .\CortexM3\ARM_GCC_541\Debug\MOVEMENT.o
                0x00000200                go_straight
 .text.move_forward_ticks
                0x000002f4       0x68 .\CortexM3\ARM_GCC_541\Debug\MOVEMENT.o
                0x000002f4                move_forward_ticks
 .text.go_straigh_with_tick
                0x0000035c      0x13c .\CortexM3\ARM_GCC_541\Debug\MOVEMENT.o
                0x0000035c                go_straigh_with_tick
 .text.turn_left_enc
                0x00000498       0xbc .\CortexM3\ARM_GCC_541\Debug\MOVEMENT.o
                0x00000498                turn_left_enc
 .text.turn_right_enc
                0x00000554       0xbc .\CortexM3\ARM_GCC_541\Debug\MOVEMENT.o
                0x00000554                turn_right_enc
 .text.u_turn_enc
                0x00000610       0xc0 .\CortexM3\ARM_GCC_541\Debug\MOVEMENT.o
                0x00000610                u_turn_enc
 .text.move_forward_until_intersection
                0x000006d0       0xbc .\CortexM3\ARM_GCC_541\Debug\MOVEMENT.o
                0x000006d0                move_forward_until_intersection
 *fill*         0x0000078c        0x4 
 .text.run_for_food
                0x00000790       0x80 .\CortexM3\ARM_GCC_541\Debug\MOVEMENT.o
                0x00000790                run_for_food
 .text.in_bounds
                0x00000810       0x38 .\CortexM3\ARM_GCC_541\Debug\map_to_instructions.o
 .text.is_free  0x00000848       0x4c .\CortexM3\ARM_GCC_541\Debug\map_to_instructions.o
 .text.heuristic
                0x00000894       0x34 .\CortexM3\ARM_GCC_541\Debug\map_to_instructions.o
 .text.has_side_branch
                0x000008c8       0x74 .\CortexM3\ARM_GCC_541\Debug\map_to_instructions.o
 .text.emit_plan_for_path
                0x0000093c      0x5b0 .\CortexM3\ARM_GCC_541\Debug\map_to_instructions.o
 .text.generate_instructions_from_map
                0x00000eec      0xd28 .\CortexM3\ARM_GCC_541\Debug\map_to_instructions.o
                0x00000eec                generate_instructions_from_map
 .text.CYMEMZERO
                0x00001c14       0x1c .\CortexM3\ARM_GCC_541\Debug\cyfitter_cfg.o
 .text.CYCONFIGCPY
                0x00001c30       0x20 .\CortexM3\ARM_GCC_541\Debug\cyfitter_cfg.o
 .text.CyClockStartupError
                0x00001c50        0xc .\CortexM3\ARM_GCC_541\Debug\cyfitter_cfg.o
 .text.cfg_write_bytes32
                0x00001c5c       0x74 .\CortexM3\ARM_GCC_541\Debug\cyfitter_cfg.o
 .text.ClockSetup
                0x00001cd0      0x144 .\CortexM3\ARM_GCC_541\Debug\cyfitter_cfg.o
 .text.AnalogSetDefault
                0x00001e14       0x44 .\CortexM3\ARM_GCC_541\Debug\cyfitter_cfg.o
 .text.cyfitter_cfg
                0x00001e58      0x164 .\CortexM3\ARM_GCC_541\Debug\cyfitter_cfg.o
                0x00001e58                cyfitter_cfg
 .text.IntDefaultHandler
                0x00001fbc       0x14 .\CortexM3\ARM_GCC_541\Debug\Cm3Start.o
                0x00001fbc                IntDefaultHandler
 .text.Start_c  0x00001fd0       0x98 .\CortexM3\ARM_GCC_541\Debug\Cm3Start.o
                0x00001fd0                Start_c
 .text.initialize_psoc
                0x00002068       0x90 .\CortexM3\ARM_GCC_541\Debug\Cm3Start.o
                0x00002068                initialize_psoc
 .text.Timer_TS_Init
                0x000020f8       0xa0 .\CortexM3\ARM_GCC_541\Debug\CS301_Class.a(Timer_TS.o)
                0x000020f8                Timer_TS_Init
 .text.Timer_TS_Enable
                0x00002198       0x48 .\CortexM3\ARM_GCC_541\Debug\CS301_Class.a(Timer_TS.o)
                0x00002198                Timer_TS_Enable
 .text.Timer_TS_Start
                0x000021e0       0x24 .\CortexM3\ARM_GCC_541\Debug\CS301_Class.a(Timer_TS.o)
                0x000021e0                Timer_TS_Start
 .text.Timer_TS_SetInterruptMode
                0x00002204       0x20 .\CortexM3\ARM_GCC_541\Debug\CS301_Class.a(Timer_TS.o)
                0x00002204                Timer_TS_SetInterruptMode
 .text.Timer_TS_WritePeriod
                0x00002224       0x24 .\CortexM3\ARM_GCC_541\Debug\CS301_Class.a(Timer_TS.o)
                0x00002224                Timer_TS_WritePeriod
 .text.Timer_TS_WriteCounter
                0x00002248       0x20 .\CortexM3\ARM_GCC_541\Debug\CS301_Class.a(Timer_TS.o)
                0x00002248                Timer_TS_WriteCounter
 .text.CyDelay  0x00002268       0x44 .\CortexM3\ARM_GCC_541\Debug\CS301_Class.a(CyLib.o)
                0x00002268                CyDelay
 .text.PWM_1_Start
                0x000022ac       0x24 .\CortexM3\ARM_GCC_541\Debug\CS301_Class.a(PWM_1.o)
                0x000022ac                PWM_1_Start
 .text.PWM_1_Init
                0x000022d0       0xbc .\CortexM3\ARM_GCC_541\Debug\CS301_Class.a(PWM_1.o)
                0x000022d0                PWM_1_Init
 .text.PWM_1_Enable
                0x0000238c       0x48 .\CortexM3\ARM_GCC_541\Debug\CS301_Class.a(PWM_1.o)
                0x0000238c                PWM_1_Enable
 .text.PWM_1_WritePeriod
                0x000023d4       0x20 .\CortexM3\ARM_GCC_541\Debug\CS301_Class.a(PWM_1.o)
                0x000023d4                PWM_1_WritePeriod
 .text.PWM_1_WriteCompare
                0x000023f4       0x20 .\CortexM3\ARM_GCC_541\Debug\CS301_Class.a(PWM_1.o)
                0x000023f4                PWM_1_WriteCompare
 .text.PWM_1_SetInterruptMode
                0x00002414       0x20 .\CortexM3\ARM_GCC_541\Debug\CS301_Class.a(PWM_1.o)
                0x00002414                PWM_1_SetInterruptMode
 .text.PWM_2_Start
                0x00002434       0x24 .\CortexM3\ARM_GCC_541\Debug\CS301_Class.a(PWM_2.o)
                0x00002434                PWM_2_Start
 .text.PWM_2_Init
                0x00002458       0xbc .\CortexM3\ARM_GCC_541\Debug\CS301_Class.a(PWM_2.o)
                0x00002458                PWM_2_Init
 .text.PWM_2_Enable
                0x00002514       0x48 .\CortexM3\ARM_GCC_541\Debug\CS301_Class.a(PWM_2.o)
                0x00002514                PWM_2_Enable
 .text.PWM_2_WritePeriod
                0x0000255c       0x20 .\CortexM3\ARM_GCC_541\Debug\CS301_Class.a(PWM_2.o)
                0x0000255c                PWM_2_WritePeriod
 .text.PWM_2_WriteCompare
                0x0000257c       0x20 .\CortexM3\ARM_GCC_541\Debug\CS301_Class.a(PWM_2.o)
                0x0000257c                PWM_2_WriteCompare
 .text.PWM_2_SetInterruptMode
                0x0000259c       0x20 .\CortexM3\ARM_GCC_541\Debug\CS301_Class.a(PWM_2.o)
                0x0000259c                PWM_2_SetInterruptMode
 .text.QuadDec_M1_Init
                0x000025bc        0xc .\CortexM3\ARM_GCC_541\Debug\CS301_Class.a(QuadDec_M1.o)
                0x000025bc                QuadDec_M1_Init
 .text.QuadDec_M1_Enable
                0x000025c8       0x3c .\CortexM3\ARM_GCC_541\Debug\CS301_Class.a(QuadDec_M1.o)
                0x000025c8                QuadDec_M1_Enable
 .text.QuadDec_M1_Start
                0x00002604       0x30 .\CortexM3\ARM_GCC_541\Debug\CS301_Class.a(QuadDec_M1.o)
                0x00002604                QuadDec_M1_Start
 .text.QuadDec_M1_GetCounter
                0x00002634       0x24 .\CortexM3\ARM_GCC_541\Debug\CS301_Class.a(QuadDec_M1.o)
                0x00002634                QuadDec_M1_GetCounter
 .text.QuadDec_M1_SetCounter
                0x00002658       0x34 .\CortexM3\ARM_GCC_541\Debug\CS301_Class.a(QuadDec_M1.o)
                0x00002658                QuadDec_M1_SetCounter
 .text.QuadDec_M1_GetEvents
                0x0000268c       0x1c .\CortexM3\ARM_GCC_541\Debug\CS301_Class.a(QuadDec_M1.o)
                0x0000268c                QuadDec_M1_GetEvents
 .text.QuadDec_M1_SetInterruptMask
                0x000026a8       0x20 .\CortexM3\ARM_GCC_541\Debug\CS301_Class.a(QuadDec_M1.o)
                0x000026a8                QuadDec_M1_SetInterruptMask
 .text.QuadDec_M2_Init
                0x000026c8        0xc .\CortexM3\ARM_GCC_541\Debug\CS301_Class.a(QuadDec_M2.o)
                0x000026c8                QuadDec_M2_Init
 .text.QuadDec_M2_Enable
                0x000026d4       0x3c .\CortexM3\ARM_GCC_541\Debug\CS301_Class.a(QuadDec_M2.o)
                0x000026d4                QuadDec_M2_Enable
 .text.QuadDec_M2_Start
                0x00002710       0x30 .\CortexM3\ARM_GCC_541\Debug\CS301_Class.a(QuadDec_M2.o)
                0x00002710                QuadDec_M2_Start
 .text.QuadDec_M2_GetCounter
                0x00002740       0x24 .\CortexM3\ARM_GCC_541\Debug\CS301_Class.a(QuadDec_M2.o)
                0x00002740                QuadDec_M2_GetCounter
 .text.QuadDec_M2_SetCounter
                0x00002764       0x34 .\CortexM3\ARM_GCC_541\Debug\CS301_Class.a(QuadDec_M2.o)
                0x00002764                QuadDec_M2_SetCounter
 .text.QuadDec_M2_GetEvents
                0x00002798       0x1c .\CortexM3\ARM_GCC_541\Debug\CS301_Class.a(QuadDec_M2.o)
                0x00002798                QuadDec_M2_GetEvents
 .text.QuadDec_M2_SetInterruptMask
                0x000027b4       0x20 .\CortexM3\ARM_GCC_541\Debug\CS301_Class.a(QuadDec_M2.o)
                0x000027b4                QuadDec_M2_SetInterruptMask
 .text.QuadDec_M1_Cnt16_Init
                0x000027d4       0x80 .\CortexM3\ARM_GCC_541\Debug\CS301_Class.a(QuadDec_M1_Cnt16.o)
                0x000027d4                QuadDec_M1_Cnt16_Init
 .text.QuadDec_M1_Cnt16_Enable
                0x00002854       0x20 .\CortexM3\ARM_GCC_541\Debug\CS301_Class.a(QuadDec_M1_Cnt16.o)
                0x00002854                QuadDec_M1_Cnt16_Enable
 .text.QuadDec_M1_Cnt16_Start
                0x00002874       0x24 .\CortexM3\ARM_GCC_541\Debug\CS301_Class.a(QuadDec_M1_Cnt16.o)
                0x00002874                QuadDec_M1_Cnt16_Start
 .text.QuadDec_M1_Cnt16_SetInterruptMode
                0x00002898       0x20 .\CortexM3\ARM_GCC_541\Debug\CS301_Class.a(QuadDec_M1_Cnt16.o)
                0x00002898                QuadDec_M1_Cnt16_SetInterruptMode
 .text.QuadDec_M1_Cnt16_ReadStatusRegister
                0x000028b8       0x18 .\CortexM3\ARM_GCC_541\Debug\CS301_Class.a(QuadDec_M1_Cnt16.o)
                0x000028b8                QuadDec_M1_Cnt16_ReadStatusRegister
 .text.QuadDec_M1_Cnt16_WriteCounter
                0x000028d0       0x20 .\CortexM3\ARM_GCC_541\Debug\CS301_Class.a(QuadDec_M1_Cnt16.o)
                0x000028d0                QuadDec_M1_Cnt16_WriteCounter
 .text.QuadDec_M1_Cnt16_ReadCounter
                0x000028f0       0x20 .\CortexM3\ARM_GCC_541\Debug\CS301_Class.a(QuadDec_M1_Cnt16.o)
                0x000028f0                QuadDec_M1_Cnt16_ReadCounter
 .text.QuadDec_M1_Cnt16_ReadCapture
                0x00002910       0x18 .\CortexM3\ARM_GCC_541\Debug\CS301_Class.a(QuadDec_M1_Cnt16.o)
                0x00002910                QuadDec_M1_Cnt16_ReadCapture
 .text.QuadDec_M1_Cnt16_WritePeriod
                0x00002928       0x20 .\CortexM3\ARM_GCC_541\Debug\CS301_Class.a(QuadDec_M1_Cnt16.o)
                0x00002928                QuadDec_M1_Cnt16_WritePeriod
 .text.QuadDec_M1_Cnt16_WriteCompare
                0x00002948       0x20 .\CortexM3\ARM_GCC_541\Debug\CS301_Class.a(QuadDec_M1_Cnt16.o)
                0x00002948                QuadDec_M1_Cnt16_WriteCompare
 .text.QuadDec_M1_Cnt16_ClearFIFO
                0x00002968       0x1c .\CortexM3\ARM_GCC_541\Debug\CS301_Class.a(QuadDec_M1_Cnt16.o)
                0x00002968                QuadDec_M1_Cnt16_ClearFIFO
 .text.QuadDec_M2_Cnt16_Init
                0x00002984       0x80 .\CortexM3\ARM_GCC_541\Debug\CS301_Class.a(QuadDec_M2_Cnt16.o)
                0x00002984                QuadDec_M2_Cnt16_Init
 .text.QuadDec_M2_Cnt16_Enable
                0x00002a04       0x20 .\CortexM3\ARM_GCC_541\Debug\CS301_Class.a(QuadDec_M2_Cnt16.o)
                0x00002a04                QuadDec_M2_Cnt16_Enable
 .text.QuadDec_M2_Cnt16_Start
                0x00002a24       0x24 .\CortexM3\ARM_GCC_541\Debug\CS301_Class.a(QuadDec_M2_Cnt16.o)
                0x00002a24                QuadDec_M2_Cnt16_Start
 .text.QuadDec_M2_Cnt16_SetInterruptMode
                0x00002a48       0x20 .\CortexM3\ARM_GCC_541\Debug\CS301_Class.a(QuadDec_M2_Cnt16.o)
                0x00002a48                QuadDec_M2_Cnt16_SetInterruptMode
 .text.QuadDec_M2_Cnt16_ReadStatusRegister
                0x00002a68       0x18 .\CortexM3\ARM_GCC_541\Debug\CS301_Class.a(QuadDec_M2_Cnt16.o)
                0x00002a68                QuadDec_M2_Cnt16_ReadStatusRegister
 .text.QuadDec_M2_Cnt16_WriteCounter
                0x00002a80       0x20 .\CortexM3\ARM_GCC_541\Debug\CS301_Class.a(QuadDec_M2_Cnt16.o)
                0x00002a80                QuadDec_M2_Cnt16_WriteCounter
 .text.QuadDec_M2_Cnt16_ReadCounter
                0x00002aa0       0x20 .\CortexM3\ARM_GCC_541\Debug\CS301_Class.a(QuadDec_M2_Cnt16.o)
                0x00002aa0                QuadDec_M2_Cnt16_ReadCounter
 .text.QuadDec_M2_Cnt16_ReadCapture
                0x00002ac0       0x18 .\CortexM3\ARM_GCC_541\Debug\CS301_Class.a(QuadDec_M2_Cnt16.o)
                0x00002ac0                QuadDec_M2_Cnt16_ReadCapture
 .text.QuadDec_M2_Cnt16_WritePeriod
                0x00002ad8       0x20 .\CortexM3\ARM_GCC_541\Debug\CS301_Class.a(QuadDec_M2_Cnt16.o)
                0x00002ad8                QuadDec_M2_Cnt16_WritePeriod
 .text.QuadDec_M2_Cnt16_WriteCompare
                0x00002af8       0x20 .\CortexM3\ARM_GCC_541\Debug\CS301_Class.a(QuadDec_M2_Cnt16.o)
                0x00002af8                QuadDec_M2_Cnt16_WriteCompare
 .text.QuadDec_M2_Cnt16_ClearFIFO
                0x00002b18       0x1c .\CortexM3\ARM_GCC_541\Debug\CS301_Class.a(QuadDec_M2_Cnt16.o)
                0x00002b18                QuadDec_M2_Cnt16_ClearFIFO
 .text.isr_1_StartEx
                0x00002b34       0x24 .\CortexM3\ARM_GCC_541\Debug\CS301_Class.a(isr_1.o)
                0x00002b34                isr_1_StartEx
 .text.isr_1_SetVector
                0x00002b58       0x24 .\CortexM3\ARM_GCC_541\Debug\CS301_Class.a(isr_1.o)
                0x00002b58                isr_1_SetVector
 .text.isr_1_SetPriority
                0x00002b7c       0x24 .\CortexM3\ARM_GCC_541\Debug\CS301_Class.a(isr_1.o)
                0x00002b7c                isr_1_SetPriority
 .text.isr_1_Enable
                0x00002ba0       0x18 .\CortexM3\ARM_GCC_541\Debug\CS301_Class.a(isr_1.o)
                0x00002ba0                isr_1_Enable
 .text.isr_1_Disable
                0x00002bb8       0x18 .\CortexM3\ARM_GCC_541\Debug\CS301_Class.a(isr_1.o)
                0x00002bb8                isr_1_Disable
 .text.Output_3_Read
                0x00002bd0       0x20 .\CortexM3\ARM_GCC_541\Debug\CS301_Class.a(Output_3.o)
                0x00002bd0                Output_3_Read
 .text.Output_4_Read
                0x00002bf0       0x20 .\CortexM3\ARM_GCC_541\Debug\CS301_Class.a(Output_4.o)
                0x00002bf0                Output_4_Read
 .text.Output_5_Read
                0x00002c10       0x20 .\CortexM3\ARM_GCC_541\Debug\CS301_Class.a(Output_5.o)
                0x00002c10                Output_5_Read
 .text.Output_6_Read
                0x00002c30       0x1c .\CortexM3\ARM_GCC_541\Debug\CS301_Class.a(Output_6.o)
                0x00002c30                Output_6_Read
 *fill*         0x00002c4c        0x4 
 .text          0x00002c50       0x20 .\CortexM3\ARM_GCC_541\Debug\CS301_Class.a(CyBootAsmGnu.o)
                0x00002c50                CyDelayCycles
                0x00002c60                CyEnterCriticalSection
                0x00002c68                CyExitCriticalSection
 .text          0x00002c70      0x370 c:/program files (x86)/cypress/psoc creator/4.4/psoc creator/import/gnu/arm/5.4.1/bin/../lib/gcc/arm-none-eabi/5.4.1/armv7-m\libgcc.a(_arm_addsubdf3.o)
                0x00002c70                __aeabi_drsub
                0x00002c78                __aeabi_dsub
                0x00002c78                __subdf3
                0x00002c7c                __aeabi_dadd
                0x00002c7c                __adddf3
                0x00002ef4                __floatunsidf
                0x00002ef4                __aeabi_ui2d
                0x00002f14                __floatsidf
                0x00002f14                __aeabi_i2d
                0x00002f38                __aeabi_f2d
                0x00002f38                __extendsfdf2
                0x00002f74                __floatundidf
                0x00002f74                __aeabi_ul2d
                0x00002f84                __floatdidf
                0x00002f84                __aeabi_l2d
 .text          0x00002fe0      0x424 c:/program files (x86)/cypress/psoc creator/4.4/psoc creator/import/gnu/arm/5.4.1/bin/../lib/gcc/arm-none-eabi/5.4.1/armv7-m\libgcc.a(_arm_muldivdf3.o)
                0x00002fe0                __aeabi_dmul
                0x00002fe0                __muldf3
                0x00003234                __divdf3
                0x00003234                __aeabi_ddiv
 .text          0x00003404       0x50 c:/program files (x86)/cypress/psoc creator/4.4/psoc creator/import/gnu/arm/5.4.1/bin/../lib/gcc/arm-none-eabi/5.4.1/armv7-m\libgcc.a(_arm_fixdfsi.o)
                0x00003404                __aeabi_d2iz
                0x00003404                __fixdfsi
 .text.__errno  0x00003454        0xc c:/program files (x86)/cypress/psoc creator/4.4/psoc creator/import/gnu/arm/5.4.1/bin/../lib/gcc/arm-none-eabi/5.4.1/../../../../arm-none-eabi/lib/armv7-m\libg_nano.a(lib_a-errno.o)
                0x00003454                __errno
 .text.__libc_init_array
                0x00003460       0x4c c:/program files (x86)/cypress/psoc creator/4.4/psoc creator/import/gnu/arm/5.4.1/bin/../lib/gcc/arm-none-eabi/5.4.1/../../../../arm-none-eabi/lib/armv7-m\libg_nano.a(lib_a-init.o)
                0x00003460                __libc_init_array
 .text.memcpy   0x000034ac       0x16 c:/program files (x86)/cypress/psoc creator/4.4/psoc creator/import/gnu/arm/5.4.1/bin/../lib/gcc/arm-none-eabi/5.4.1/../../../../arm-none-eabi/lib/armv7-m\libg_nano.a(lib_a-memcpy-stub.o)
                0x000034ac                memcpy
 .text.memset   0x000034c2       0x10 c:/program files (x86)/cypress/psoc creator/4.4/psoc creator/import/gnu/arm/5.4.1/bin/../lib/gcc/arm-none-eabi/5.4.1/../../../../arm-none-eabi/lib/armv7-m\libg_nano.a(lib_a-memset.o)
                0x000034c2                memset
 *(.plt)
 *(.gnu.warning)
 *(.glue_7t)
 .glue_7t       0x000034d2        0x0 linker stubs
 *(.glue_7)
 .glue_7        0x000034d2        0x0 linker stubs
 *(.vfp11_veneer)
 .vfp11_veneer  0x000034d2        0x0 linker stubs
 *(.bootloader)
 *(.ARM.extab* .gnu.linkonce.armextab.*)
 *(.gcc_except_table)

.v4_bx          0x000034d4        0x0
 .v4_bx         0x000034d4        0x0 linker stubs

.iplt           0x000034d4        0x0
 .iplt          0x000034d4        0x0 c:/program files (x86)/cypress/psoc creator/4.4/psoc creator/import/gnu/arm/5.4.1/bin/../lib/gcc/arm-none-eabi/5.4.1/armv7-m/crtbegin.o

.eh_frame_hdr
 *(.eh_frame_hdr)

.eh_frame       0x000034d4        0x4
 *(.eh_frame)
 .eh_frame      0x000034d4        0x0 c:/program files (x86)/cypress/psoc creator/4.4/psoc creator/import/gnu/arm/5.4.1/bin/../lib/gcc/arm-none-eabi/5.4.1/armv7-m/crtbegin.o
 .eh_frame      0x000034d4        0x4 c:/program files (x86)/cypress/psoc creator/4.4/psoc creator/import/gnu/arm/5.4.1/bin/../lib/gcc/arm-none-eabi/5.4.1/armv7-m/crtend.o
                [!provide]                PROVIDE (__exidx_start, .)

.ARM.exidx
 *(.ARM.exidx* .gnu.linkonce.armexidx.*)
                0x000034d8                __exidx_end = .

.rodata         0x000034d8       0x80
 *(.rodata .rodata.* .gnu.linkonce.r.*)
 .rodata        0x000034d8       0x20 .\CortexM3\ARM_GCC_541\Debug\map_to_instructions.o
 .rodata        0x000034f8       0x2a .\CortexM3\ARM_GCC_541\Debug\cyfitter_cfg.o
 .rodata.str1.1
                0x00003522        0x2 c:/program files (x86)/cypress/psoc creator/4.4/psoc creator/import/gnu/arm/5.4.1/bin/../lib/gcc/arm-none-eabi/5.4.1/../../../../arm-none-eabi/lib/armv7-m\libg_nano.a(lib_a-impure.o)
                0x00003524                . = ALIGN (0x4)
 *(.init)
 .init          0x00003524        0x4 c:/program files (x86)/cypress/psoc creator/4.4/psoc creator/import/gnu/arm/5.4.1/bin/../lib/gcc/arm-none-eabi/5.4.1/armv7-m/crti.o
                0x00003524                _init
 .init          0x00003528        0x8 c:/program files (x86)/cypress/psoc creator/4.4/psoc creator/import/gnu/arm/5.4.1/bin/../lib/gcc/arm-none-eabi/5.4.1/armv7-m/crtn.o
                0x00003530                . = ALIGN (0x4)
                0x00003530                __preinit_array_start = .
 *(.preinit_array)
                0x00003530                __preinit_array_end = .
                0x00003530                . = ALIGN (0x4)
                0x00003530                __init_array_start = .
 *(SORT(.init_array.*))
 *(.init_array)
 .init_array    0x00003530        0x4 c:/program files (x86)/cypress/psoc creator/4.4/psoc creator/import/gnu/arm/5.4.1/bin/../lib/gcc/arm-none-eabi/5.4.1/armv7-m/crtbegin.o
 .init_array    0x00003534        0x4 .\CortexM3\ARM_GCC_541\Debug\Cm3Start.o
                0x00003538                __init_array_end = .
                0x00003538                . = ALIGN (0x4)
 *(.fini)
 .fini          0x00003538        0x4 c:/program files (x86)/cypress/psoc creator/4.4/psoc creator/import/gnu/arm/5.4.1/bin/../lib/gcc/arm-none-eabi/5.4.1/armv7-m/crti.o
                0x00003538                _fini
 .fini          0x0000353c        0x8 c:/program files (x86)/cypress/psoc creator/4.4/psoc creator/import/gnu/arm/5.4.1/bin/../lib/gcc/arm-none-eabi/5.4.1/armv7-m/crtn.o
                0x00003544                . = ALIGN (0x4)
                0x00003544                __fini_array_start = .
 *(.fini_array)
 .fini_array    0x00003544        0x4 c:/program files (x86)/cypress/psoc creator/4.4/psoc creator/import/gnu/arm/5.4.1/bin/../lib/gcc/arm-none-eabi/5.4.1/armv7-m/crtbegin.o
 *(SORT(.fini_array.*))
                0x00003548                __fini_array_end = .
                0x00003548                . = ALIGN (0x4)
 *crtbegin.o(.ctors)
 *(EXCLUDE_FILE(*crtend.o) .ctors)
 *(SORT(.ctors.*))
 *crtend.o(.ctors)
                0x00003548                . = ALIGN (0x4)
 *crtbegin.o(.dtors)
 *(EXCLUDE_FILE(*crtend.o) .dtors)
 *(SORT(.dtors.*))
 *crtend.o(.dtors)
                0x00003548                . = ALIGN (0x4)
                0x00003548                __cy_regions = .
                0x00003548        0x4 LONG 0x3558 __cy_region_init_ram
                0x0000354c        0x4 LONG 0x1fff80c8 __cy_region_start_data
                0x00003550        0x4 LONG 0x1b0 __cy_region_init_size_ram
                0x00003554        0x4 LONG 0x48 __cy_region_zero_size_ram
                0x00003558                __cy_regions_end = .
                0x00003558                . = ALIGN (0x8)
                0x00003558                _etext = .

.cy_checksum_exclude
                0x00003558        0x0
 *(.cy_checksum_exclude)

.ramvectors     0x1fff8000       0xc0
                0x1fff8000                __cy_region_start_ram = .
 *(.ramvectors)
 .ramvectors    0x1fff8000       0xc0 .\CortexM3\ARM_GCC_541\Debug\Cm3Start.o
                0x1fff8000                CyRamVectors

.noinit         0x1fff80c0        0x5
 *(.noinit)
 .noinit        0x1fff80c0        0x4 .\CortexM3\ARM_GCC_541\Debug\Cm3Start.o
 .noinit        0x1fff80c4        0x1 .\CortexM3\ARM_GCC_541\Debug\CS301_Class.a(CyLib.o)
                0x1fff80c4                CyResetStatus

.data           0x1fff80c8      0x1b0 load address 0x00003558
                0x1fff80c8                __cy_region_start_data = .
 *(.jcr)
 .jcr           0x1fff80c8        0x0 c:/program files (x86)/cypress/psoc creator/4.4/psoc creator/import/gnu/arm/5.4.1/bin/../lib/gcc/arm-none-eabi/5.4.1/armv7-m/crtbegin.o
 .jcr           0x1fff80c8        0x4 c:/program files (x86)/cypress/psoc creator/4.4/psoc creator/import/gnu/arm/5.4.1/bin/../lib/gcc/arm-none-eabi/5.4.1/armv7-m/crtend.o
 *(.got.plt)
 *(.got)
 *(.shdata)
 *(.data .data.* .gnu.linkonce.d.*)
 .data          0x1fff80cc        0x6 .\CortexM3\ARM_GCC_541\Debug\MOVEMENT.o
                0x1fff80cc                left_pwm
                0x1fff80cd                right_pwm
                0x1fff80ce                drift_left_pwm
                0x1fff80cf                drift_right_pwm
                0x1fff80d0                adjust_left_pwm
                0x1fff80d1                adjust_right_pwm
 *fill*         0x1fff80d2        0x2 
 .data          0x1fff80d4      0x12e .\CortexM3\ARM_GCC_541\Debug\map_to_instructions.o
                0x1fff80d4                map
                0x1fff81f4                start_pos
                0x1fff81f8                food_list
 *fill*         0x1fff8202        0x2 
 .data          0x1fff8204       0x10 .\CortexM3\ARM_GCC_541\Debug\CS301_Class.a(CyLib.o)
                0x1fff8204                cydelay_freq_hz
                0x1fff8208                cydelay_freq_khz
                0x1fff820c                cydelay_freq_mhz
                0x1fff8210                cydelay_32k_ms
 .data.impure_data
                0x1fff8214       0x60 c:/program files (x86)/cypress/psoc creator/4.4/psoc creator/import/gnu/arm/5.4.1/bin/../lib/gcc/arm-none-eabi/5.4.1/../../../../arm-none-eabi/lib/armv7-m\libg_nano.a(lib_a-impure.o)
 .data._impure_ptr
                0x1fff8274        0x4 c:/program files (x86)/cypress/psoc creator/4.4/psoc creator/import/gnu/arm/5.4.1/bin/../lib/gcc/arm-none-eabi/5.4.1/../../../../arm-none-eabi/lib/armv7-m\libg_nano.a(lib_a-impure.o)
                0x1fff8274                _impure_ptr
                0x1fff8278                . = ALIGN (0x8)
 *(.ram)
                0x1fff8278                _edata = .

.igot.plt       0x1fff8278        0x0 load address 0x00003708
 .igot.plt      0x1fff8278        0x0 c:/program files (x86)/cypress/psoc creator/4.4/psoc creator/import/gnu/arm/5.4.1/bin/../lib/gcc/arm-none-eabi/5.4.1/armv7-m/crtbegin.o

.bss            0x1fff8278       0x48 load address 0x00003708
                0x1fff8278                PROVIDE (__bss_start__, .)
 *(.shbss)
 *(.bss .bss.* .gnu.linkonce.b.*)
 .bss           0x1fff8278       0x1c c:/program files (x86)/cypress/psoc creator/4.4/psoc creator/import/gnu/arm/5.4.1/bin/../lib/gcc/arm-none-eabi/5.4.1/armv7-m/crtbegin.o
 .bss           0x1fff8294       0x18 .\CortexM3\ARM_GCC_541\Debug\main.o
                0x1fff8294                ts
                0x1fff8296                ts_enc
                0x1fff8298                ts_update
                0x1fff829a                ts_speed
                0x1fff829c                ts_display
                0x1fff829e                flag_ts_enc
                0x1fff829f                flag_ts_update
                0x1fff82a0                flag_ts_speed
                0x1fff82a1                flag_ts_display
                0x1fff82a2                flag_rx
                0x1fff82a3                flag_packet
                0x1fff82a4                flag_KB_string
                0x1fff82a5                dataready_flag
                0x1fff82aa                timer_flag
                0x1fff82ab                food_index
 .bss           0x1fff82ac        0xc .\CortexM3\ARM_GCC_541\Debug\MOVEMENT.o
                0x1fff82b0                last_drift
 .bss           0x1fff82b8        0x1 .\CortexM3\ARM_GCC_541\Debug\CS301_Class.a(Timer_TS.o)
                0x1fff82b8                Timer_TS_initVar
 .bss           0x1fff82b9        0x1 .\CortexM3\ARM_GCC_541\Debug\CS301_Class.a(PWM_1.o)
                0x1fff82b9                PWM_1_initVar
 .bss           0x1fff82ba        0x1 .\CortexM3\ARM_GCC_541\Debug\CS301_Class.a(PWM_2.o)
                0x1fff82ba                PWM_2_initVar
 .bss           0x1fff82bb        0x1 .\CortexM3\ARM_GCC_541\Debug\CS301_Class.a(QuadDec_M1.o)
                0x1fff82bb                QuadDec_M1_initVar
 .bss           0x1fff82bc        0x1 .\CortexM3\ARM_GCC_541\Debug\CS301_Class.a(QuadDec_M2.o)
                0x1fff82bc                QuadDec_M2_initVar
 .bss           0x1fff82bd        0x1 .\CortexM3\ARM_GCC_541\Debug\CS301_Class.a(QuadDec_M1_Cnt16.o)
                0x1fff82bd                QuadDec_M1_Cnt16_initVar
 .bss           0x1fff82be        0x1 .\CortexM3\ARM_GCC_541\Debug\CS301_Class.a(QuadDec_M2_Cnt16.o)
                0x1fff82be                QuadDec_M2_Cnt16_initVar
 *(COMMON)
                0x1fff82c0                . = ALIGN (0x8)
 *fill*         0x1fff82bf        0x1 
 *(.ram.b)
                0x1fff82c0                _end = .
                0x1fff82c0                __end = .
                0x1fff82c0                PROVIDE (end, .)
                0x1fff82c0                PROVIDE (__bss_end__, .)
                0x00003558                __cy_region_init_ram = LOADADDR (.data)
                0x000001b0                __cy_region_init_size_ram = (_edata - ADDR (.data))
                0x00000048                __cy_region_zero_size_ram = (_end - _edata)

.heap           0x1fff82c0       0x80 load address 0x00003708
                0x1fff82c0                . = _end
                0x1fff8340                . = (. + 0x80)
 *fill*         0x1fff82c0       0x80 
                0x1fff8340                __cy_heap_limit = .

.stack          0x20007800      0x800
                0x20007800                __cy_stack_limit = .
                0x20008000                . = (. + 0x800)
 *fill*         0x20007800      0x800 
                0x00000001                ASSERT ((__cy_stack_limit >= __cy_heap_limit), region RAM overflowed with stack)
                0x00000000                cy_checksum_exclude_size = (CY_APPL_LOADABLE == 0x1)?SIZEOF (.cy_checksum_exclude):0x0
                0x00000001                ASSERT ((cy_checksum_exclude_size <= CY_CHECKSUM_EXCLUDE_SIZE), CY_BOOT: Section .cy_checksum_exclude size exceedes specified limit.)

.cyloadermeta
 *(.cyloadermeta)

.cyloadablemeta
 *(.cyloadablemeta)

.cyconfigecc    0x80000000      0xb74
 *(.cyconfigecc)
 .cyconfigecc   0x80000000      0xb74 .\CortexM3\ARM_GCC_541\Debug\cymetadata.o
                0x80000000                cy_meta_configecc

.cycustnvl      0x90000000        0x4
 *(.cycustnvl)
 .cycustnvl     0x90000000        0x4 .\CortexM3\ARM_GCC_541\Debug\cymetadata.o
                0x90000000                cy_meta_custnvl

.cywolatch      0x90100000        0x4
 *(.cywolatch)
 .cywolatch     0x90100000        0x4 .\CortexM3\ARM_GCC_541\Debug\cymetadata.o
                0x90100000                cy_meta_wonvl

.cyeeprom       0x90200000        0x0
 *(.cyeeprom)
                0x00000001                ASSERT ((. <= ((0x90200000 + ee_offset) + ee_size)), .cyeeprom data will not fit in EEPROM)

.cyflashprotect
                0x90400000      0x100
 *(.cyflashprotect)
 .cyflashprotect
                0x90400000      0x100 .\CortexM3\ARM_GCC_541\Debug\cymetadata.o
                0x90400000                cy_meta_flashprotect

.cymeta         0x90500000        0xc
 *(.cymeta)
 .cymeta        0x90500000        0xc .\CortexM3\ARM_GCC_541\Debug\cymetadata.o
                0x90500000                cy_metadata

.rel.dyn        0x00003708        0x0 load address 0x9050000c
 .rel.iplt      0x00003708        0x0 c:/program files (x86)/cypress/psoc creator/4.4/psoc creator/import/gnu/arm/5.4.1/bin/../lib/gcc/arm-none-eabi/5.4.1/armv7-m/crtbegin.o

.stab
 *(.stab)

.stabstr
 *(.stabstr)

.debug
 *(.debug)

.line
 *(.line)

.debug_srcinfo
 *(.debug_srcinfo)

.debug_sfnames
 *(.debug_sfnames)

.debug_aranges  0x00000000      0xca0
 *(.debug_aranges)
 .debug_aranges
                0x00000000       0x48 .\CortexM3\ARM_GCC_541\Debug\main.o
 .debug_aranges
                0x00000048       0x28 .\CortexM3\ARM_GCC_541\Debug\tacho.o
 .debug_aranges
                0x00000070       0x20 .\CortexM3\ARM_GCC_541\Debug\SENSORS_READ.o
 .debug_aranges
                0x00000090       0x88 .\CortexM3\ARM_GCC_541\Debug\MOVEMENT.o
 .debug_aranges
                0x00000118       0x50 .\CortexM3\ARM_GCC_541\Debug\map_to_instructions.o
 .debug_aranges
                0x00000168       0x60 .\CortexM3\ARM_GCC_541\Debug\cyfitter_cfg.o
 .debug_aranges
                0x000001c8       0x18 .\CortexM3\ARM_GCC_541\Debug\cymetadata.o
 .debug_aranges
                0x000001e0       0x48 .\CortexM3\ARM_GCC_541\Debug\Cm3Start.o
 .debug_aranges
                0x00000228       0x88 .\CortexM3\ARM_GCC_541\Debug\CS301_Class.a(Timer_TS.o)
 .debug_aranges
                0x000002b0      0x2a0 .\CortexM3\ARM_GCC_541\Debug\CS301_Class.a(CyLib.o)
 .debug_aranges
                0x00000550       0x98 .\CortexM3\ARM_GCC_541\Debug\CS301_Class.a(cyPm.o)
 .debug_aranges
                0x000005e8       0x78 .\CortexM3\ARM_GCC_541\Debug\CS301_Class.a(PWM_1.o)
 .debug_aranges
                0x00000660       0x78 .\CortexM3\ARM_GCC_541\Debug\CS301_Class.a(PWM_2.o)
 .debug_aranges
                0x000006d8       0x60 .\CortexM3\ARM_GCC_541\Debug\CS301_Class.a(QuadDec_M1.o)
 .debug_aranges
                0x00000738       0x60 .\CortexM3\ARM_GCC_541\Debug\CS301_Class.a(QuadDec_M2.o)
 .debug_aranges
                0x00000798       0x98 .\CortexM3\ARM_GCC_541\Debug\CS301_Class.a(QuadDec_M1_Cnt16.o)
 .debug_aranges
                0x00000830       0x98 .\CortexM3\ARM_GCC_541\Debug\CS301_Class.a(QuadDec_M2_Cnt16.o)
 .debug_aranges
                0x000008c8       0x80 .\CortexM3\ARM_GCC_541\Debug\CS301_Class.a(isr_1.o)
 .debug_aranges
                0x00000948       0x38 .\CortexM3\ARM_GCC_541\Debug\CS301_Class.a(Output_3.o)
 .debug_aranges
                0x00000980       0x38 .\CortexM3\ARM_GCC_541\Debug\CS301_Class.a(Output_4.o)
 .debug_aranges
                0x000009b8       0x38 .\CortexM3\ARM_GCC_541\Debug\CS301_Class.a(Output_5.o)
 .debug_aranges
                0x000009f0       0x38 .\CortexM3\ARM_GCC_541\Debug\CS301_Class.a(Output_6.o)
 .debug_aranges
                0x00000a28       0x38 .\CortexM3\ARM_GCC_541\Debug\CS301_Class.a(LED1.o)
 .debug_aranges
                0x00000a60       0x38 .\CortexM3\ARM_GCC_541\Debug\CS301_Class.a(LED2.o)
 .debug_aranges
                0x00000a98       0x38 .\CortexM3\ARM_GCC_541\Debug\CS301_Class.a(LED3.o)
 .debug_aranges
                0x00000ad0       0x38 .\CortexM3\ARM_GCC_541\Debug\CS301_Class.a(LED4.o)
 .debug_aranges
                0x00000b08       0x38 .\CortexM3\ARM_GCC_541\Debug\CS301_Class.a(LED5.o)
 .debug_aranges
                0x00000b40       0x38 .\CortexM3\ARM_GCC_541\Debug\CS301_Class.a(LED6.o)
 .debug_aranges
                0x00000b78       0x20 .\CortexM3\ARM_GCC_541\Debug\CS301_Class.a(CyBootAsmGnu.o)
 .debug_aranges
                0x00000b98       0x88 .\CortexM3\ARM_GCC_541\Debug\CS301_Class.a(CyFlash.o)
 .debug_aranges
                0x00000c20       0x80 .\CortexM3\ARM_GCC_541\Debug\CS301_Class.a(CySpc.o)

.debug_pubnames
 *(.debug_pubnames)

.debug_info     0x00000000     0x5a2e
 *(.debug_info .gnu.linkonce.wi.*)
 .debug_info    0x00000000      0x549 .\CortexM3\ARM_GCC_541\Debug\main.o
 .debug_info    0x00000549      0x14e .\CortexM3\ARM_GCC_541\Debug\tacho.o
 .debug_info    0x00000697      0x190 .\CortexM3\ARM_GCC_541\Debug\SENSORS_READ.o
 .debug_info    0x00000827      0x58e .\CortexM3\ARM_GCC_541\Debug\MOVEMENT.o
 .debug_info    0x00000db5      0xa4f .\CortexM3\ARM_GCC_541\Debug\map_to_instructions.o
 .debug_info    0x00001804      0x3ab .\CortexM3\ARM_GCC_541\Debug\cyfitter_cfg.o
 .debug_info    0x00001baf      0x139 .\CortexM3\ARM_GCC_541\Debug\cymetadata.o
 .debug_info    0x00001ce8      0x32b .\CortexM3\ARM_GCC_541\Debug\Cm3Start.o
 .debug_info    0x00002013      0x245 .\CortexM3\ARM_GCC_541\Debug\CS301_Class.a(Timer_TS.o)
 .debug_info    0x00002258      0xe51 .\CortexM3\ARM_GCC_541\Debug\CS301_Class.a(CyLib.o)
 .debug_info    0x000030a9      0x57a .\CortexM3\ARM_GCC_541\Debug\CS301_Class.a(cyPm.o)
 .debug_info    0x00003623      0x235 .\CortexM3\ARM_GCC_541\Debug\CS301_Class.a(PWM_1.o)
 .debug_info    0x00003858      0x235 .\CortexM3\ARM_GCC_541\Debug\CS301_Class.a(PWM_2.o)
 .debug_info    0x00003a8d      0x208 .\CortexM3\ARM_GCC_541\Debug\CS301_Class.a(QuadDec_M1.o)
 .debug_info    0x00003c95      0x208 .\CortexM3\ARM_GCC_541\Debug\CS301_Class.a(QuadDec_M2.o)
 .debug_info    0x00003e9d      0x291 .\CortexM3\ARM_GCC_541\Debug\CS301_Class.a(QuadDec_M1_Cnt16.o)
 .debug_info    0x0000412e      0x291 .\CortexM3\ARM_GCC_541\Debug\CS301_Class.a(QuadDec_M2_Cnt16.o)
 .debug_info    0x000043bf      0x241 .\CortexM3\ARM_GCC_541\Debug\CS301_Class.a(isr_1.o)
 .debug_info    0x00004600      0x11e .\CortexM3\ARM_GCC_541\Debug\CS301_Class.a(Output_3.o)
 .debug_info    0x0000471e      0x11e .\CortexM3\ARM_GCC_541\Debug\CS301_Class.a(Output_4.o)
 .debug_info    0x0000483c      0x11e .\CortexM3\ARM_GCC_541\Debug\CS301_Class.a(Output_5.o)
 .debug_info    0x0000495a      0x11e .\CortexM3\ARM_GCC_541\Debug\CS301_Class.a(Output_6.o)
 .debug_info    0x00004a78      0x11e .\CortexM3\ARM_GCC_541\Debug\CS301_Class.a(LED1.o)
 .debug_info    0x00004b96      0x11e .\CortexM3\ARM_GCC_541\Debug\CS301_Class.a(LED2.o)
 .debug_info    0x00004cb4      0x11e .\CortexM3\ARM_GCC_541\Debug\CS301_Class.a(LED3.o)
 .debug_info    0x00004dd2      0x11e .\CortexM3\ARM_GCC_541\Debug\CS301_Class.a(LED4.o)
 .debug_info    0x00004ef0      0x11e .\CortexM3\ARM_GCC_541\Debug\CS301_Class.a(LED5.o)
 .debug_info    0x0000500e      0x11e .\CortexM3\ARM_GCC_541\Debug\CS301_Class.a(LED6.o)
 .debug_info    0x0000512c       0x89 .\CortexM3\ARM_GCC_541\Debug\CS301_Class.a(CyBootAsmGnu.o)
 .debug_info    0x000051b5      0x3b9 .\CortexM3\ARM_GCC_541\Debug\CS301_Class.a(CyFlash.o)
 .debug_info    0x0000556e      0x4c0 .\CortexM3\ARM_GCC_541\Debug\CS301_Class.a(CySpc.o)

.debug_abbrev   0x00000000     0x1f1b
 *(.debug_abbrev)
 .debug_abbrev  0x00000000      0x17f .\CortexM3\ARM_GCC_541\Debug\main.o
 .debug_abbrev  0x0000017f       0x96 .\CortexM3\ARM_GCC_541\Debug\tacho.o
 .debug_abbrev  0x00000215       0xbf .\CortexM3\ARM_GCC_541\Debug\SENSORS_READ.o
 .debug_abbrev  0x000002d4      0x176 .\CortexM3\ARM_GCC_541\Debug\MOVEMENT.o
 .debug_abbrev  0x0000044a      0x1c5 .\CortexM3\ARM_GCC_541\Debug\map_to_instructions.o
 .debug_abbrev  0x0000060f      0x19d .\CortexM3\ARM_GCC_541\Debug\cyfitter_cfg.o
 .debug_abbrev  0x000007ac       0x77 .\CortexM3\ARM_GCC_541\Debug\cymetadata.o
 .debug_abbrev  0x00000823      0x1d6 .\CortexM3\ARM_GCC_541\Debug\Cm3Start.o
 .debug_abbrev  0x000009f9       0xe9 .\CortexM3\ARM_GCC_541\Debug\CS301_Class.a(Timer_TS.o)
 .debug_abbrev  0x00000ae2      0x217 .\CortexM3\ARM_GCC_541\Debug\CS301_Class.a(CyLib.o)
 .debug_abbrev  0x00000cf9      0x161 .\CortexM3\ARM_GCC_541\Debug\CS301_Class.a(cyPm.o)
 .debug_abbrev  0x00000e5a      0x116 .\CortexM3\ARM_GCC_541\Debug\CS301_Class.a(PWM_1.o)
 .debug_abbrev  0x00000f70      0x116 .\CortexM3\ARM_GCC_541\Debug\CS301_Class.a(PWM_2.o)
 .debug_abbrev  0x00001086      0x130 .\CortexM3\ARM_GCC_541\Debug\CS301_Class.a(QuadDec_M1.o)
 .debug_abbrev  0x000011b6      0x130 .\CortexM3\ARM_GCC_541\Debug\CS301_Class.a(QuadDec_M2.o)
 .debug_abbrev  0x000012e6      0x12c .\CortexM3\ARM_GCC_541\Debug\CS301_Class.a(QuadDec_M1_Cnt16.o)
 .debug_abbrev  0x00001412      0x12c .\CortexM3\ARM_GCC_541\Debug\CS301_Class.a(QuadDec_M2_Cnt16.o)
 .debug_abbrev  0x0000153e      0x172 .\CortexM3\ARM_GCC_541\Debug\CS301_Class.a(isr_1.o)
 .debug_abbrev  0x000016b0       0x90 .\CortexM3\ARM_GCC_541\Debug\CS301_Class.a(Output_3.o)
 .debug_abbrev  0x00001740       0x90 .\CortexM3\ARM_GCC_541\Debug\CS301_Class.a(Output_4.o)
 .debug_abbrev  0x000017d0       0x90 .\CortexM3\ARM_GCC_541\Debug\CS301_Class.a(Output_5.o)
 .debug_abbrev  0x00001860       0x90 .\CortexM3\ARM_GCC_541\Debug\CS301_Class.a(Output_6.o)
 .debug_abbrev  0x000018f0       0x90 .\CortexM3\ARM_GCC_541\Debug\CS301_Class.a(LED1.o)
 .debug_abbrev  0x00001980       0x90 .\CortexM3\ARM_GCC_541\Debug\CS301_Class.a(LED2.o)
 .debug_abbrev  0x00001a10       0x90 .\CortexM3\ARM_GCC_541\Debug\CS301_Class.a(LED3.o)
 .debug_abbrev  0x00001aa0       0x90 .\CortexM3\ARM_GCC_541\Debug\CS301_Class.a(LED4.o)
 .debug_abbrev  0x00001b30       0x90 .\CortexM3\ARM_GCC_541\Debug\CS301_Class.a(LED5.o)
 .debug_abbrev  0x00001bc0       0x90 .\CortexM3\ARM_GCC_541\Debug\CS301_Class.a(LED6.o)
 .debug_abbrev  0x00001c50       0x14 .\CortexM3\ARM_GCC_541\Debug\CS301_Class.a(CyBootAsmGnu.o)
 .debug_abbrev  0x00001c64      0x14b .\CortexM3\ARM_GCC_541\Debug\CS301_Class.a(CyFlash.o)
 .debug_abbrev  0x00001daf      0x16c .\CortexM3\ARM_GCC_541\Debug\CS301_Class.a(CySpc.o)

.debug_line     0x00000000     0x3328
 *(.debug_line)
 .debug_line    0x00000000      0x238 .\CortexM3\ARM_GCC_541\Debug\main.o
 .debug_line    0x00000238      0x183 .\CortexM3\ARM_GCC_541\Debug\tacho.o
 .debug_line    0x000003bb      0x1ab .\CortexM3\ARM_GCC_541\Debug\SENSORS_READ.o
 .debug_line    0x00000566      0x3e9 .\CortexM3\ARM_GCC_541\Debug\MOVEMENT.o
 .debug_line    0x0000094f      0x3b6 .\CortexM3\ARM_GCC_541\Debug\map_to_instructions.o
 .debug_line    0x00000d05      0x1f7 .\CortexM3\ARM_GCC_541\Debug\cyfitter_cfg.o
 .debug_line    0x00000efc      0x141 .\CortexM3\ARM_GCC_541\Debug\cymetadata.o
 .debug_line    0x0000103d      0x1dc .\CortexM3\ARM_GCC_541\Debug\Cm3Start.o
 .debug_line    0x00001219      0x160 .\CortexM3\ARM_GCC_541\Debug\CS301_Class.a(Timer_TS.o)
 .debug_line    0x00001379      0x883 .\CortexM3\ARM_GCC_541\Debug\CS301_Class.a(CyLib.o)
 .debug_line    0x00001bfc      0x38e .\CortexM3\ARM_GCC_541\Debug\CS301_Class.a(cyPm.o)
 .debug_line    0x00001f8a      0x140 .\CortexM3\ARM_GCC_541\Debug\CS301_Class.a(PWM_1.o)
 .debug_line    0x000020ca      0x140 .\CortexM3\ARM_GCC_541\Debug\CS301_Class.a(PWM_2.o)
 .debug_line    0x0000220a      0x10a .\CortexM3\ARM_GCC_541\Debug\CS301_Class.a(QuadDec_M1.o)
 .debug_line    0x00002314      0x10a .\CortexM3\ARM_GCC_541\Debug\CS301_Class.a(QuadDec_M2.o)
 .debug_line    0x0000241e      0x18e .\CortexM3\ARM_GCC_541\Debug\CS301_Class.a(QuadDec_M1_Cnt16.o)
 .debug_line    0x000025ac      0x18e .\CortexM3\ARM_GCC_541\Debug\CS301_Class.a(QuadDec_M2_Cnt16.o)
 .debug_line    0x0000273a      0x150 .\CortexM3\ARM_GCC_541\Debug\CS301_Class.a(isr_1.o)
 .debug_line    0x0000288a       0x98 .\CortexM3\ARM_GCC_541\Debug\CS301_Class.a(Output_3.o)
 .debug_line    0x00002922       0x98 .\CortexM3\ARM_GCC_541\Debug\CS301_Class.a(Output_4.o)
 .debug_line    0x000029ba       0x98 .\CortexM3\ARM_GCC_541\Debug\CS301_Class.a(Output_5.o)
 .debug_line    0x00002a52       0x98 .\CortexM3\ARM_GCC_541\Debug\CS301_Class.a(Output_6.o)
 .debug_line    0x00002aea       0x94 .\CortexM3\ARM_GCC_541\Debug\CS301_Class.a(LED1.o)
 .debug_line    0x00002b7e       0x94 .\CortexM3\ARM_GCC_541\Debug\CS301_Class.a(LED2.o)
 .debug_line    0x00002c12       0x94 .\CortexM3\ARM_GCC_541\Debug\CS301_Class.a(LED3.o)
 .debug_line    0x00002ca6       0x94 .\CortexM3\ARM_GCC_541\Debug\CS301_Class.a(LED4.o)
 .debug_line    0x00002d3a       0x94 .\CortexM3\ARM_GCC_541\Debug\CS301_Class.a(LED5.o)
 .debug_line    0x00002dce       0x94 .\CortexM3\ARM_GCC_541\Debug\CS301_Class.a(LED6.o)
 .debug_line    0x00002e62       0x66 .\CortexM3\ARM_GCC_541\Debug\CS301_Class.a(CyBootAsmGnu.o)
 .debug_line    0x00002ec8      0x22f .\CortexM3\ARM_GCC_541\Debug\CS301_Class.a(CyFlash.o)
 .debug_line    0x000030f7      0x231 .\CortexM3\ARM_GCC_541\Debug\CS301_Class.a(CySpc.o)

.debug_frame    0x00000000     0x3014
 *(.debug_frame)
 .debug_frame   0x00000000       0xf0 .\CortexM3\ARM_GCC_541\Debug\main.o
 .debug_frame   0x000000f0       0x60 .\CortexM3\ARM_GCC_541\Debug\tacho.o
 .debug_frame   0x00000150       0x38 .\CortexM3\ARM_GCC_541\Debug\SENSORS_READ.o
 .debug_frame   0x00000188      0x228 .\CortexM3\ARM_GCC_541\Debug\MOVEMENT.o
 .debug_frame   0x000003b0      0x134 .\CortexM3\ARM_GCC_541\Debug\map_to_instructions.o
 .debug_frame   0x000004e4      0x16c .\CortexM3\ARM_GCC_541\Debug\cyfitter_cfg.o
 .debug_frame   0x00000650       0xd8 .\CortexM3\ARM_GCC_541\Debug\Cm3Start.o
 .debug_frame   0x00000728      0x208 .\CortexM3\ARM_GCC_541\Debug\CS301_Class.a(Timer_TS.o)
 .debug_frame   0x00000930      0xc0c .\CortexM3\ARM_GCC_541\Debug\CS301_Class.a(CyLib.o)
 .debug_frame   0x0000153c      0x234 .\CortexM3\ARM_GCC_541\Debug\CS301_Class.a(cyPm.o)
 .debug_frame   0x00001770      0x1d0 .\CortexM3\ARM_GCC_541\Debug\CS301_Class.a(PWM_1.o)
 .debug_frame   0x00001940      0x1d0 .\CortexM3\ARM_GCC_541\Debug\CS301_Class.a(PWM_2.o)
 .debug_frame   0x00001b10      0x160 .\CortexM3\ARM_GCC_541\Debug\CS301_Class.a(QuadDec_M1.o)
 .debug_frame   0x00001c70      0x160 .\CortexM3\ARM_GCC_541\Debug\CS301_Class.a(QuadDec_M2.o)
 .debug_frame   0x00001dd0      0x258 .\CortexM3\ARM_GCC_541\Debug\CS301_Class.a(QuadDec_M1_Cnt16.o)
 .debug_frame   0x00002028      0x258 .\CortexM3\ARM_GCC_541\Debug\CS301_Class.a(QuadDec_M2_Cnt16.o)
 .debug_frame   0x00002280      0x1e8 .\CortexM3\ARM_GCC_541\Debug\CS301_Class.a(isr_1.o)
 .debug_frame   0x00002468       0xa8 .\CortexM3\ARM_GCC_541\Debug\CS301_Class.a(Output_3.o)
 .debug_frame   0x00002510       0xa8 .\CortexM3\ARM_GCC_541\Debug\CS301_Class.a(Output_4.o)
 .debug_frame   0x000025b8       0xa8 .\CortexM3\ARM_GCC_541\Debug\CS301_Class.a(Output_5.o)
 .debug_frame   0x00002660       0xa8 .\CortexM3\ARM_GCC_541\Debug\CS301_Class.a(Output_6.o)
 .debug_frame   0x00002708       0xa8 .\CortexM3\ARM_GCC_541\Debug\CS301_Class.a(LED1.o)
 .debug_frame   0x000027b0       0xa8 .\CortexM3\ARM_GCC_541\Debug\CS301_Class.a(LED2.o)
 .debug_frame   0x00002858       0xa8 .\CortexM3\ARM_GCC_541\Debug\CS301_Class.a(LED3.o)
 .debug_frame   0x00002900       0xa8 .\CortexM3\ARM_GCC_541\Debug\CS301_Class.a(LED4.o)
 .debug_frame   0x000029a8       0xa8 .\CortexM3\ARM_GCC_541\Debug\CS301_Class.a(LED5.o)
 .debug_frame   0x00002a50       0xa8 .\CortexM3\ARM_GCC_541\Debug\CS301_Class.a(LED6.o)
 .debug_frame   0x00002af8      0x238 .\CortexM3\ARM_GCC_541\Debug\CS301_Class.a(CyFlash.o)
 .debug_frame   0x00002d30      0x228 .\CortexM3\ARM_GCC_541\Debug\CS301_Class.a(CySpc.o)
 .debug_frame   0x00002f58       0x20 c:/program files (x86)/cypress/psoc creator/4.4/psoc creator/import/gnu/arm/5.4.1/bin/../lib/gcc/arm-none-eabi/5.4.1/../../../../arm-none-eabi/lib/armv7-m\libg_nano.a(lib_a-errno.o)
 .debug_frame   0x00002f78       0x28 c:/program files (x86)/cypress/psoc creator/4.4/psoc creator/import/gnu/arm/5.4.1/bin/../lib/gcc/arm-none-eabi/5.4.1/../../../../arm-none-eabi/lib/armv7-m\libg_nano.a(lib_a-exit.o)
 .debug_frame   0x00002fa0       0x2c c:/program files (x86)/cypress/psoc creator/4.4/psoc creator/import/gnu/arm/5.4.1/bin/../lib/gcc/arm-none-eabi/5.4.1/../../../../arm-none-eabi/lib/armv7-m\libg_nano.a(lib_a-init.o)
 .debug_frame   0x00002fcc       0x28 c:/program files (x86)/cypress/psoc creator/4.4/psoc creator/import/gnu/arm/5.4.1/bin/../lib/gcc/arm-none-eabi/5.4.1/../../../../arm-none-eabi/lib/armv7-m\libg_nano.a(lib_a-memcpy-stub.o)
 .debug_frame   0x00002ff4       0x20 c:/program files (x86)/cypress/psoc creator/4.4/psoc creator/import/gnu/arm/5.4.1/bin/../lib/gcc/arm-none-eabi/5.4.1/../../../../arm-none-eabi/lib/armv7-m\libg_nano.a(lib_a-memset.o)

.debug_str      0x00000000     0x27e7
 *(.debug_str)
 .debug_str     0x00000000      0x3d1 .\CortexM3\ARM_GCC_541\Debug\main.o
                                0x487 (size before relaxing)
 .debug_str     0x000003d1       0x37 .\CortexM3\ARM_GCC_541\Debug\tacho.o
                                0x1d0 (size before relaxing)
 .debug_str     0x00000408       0x59 .\CortexM3\ARM_GCC_541\Debug\SENSORS_READ.o
                                0x22f (size before relaxing)
 .debug_str     0x00000461      0x1dd .\CortexM3\ARM_GCC_541\Debug\MOVEMENT.o
                                0x42c (size before relaxing)
 .debug_str     0x0000063e      0x1fe .\CortexM3\ARM_GCC_541\Debug\map_to_instructions.o
                                0x3e6 (size before relaxing)
 .debug_str     0x0000083c      0x16e .\CortexM3\ARM_GCC_541\Debug\cyfitter_cfg.o
                                0x302 (size before relaxing)
 .debug_str     0x000009aa       0x75 .\CortexM3\ARM_GCC_541\Debug\cymetadata.o
                                0x1dd (size before relaxing)
 .debug_str     0x00000a1f      0x11d .\CortexM3\ARM_GCC_541\Debug\Cm3Start.o
                                0x2d0 (size before relaxing)
 .debug_str     0x00000b3c      0x192 .\CortexM3\ARM_GCC_541\Debug\CS301_Class.a(Timer_TS.o)
                                0x31e (size before relaxing)
 .debug_str     0x00000cce      0x7e9 .\CortexM3\ARM_GCC_541\Debug\CS301_Class.a(CyLib.o)
                                0x9e3 (size before relaxing)
 .debug_str     0x000014b7      0x371 .\CortexM3\ARM_GCC_541\Debug\CS301_Class.a(cyPm.o)
                                0x53c (size before relaxing)
 .debug_str     0x00001828      0x11d .\CortexM3\ARM_GCC_541\Debug\CS301_Class.a(PWM_1.o)
                                0x2c6 (size before relaxing)
 .debug_str     0x00001945      0x109 .\CortexM3\ARM_GCC_541\Debug\CS301_Class.a(PWM_2.o)
                                0x2c6 (size before relaxing)
 .debug_str     0x00001a4e      0x10b .\CortexM3\ARM_GCC_541\Debug\CS301_Class.a(QuadDec_M1.o)
                                0x2ae (size before relaxing)
 .debug_str     0x00001b59       0xf3 .\CortexM3\ARM_GCC_541\Debug\CS301_Class.a(QuadDec_M2.o)
                                0x2ae (size before relaxing)
 .debug_str     0x00001c4c      0x245 .\CortexM3\ARM_GCC_541\Debug\CS301_Class.a(QuadDec_M1_Cnt16.o)
                                0x3f5 (size before relaxing)
 .debug_str     0x00001e91      0x236 .\CortexM3\ARM_GCC_541\Debug\CS301_Class.a(QuadDec_M2_Cnt16.o)
                                0x3f5 (size before relaxing)
 .debug_str     0x000020c7       0xe6 .\CortexM3\ARM_GCC_541\Debug\CS301_Class.a(isr_1.o)
                                0x29f (size before relaxing)
 .debug_str     0x000021ad       0x75 .\CortexM3\ARM_GCC_541\Debug\CS301_Class.a(Output_3.o)
                                0x1ea (size before relaxing)
 .debug_str     0x00002222       0x6a .\CortexM3\ARM_GCC_541\Debug\CS301_Class.a(Output_4.o)
                                0x1ea (size before relaxing)
 .debug_str     0x0000228c       0x6a .\CortexM3\ARM_GCC_541\Debug\CS301_Class.a(Output_5.o)
                                0x1ea (size before relaxing)
 .debug_str     0x000022f6       0x6a .\CortexM3\ARM_GCC_541\Debug\CS301_Class.a(Output_6.o)
                                0x1ea (size before relaxing)
 .debug_str     0x00002360       0x56 .\CortexM3\ARM_GCC_541\Debug\CS301_Class.a(LED1.o)
                                0x1d6 (size before relaxing)
 .debug_str     0x000023b6       0x56 .\CortexM3\ARM_GCC_541\Debug\CS301_Class.a(LED2.o)
                                0x1d6 (size before relaxing)
 .debug_str     0x0000240c       0x56 .\CortexM3\ARM_GCC_541\Debug\CS301_Class.a(LED3.o)
                                0x1d6 (size before relaxing)
 .debug_str     0x00002462       0x56 .\CortexM3\ARM_GCC_541\Debug\CS301_Class.a(LED4.o)
                                0x1d6 (size before relaxing)
 .debug_str     0x000024b8       0x56 .\CortexM3\ARM_GCC_541\Debug\CS301_Class.a(LED5.o)
                                0x1d6 (size before relaxing)
 .debug_str     0x0000250e       0x56 .\CortexM3\ARM_GCC_541\Debug\CS301_Class.a(LED6.o)
                                0x1d6 (size before relaxing)
 .debug_str     0x00002564      0x156 .\CortexM3\ARM_GCC_541\Debug\CS301_Class.a(CyFlash.o)
                                0x300 (size before relaxing)
 .debug_str     0x000026ba      0x12d .\CortexM3\ARM_GCC_541\Debug\CS301_Class.a(CySpc.o)
                                0x2fa (size before relaxing)

.debug_loc
 *(.debug_loc)

.debug_macinfo
 *(.debug_macinfo)

.debug_ranges   0x00000000      0xb58
 *(.debug_ranges)
 .debug_ranges  0x00000000       0x38 .\CortexM3\ARM_GCC_541\Debug\main.o
 .debug_ranges  0x00000038       0x18 .\CortexM3\ARM_GCC_541\Debug\tacho.o
 .debug_ranges  0x00000050       0x10 .\CortexM3\ARM_GCC_541\Debug\SENSORS_READ.o
 .debug_ranges  0x00000060       0xf0 .\CortexM3\ARM_GCC_541\Debug\MOVEMENT.o
 .debug_ranges  0x00000150       0x88 .\CortexM3\ARM_GCC_541\Debug\map_to_instructions.o
 .debug_ranges  0x000001d8       0x50 .\CortexM3\ARM_GCC_541\Debug\cyfitter_cfg.o
 .debug_ranges  0x00000228       0x38 .\CortexM3\ARM_GCC_541\Debug\Cm3Start.o
 .debug_ranges  0x00000260       0x78 .\CortexM3\ARM_GCC_541\Debug\CS301_Class.a(Timer_TS.o)
 .debug_ranges  0x000002d8      0x290 .\CortexM3\ARM_GCC_541\Debug\CS301_Class.a(CyLib.o)
 .debug_ranges  0x00000568       0x88 .\CortexM3\ARM_GCC_541\Debug\CS301_Class.a(cyPm.o)
 .debug_ranges  0x000005f0       0x68 .\CortexM3\ARM_GCC_541\Debug\CS301_Class.a(PWM_1.o)
 .debug_ranges  0x00000658       0x68 .\CortexM3\ARM_GCC_541\Debug\CS301_Class.a(PWM_2.o)
 .debug_ranges  0x000006c0       0x50 .\CortexM3\ARM_GCC_541\Debug\CS301_Class.a(QuadDec_M1.o)
 .debug_ranges  0x00000710       0x50 .\CortexM3\ARM_GCC_541\Debug\CS301_Class.a(QuadDec_M2.o)
 .debug_ranges  0x00000760       0x88 .\CortexM3\ARM_GCC_541\Debug\CS301_Class.a(QuadDec_M1_Cnt16.o)
 .debug_ranges  0x000007e8       0x88 .\CortexM3\ARM_GCC_541\Debug\CS301_Class.a(QuadDec_M2_Cnt16.o)
 .debug_ranges  0x00000870       0x70 .\CortexM3\ARM_GCC_541\Debug\CS301_Class.a(isr_1.o)
 .debug_ranges  0x000008e0       0x28 .\CortexM3\ARM_GCC_541\Debug\CS301_Class.a(Output_3.o)
 .debug_ranges  0x00000908       0x28 .\CortexM3\ARM_GCC_541\Debug\CS301_Class.a(Output_4.o)
 .debug_ranges  0x00000930       0x28 .\CortexM3\ARM_GCC_541\Debug\CS301_Class.a(Output_5.o)
 .debug_ranges  0x00000958       0x28 .\CortexM3\ARM_GCC_541\Debug\CS301_Class.a(Output_6.o)
 .debug_ranges  0x00000980       0x28 .\CortexM3\ARM_GCC_541\Debug\CS301_Class.a(LED1.o)
 .debug_ranges  0x000009a8       0x28 .\CortexM3\ARM_GCC_541\Debug\CS301_Class.a(LED2.o)
 .debug_ranges  0x000009d0       0x28 .\CortexM3\ARM_GCC_541\Debug\CS301_Class.a(LED3.o)
 .debug_ranges  0x000009f8       0x28 .\CortexM3\ARM_GCC_541\Debug\CS301_Class.a(LED4.o)
 .debug_ranges  0x00000a20       0x28 .\CortexM3\ARM_GCC_541\Debug\CS301_Class.a(LED5.o)
 .debug_ranges  0x00000a48       0x28 .\CortexM3\ARM_GCC_541\Debug\CS301_Class.a(LED6.o)
 .debug_ranges  0x00000a70       0x78 .\CortexM3\ARM_GCC_541\Debug\CS301_Class.a(CyFlash.o)
 .debug_ranges  0x00000ae8       0x70 .\CortexM3\ARM_GCC_541\Debug\CS301_Class.a(CySpc.o)

.comment        0x00000000       0x6e
 .comment       0x00000000       0x6e .\CortexM3\ARM_GCC_541\Debug\main.o
                                 0x6f (size before relaxing)
 .comment       0x0000006e       0x6f .\CortexM3\ARM_GCC_541\Debug\tacho.o
 .comment       0x0000006e       0x6f .\CortexM3\ARM_GCC_541\Debug\SENSORS_READ.o
 .comment       0x0000006e       0x6f .\CortexM3\ARM_GCC_541\Debug\MOVEMENT.o
 .comment       0x0000006e       0x6f .\CortexM3\ARM_GCC_541\Debug\map_to_instructions.o
 .comment       0x0000006e       0x6f .\CortexM3\ARM_GCC_541\Debug\cyfitter_cfg.o
 .comment       0x0000006e       0x6f .\CortexM3\ARM_GCC_541\Debug\cymetadata.o
 .comment       0x0000006e       0x6f .\CortexM3\ARM_GCC_541\Debug\Cm3Start.o
 .comment       0x0000006e       0x6f .\CortexM3\ARM_GCC_541\Debug\CS301_Class.a(Timer_TS.o)
 .comment       0x0000006e       0x6f .\CortexM3\ARM_GCC_541\Debug\CS301_Class.a(CyLib.o)
 .comment       0x0000006e       0x6f .\CortexM3\ARM_GCC_541\Debug\CS301_Class.a(cyPm.o)
 .comment       0x0000006e       0x6f .\CortexM3\ARM_GCC_541\Debug\CS301_Class.a(PWM_1.o)
 .comment       0x0000006e       0x6f .\CortexM3\ARM_GCC_541\Debug\CS301_Class.a(PWM_2.o)
 .comment       0x0000006e       0x6f .\CortexM3\ARM_GCC_541\Debug\CS301_Class.a(QuadDec_M1.o)
 .comment       0x0000006e       0x6f .\CortexM3\ARM_GCC_541\Debug\CS301_Class.a(QuadDec_M2.o)
 .comment       0x0000006e       0x6f .\CortexM3\ARM_GCC_541\Debug\CS301_Class.a(QuadDec_M1_Cnt16.o)
 .comment       0x0000006e       0x6f .\CortexM3\ARM_GCC_541\Debug\CS301_Class.a(QuadDec_M2_Cnt16.o)
 .comment       0x0000006e       0x6f .\CortexM3\ARM_GCC_541\Debug\CS301_Class.a(isr_1.o)
 .comment       0x0000006e       0x6f .\CortexM3\ARM_GCC_541\Debug\CS301_Class.a(Output_3.o)
 .comment       0x0000006e       0x6f .\CortexM3\ARM_GCC_541\Debug\CS301_Class.a(Output_4.o)
 .comment       0x0000006e       0x6f .\CortexM3\ARM_GCC_541\Debug\CS301_Class.a(Output_5.o)
 .comment       0x0000006e       0x6f .\CortexM3\ARM_GCC_541\Debug\CS301_Class.a(Output_6.o)
 .comment       0x0000006e       0x6f .\CortexM3\ARM_GCC_541\Debug\CS301_Class.a(LED1.o)
 .comment       0x0000006e       0x6f .\CortexM3\ARM_GCC_541\Debug\CS301_Class.a(LED2.o)
 .comment       0x0000006e       0x6f .\CortexM3\ARM_GCC_541\Debug\CS301_Class.a(LED3.o)
 .comment       0x0000006e       0x6f .\CortexM3\ARM_GCC_541\Debug\CS301_Class.a(LED4.o)
 .comment       0x0000006e       0x6f .\CortexM3\ARM_GCC_541\Debug\CS301_Class.a(LED5.o)
 .comment       0x0000006e       0x6f .\CortexM3\ARM_GCC_541\Debug\CS301_Class.a(LED6.o)
 .comment       0x0000006e       0x6f .\CortexM3\ARM_GCC_541\Debug\CS301_Class.a(CyFlash.o)
 .comment       0x0000006e       0x6f .\CortexM3\ARM_GCC_541\Debug\CS301_Class.a(CySpc.o)

.debug_weaknames
 *(.debug_weaknames)

.debug_funcnames
 *(.debug_funcnames)

.debug_typenames
 *(.debug_typenames)

.debug_varnames
 *(.debug_varnames)

.note.gnu.arm.ident
 *(.note.gnu.arm.ident)

.ARM.attributes
                0x00000000       0x29
 *(.ARM.attributes)
 .ARM.attributes
                0x00000000       0x1d c:/program files (x86)/cypress/psoc creator/4.4/psoc creator/import/gnu/arm/5.4.1/bin/../lib/gcc/arm-none-eabi/5.4.1/armv7-m/crti.o
 .ARM.attributes
                0x0000001d       0x2d c:/program files (x86)/cypress/psoc creator/4.4/psoc creator/import/gnu/arm/5.4.1/bin/../lib/gcc/arm-none-eabi/5.4.1/armv7-m/crtbegin.o
 .ARM.attributes
                0x0000004a       0x1b c:/program files (x86)/cypress/psoc creator/4.4/psoc creator/import/gnu/arm/5.4.1/bin/../lib/gcc/arm-none-eabi/5.4.1/../../../../arm-none-eabi/lib/armv7-m/crt0.o
 .ARM.attributes
                0x00000065       0x33 .\CortexM3\ARM_GCC_541\Debug\main.o
 .ARM.attributes
                0x00000098       0x33 .\CortexM3\ARM_GCC_541\Debug\tacho.o
 .ARM.attributes
                0x000000cb       0x33 .\CortexM3\ARM_GCC_541\Debug\SENSORS_READ.o
 .ARM.attributes
                0x000000fe       0x33 .\CortexM3\ARM_GCC_541\Debug\MOVEMENT.o
 .ARM.attributes
                0x00000131       0x33 .\CortexM3\ARM_GCC_541\Debug\map_to_instructions.o
 .ARM.attributes
                0x00000164       0x33 .\CortexM3\ARM_GCC_541\Debug\cyfitter_cfg.o
 .ARM.attributes
                0x00000197       0x33 .\CortexM3\ARM_GCC_541\Debug\cymetadata.o
 .ARM.attributes
                0x000001ca       0x33 .\CortexM3\ARM_GCC_541\Debug\Cm3Start.o
 .ARM.attributes
                0x000001fd       0x33 .\CortexM3\ARM_GCC_541\Debug\CS301_Class.a(Timer_TS.o)
 .ARM.attributes
                0x00000230       0x33 .\CortexM3\ARM_GCC_541\Debug\CS301_Class.a(CyLib.o)
 .ARM.attributes
                0x00000263       0x33 .\CortexM3\ARM_GCC_541\Debug\CS301_Class.a(cyPm.o)
 .ARM.attributes
                0x00000296       0x33 .\CortexM3\ARM_GCC_541\Debug\CS301_Class.a(PWM_1.o)
 .ARM.attributes
                0x000002c9       0x33 .\CortexM3\ARM_GCC_541\Debug\CS301_Class.a(PWM_2.o)
 .ARM.attributes
                0x000002fc       0x33 .\CortexM3\ARM_GCC_541\Debug\CS301_Class.a(QuadDec_M1.o)
 .ARM.attributes
                0x0000032f       0x33 .\CortexM3\ARM_GCC_541\Debug\CS301_Class.a(QuadDec_M2.o)
 .ARM.attributes
                0x00000362       0x33 .\CortexM3\ARM_GCC_541\Debug\CS301_Class.a(QuadDec_M1_Cnt16.o)
 .ARM.attributes
                0x00000395       0x33 .\CortexM3\ARM_GCC_541\Debug\CS301_Class.a(QuadDec_M2_Cnt16.o)
 .ARM.attributes
                0x000003c8       0x33 .\CortexM3\ARM_GCC_541\Debug\CS301_Class.a(isr_1.o)
 .ARM.attributes
                0x000003fb       0x33 .\CortexM3\ARM_GCC_541\Debug\CS301_Class.a(Output_3.o)
 .ARM.attributes
                0x0000042e       0x33 .\CortexM3\ARM_GCC_541\Debug\CS301_Class.a(Output_4.o)
 .ARM.attributes
                0x00000461       0x33 .\CortexM3\ARM_GCC_541\Debug\CS301_Class.a(Output_5.o)
 .ARM.attributes
                0x00000494       0x33 .\CortexM3\ARM_GCC_541\Debug\CS301_Class.a(Output_6.o)
 .ARM.attributes
                0x000004c7       0x33 .\CortexM3\ARM_GCC_541\Debug\CS301_Class.a(LED1.o)
 .ARM.attributes
                0x000004fa       0x33 .\CortexM3\ARM_GCC_541\Debug\CS301_Class.a(LED2.o)
 .ARM.attributes
                0x0000052d       0x33 .\CortexM3\ARM_GCC_541\Debug\CS301_Class.a(LED3.o)
 .ARM.attributes
                0x00000560       0x33 .\CortexM3\ARM_GCC_541\Debug\CS301_Class.a(LED4.o)
 .ARM.attributes
                0x00000593       0x33 .\CortexM3\ARM_GCC_541\Debug\CS301_Class.a(LED5.o)
 .ARM.attributes
                0x000005c6       0x33 .\CortexM3\ARM_GCC_541\Debug\CS301_Class.a(LED6.o)
 .ARM.attributes
                0x000005f9       0x21 .\CortexM3\ARM_GCC_541\Debug\CS301_Class.a(CyBootAsmGnu.o)
 .ARM.attributes
                0x0000061a       0x33 .\CortexM3\ARM_GCC_541\Debug\CS301_Class.a(CyFlash.o)
 .ARM.attributes
                0x0000064d       0x33 .\CortexM3\ARM_GCC_541\Debug\CS301_Class.a(CySpc.o)
 .ARM.attributes
                0x00000680       0x1d c:/program files (x86)/cypress/psoc creator/4.4/psoc creator/import/gnu/arm/5.4.1/bin/../lib/gcc/arm-none-eabi/5.4.1/armv7-m\libgcc.a(_arm_addsubdf3.o)
 .ARM.attributes
                0x0000069d       0x1d c:/program files (x86)/cypress/psoc creator/4.4/psoc creator/import/gnu/arm/5.4.1/bin/../lib/gcc/arm-none-eabi/5.4.1/armv7-m\libgcc.a(_arm_muldivdf3.o)
 .ARM.attributes
                0x000006ba       0x1d c:/program files (x86)/cypress/psoc creator/4.4/psoc creator/import/gnu/arm/5.4.1/bin/../lib/gcc/arm-none-eabi/5.4.1/armv7-m\libgcc.a(_arm_fixdfsi.o)
 .ARM.attributes
                0x000006d7       0x2d c:/program files (x86)/cypress/psoc creator/4.4/psoc creator/import/gnu/arm/5.4.1/bin/../lib/gcc/arm-none-eabi/5.4.1/../../../../arm-none-eabi/lib/armv7-m\libg_nano.a(lib_a-errno.o)
 .ARM.attributes
                0x00000704       0x2d c:/program files (x86)/cypress/psoc creator/4.4/psoc creator/import/gnu/arm/5.4.1/bin/../lib/gcc/arm-none-eabi/5.4.1/../../../../arm-none-eabi/lib/armv7-m\libg_nano.a(lib_a-exit.o)
 .ARM.attributes
                0x00000731       0x2d c:/program files (x86)/cypress/psoc creator/4.4/psoc creator/import/gnu/arm/5.4.1/bin/../lib/gcc/arm-none-eabi/5.4.1/../../../../arm-none-eabi/lib/armv7-m\libg_nano.a(lib_a-impure.o)
 .ARM.attributes
                0x0000075e       0x2d c:/program files (x86)/cypress/psoc creator/4.4/psoc creator/import/gnu/arm/5.4.1/bin/../lib/gcc/arm-none-eabi/5.4.1/../../../../arm-none-eabi/lib/armv7-m\libg_nano.a(lib_a-init.o)
 .ARM.attributes
                0x0000078b       0x2d c:/program files (x86)/cypress/psoc creator/4.4/psoc creator/import/gnu/arm/5.4.1/bin/../lib/gcc/arm-none-eabi/5.4.1/../../../../arm-none-eabi/lib/armv7-m\libg_nano.a(lib_a-memcpy-stub.o)
 .ARM.attributes
                0x000007b8       0x2d c:/program files (x86)/cypress/psoc creator/4.4/psoc creator/import/gnu/arm/5.4.1/bin/../lib/gcc/arm-none-eabi/5.4.1/../../../../arm-none-eabi/lib/armv7-m\libg_nano.a(lib_a-memset.o)
 .ARM.attributes
                0x000007e5       0x2d c:/program files (x86)/cypress/psoc creator/4.4/psoc creator/import/gnu/arm/5.4.1/bin/../lib/gcc/arm-none-eabi/5.4.1/armv7-m/crtend.o
 .ARM.attributes
                0x00000812       0x1d c:/program files (x86)/cypress/psoc creator/4.4/psoc creator/import/gnu/arm/5.4.1/bin/../lib/gcc/arm-none-eabi/5.4.1/armv7-m/crtn.o

/DISCARD/
 *(.note.GNU-stack)
OUTPUT(C:\Users\Calvi\Desktop\301\psoc firmware\CS301_Class.cydsn\CortexM3\ARM_GCC_541\Debug\CS301_Class.elf elf32-littlearm)
