Archive member included to satisfy reference by file (symbol)

.\CortexM3\ARM_GCC_541\Debug\CS301_Class.a(Timer_TS.o)
                              .\CortexM3\ARM_GCC_541\Debug\main.o (Timer_TS_Start)
.\CortexM3\ARM_GCC_541\Debug\CS301_Class.a(USBUART.o)
                              .\CortexM3\ARM_GCC_541\Debug\main.o (USBUART_Start)
.\CortexM3\ARM_GCC_541\Debug\CS301_Class.a(USBUART_cdc.o)
                              .\CortexM3\ARM_GCC_541\Debug\main.o (USBUART_CDC_Init)
.\CortexM3\ARM_GCC_541\Debug\CS301_Class.a(USBUART_drv.o)
                              .\CortexM3\ARM_GCC_541\Debug\CS301_Class.a(USBUART.o) (USBUART_EP)
.\CortexM3\ARM_GCC_541\Debug\CS301_Class.a(USBUART_episr.o)
                              .\CortexM3\ARM_GCC_541\Debug\CS301_Class.a(USBUART.o) (USBUART_EP_1_ISR)
.\CortexM3\ARM_GCC_541\Debug\CS301_Class.a(USBUART_pm.o)
                              .\CortexM3\ARM_GCC_541\Debug\CS301_Class.a(USBUART.o) (USBUART_DP_ISR)
.\CortexM3\ARM_GCC_541\Debug\CS301_Class.a(USBUART_std.o)
                              .\CortexM3\ARM_GCC_541\Debug\CS301_Class.a(USBUART_drv.o) (USBUART_HandleStandardRqst)
.\CortexM3\ARM_GCC_541\Debug\CS301_Class.a(USBUART_vnd.o)
                              .\CortexM3\ARM_GCC_541\Debug\CS301_Class.a(USBUART_drv.o) (USBUART_HandleVendorRqst)
.\CortexM3\ARM_GCC_541\Debug\CS301_Class.a(USBUART_Dp.o)
                              .\CortexM3\ARM_GCC_541\Debug\CS301_Class.a(USBUART.o) (USBUART_Dp_ClearInterrupt)
.\CortexM3\ARM_GCC_541\Debug\CS301_Class.a(CyLib.o)
                              .\CortexM3\ARM_GCC_541\Debug\Cm3Start.o (CyResetStatus)
.\CortexM3\ARM_GCC_541\Debug\CS301_Class.a(cyPm.o)
                              .\CortexM3\ARM_GCC_541\Debug\CS301_Class.a(CyLib.o) (CyPmReadStatus)
.\CortexM3\ARM_GCC_541\Debug\CS301_Class.a(PWM_1.o)
                              .\CortexM3\ARM_GCC_541\Debug\main.o (PWM_1_Start)
.\CortexM3\ARM_GCC_541\Debug\CS301_Class.a(PWM_2.o)
                              .\CortexM3\ARM_GCC_541\Debug\main.o (PWM_2_Start)
.\CortexM3\ARM_GCC_541\Debug\CS301_Class.a(QuadDec_M1.o)
                              .\CortexM3\ARM_GCC_541\Debug\tacho.o (QuadDec_M1_GetCounter)
.\CortexM3\ARM_GCC_541\Debug\CS301_Class.a(QuadDec_M2.o)
                              .\CortexM3\ARM_GCC_541\Debug\tacho.o (QuadDec_M2_GetCounter)
.\CortexM3\ARM_GCC_541\Debug\CS301_Class.a(QuadDec_M1_Cnt16.o)
                              .\CortexM3\ARM_GCC_541\Debug\CS301_Class.a(QuadDec_M1.o) (QuadDec_M1_Cnt16_WriteCounter)
.\CortexM3\ARM_GCC_541\Debug\CS301_Class.a(QuadDec_M2_Cnt16.o)
                              .\CortexM3\ARM_GCC_541\Debug\CS301_Class.a(QuadDec_M2.o) (QuadDec_M2_Cnt16_WriteCounter)
.\CortexM3\ARM_GCC_541\Debug\CS301_Class.a(isr_1.o)
                              .\CortexM3\ARM_GCC_541\Debug\main.o (isr_1_StartEx)
.\CortexM3\ARM_GCC_541\Debug\CS301_Class.a(Output_3.o)
                              .\CortexM3\ARM_GCC_541\Debug\SENSORS_READ.o (Output_3_Read)
.\CortexM3\ARM_GCC_541\Debug\CS301_Class.a(Output_4.o)
                              .\CortexM3\ARM_GCC_541\Debug\SENSORS_READ.o (Output_4_Read)
.\CortexM3\ARM_GCC_541\Debug\CS301_Class.a(Output_5.o)
                              .\CortexM3\ARM_GCC_541\Debug\SENSORS_READ.o (Output_5_Read)
.\CortexM3\ARM_GCC_541\Debug\CS301_Class.a(Output_6.o)
                              .\CortexM3\ARM_GCC_541\Debug\SENSORS_READ.o (Output_6_Read)
.\CortexM3\ARM_GCC_541\Debug\CS301_Class.a(LED1.o)
                              .\CortexM3\ARM_GCC_541\Debug\SENSORS_READ.o (LED1_Write)
.\CortexM3\ARM_GCC_541\Debug\CS301_Class.a(LED2.o)
                              .\CortexM3\ARM_GCC_541\Debug\SENSORS_READ.o (LED2_Write)
.\CortexM3\ARM_GCC_541\Debug\CS301_Class.a(LED3.o)
                              .\CortexM3\ARM_GCC_541\Debug\SENSORS_READ.o (LED3_Write)
.\CortexM3\ARM_GCC_541\Debug\CS301_Class.a(LED4.o)
                              .\CortexM3\ARM_GCC_541\Debug\SENSORS_READ.o (LED4_Write)
.\CortexM3\ARM_GCC_541\Debug\CS301_Class.a(LED5.o)
                              .\CortexM3\ARM_GCC_541\Debug\SENSORS_READ.o (LED5_Write)
.\CortexM3\ARM_GCC_541\Debug\CS301_Class.a(LED6.o)
                              .\CortexM3\ARM_GCC_541\Debug\SENSORS_READ.o (LED6_Write)
.\CortexM3\ARM_GCC_541\Debug\CS301_Class.a(CyBootAsmGnu.o)
                              .\CortexM3\ARM_GCC_541\Debug\cyfitter_cfg.o (CyDelayCycles)
.\CortexM3\ARM_GCC_541\Debug\CS301_Class.a(USBUART_cls.o)
                              .\CortexM3\ARM_GCC_541\Debug\CS301_Class.a(USBUART_drv.o) (USBUART_DispatchClassRqst)
.\CortexM3\ARM_GCC_541\Debug\CS301_Class.a(USBUART_descr.o)
                              .\CortexM3\ARM_GCC_541\Debug\CS301_Class.a(USBUART_std.o) (USBUART_DEVICE0_DESCR)
.\CortexM3\ARM_GCC_541\Debug\CS301_Class.a(CyFlash.o)
                              .\CortexM3\ARM_GCC_541\Debug\CS301_Class.a(cyPm.o) (CyFlash_SetWaitCycles)
.\CortexM3\ARM_GCC_541\Debug\CS301_Class.a(CySpc.o)
[...]
Memory Configuration

Name             Origin             Length             Attributes
rom              0x00000000         0x00040000         xr
ram              0x1fff8000         0x00010000         xrw
*default*        0x00000000         0xffffffff

Linker script and memory map

LOAD c:/program files (x86)/cypress/psoc creator/4.4/psoc creator/import/gnu/arm/5.4.1/bin/../lib/gcc/arm-none-eabi/5.4.1/armv7-m/crti.o
LOAD c:/program files (x86)/cypress/psoc creator/4.4/psoc creator/import/gnu/arm/5.4.1/bin/../lib/gcc/arm-none-eabi/5.4.1/armv7-m/crtbegin.o
LOAD c:/program files (x86)/cypress/psoc creator/4.4/psoc creator/import/gnu/arm/5.4.1/bin/../lib/gcc/arm-none-eabi/5.4.1/../../../../arm-none-eabi/lib/armv7-m/crt0.o
START GROUP
LOAD .\CortexM3\ARM_GCC_541\Debug\main.o
LOAD .\CortexM3\ARM_GCC_541\Debug\tacho.o
LOAD .\CortexM3\ARM_GCC_541\Debug\SENSORS_READ.o
LOAD .\CortexM3\ARM_GCC_541\Debug\MOVEMENT.o
LOAD .\CortexM3\ARM_GCC_541\Debug\map_to_instructions.o
LOAD .\CortexM3\ARM_GCC_541\Debug\cyfitter_cfg.o
LOAD .\CortexM3\ARM_GCC_541\Debug\cymetadata.o
LOAD .\CortexM3\ARM_GCC_541\Debug\Cm3Start.o
LOAD .\CortexM3\ARM_GCC_541\Debug\CS301_Class.a
LOAD C:\Program Files (x86)\Cypress\PSoC Creator\4.4\PSoC Creator\psoc\content\cycomponentlibrary\CyComponentLibrary.cylib\CortexM3\ARM_GCC_541\Debug\CyComponentLibrary.a
END GROUP
START GROUP
LOAD c:/program files (x86)/cypress/psoc creator/4.4/psoc creator/import/gnu/arm/5.4.1/bin/../lib/gcc/arm-none-eabi/5.4.1/armv7-m\libgcc.a
LOAD c:/program files (x86)/cypress/psoc creator/4.4/psoc creator/import/gnu/arm/5.4.1/bin/../lib/gcc/arm-none-eabi/5.4.1/../../../../arm-none-eabi/lib/armv7-m\libg_nano.a
LOAD c:/program files (x86)/cypress/psoc creator/4.4/psoc creator/import/gnu/arm/5.4.1/bin/../lib/gcc/arm-none-eabi/5.4.1/../../../../arm-none-eabi/lib/armv7-m\libc_nano.a
END GROUP
START GROUP
LOAD c:/program files (x86)/cypress/psoc creator/4.4/psoc creator/import/gnu/arm/5.4.1/bin/../lib/gcc/arm-none-eabi/5.4.1/armv7-m\libgcc.a
LOAD c:/program files (x86)/cypress/psoc creator/4.4/psoc creator/import/gnu/arm/5.4.1/bin/../lib/gcc/arm-none-eabi/5.4.1/../../../../arm-none-eabi/lib/armv7-m\libc_nano.a
END GROUP
LOAD c:/program files (x86)/cypress/psoc creator/4.4/psoc creator/import/gnu/arm/5.4.1/bin/../lib/gcc/arm-none-eabi/5.4.1/armv7-m/crtend.o
LOAD c:/program files (x86)/cypress/psoc creator/4.4/psoc creator/import/gnu/arm/5.4.1/bin/../lib/gcc/arm-none-eabi/5.4.1/armv7-m/crtn.o
START GROUP
LOAD c:/program files (x86)/cypress/psoc creator/4.4/psoc creator/import/gnu/arm/5.4.1/bin/../lib/gcc/arm-none-eabi/5.4.1/armv7-m\libgcc.a
LOAD c:/program files (x86)/cypress/psoc creator/4.4/psoc creator/import/gnu/arm/5.4.1/bin/../lib/gcc/arm-none-eabi/5.4.1/../../../../arm-none-eabi/lib/armv7-m\libc.a
LOAD c:/program files (x86)/cypress/psoc creator/4.4/psoc creator/import/gnu/arm/5.4.1/bin/../lib/gcc/arm-none-eabi/5.4.1/../../../../arm-none-eabi/lib/armv7-m\libnosys.a
END GROUP
                0x00000000                CY_APPL_ORIGIN = 0x0
                0x00000100                CY_FLASH_ROW_SIZE = 0x100
                0x00000020                CY_ECC_ROW_SIZE = 0x20
                0x00000000                CY_EE_IN_BTLDR = 0x0
                0x00000000                CY_APPL_LOADABLE = 0x0
                0x00000800                CY_EE_SIZE = 0x800
                0x00000001                CY_APPL_NUM = 0x1
                0x00000001                CY_APPL_MAX = 0x1
                0x00000040                CY_METADATA_SIZE = 0x40
                0x00000000                CY_APPL_LOADABLE = 0x0
                0x00000000                CY_CHECKSUM_EXCLUDE_SIZE = ALIGN (0x0, CY_FLASH_ROW_SIZE)
                [!provide]                PROVIDE (__cy_heap_start, _end)
                0x00000001                PROVIDE (__cy_region_num, ((__cy_regions_end - __cy_regions) / 0x10))
                0x20008000                PROVIDE (__cy_stack, (ORIGIN (ram) + LENGTH (ram)))
                [!provide]                PROVIDE (__cy_heap_end, (__cy_stack - 0x800))

.cybootloader   0x00000000        0x0
 *(.cybootloader)
                0x00000000                appl1_start = CY_APPL_ORIGIN?CY_APPL_ORIGIN:ALIGN (CY_FLASH_ROW_SIZE)
                0x0001ff00                appl2_start = (appl1_start + ALIGN ((((LENGTH (rom) - appl1_start) - (0x2 * CY_FLASH_ROW_SIZE)) / 0x2), CY_FLASH_ROW_SIZE))
                0x00000000                appl_start = (CY_APPL_NUM == 0x1)?appl1_start:appl2_start
                0x00000000                ecc_offset = ((appl_start / CY_FLASH_ROW_SIZE) * CY_ECC_ROW_SIZE)
                0x00000000                ee_offset = (CY_APPL_LOADABLE && ! (CY_EE_IN_BTLDR))?((CY_EE_SIZE / CY_APPL_MAX) * (CY_APPL_NUM - 0x1)):0x0
                0x00000800                ee_size = (CY_APPL_LOADABLE && ! (CY_EE_IN_BTLDR))?(CY_EE_SIZE / CY_APPL_MAX):CY_EE_SIZE
                [!provide]                PROVIDE (CY_ECC_OFFSET, ecc_offset)

.text           0x00000000     0x4948
 CREATE_OBJECT_SYMBOLS
                0x00000000                PROVIDE (__cy_interrupt_vector, RomVectors)
 *(.romvectors)
 .romvectors    0x00000000       0x10 .\CortexM3\ARM_GCC_541\Debug\Cm3Start.o
                0x00000000                RomVectors
                0x00000001                ASSERT ((. != __cy_interrupt_vector), No interrupt vector)
                0x00000001                ASSERT (CY_APPL_ORIGIN?(SIZEOF (.cybootloader) <= CY_APPL_ORIGIN):0x1, Wrong image location)
                0x00000010                PROVIDE (__cy_reset, Reset)
 *(.text.Reset)
 .text.Reset    0x00000010       0x18 .\CortexM3\ARM_GCC_541\Debug\Cm3Start.o
                0x00000010                Reset
                0x00000001                ASSERT ((. != __cy_reset), No reset code)
 *(.dma_init)
                0x00000001                ASSERT ((((appl_start + .) <= 0x10000) || 0x1), DMA Init must be within the first 64k of flash)
 *(.text .text.* .gnu.linkonce.t.*)
 .text          0x00000028       0x5c c:/program files (x86)/cypress/psoc creator/4.4/psoc creator/import/gnu/arm/5.4.1/bin/../lib/gcc/arm-none-eabi/5.4.1/armv7-m/crtbegin.o
 .text.Timer_TS_ISR_Handler
                0x00000084       0x18 .\CortexM3\ARM_GCC_541\Debug\main.o
                0x00000084                Timer_TS_ISR_Handler
 .text.main     0x0000009c      0x14c .\CortexM3\ARM_GCC_541\Debug\main.o
                0x0000009c                main
 .text.usbPutString
                0x000001e8       0x40 .\CortexM3\ARM_GCC_541\Debug\main.o
                0x000001e8                usbPutString
 .text.motor_left
                0x00000228       0x1c .\CortexM3\ARM_GCC_541\Debug\MOVEMENT.o
 .text.motor_right
                0x00000244       0x1c .\CortexM3\ARM_GCC_541\Debug\MOVEMENT.o
 .text.go_straight
                0x00000260       0x8c .\CortexM3\ARM_GCC_541\Debug\MOVEMENT.o
                0x00000260                go_straight
 .text.stop     0x000002ec       0x14 .\CortexM3\ARM_GCC_541\Debug\MOVEMENT.o
                0x000002ec                stop
 .text.read_junction_options
                0x00000300       0x84 .\CortexM3\ARM_GCC_541\Debug\MOVEMENT.o
 .text.is_at_intersection
                0x00000384       0x94 .\CortexM3\ARM_GCC_541\Debug\MOVEMENT.o
                0x00000384                is_at_intersection
 .text.move_forward_until_intersection
                0x00000418       0x4c .\CortexM3\ARM_GCC_541\Debug\MOVEMENT.o
                0x00000418                move_forward_until_intersection
 .text.turn_left_until_line
                0x00000464       0x5c .\CortexM3\ARM_GCC_541\Debug\MOVEMENT.o
                0x00000464                turn_left_until_line
 .text.turn_right_until_line
                0x000004c0       0x5c .\CortexM3\ARM_GCC_541\Debug\MOVEMENT.o
                0x000004c0                turn_right_until_line
 .text.dbg_puts
                0x0000051c       0x18 .\CortexM3\ARM_GCC_541\Debug\map_to_instructions.o
 .text.in_bounds
                0x00000534       0x38 .\CortexM3\ARM_GCC_541\Debug\map_to_instructions.o
 .text.is_free  0x0000056c       0x4c .\CortexM3\ARM_GCC_541\Debug\map_to_instructions.o
 .text.heuristic
                0x000005b8       0x34 .\CortexM3\ARM_GCC_541\Debug\map_to_instructions.o
 .text.debug_print_path
                0x000005ec       0xa0 .\CortexM3\ARM_GCC_541\Debug\map_to_instructions.o
 .text.has_side_branch
                0x0000068c       0x74 .\CortexM3\ARM_GCC_541\Debug\map_to_instructions.o
 .text.emit_plan_for_path
                0x00000700      0x260 .\CortexM3\ARM_GCC_541\Debug\map_to_instructions.o
 .text.generate_instructions_from_map
                0x00000960      0xaf8 .\CortexM3\ARM_GCC_541\Debug\map_to_instructions.o
                0x00000960                generate_instructions_from_map
 .text.CYMEMZERO
                0x00001458       0x1c .\CortexM3\ARM_GCC_541\Debug\cyfitter_cfg.o
 .text.CYCONFIGCPY
                0x00001474       0x20 .\CortexM3\ARM_GCC_541\Debug\cyfitter_cfg.o
 .text.CyClockStartupError
                0x00001494        0xc .\CortexM3\ARM_GCC_541\Debug\cyfitter_cfg.o
 .text.cfg_write_bytes32
                0x000014a0       0x74 .\CortexM3\ARM_GCC_541\Debug\cyfitter_cfg.o
 .text.ClockSetup
                0x00001514      0x144 .\CortexM3\ARM_GCC_541\Debug\cyfitter_cfg.o
 .text.AnalogSetDefault
                0x00001658       0x44 .\CortexM3\ARM_GCC_541\Debug\cyfitter_cfg.o
 .text.cyfitter_cfg
                0x0000169c      0x164 .\CortexM3\ARM_GCC_541\Debug\cyfitter_cfg.o
                0x0000169c                cyfitter_cfg
 .text.IntDefaultHandler
                0x00001800       0x14 .\CortexM3\ARM_GCC_541\Debug\Cm3Start.o
                0x00001800                IntDefaultHandler
 .text._sbrk    0x00001814       0x50 .\CortexM3\ARM_GCC_541\Debug\Cm3Start.o
                0x00001814                _sbrk
 .text.Start_c  0x00001864       0x98 .\CortexM3\ARM_GCC_541\Debug\Cm3Start.o
                0x00001864                Start_c
 .text.initialize_psoc
                0x000018fc       0x90 .\CortexM3\ARM_GCC_541\Debug\Cm3Start.o
                0x000018fc                initialize_psoc
 .text.Timer_TS_Init
                0x0000198c       0xa0 .\CortexM3\ARM_GCC_541\Debug\CS301_Class.a(Timer_TS.o)
                0x0000198c                Timer_TS_Init
 .text.Timer_TS_Enable
                0x00001a2c       0x48 .\CortexM3\ARM_GCC_541\Debug\CS301_Class.a(Timer_TS.o)
                0x00001a2c                Timer_TS_Enable
 .text.Timer_TS_Start
                0x00001a74       0x24 .\CortexM3\ARM_GCC_541\Debug\CS301_Class.a(Timer_TS.o)
                0x00001a74                Timer_TS_Start
 .text.Timer_TS_SetInterruptMode
                0x00001a98       0x20 .\CortexM3\ARM_GCC_541\Debug\CS301_Class.a(Timer_TS.o)
                0x00001a98                Timer_TS_SetInterruptMode
 .text.Timer_TS_WritePeriod
                0x00001ab8       0x24 .\CortexM3\ARM_GCC_541\Debug\CS301_Class.a(Timer_TS.o)
                0x00001ab8                Timer_TS_WritePeriod
 .text.Timer_TS_WriteCounter
                0x00001adc       0x20 .\CortexM3\ARM_GCC_541\Debug\CS301_Class.a(Timer_TS.o)
                0x00001adc                Timer_TS_WriteCounter
 .text.USBUART_Start
                0x00001afc       0x3c .\CortexM3\ARM_GCC_541\Debug\CS301_Class.a(USBUART.o)
                0x00001afc                USBUART_Start
 .text.USBUART_Init
                0x00001b38      0x1a4 .\CortexM3\ARM_GCC_541\Debug\CS301_Class.a(USBUART.o)
                0x00001b38                USBUART_Init
 .text.USBUART_InitComponent
                0x00001cdc      0x100 .\CortexM3\ARM_GCC_541\Debug\CS301_Class.a(USBUART.o)
                0x00001cdc                USBUART_InitComponent
 .text.USBUART_ReInitComponent
                0x00001ddc       0x68 .\CortexM3\ARM_GCC_541\Debug\CS301_Class.a(USBUART.o)
                0x00001ddc                USBUART_ReInitComponent
 .text.USBUART_GetEPState
                0x00001e44       0x2c .\CortexM3\ARM_GCC_541\Debug\CS301_Class.a(USBUART.o)
                0x00001e44                USBUART_GetEPState
 .text.USBUART_LoadInEP
                0x00001e70      0x108 .\CortexM3\ARM_GCC_541\Debug\CS301_Class.a(USBUART.o)
                0x00001e70                USBUART_LoadInEP
 .text.USBUART_DispatchCDCClassRqst
                0x00001f78       0xe4 .\CortexM3\ARM_GCC_541\Debug\CS301_Class.a(USBUART_cdc.o)
                0x00001f78                USBUART_DispatchCDCClassRqst
 .text.USBUART_GetInterfaceComPort
                0x0000205c       0x60 .\CortexM3\ARM_GCC_541\Debug\CS301_Class.a(USBUART_cdc.o)
                0x0000205c                USBUART_GetInterfaceComPort
 .text.USBUART_PutData
                0x000020bc       0x6c .\CortexM3\ARM_GCC_541\Debug\CS301_Class.a(USBUART_cdc.o)
                0x000020bc                USBUART_PutData
 .text.USBUART_CDCIsReady
                0x00002128       0x24 .\CortexM3\ARM_GCC_541\Debug\CS301_Class.a(USBUART_cdc.o)
                0x00002128                USBUART_CDCIsReady
 .text.USBUART_Cdc_EpInit
                0x0000214c       0x90 .\CortexM3\ARM_GCC_541\Debug\CS301_Class.a(USBUART_cdc.o)
                0x0000214c                USBUART_Cdc_EpInit
 .text.USBUART_EP_0_ISR
                0x000021dc       0xf8 .\CortexM3\ARM_GCC_541\Debug\CS301_Class.a(USBUART_drv.o)
                0x000021dc                USBUART_EP_0_ISR
 .text.USBUART_HandleSetup
                0x000022d4       0x88 .\CortexM3\ARM_GCC_541\Debug\CS301_Class.a(USBUART_drv.o)
                0x000022d4                USBUART_HandleSetup
 .text.USBUART_HandleIN
                0x0000235c       0x4c .\CortexM3\ARM_GCC_541\Debug\CS301_Class.a(USBUART_drv.o)
                0x0000235c                USBUART_HandleIN
 .text.USBUART_HandleOUT
                0x000023a8       0x58 .\CortexM3\ARM_GCC_541\Debug\CS301_Class.a(USBUART_drv.o)
                0x000023a8                USBUART_HandleOUT
 .text.USBUART_LoadEP0
                0x00002400       0xd0 .\CortexM3\ARM_GCC_541\Debug\CS301_Class.a(USBUART_drv.o)
                0x00002400                USBUART_LoadEP0
 .text.USBUART_InitControlRead
                0x000024d0       0x70 .\CortexM3\ARM_GCC_541\Debug\CS301_Class.a(USBUART_drv.o)
                0x000024d0                USBUART_InitControlRead
 .text.USBUART_InitZeroLengthControlTransfer
                0x00002540       0x40 .\CortexM3\ARM_GCC_541\Debug\CS301_Class.a(USBUART_drv.o)
                0x00002540                USBUART_InitZeroLengthControlTransfer
 .text.USBUART_ControlReadDataStage
                0x00002580        0xc .\CortexM3\ARM_GCC_541\Debug\CS301_Class.a(USBUART_drv.o)
                0x00002580                USBUART_ControlReadDataStage
 .text.USBUART_ControlReadStatusStage
                0x0000258c       0x40 .\CortexM3\ARM_GCC_541\Debug\CS301_Class.a(USBUART_drv.o)
                0x0000258c                USBUART_ControlReadStatusStage
 .text.USBUART_InitControlWrite
                0x000025cc       0x64 .\CortexM3\ARM_GCC_541\Debug\CS301_Class.a(USBUART_drv.o)
                0x000025cc                USBUART_InitControlWrite
 .text.USBUART_ControlWriteDataStage
                0x00002630       0xb4 .\CortexM3\ARM_GCC_541\Debug\CS301_Class.a(USBUART_drv.o)
                0x00002630                USBUART_ControlWriteDataStage
 .text.USBUART_ControlWriteStatusStage
                0x000026e4       0x24 .\CortexM3\ARM_GCC_541\Debug\CS301_Class.a(USBUART_drv.o)
                0x000026e4                USBUART_ControlWriteStatusStage
 .text.USBUART_InitNoDataControlTransfer
                0x00002708       0x38 .\CortexM3\ARM_GCC_541\Debug\CS301_Class.a(USBUART_drv.o)
                0x00002708                USBUART_InitNoDataControlTransfer
 .text.USBUART_NoDataControlStatusStage
                0x00002740       0x4c .\CortexM3\ARM_GCC_541\Debug\CS301_Class.a(USBUART_drv.o)
                0x00002740                USBUART_NoDataControlStatusStage
 .text.USBUART_UpdateStatusBlock
                0x0000278c       0x40 .\CortexM3\ARM_GCC_541\Debug\CS301_Class.a(USBUART_drv.o)
                0x0000278c                USBUART_UpdateStatusBlock
 .text.USBUART_InitializeStatusBlock
                0x000027cc       0x34 .\CortexM3\ARM_GCC_541\Debug\CS301_Class.a(USBUART_drv.o)
                0x000027cc                USBUART_InitializeStatusBlock
 .text.USBUART_EP_1_ISR
                0x00002800       0x48 .\CortexM3\ARM_GCC_541\Debug\CS301_Class.a(USBUART_episr.o)
                0x00002800                USBUART_EP_1_ISR
 .text.USBUART_EP_2_ISR
                0x00002848       0x4c .\CortexM3\ARM_GCC_541\Debug\CS301_Class.a(USBUART_episr.o)
                0x00002848                USBUART_EP_2_ISR
 .text.USBUART_EP_3_ISR
                0x00002894       0x54 .\CortexM3\ARM_GCC_541\Debug\CS301_Class.a(USBUART_episr.o)
                0x00002894                USBUART_EP_3_ISR
 .text.USBUART_SOF_ISR
                0x000028e8        0xc .\CortexM3\ARM_GCC_541\Debug\CS301_Class.a(USBUART_episr.o)
                0x000028e8                USBUART_SOF_ISR
 .text.USBUART_BUS_RESET_ISR
                0x000028f4        0xc .\CortexM3\ARM_GCC_541\Debug\CS301_Class.a(USBUART_episr.o)
                0x000028f4                USBUART_BUS_RESET_ISR
 .text.USBUART_DP_ISR
                0x00002900        0xc .\CortexM3\ARM_GCC_541\Debug\CS301_Class.a(USBUART_pm.o)
                0x00002900                USBUART_DP_ISR
 .text.USBUART_HandleStandardRqst
                0x0000290c      0x4a4 .\CortexM3\ARM_GCC_541\Debug\CS301_Class.a(USBUART_std.o)
                0x0000290c                USBUART_HandleStandardRqst
 .text.USBUART_ReadDieID
                0x00002db0       0xd8 .\CortexM3\ARM_GCC_541\Debug\CS301_Class.a(USBUART_std.o)
                0x00002db0                USBUART_ReadDieID
 .text.USBUART_ConfigReg
                0x00002e88      0x138 .\CortexM3\ARM_GCC_541\Debug\CS301_Class.a(USBUART_std.o)
                0x00002e88                USBUART_ConfigReg
 .text.USBUART_Config
                0x00002fc0      0x3a4 .\CortexM3\ARM_GCC_541\Debug\CS301_Class.a(USBUART_std.o)
                0x00002fc0                USBUART_Config
 .text.USBUART_ConfigAltChanged
                0x00003364      0x25c .\CortexM3\ARM_GCC_541\Debug\CS301_Class.a(USBUART_std.o)
                0x00003364                USBUART_ConfigAltChanged
 .text.USBUART_GetConfigTablePtr
                0x000035c0       0x50 .\CortexM3\ARM_GCC_541\Debug\CS301_Class.a(USBUART_std.o)
                0x000035c0                USBUART_GetConfigTablePtr
 .text.USBUART_GetDeviceTablePtr
                0x00003610       0x24 .\CortexM3\ARM_GCC_541\Debug\CS301_Class.a(USBUART_std.o)
                0x00003610                USBUART_GetDeviceTablePtr
 .text.USBUART_GetInterfaceClassTablePtr
                0x00003634       0x4c .\CortexM3\ARM_GCC_541\Debug\CS301_Class.a(USBUART_std.o)
                0x00003634                USBUART_GetInterfaceClassTablePtr
 .text.USBUART_SetEndpointHalt
                0x00003680       0xe8 .\CortexM3\ARM_GCC_541\Debug\CS301_Class.a(USBUART_std.o)
                0x00003680                USBUART_SetEndpointHalt
 .text.USBUART_ClearEndpointHalt
                0x00003768      0x158 .\CortexM3\ARM_GCC_541\Debug\CS301_Class.a(USBUART_std.o)
                0x00003768                USBUART_ClearEndpointHalt
 .text.USBUART_ValidateAlternateSetting
                0x000038c0       0x70 .\CortexM3\ARM_GCC_541\Debug\CS301_Class.a(USBUART_std.o)
                0x000038c0                USBUART_ValidateAlternateSetting
 .text.USBUART_HandleVendorRqst
                0x00003930       0x54 .\CortexM3\ARM_GCC_541\Debug\CS301_Class.a(USBUART_vnd.o)
                0x00003930                USBUART_HandleVendorRqst
 .text.USBUART_Dp_ClearInterrupt
                0x00003984       0x20 .\CortexM3\ARM_GCC_541\Debug\CS301_Class.a(USBUART_Dp.o)
                0x00003984                USBUART_Dp_ClearInterrupt
 .text.CyHalt   0x000039a4       0x18 .\CortexM3\ARM_GCC_541\Debug\CS301_Class.a(CyLib.o)
                0x000039a4                CyHalt
 .text.CyDelay  0x000039bc       0x44 .\CortexM3\ARM_GCC_541\Debug\CS301_Class.a(CyLib.o)
                0x000039bc                CyDelay
 .text.CyDelayUs
                0x00003a00       0x28 .\CortexM3\ARM_GCC_541\Debug\CS301_Class.a(CyLib.o)
                0x00003a00                CyDelayUs
 .text.CyIntSetVector
                0x00003a28       0x50 .\CortexM3\ARM_GCC_541\Debug\CS301_Class.a(CyLib.o)
                0x00003a28                CyIntSetVector
 .text.CyIntSetPriority
                0x00003a78       0x48 .\CortexM3\ARM_GCC_541\Debug\CS301_Class.a(CyLib.o)
                0x00003a78                CyIntSetPriority
 .text.CyGetUniqueId
                0x00003ac0       0xc4 .\CortexM3\ARM_GCC_541\Debug\CS301_Class.a(CyLib.o)
                0x00003ac0                CyGetUniqueId
 .text.PWM_1_Start
                0x00003b84       0x24 .\CortexM3\ARM_GCC_541\Debug\CS301_Class.a(PWM_1.o)
                0x00003b84                PWM_1_Start
 .text.PWM_1_Init
                0x00003ba8       0xbc .\CortexM3\ARM_GCC_541\Debug\CS301_Class.a(PWM_1.o)
                0x00003ba8                PWM_1_Init
 .text.PWM_1_Enable
                0x00003c64       0x48 .\CortexM3\ARM_GCC_541\Debug\CS301_Class.a(PWM_1.o)
                0x00003c64                PWM_1_Enable
 .text.PWM_1_WritePeriod
                0x00003cac       0x20 .\CortexM3\ARM_GCC_541\Debug\CS301_Class.a(PWM_1.o)
                0x00003cac                PWM_1_WritePeriod
 .text.PWM_1_WriteCompare
                0x00003ccc       0x20 .\CortexM3\ARM_GCC_541\Debug\CS301_Class.a(PWM_1.o)
                0x00003ccc                PWM_1_WriteCompare
 .text.PWM_1_SetInterruptMode
                0x00003cec       0x20 .\CortexM3\ARM_GCC_541\Debug\CS301_Class.a(PWM_1.o)
                0x00003cec                PWM_1_SetInterruptMode
 .text.PWM_2_Start
                0x00003d0c       0x24 .\CortexM3\ARM_GCC_541\Debug\CS301_Class.a(PWM_2.o)
                0x00003d0c                PWM_2_Start
 .text.PWM_2_Init
                0x00003d30       0xbc .\CortexM3\ARM_GCC_541\Debug\CS301_Class.a(PWM_2.o)
                0x00003d30                PWM_2_Init
 .text.PWM_2_Enable
                0x00003dec       0x48 .\CortexM3\ARM_GCC_541\Debug\CS301_Class.a(PWM_2.o)
                0x00003dec                PWM_2_Enable
 .text.PWM_2_WritePeriod
                0x00003e34       0x20 .\CortexM3\ARM_GCC_541\Debug\CS301_Class.a(PWM_2.o)
                0x00003e34                PWM_2_WritePeriod
 .text.PWM_2_WriteCompare
                0x00003e54       0x20 .\CortexM3\ARM_GCC_541\Debug\CS301_Class.a(PWM_2.o)
                0x00003e54                PWM_2_WriteCompare
 .text.PWM_2_SetInterruptMode
                0x00003e74       0x20 .\CortexM3\ARM_GCC_541\Debug\CS301_Class.a(PWM_2.o)
                0x00003e74                PWM_2_SetInterruptMode
 .text.isr_1_StartEx
                0x00003e94       0x24 .\CortexM3\ARM_GCC_541\Debug\CS301_Class.a(isr_1.o)
                0x00003e94                isr_1_StartEx
 .text.isr_1_SetVector
                0x00003eb8       0x24 .\CortexM3\ARM_GCC_541\Debug\CS301_Class.a(isr_1.o)
                0x00003eb8                isr_1_SetVector
 .text.isr_1_SetPriority
                0x00003edc       0x24 .\CortexM3\ARM_GCC_541\Debug\CS301_Class.a(isr_1.o)
                0x00003edc                isr_1_SetPriority
 .text.isr_1_Enable
                0x00003f00       0x18 .\CortexM3\ARM_GCC_541\Debug\CS301_Class.a(isr_1.o)
                0x00003f00                isr_1_Enable
 .text.isr_1_Disable
                0x00003f18       0x18 .\CortexM3\ARM_GCC_541\Debug\CS301_Class.a(isr_1.o)
                0x00003f18                isr_1_Disable
 .text.Output_3_Read
                0x00003f30       0x20 .\CortexM3\ARM_GCC_541\Debug\CS301_Class.a(Output_3.o)
                0x00003f30                Output_3_Read
 .text.Output_4_Read
                0x00003f50       0x20 .\CortexM3\ARM_GCC_541\Debug\CS301_Class.a(Output_4.o)
                0x00003f50                Output_4_Read
 .text.Output_5_Read
                0x00003f70       0x20 .\CortexM3\ARM_GCC_541\Debug\CS301_Class.a(Output_5.o)
                0x00003f70                Output_5_Read
 .text.Output_6_Read
                0x00003f90       0x1c .\CortexM3\ARM_GCC_541\Debug\CS301_Class.a(Output_6.o)
                0x00003f90                Output_6_Read
 *fill*         0x00003fac        0x4 
 .text          0x00003fb0       0x20 .\CortexM3\ARM_GCC_541\Debug\CS301_Class.a(CyBootAsmGnu.o)
                0x00003fb0                CyDelayCycles
                0x00003fc0                CyEnterCriticalSection
                0x00003fc8                CyExitCriticalSection
 .text.USBUART_DispatchClassRqst
                0x00003fd0       0x84 .\CortexM3\ARM_GCC_541\Debug\CS301_Class.a(USBUART_cls.o)
                0x00003fd0                USBUART_DispatchClassRqst
 .text.__errno  0x00004054        0xc c:/program files (x86)/cypress/psoc creator/4.4/psoc creator/import/gnu/arm/5.4.1/bin/../lib/gcc/arm-none-eabi/5.4.1/../../../../arm-none-eabi/lib/armv7-m\libg_nano.a(lib_a-errno.o)
                0x00004054                __errno
 .text.__libc_init_array
                0x00004060       0x4c c:/program files (x86)/cypress/psoc creator/4.4/psoc creator/import/gnu/arm/5.4.1/bin/../lib/gcc/arm-none-eabi/5.4.1/../../../../arm-none-eabi/lib/armv7-m\libg_nano.a(lib_a-init.o)
                0x00004060                __libc_init_array
 .text.memcpy   0x000040ac       0x16 c:/program files (x86)/cypress/psoc creator/4.4/psoc creator/import/gnu/arm/5.4.1/bin/../lib/gcc/arm-none-eabi/5.4.1/../../../../arm-none-eabi/lib/armv7-m\libg_nano.a(lib_a-memcpy-stub.o)
                0x000040ac                memcpy
 .text.memset   0x000040c2       0x10 c:/program files (x86)/cypress/psoc creator/4.4/psoc creator/import/gnu/arm/5.4.1/bin/../lib/gcc/arm-none-eabi/5.4.1/../../../../arm-none-eabi/lib/armv7-m\libg_nano.a(lib_a-memset.o)
                0x000040c2                memset
 *fill*         0x000040d2        0x2 
 .text.snprintf
                0x000040d4       0x64 c:/program files (x86)/cypress/psoc creator/4.4/psoc creator/import/gnu/arm/5.4.1/bin/../lib/gcc/arm-none-eabi/5.4.1/../../../../arm-none-eabi/lib/armv7-m\libg_nano.a(lib_a-snprintf.o)
                0x000040d4                sniprintf
                0x000040d4                snprintf
 .text          0x00004138       0x10 c:/program files (x86)/cypress/psoc creator/4.4/psoc creator/import/gnu/arm/5.4.1/bin/../lib/gcc/arm-none-eabi/5.4.1/../../../../arm-none-eabi/lib/armv7-m\libg_nano.a(lib_a-strlen.o)
                0x00004138                strlen
 .text.__ssputs_r
                0x00004148       0xb2 c:/program files (x86)/cypress/psoc creator/4.4/psoc creator/import/gnu/arm/5.4.1/bin/../lib/gcc/arm-none-eabi/5.4.1/../../../../arm-none-eabi/lib/armv7-m\libg_nano.a(lib_a-nano-svfprintf.o)
                0x00004148                __ssputs_r
 *fill*         0x000041fa        0x2 
 .text._svfprintf_r
                0x000041fc      0x1e8 c:/program files (x86)/cypress/psoc creator/4.4/psoc creator/import/gnu/arm/5.4.1/bin/../lib/gcc/arm-none-eabi/5.4.1/../../../../arm-none-eabi/lib/armv7-m\libg_nano.a(lib_a-nano-svfprintf.o)
                0x000041fc                _svfiprintf_r
                0x000041fc                _svfprintf_r
 .text._printf_common
                0x000043e4       0xec c:/program files (x86)/cypress/psoc creator/4.4/psoc creator/import/gnu/arm/5.4.1/bin/../lib/gcc/arm-none-eabi/5.4.1/../../../../arm-none-eabi/lib/armv7-m\libg_nano.a(lib_a-nano-vfprintf_i.o)
                0x000043e4                _printf_common
 .text._printf_i
                0x000044d0      0x24c c:/program files (x86)/cypress/psoc creator/4.4/psoc creator/import/gnu/arm/5.4.1/bin/../lib/gcc/arm-none-eabi/5.4.1/../../../../arm-none-eabi/lib/armv7-m\libg_nano.a(lib_a-nano-vfprintf_i.o)
                0x000044d0                _printf_i
 .text.memchr   0x0000471c       0x1c c:/program files (x86)/cypress/psoc creator/4.4/psoc creator/import/gnu/arm/5.4.1/bin/../lib/gcc/arm-none-eabi/5.4.1/../../../../arm-none-eabi/lib/armv7-m\libg_nano.a(lib_a-memchr-stub.o)
                0x0000471c                memchr
 .text.memmove  0x00004738       0x36 c:/program files (x86)/cypress/psoc creator/4.4/psoc creator/import/gnu/arm/5.4.1/bin/../lib/gcc/arm-none-eabi/5.4.1/../../../../arm-none-eabi/lib/armv7-m\libg_nano.a(lib_a-memmove.o)
                0x00004738                memmove
 *fill*         0x0000476e        0x2 
 .text._free_r  0x00004770       0x98 c:/program files (x86)/cypress/psoc creator/4.4/psoc creator/import/gnu/arm/5.4.1/bin/../lib/gcc/arm-none-eabi/5.4.1/../../../../arm-none-eabi/lib/armv7-m\libg_nano.a(lib_a-nano-freer.o)
                0x00004770                _free_r
 .text._malloc_r
                0x00004808       0xbc c:/program files (x86)/cypress/psoc creator/4.4/psoc creator/import/gnu/arm/5.4.1/bin/../lib/gcc/arm-none-eabi/5.4.1/../../../../arm-none-eabi/lib/armv7-m\libg_nano.a(lib_a-nano-mallocr.o)
                0x00004808                _malloc_r
 .text._realloc_r
                0x000048c4       0x4c c:/program files (x86)/cypress/psoc creator/4.4/psoc creator/import/gnu/arm/5.4.1/bin/../lib/gcc/arm-none-eabi/5.4.1/../../../../arm-none-eabi/lib/armv7-m\libg_nano.a(lib_a-nano-reallocr.o)
                0x000048c4                _realloc_r
 .text._sbrk_r  0x00004910       0x20 c:/program files (x86)/cypress/psoc creator/4.4/psoc creator/import/gnu/arm/5.4.1/bin/../lib/gcc/arm-none-eabi/5.4.1/../../../../arm-none-eabi/lib/armv7-m\libg_nano.a(lib_a-sbrkr.o)
                0x00004910                _sbrk_r
 .text.__malloc_lock
                0x00004930        0x2 c:/program files (x86)/cypress/psoc creator/4.4/psoc creator/import/gnu/arm/5.4.1/bin/../lib/gcc/arm-none-eabi/5.4.1/../../../../arm-none-eabi/lib/armv7-m\libg_nano.a(lib_a-mlock.o)
                0x00004930                __malloc_lock
 .text.__malloc_unlock
                0x00004932        0x2 c:/program files (x86)/cypress/psoc creator/4.4/psoc creator/import/gnu/arm/5.4.1/bin/../lib/gcc/arm-none-eabi/5.4.1/../../../../arm-none-eabi/lib/armv7-m\libg_nano.a(lib_a-mlock.o)
                0x00004932                __malloc_unlock
 .text._malloc_usable_size_r
                0x00004934       0x14 c:/program files (x86)/cypress/psoc creator/4.4/psoc creator/import/gnu/arm/5.4.1/bin/../lib/gcc/arm-none-eabi/5.4.1/../../../../arm-none-eabi/lib/armv7-m\libg_nano.a(lib_a-nano-msizer.o)
                0x00004934                _malloc_usable_size_r
 *(.plt)
 *(.gnu.warning)
 *(.glue_7t)
 .glue_7t       0x00004948        0x0 linker stubs
 *(.glue_7)
 .glue_7        0x00004948        0x0 linker stubs
 *(.vfp11_veneer)
 .vfp11_veneer  0x00004948        0x0 linker stubs
 *(.bootloader)
 *(.ARM.extab* .gnu.linkonce.armextab.*)
 *(.gcc_except_table)

.v4_bx          0x00004948        0x0
 .v4_bx         0x00004948        0x0 linker stubs

.iplt           0x00004948        0x0
 .iplt          0x00004948        0x0 c:/program files (x86)/cypress/psoc creator/4.4/psoc creator/import/gnu/arm/5.4.1/bin/../lib/gcc/arm-none-eabi/5.4.1/armv7-m/crtbegin.o

.eh_frame_hdr
 *(.eh_frame_hdr)

.eh_frame       0x00004948        0x4
 *(.eh_frame)
 .eh_frame      0x00004948        0x0 c:/program files (x86)/cypress/psoc creator/4.4/psoc creator/import/gnu/arm/5.4.1/bin/../lib/gcc/arm-none-eabi/5.4.1/armv7-m/crtbegin.o
 .eh_frame      0x00004948        0x4 c:/program files (x86)/cypress/psoc creator/4.4/psoc creator/import/gnu/arm/5.4.1/bin/../lib/gcc/arm-none-eabi/5.4.1/armv7-m/crtend.o
                [!provide]                PROVIDE (__exidx_start, .)

.ARM.exidx
 *(.ARM.exidx* .gnu.linkonce.armexidx.*)
                0x0000494c                __exidx_end = .

.rodata         0x0000494c      0x334
 *(.rodata .rodata.* .gnu.linkonce.r.*)
 .rodata        0x0000494c       0x78 .\CortexM3\ARM_GCC_541\Debug\main.o
 .rodata        0x000049c4       0x73 .\CortexM3\ARM_GCC_541\Debug\map_to_instructions.o
 *fill*         0x00004a37        0x1 
 .rodata        0x00004a38       0x2a .\CortexM3\ARM_GCC_541\Debug\cyfitter_cfg.o
 *fill*         0x00004a62        0x2 
 .rodata        0x00004a64       0x11 .\CortexM3\ARM_GCC_541\Debug\CS301_Class.a(USBUART_std.o)
 *fill*         0x00004a75        0x3 
 .rodata        0x00004a78      0x19c .\CortexM3\ARM_GCC_541\Debug\CS301_Class.a(USBUART_descr.o)
                0x00004a78                USBUART_DEVICE0_DESCR
                0x00004a8c                USBUART_DEVICE0_CONFIGURATION0_DESCR
                0x00004ad0                USBUART_STRING_DESCRIPTORS
                0x00004b70                USBUART_SN_STRING_DESCRIPTOR
                0x00004b74                USBUART_DEVICE0_CONFIGURATION0_EP_SETTINGS_TABLE
                0x00004b8c                USBUART_DEVICE0_CONFIGURATION0_INTERFACE_CLASS
                0x00004b90                USBUART_DEVICE0_CONFIGURATION0_TABLE
                0x00004bb8                USBUART_DEVICE0_TABLE
                0x00004bd0                USBUART_TABLE
                0x00004bd8                USBUART_MSOS_DESCRIPTOR
                0x00004bec                USBUART_MSOS_CONFIGURATION_DESCR
 .rodata.str1.1
                0x00004c14        0x2 c:/program files (x86)/cypress/psoc creator/4.4/psoc creator/import/gnu/arm/5.4.1/bin/../lib/gcc/arm-none-eabi/5.4.1/../../../../arm-none-eabi/lib/armv7-m\libg_nano.a(lib_a-impure.o)
 .rodata.str1.1
                0x00004c16       0x11 c:/program files (x86)/cypress/psoc creator/4.4/psoc creator/import/gnu/arm/5.4.1/bin/../lib/gcc/arm-none-eabi/5.4.1/../../../../arm-none-eabi/lib/armv7-m\libg_nano.a(lib_a-nano-svfprintf.o)
 .rodata.str1.1
                0x00004c27       0x22 c:/program files (x86)/cypress/psoc creator/4.4/psoc creator/import/gnu/arm/5.4.1/bin/../lib/gcc/arm-none-eabi/5.4.1/../../../../arm-none-eabi/lib/armv7-m\libg_nano.a(lib_a-nano-vfprintf_i.o)
                0x00004c4c                . = ALIGN (0x4)
 *fill*         0x00004c49        0x3 
 *(.init)
 .init          0x00004c4c        0x4 c:/program files (x86)/cypress/psoc creator/4.4/psoc creator/import/gnu/arm/5.4.1/bin/../lib/gcc/arm-none-eabi/5.4.1/armv7-m/crti.o
                0x00004c4c                _init
 .init          0x00004c50        0x8 c:/program files (x86)/cypress/psoc creator/4.4/psoc creator/import/gnu/arm/5.4.1/bin/../lib/gcc/arm-none-eabi/5.4.1/armv7-m/crtn.o
                0x00004c58                . = ALIGN (0x4)
                0x00004c58                __preinit_array_start = .
 *(.preinit_array)
                0x00004c58                __preinit_array_end = .
                0x00004c58                . = ALIGN (0x4)
                0x00004c58                __init_array_start = .
 *(SORT(.init_array.*))
 *(.init_array)
 .init_array    0x00004c58        0x4 c:/program files (x86)/cypress/psoc creator/4.4/psoc creator/import/gnu/arm/5.4.1/bin/../lib/gcc/arm-none-eabi/5.4.1/armv7-m/crtbegin.o
 .init_array    0x00004c5c        0x4 .\CortexM3\ARM_GCC_541\Debug\Cm3Start.o
                0x00004c60                __init_array_end = .
                0x00004c60                . = ALIGN (0x4)
 *(.fini)
 .fini          0x00004c60        0x4 c:/program files (x86)/cypress/psoc creator/4.4/psoc creator/import/gnu/arm/5.4.1/bin/../lib/gcc/arm-none-eabi/5.4.1/armv7-m/crti.o
                0x00004c60                _fini
 .fini          0x00004c64        0x8 c:/program files (x86)/cypress/psoc creator/4.4/psoc creator/import/gnu/arm/5.4.1/bin/../lib/gcc/arm-none-eabi/5.4.1/armv7-m/crtn.o
                0x00004c6c                . = ALIGN (0x4)
                0x00004c6c                __fini_array_start = .
 *(.fini_array)
 .fini_array    0x00004c6c        0x4 c:/program files (x86)/cypress/psoc creator/4.4/psoc creator/import/gnu/arm/5.4.1/bin/../lib/gcc/arm-none-eabi/5.4.1/armv7-m/crtbegin.o
 *(SORT(.fini_array.*))
                0x00004c70                __fini_array_end = .
                0x00004c70                . = ALIGN (0x4)
 *crtbegin.o(.ctors)
 *(EXCLUDE_FILE(*crtend.o) .ctors)
 *(SORT(.ctors.*))
 *crtend.o(.ctors)
                0x00004c70                . = ALIGN (0x4)
 *crtbegin.o(.dtors)
 *(EXCLUDE_FILE(*crtend.o) .dtors)
 *(SORT(.dtors.*))
 *crtend.o(.dtors)
                0x00004c70                . = ALIGN (0x4)
                0x00004c70                __cy_regions = .
                0x00004c70        0x4 LONG 0x4c80 __cy_region_init_ram
                0x00004c74        0x4 LONG 0x1fff80c8 __cy_region_start_data
                0x00004c78        0x4 LONG 0x1d0 __cy_region_init_size_ram
                0x00004c7c        0x4 LONG 0x128 __cy_region_zero_size_ram
                0x00004c80                __cy_regions_end = .
                0x00004c80                . = ALIGN (0x8)
                0x00004c80                _etext = .

.cy_checksum_exclude
                0x00004c80        0x0
 *(.cy_checksum_exclude)

.ramvectors     0x1fff8000       0xc0
                0x1fff8000                __cy_region_start_ram = .
 *(.ramvectors)
 .ramvectors    0x1fff8000       0xc0 .\CortexM3\ARM_GCC_541\Debug\Cm3Start.o
                0x1fff8000                CyRamVectors

.noinit         0x1fff80c0        0x5
 *(.noinit)
 .noinit        0x1fff80c0        0x4 .\CortexM3\ARM_GCC_541\Debug\Cm3Start.o
 .noinit        0x1fff80c4        0x1 .\CortexM3\ARM_GCC_541\Debug\CS301_Class.a(CyLib.o)
                0x1fff80c4                CyResetStatus

.data           0x1fff80c8      0x1d0 load address 0x00004c80
                0x1fff80c8                __cy_region_start_data = .
 *(.jcr)
 .jcr           0x1fff80c8        0x0 c:/program files (x86)/cypress/psoc creator/4.4/psoc creator/import/gnu/arm/5.4.1/bin/../lib/gcc/arm-none-eabi/5.4.1/armv7-m/crtbegin.o
 .jcr           0x1fff80c8        0x4 c:/program files (x86)/cypress/psoc creator/4.4/psoc creator/import/gnu/arm/5.4.1/bin/../lib/gcc/arm-none-eabi/5.4.1/armv7-m/crtend.o
 *(.got.plt)
 *(.got)
 *(.shdata)
 *(.data .data.* .gnu.linkonce.d.*)
 .data          0x1fff80cc        0x4 .\CortexM3\ARM_GCC_541\Debug\MOVEMENT.o
                0x1fff80cc                left_pwm
                0x1fff80cd                right_pwm
                0x1fff80ce                drift_left_pwm
                0x1fff80cf                drift_right_pwm
 .data          0x1fff80d0      0x12e .\CortexM3\ARM_GCC_541\Debug\map_to_instructions.o
                0x1fff80d0                map
                0x1fff81f0                start_pos
                0x1fff81f4                food_list
 *fill*         0x1fff81fe        0x2 
 .data          0x1fff8200        0x4 .\CortexM3\ARM_GCC_541\Debug\Cm3Start.o
 .data          0x1fff8204       0x1a .\CortexM3\ARM_GCC_541\Debug\CS301_Class.a(USBUART_cdc.o)
                0x1fff8204                USBUART_linesCoding
 *fill*         0x1fff821e        0x2 
 .data          0x1fff8220       0x10 .\CortexM3\ARM_GCC_541\Debug\CS301_Class.a(CyLib.o)
                0x1fff8220                cydelay_freq_hz
                0x1fff8224                cydelay_freq_khz
                0x1fff8228                cydelay_freq_mhz
                0x1fff822c                cydelay_32k_ms
 .data.impure_data
                0x1fff8230       0x60 c:/program files (x86)/cypress/psoc creator/4.4/psoc creator/import/gnu/arm/5.4.1/bin/../lib/gcc/arm-none-eabi/5.4.1/../../../../arm-none-eabi/lib/armv7-m\libg_nano.a(lib_a-impure.o)
 .data._impure_ptr
                0x1fff8290        0x4 c:/program files (x86)/cypress/psoc creator/4.4/psoc creator/import/gnu/arm/5.4.1/bin/../lib/gcc/arm-none-eabi/5.4.1/../../../../arm-none-eabi/lib/armv7-m\libg_nano.a(lib_a-impure.o)
                0x1fff8290                _impure_ptr
                0x1fff8298                . = ALIGN (0x8)
 *fill*         0x1fff8294        0x4 
 *(.ram)
                0x1fff8298                _edata = .

.igot.plt       0x1fff8298        0x0 load address 0x00004e50
 .igot.plt      0x1fff8298        0x0 c:/program files (x86)/cypress/psoc creator/4.4/psoc creator/import/gnu/arm/5.4.1/bin/../lib/gcc/arm-none-eabi/5.4.1/armv7-m/crtbegin.o

.bss            0x1fff8298      0x128 load address 0x00004e50
                0x1fff8298                PROVIDE (__bss_start__, .)
 *(.shbss)
 *(.bss .bss.* .gnu.linkonce.b.*)
 .bss           0x1fff8298       0x1c c:/program files (x86)/cypress/psoc creator/4.4/psoc creator/import/gnu/arm/5.4.1/bin/../lib/gcc/arm-none-eabi/5.4.1/armv7-m/crtbegin.o
 .bss           0x1fff82b4       0x1a .\CortexM3\ARM_GCC_541\Debug\main.o
                0x1fff82b4                ts
                0x1fff82b6                ts_enc
                0x1fff82b8                ts_update
                0x1fff82ba                ts_speed
                0x1fff82bc                ts_display
                0x1fff82be                flag_ts_enc
                0x1fff82bf                flag_ts_update
                0x1fff82c0                flag_ts_speed
                0x1fff82c1                flag_ts_display
                0x1fff82c2                flag_rx
                0x1fff82c3                flag_packet
                0x1fff82c4                flag_KB_string
                0x1fff82c5                dataready_flag
                0x1fff82ca                timer_flag
 .bss           0x1fff82ce        0x2 .\CortexM3\ARM_GCC_541\Debug\MOVEMENT.o
                0x1fff82ce                count_down
 .bss           0x1fff82d0        0x1 .\CortexM3\ARM_GCC_541\Debug\CS301_Class.a(Timer_TS.o)
                0x1fff82d0                Timer_TS_initVar
 .bss           0x1fff82d1        0x1 .\CortexM3\ARM_GCC_541\Debug\CS301_Class.a(USBUART.o)
                0x1fff82d1                USBUART_initVar
 .bss           0x1fff82d2        0x1 .\CortexM3\ARM_GCC_541\Debug\CS301_Class.a(USBUART_cdc.o)
 *fill*         0x1fff82d3        0x1 
 .bss           0x1fff82d4        0x2 .\CortexM3\ARM_GCC_541\Debug\CS301_Class.a(USBUART_std.o)
 .bss           0x1fff82d6        0x1 .\CortexM3\ARM_GCC_541\Debug\CS301_Class.a(PWM_1.o)
                0x1fff82d6                PWM_1_initVar
 .bss           0x1fff82d7        0x1 .\CortexM3\ARM_GCC_541\Debug\CS301_Class.a(PWM_2.o)
                0x1fff82d7                PWM_2_initVar
 .bss.__malloc_sbrk_start
                0x1fff82d8        0x4 c:/program files (x86)/cypress/psoc creator/4.4/psoc creator/import/gnu/arm/5.4.1/bin/../lib/gcc/arm-none-eabi/5.4.1/../../../../arm-none-eabi/lib/armv7-m\libg_nano.a(lib_a-nano-mallocr.o)
                0x1fff82d8                __malloc_sbrk_start
 .bss.__malloc_free_list
                0x1fff82dc        0x4 c:/program files (x86)/cypress/psoc creator/4.4/psoc creator/import/gnu/arm/5.4.1/bin/../lib/gcc/arm-none-eabi/5.4.1/../../../../arm-none-eabi/lib/armv7-m\libg_nano.a(lib_a-nano-mallocr.o)
                0x1fff82dc                __malloc_free_list
 *(COMMON)
 COMMON         0x1fff82e0       0x18 .\CortexM3\ARM_GCC_541\Debug\CS301_Class.a(USBUART_cdc.o)
                0x1fff82e0                USBUART_linesChanged
                0x1fff82e4                USBUART_cdcDataInEp
                0x1fff82e8                USBUART_cdcCommInInterruptEp
                0x1fff82ec                USBUART_cdcDataOutEp
                0x1fff82f0                USBUART_serialStateBitmap
                0x1fff82f4                USBUART_linesControlBitmap
 COMMON         0x1fff82f8       0x9a .\CortexM3\ARM_GCC_541\Debug\CS301_Class.a(USBUART_drv.o)
                0x1fff82f8                USBUART_lastPacketSize
                0x1fff82f9                USBUART_device
                0x1fff82fa                USBUART_transferByteCount
                0x1fff82fc                USBUART_transferState
                0x1fff8300                USBUART_interfaceSettingLast
                0x1fff8304                USBUART_currentTD
                0x1fff8310                USBUART_interfaceNumber
                0x1fff8314                USBUART_interfaceClass
                0x1fff8318                USBUART_configurationChanged
                0x1fff8319                USBUART_ep0Mode
                0x1fff831a                USBUART_deviceAddress
                0x1fff831b                USBUART_configuration
                0x1fff831c                USBUART_ep0Count
                0x1fff831d                USBUART_deviceStatus
                0x1fff8320                USBUART_EP
                0x1fff838c                USBUART_interfaceSetting
                0x1fff838e                USBUART_ep0Toggle
                0x1fff8390                USBUART_interfaceStatus
 *fill*         0x1fff8392        0x2 
 COMMON         0x1fff8394       0x22 .\CortexM3\ARM_GCC_541\Debug\CS301_Class.a(USBUART_descr.o)
                0x1fff8394                USBUART_idSerialNumberStringDescriptor
 *fill*         0x1fff83b6        0x2 
 COMMON         0x1fff83b8        0x4 c:/program files (x86)/cypress/psoc creator/4.4/psoc creator/import/gnu/arm/5.4.1/bin/../lib/gcc/arm-none-eabi/5.4.1/../../../../arm-none-eabi/lib/armv7-m\libg_nano.a(lib_a-reent.o)
                0x1fff83b8                errno
                0x1fff83c0                . = ALIGN (0x8)
 *fill*         0x1fff83bc        0x4 
 *(.ram.b)
                0x1fff83c0                _end = .
                0x1fff83c0                __end = .
                0x1fff83c0                PROVIDE (end, .)
                0x1fff83c0                PROVIDE (__bss_end__, .)
                0x00004c80                __cy_region_init_ram = LOADADDR (.data)
                0x000001d0                __cy_region_init_size_ram = (_edata - ADDR (.data))
                0x00000128                __cy_region_zero_size_ram = (_end - _edata)

.heap           0x1fff83c0       0x80 load address 0x00004e50
                0x1fff83c0                . = _end
                0x1fff8440                . = (. + 0x80)
 *fill*         0x1fff83c0       0x80 
                0x1fff8440                __cy_heap_limit = .

.stack          0x20007800      0x800
                0x20007800                __cy_stack_limit = .
                0x20008000                . = (. + 0x800)
 *fill*         0x20007800      0x800 
                0x00000001                ASSERT ((__cy_stack_limit >= __cy_heap_limit), region RAM overflowed with stack)
                0x00000000                cy_checksum_exclude_size = (CY_APPL_LOADABLE == 0x1)?SIZEOF (.cy_checksum_exclude):0x0
                0x00000001                ASSERT ((cy_checksum_exclude_size <= CY_CHECKSUM_EXCLUDE_SIZE), CY_BOOT: Section .cy_checksum_exclude size exceedes specified limit.)

.cyloadermeta
 *(.cyloadermeta)

.cyloadablemeta
 *(.cyloadablemeta)

.cyconfigecc    0x80000000      0xb74
 *(.cyconfigecc)
 .cyconfigecc   0x80000000      0xb74 .\CortexM3\ARM_GCC_541\Debug\cymetadata.o
                0x80000000                cy_meta_configecc

.cycustnvl      0x90000000        0x4
 *(.cycustnvl)
 .cycustnvl     0x90000000        0x4 .\CortexM3\ARM_GCC_541\Debug\cymetadata.o
                0x90000000                cy_meta_custnvl

.cywolatch      0x90100000        0x4
 *(.cywolatch)
 .cywolatch     0x90100000        0x4 .\CortexM3\ARM_GCC_541\Debug\cymetadata.o
                0x90100000                cy_meta_wonvl

.cyeeprom       0x90200000        0x0
 *(.cyeeprom)
                0x00000001                ASSERT ((. <= ((0x90200000 + ee_offset) + ee_size)), .cyeeprom data will not fit in EEPROM)

.cyflashprotect
                0x90400000      0x100
 *(.cyflashprotect)
 .cyflashprotect
                0x90400000      0x100 .\CortexM3\ARM_GCC_541\Debug\cymetadata.o
                0x90400000                cy_meta_flashprotect

.cymeta         0x90500000        0xc
 *(.cymeta)
 .cymeta        0x90500000        0xc .\CortexM3\ARM_GCC_541\Debug\cymetadata.o
                0x90500000                cy_metadata

.rel.dyn        0x00004e50        0x0 load address 0x9050000c
 .rel.iplt      0x00004e50        0x0 c:/program files (x86)/cypress/psoc creator/4.4/psoc creator/import/gnu/arm/5.4.1/bin/../lib/gcc/arm-none-eabi/5.4.1/armv7-m/crtbegin.o

.stab
 *(.stab)

.stabstr
 *(.stabstr)

.debug
 *(.debug)

.line
 *(.line)

.debug_srcinfo
 *(.debug_srcinfo)

.debug_sfnames
 *(.debug_sfnames)

.debug_aranges  0x00000000     0x1098
 *(.debug_aranges)
 .debug_aranges
                0x00000000       0x50 .\CortexM3\ARM_GCC_541\Debug\main.o
 .debug_aranges
                0x00000050       0x28 .\CortexM3\ARM_GCC_541\Debug\tacho.o
 .debug_aranges
                0x00000078       0x20 .\CortexM3\ARM_GCC_541\Debug\SENSORS_READ.o
 .debug_aranges
                0x00000098       0x80 .\CortexM3\ARM_GCC_541\Debug\MOVEMENT.o
 .debug_aranges
                0x00000118       0x60 .\CortexM3\ARM_GCC_541\Debug\map_to_instructions.o
 .debug_aranges
                0x00000178       0x60 .\CortexM3\ARM_GCC_541\Debug\cyfitter_cfg.o
 .debug_aranges
                0x000001d8       0x18 .\CortexM3\ARM_GCC_541\Debug\cymetadata.o
 .debug_aranges
                0x000001f0       0x48 .\CortexM3\ARM_GCC_541\Debug\Cm3Start.o
 .debug_aranges
                0x00000238       0x88 .\CortexM3\ARM_GCC_541\Debug\CS301_Class.a(Timer_TS.o)
 .debug_aranges
                0x000002c0       0xc8 .\CortexM3\ARM_GCC_541\Debug\CS301_Class.a(USBUART.o)
 .debug_aranges
                0x00000388       0xe8 .\CortexM3\ARM_GCC_541\Debug\CS301_Class.a(USBUART_cdc.o)
 .debug_aranges
                0x00000470       0x98 .\CortexM3\ARM_GCC_541\Debug\CS301_Class.a(USBUART_drv.o)
 .debug_aranges
                0x00000508       0x40 .\CortexM3\ARM_GCC_541\Debug\CS301_Class.a(USBUART_episr.o)
 .debug_aranges
                0x00000548       0x40 .\CortexM3\ARM_GCC_541\Debug\CS301_Class.a(USBUART_pm.o)
 .debug_aranges
                0x00000588       0x80 .\CortexM3\ARM_GCC_541\Debug\CS301_Class.a(USBUART_std.o)
 .debug_aranges
                0x00000608       0x20 .\CortexM3\ARM_GCC_541\Debug\CS301_Class.a(USBUART_vnd.o)
 .debug_aranges
                0x00000628       0x48 .\CortexM3\ARM_GCC_541\Debug\CS301_Class.a(USBUART_Dp.o)
 .debug_aranges
                0x00000670      0x2a0 .\CortexM3\ARM_GCC_541\Debug\CS301_Class.a(CyLib.o)
 .debug_aranges
                0x00000910       0x98 .\CortexM3\ARM_GCC_541\Debug\CS301_Class.a(cyPm.o)
 .debug_aranges
                0x000009a8       0x78 .\CortexM3\ARM_GCC_541\Debug\CS301_Class.a(PWM_1.o)
 .debug_aranges
                0x00000a20       0x78 .\CortexM3\ARM_GCC_541\Debug\CS301_Class.a(PWM_2.o)
 .debug_aranges
                0x00000a98       0x60 .\CortexM3\ARM_GCC_541\Debug\CS301_Class.a(QuadDec_M1.o)
 .debug_aranges
                0x00000af8       0x60 .\CortexM3\ARM_GCC_541\Debug\CS301_Class.a(QuadDec_M2.o)
 .debug_aranges
                0x00000b58       0x98 .\CortexM3\ARM_GCC_541\Debug\CS301_Class.a(QuadDec_M1_Cnt16.o)
 .debug_aranges
                0x00000bf0       0x98 .\CortexM3\ARM_GCC_541\Debug\CS301_Class.a(QuadDec_M2_Cnt16.o)
 .debug_aranges
                0x00000c88       0x80 .\CortexM3\ARM_GCC_541\Debug\CS301_Class.a(isr_1.o)
 .debug_aranges
                0x00000d08       0x38 .\CortexM3\ARM_GCC_541\Debug\CS301_Class.a(Output_3.o)
 .debug_aranges
                0x00000d40       0x38 .\CortexM3\ARM_GCC_541\Debug\CS301_Class.a(Output_4.o)
 .debug_aranges
                0x00000d78       0x38 .\CortexM3\ARM_GCC_541\Debug\CS301_Class.a(Output_5.o)
 .debug_aranges
                0x00000db0       0x38 .\CortexM3\ARM_GCC_541\Debug\CS301_Class.a(Output_6.o)
 .debug_aranges
                0x00000de8       0x38 .\CortexM3\ARM_GCC_541\Debug\CS301_Class.a(LED1.o)
 .debug_aranges
                0x00000e20       0x38 .\CortexM3\ARM_GCC_541\Debug\CS301_Class.a(LED2.o)
 .debug_aranges
                0x00000e58       0x38 .\CortexM3\ARM_GCC_541\Debug\CS301_Class.a(LED3.o)
 .debug_aranges
                0x00000e90       0x38 .\CortexM3\ARM_GCC_541\Debug\CS301_Class.a(LED4.o)
 .debug_aranges
                0x00000ec8       0x38 .\CortexM3\ARM_GCC_541\Debug\CS301_Class.a(LED5.o)
 .debug_aranges
                0x00000f00       0x38 .\CortexM3\ARM_GCC_541\Debug\CS301_Class.a(LED6.o)
 .debug_aranges
                0x00000f38       0x20 .\CortexM3\ARM_GCC_541\Debug\CS301_Class.a(CyBootAsmGnu.o)
 .debug_aranges
                0x00000f58       0x20 .\CortexM3\ARM_GCC_541\Debug\CS301_Class.a(USBUART_cls.o)
 .debug_aranges
                0x00000f78       0x18 .\CortexM3\ARM_GCC_541\Debug\CS301_Class.a(USBUART_descr.o)
 .debug_aranges
                0x00000f90       0x88 .\CortexM3\ARM_GCC_541\Debug\CS301_Class.a(CyFlash.o)
 .debug_aranges
                0x00001018       0x80 .\CortexM3\ARM_GCC_541\Debug\CS301_Class.a(CySpc.o)

.debug_pubnames
 *(.debug_pubnames)

.debug_info     0x00000000     0x81c5
 *(.debug_info .gnu.linkonce.wi.*)
 .debug_info    0x00000000      0x576 .\CortexM3\ARM_GCC_541\Debug\main.o
 .debug_info    0x00000576      0x14e .\CortexM3\ARM_GCC_541\Debug\tacho.o
 .debug_info    0x000006c4      0x196 .\CortexM3\ARM_GCC_541\Debug\SENSORS_READ.o
 .debug_info    0x0000085a      0x427 .\CortexM3\ARM_GCC_541\Debug\MOVEMENT.o
 .debug_info    0x00000c81      0x8c6 .\CortexM3\ARM_GCC_541\Debug\map_to_instructions.o
 .debug_info    0x00001547      0x3ab .\CortexM3\ARM_GCC_541\Debug\cyfitter_cfg.o
 .debug_info    0x000018f2      0x139 .\CortexM3\ARM_GCC_541\Debug\cymetadata.o
 .debug_info    0x00001a2b      0x32b .\CortexM3\ARM_GCC_541\Debug\Cm3Start.o
 .debug_info    0x00001d56      0x245 .\CortexM3\ARM_GCC_541\Debug\CS301_Class.a(Timer_TS.o)
 .debug_info    0x00001f9b      0x717 .\CortexM3\ARM_GCC_541\Debug\CS301_Class.a(USBUART.o)
 .debug_info    0x000026b2      0x924 .\CortexM3\ARM_GCC_541\Debug\CS301_Class.a(USBUART_cdc.o)
 .debug_info    0x00002fd6      0x52d .\CortexM3\ARM_GCC_541\Debug\CS301_Class.a(USBUART_drv.o)
 .debug_info    0x00003503      0x23b .\CortexM3\ARM_GCC_541\Debug\CS301_Class.a(USBUART_episr.o)
 .debug_info    0x0000373e      0x18d .\CortexM3\ARM_GCC_541\Debug\CS301_Class.a(USBUART_pm.o)
 .debug_info    0x000038cb      0x961 .\CortexM3\ARM_GCC_541\Debug\CS301_Class.a(USBUART_std.o)
 .debug_info    0x0000422c      0x1a9 .\CortexM3\ARM_GCC_541\Debug\CS301_Class.a(USBUART_vnd.o)
 .debug_info    0x000043d5      0x171 .\CortexM3\ARM_GCC_541\Debug\CS301_Class.a(USBUART_Dp.o)
 .debug_info    0x00004546      0xe51 .\CortexM3\ARM_GCC_541\Debug\CS301_Class.a(CyLib.o)
 .debug_info    0x00005397      0x57a .\CortexM3\ARM_GCC_541\Debug\CS301_Class.a(cyPm.o)
 .debug_info    0x00005911      0x235 .\CortexM3\ARM_GCC_541\Debug\CS301_Class.a(PWM_1.o)
 .debug_info    0x00005b46      0x235 .\CortexM3\ARM_GCC_541\Debug\CS301_Class.a(PWM_2.o)
 .debug_info    0x00005d7b      0x208 .\CortexM3\ARM_GCC_541\Debug\CS301_Class.a(QuadDec_M1.o)
 .debug_info    0x00005f83      0x208 .\CortexM3\ARM_GCC_541\Debug\CS301_Class.a(QuadDec_M2.o)
 .debug_info    0x0000618b      0x291 .\CortexM3\ARM_GCC_541\Debug\CS301_Class.a(QuadDec_M1_Cnt16.o)
 .debug_info    0x0000641c      0x291 .\CortexM3\ARM_GCC_541\Debug\CS301_Class.a(QuadDec_M2_Cnt16.o)
 .debug_info    0x000066ad      0x241 .\CortexM3\ARM_GCC_541\Debug\CS301_Class.a(isr_1.o)
 .debug_info    0x000068ee      0x11e .\CortexM3\ARM_GCC_541\Debug\CS301_Class.a(Output_3.o)
 .debug_info    0x00006a0c      0x11e .\CortexM3\ARM_GCC_541\Debug\CS301_Class.a(Output_4.o)
 .debug_info    0x00006b2a      0x11e .\CortexM3\ARM_GCC_541\Debug\CS301_Class.a(Output_5.o)
 .debug_info    0x00006c48      0x11e .\CortexM3\ARM_GCC_541\Debug\CS301_Class.a(Output_6.o)
 .debug_info    0x00006d66      0x11e .\CortexM3\ARM_GCC_541\Debug\CS301_Class.a(LED1.o)
 .debug_info    0x00006e84      0x11e .\CortexM3\ARM_GCC_541\Debug\CS301_Class.a(LED2.o)
 .debug_info    0x00006fa2      0x11e .\CortexM3\ARM_GCC_541\Debug\CS301_Class.a(LED3.o)
 .debug_info    0x000070c0      0x11e .\CortexM3\ARM_GCC_541\Debug\CS301_Class.a(LED4.o)
 .debug_info    0x000071de      0x11e .\CortexM3\ARM_GCC_541\Debug\CS301_Class.a(LED5.o)
 .debug_info    0x000072fc      0x11e .\CortexM3\ARM_GCC_541\Debug\CS301_Class.a(LED6.o)
 .debug_info    0x0000741a       0x89 .\CortexM3\ARM_GCC_541\Debug\CS301_Class.a(CyBootAsmGnu.o)
 .debug_info    0x000074a3      0x1c8 .\CortexM3\ARM_GCC_541\Debug\CS301_Class.a(USBUART_cls.o)
 .debug_info    0x0000766b      0x2e1 .\CortexM3\ARM_GCC_541\Debug\CS301_Class.a(USBUART_descr.o)
 .debug_info    0x0000794c      0x3b9 .\CortexM3\ARM_GCC_541\Debug\CS301_Class.a(CyFlash.o)
 .debug_info    0x00007d05      0x4c0 .\CortexM3\ARM_GCC_541\Debug\CS301_Class.a(CySpc.o)

.debug_abbrev   0x00000000     0x2abc
 *(.debug_abbrev)
 .debug_abbrev  0x00000000      0x183 .\CortexM3\ARM_GCC_541\Debug\main.o
 .debug_abbrev  0x00000183       0x96 .\CortexM3\ARM_GCC_541\Debug\tacho.o
 .debug_abbrev  0x00000219       0xbf .\CortexM3\ARM_GCC_541\Debug\SENSORS_READ.o
 .debug_abbrev  0x000002d8      0x164 .\CortexM3\ARM_GCC_541\Debug\MOVEMENT.o
 .debug_abbrev  0x0000043c      0x18f .\CortexM3\ARM_GCC_541\Debug\map_to_instructions.o
 .debug_abbrev  0x000005cb      0x19d .\CortexM3\ARM_GCC_541\Debug\cyfitter_cfg.o
 .debug_abbrev  0x00000768       0x77 .\CortexM3\ARM_GCC_541\Debug\cymetadata.o
 .debug_abbrev  0x000007df      0x1d6 .\CortexM3\ARM_GCC_541\Debug\Cm3Start.o
 .debug_abbrev  0x000009b5       0xe9 .\CortexM3\ARM_GCC_541\Debug\CS301_Class.a(Timer_TS.o)
 .debug_abbrev  0x00000a9e      0x1f3 .\CortexM3\ARM_GCC_541\Debug\CS301_Class.a(USBUART.o)
 .debug_abbrev  0x00000c91      0x233 .\CortexM3\ARM_GCC_541\Debug\CS301_Class.a(USBUART_cdc.o)
 .debug_abbrev  0x00000ec4      0x161 .\CortexM3\ARM_GCC_541\Debug\CS301_Class.a(USBUART_drv.o)
 .debug_abbrev  0x00001025       0xfd .\CortexM3\ARM_GCC_541\Debug\CS301_Class.a(USBUART_episr.o)
 .debug_abbrev  0x00001122       0xd1 .\CortexM3\ARM_GCC_541\Debug\CS301_Class.a(USBUART_pm.o)
 .debug_abbrev  0x000011f3      0x1c2 .\CortexM3\ARM_GCC_541\Debug\CS301_Class.a(USBUART_std.o)
 .debug_abbrev  0x000013b5       0xc5 .\CortexM3\ARM_GCC_541\Debug\CS301_Class.a(USBUART_vnd.o)
 .debug_abbrev  0x0000147a       0x90 .\CortexM3\ARM_GCC_541\Debug\CS301_Class.a(USBUART_Dp.o)
 .debug_abbrev  0x0000150a      0x217 .\CortexM3\ARM_GCC_541\Debug\CS301_Class.a(CyLib.o)
 .debug_abbrev  0x00001721      0x161 .\CortexM3\ARM_GCC_541\Debug\CS301_Class.a(cyPm.o)
 .debug_abbrev  0x00001882      0x116 .\CortexM3\ARM_GCC_541\Debug\CS301_Class.a(PWM_1.o)
 .debug_abbrev  0x00001998      0x116 .\CortexM3\ARM_GCC_541\Debug\CS301_Class.a(PWM_2.o)
 .debug_abbrev  0x00001aae      0x130 .\CortexM3\ARM_GCC_541\Debug\CS301_Class.a(QuadDec_M1.o)
 .debug_abbrev  0x00001bde      0x130 .\CortexM3\ARM_GCC_541\Debug\CS301_Class.a(QuadDec_M2.o)
 .debug_abbrev  0x00001d0e      0x12c .\CortexM3\ARM_GCC_541\Debug\CS301_Class.a(QuadDec_M1_Cnt16.o)
 .debug_abbrev  0x00001e3a      0x12c .\CortexM3\ARM_GCC_541\Debug\CS301_Class.a(QuadDec_M2_Cnt16.o)
 .debug_abbrev  0x00001f66      0x172 .\CortexM3\ARM_GCC_541\Debug\CS301_Class.a(isr_1.o)
 .debug_abbrev  0x000020d8       0x90 .\CortexM3\ARM_GCC_541\Debug\CS301_Class.a(Output_3.o)
 .debug_abbrev  0x00002168       0x90 .\CortexM3\ARM_GCC_541\Debug\CS301_Class.a(Output_4.o)
 .debug_abbrev  0x000021f8       0x90 .\CortexM3\ARM_GCC_541\Debug\CS301_Class.a(Output_5.o)
 .debug_abbrev  0x00002288       0x90 .\CortexM3\ARM_GCC_541\Debug\CS301_Class.a(Output_6.o)
 .debug_abbrev  0x00002318       0x90 .\CortexM3\ARM_GCC_541\Debug\CS301_Class.a(LED1.o)
 .debug_abbrev  0x000023a8       0x90 .\CortexM3\ARM_GCC_541\Debug\CS301_Class.a(LED2.o)
 .debug_abbrev  0x00002438       0x90 .\CortexM3\ARM_GCC_541\Debug\CS301_Class.a(LED3.o)
 .debug_abbrev  0x000024c8       0x90 .\CortexM3\ARM_GCC_541\Debug\CS301_Class.a(LED4.o)
 .debug_abbrev  0x00002558       0x90 .\CortexM3\ARM_GCC_541\Debug\CS301_Class.a(LED5.o)
 .debug_abbrev  0x000025e8       0x90 .\CortexM3\ARM_GCC_541\Debug\CS301_Class.a(LED6.o)
 .debug_abbrev  0x00002678       0x14 .\CortexM3\ARM_GCC_541\Debug\CS301_Class.a(CyBootAsmGnu.o)
 .debug_abbrev  0x0000268c       0xc5 .\CortexM3\ARM_GCC_541\Debug\CS301_Class.a(USBUART_cls.o)
 .debug_abbrev  0x00002751       0xb4 .\CortexM3\ARM_GCC_541\Debug\CS301_Class.a(USBUART_descr.o)
 .debug_abbrev  0x00002805      0x14b .\CortexM3\ARM_GCC_541\Debug\CS301_Class.a(CyFlash.o)
 .debug_abbrev  0x00002950      0x16c .\CortexM3\ARM_GCC_541\Debug\CS301_Class.a(CySpc.o)

.debug_line     0x00000000     0x4388
 *(.debug_line)
 .debug_line    0x00000000      0x282 .\CortexM3\ARM_GCC_541\Debug\main.o
 .debug_line    0x00000282      0x183 .\CortexM3\ARM_GCC_541\Debug\tacho.o
 .debug_line    0x00000405      0x1af .\CortexM3\ARM_GCC_541\Debug\SENSORS_READ.o
 .debug_line    0x000005b4      0x38f .\CortexM3\ARM_GCC_541\Debug\MOVEMENT.o
 .debug_line    0x00000943      0x364 .\CortexM3\ARM_GCC_541\Debug\map_to_instructions.o
 .debug_line    0x00000ca7      0x1f7 .\CortexM3\ARM_GCC_541\Debug\cyfitter_cfg.o
 .debug_line    0x00000e9e      0x141 .\CortexM3\ARM_GCC_541\Debug\cymetadata.o
 .debug_line    0x00000fdf      0x1dc .\CortexM3\ARM_GCC_541\Debug\Cm3Start.o
 .debug_line    0x000011bb      0x160 .\CortexM3\ARM_GCC_541\Debug\CS301_Class.a(Timer_TS.o)
 .debug_line    0x0000131b      0x307 .\CortexM3\ARM_GCC_541\Debug\CS301_Class.a(USBUART.o)
 .debug_line    0x00001622      0x30c .\CortexM3\ARM_GCC_541\Debug\CS301_Class.a(USBUART_cdc.o)
 .debug_line    0x0000192e      0x21f .\CortexM3\ARM_GCC_541\Debug\CS301_Class.a(USBUART_drv.o)
 .debug_line    0x00001b4d       0xf2 .\CortexM3\ARM_GCC_541\Debug\CS301_Class.a(USBUART_episr.o)
 .debug_line    0x00001c3f       0xe6 .\CortexM3\ARM_GCC_541\Debug\CS301_Class.a(USBUART_pm.o)
 .debug_line    0x00001d25      0x470 .\CortexM3\ARM_GCC_541\Debug\CS301_Class.a(USBUART_std.o)
 .debug_line    0x00002195       0x8f .\CortexM3\ARM_GCC_541\Debug\CS301_Class.a(USBUART_vnd.o)
 .debug_line    0x00002224       0xbf .\CortexM3\ARM_GCC_541\Debug\CS301_Class.a(USBUART_Dp.o)
 .debug_line    0x000022e3      0x883 .\CortexM3\ARM_GCC_541\Debug\CS301_Class.a(CyLib.o)
 .debug_line    0x00002b66      0x38e .\CortexM3\ARM_GCC_541\Debug\CS301_Class.a(cyPm.o)
 .debug_line    0x00002ef4      0x140 .\CortexM3\ARM_GCC_541\Debug\CS301_Class.a(PWM_1.o)
 .debug_line    0x00003034      0x140 .\CortexM3\ARM_GCC_541\Debug\CS301_Class.a(PWM_2.o)
 .debug_line    0x00003174      0x10a .\CortexM3\ARM_GCC_541\Debug\CS301_Class.a(QuadDec_M1.o)
 .debug_line    0x0000327e      0x10a .\CortexM3\ARM_GCC_541\Debug\CS301_Class.a(QuadDec_M2.o)
 .debug_line    0x00003388      0x18e .\CortexM3\ARM_GCC_541\Debug\CS301_Class.a(QuadDec_M1_Cnt16.o)
 .debug_line    0x00003516      0x18e .\CortexM3\ARM_GCC_541\Debug\CS301_Class.a(QuadDec_M2_Cnt16.o)
 .debug_line    0x000036a4      0x150 .\CortexM3\ARM_GCC_541\Debug\CS301_Class.a(isr_1.o)
 .debug_line    0x000037f4       0x98 .\CortexM3\ARM_GCC_541\Debug\CS301_Class.a(Output_3.o)
 .debug_line    0x0000388c       0x98 .\CortexM3\ARM_GCC_541\Debug\CS301_Class.a(Output_4.o)
 .debug_line    0x00003924       0x98 .\CortexM3\ARM_GCC_541\Debug\CS301_Class.a(Output_5.o)
 .debug_line    0x000039bc       0x98 .\CortexM3\ARM_GCC_541\Debug\CS301_Class.a(Output_6.o)
 .debug_line    0x00003a54       0x94 .\CortexM3\ARM_GCC_541\Debug\CS301_Class.a(LED1.o)
 .debug_line    0x00003ae8       0x94 .\CortexM3\ARM_GCC_541\Debug\CS301_Class.a(LED2.o)
 .debug_line    0x00003b7c       0x94 .\CortexM3\ARM_GCC_541\Debug\CS301_Class.a(LED3.o)
 .debug_line    0x00003c10       0x94 .\CortexM3\ARM_GCC_541\Debug\CS301_Class.a(LED4.o)
 .debug_line    0x00003ca4       0x94 .\CortexM3\ARM_GCC_541\Debug\CS301_Class.a(LED5.o)
 .debug_line    0x00003d38       0x94 .\CortexM3\ARM_GCC_541\Debug\CS301_Class.a(LED6.o)
 .debug_line    0x00003dcc       0x66 .\CortexM3\ARM_GCC_541\Debug\CS301_Class.a(CyBootAsmGnu.o)
 .debug_line    0x00003e32       0x95 .\CortexM3\ARM_GCC_541\Debug\CS301_Class.a(USBUART_cls.o)
 .debug_line    0x00003ec7       0x61 .\CortexM3\ARM_GCC_541\Debug\CS301_Class.a(USBUART_descr.o)
 .debug_line    0x00003f28      0x22f .\CortexM3\ARM_GCC_541\Debug\CS301_Class.a(CyFlash.o)
 .debug_line    0x00004157      0x231 .\CortexM3\ARM_GCC_541\Debug\CS301_Class.a(CySpc.o)

.debug_frame    0x00000000     0x4240
 *(.debug_frame)
 .debug_frame   0x00000000      0x11c .\CortexM3\ARM_GCC_541\Debug\main.o
 .debug_frame   0x0000011c       0x60 .\CortexM3\ARM_GCC_541\Debug\tacho.o
 .debug_frame   0x0000017c       0x38 .\CortexM3\ARM_GCC_541\Debug\SENSORS_READ.o
 .debug_frame   0x000001b4      0x1dc .\CortexM3\ARM_GCC_541\Debug\MOVEMENT.o
 .debug_frame   0x00000390      0x190 .\CortexM3\ARM_GCC_541\Debug\map_to_instructions.o
 .debug_frame   0x00000520      0x16c .\CortexM3\ARM_GCC_541\Debug\cyfitter_cfg.o
 .debug_frame   0x0000068c       0xd8 .\CortexM3\ARM_GCC_541\Debug\Cm3Start.o
 .debug_frame   0x00000764      0x208 .\CortexM3\ARM_GCC_541\Debug\CS301_Class.a(Timer_TS.o)
 .debug_frame   0x0000096c      0x37c .\CortexM3\ARM_GCC_541\Debug\CS301_Class.a(USBUART.o)
 .debug_frame   0x00000ce8      0x3ec .\CortexM3\ARM_GCC_541\Debug\CS301_Class.a(USBUART_cdc.o)
 .debug_frame   0x000010d4      0x23c .\CortexM3\ARM_GCC_541\Debug\CS301_Class.a(USBUART_drv.o)
 .debug_frame   0x00001310       0xbc .\CortexM3\ARM_GCC_541\Debug\CS301_Class.a(USBUART_episr.o)
 .debug_frame   0x000013cc       0xbc .\CortexM3\ARM_GCC_541\Debug\CS301_Class.a(USBUART_pm.o)
 .debug_frame   0x00001488      0x224 .\CortexM3\ARM_GCC_541\Debug\CS301_Class.a(USBUART_std.o)
 .debug_frame   0x000016ac       0x38 .\CortexM3\ARM_GCC_541\Debug\CS301_Class.a(USBUART_vnd.o)
 .debug_frame   0x000016e4       0xf4 .\CortexM3\ARM_GCC_541\Debug\CS301_Class.a(USBUART_Dp.o)
 .debug_frame   0x000017d8      0xc0c .\CortexM3\ARM_GCC_541\Debug\CS301_Class.a(CyLib.o)
 .debug_frame   0x000023e4      0x234 .\CortexM3\ARM_GCC_541\Debug\CS301_Class.a(cyPm.o)
 .debug_frame   0x00002618      0x1d0 .\CortexM3\ARM_GCC_541\Debug\CS301_Class.a(PWM_1.o)
 .debug_frame   0x000027e8      0x1d0 .\CortexM3\ARM_GCC_541\Debug\CS301_Class.a(PWM_2.o)
 .debug_frame   0x000029b8      0x160 .\CortexM3\ARM_GCC_541\Debug\CS301_Class.a(QuadDec_M1.o)
 .debug_frame   0x00002b18      0x160 .\CortexM3\ARM_GCC_541\Debug\CS301_Class.a(QuadDec_M2.o)
 .debug_frame   0x00002c78      0x258 .\CortexM3\ARM_GCC_541\Debug\CS301_Class.a(QuadDec_M1_Cnt16.o)
 .debug_frame   0x00002ed0      0x258 .\CortexM3\ARM_GCC_541\Debug\CS301_Class.a(QuadDec_M2_Cnt16.o)
 .debug_frame   0x00003128      0x1e8 .\CortexM3\ARM_GCC_541\Debug\CS301_Class.a(isr_1.o)
 .debug_frame   0x00003310       0xa8 .\CortexM3\ARM_GCC_541\Debug\CS301_Class.a(Output_3.o)
 .debug_frame   0x000033b8       0xa8 .\CortexM3\ARM_GCC_541\Debug\CS301_Class.a(Output_4.o)
 .debug_frame   0x00003460       0xa8 .\CortexM3\ARM_GCC_541\Debug\CS301_Class.a(Output_5.o)
 .debug_frame   0x00003508       0xa8 .\CortexM3\ARM_GCC_541\Debug\CS301_Class.a(Output_6.o)
 .debug_frame   0x000035b0       0xa8 .\CortexM3\ARM_GCC_541\Debug\CS301_Class.a(LED1.o)
 .debug_frame   0x00003658       0xa8 .\CortexM3\ARM_GCC_541\Debug\CS301_Class.a(LED2.o)
 .debug_frame   0x00003700       0xa8 .\CortexM3\ARM_GCC_541\Debug\CS301_Class.a(LED3.o)
 .debug_frame   0x000037a8       0xa8 .\CortexM3\ARM_GCC_541\Debug\CS301_Class.a(LED4.o)
 .debug_frame   0x00003850       0xa8 .\CortexM3\ARM_GCC_541\Debug\CS301_Class.a(LED5.o)
 .debug_frame   0x000038f8       0xa8 .\CortexM3\ARM_GCC_541\Debug\CS301_Class.a(LED6.o)
 .debug_frame   0x000039a0       0x38 .\CortexM3\ARM_GCC_541\Debug\CS301_Class.a(USBUART_cls.o)
 .debug_frame   0x000039d8      0x238 .\CortexM3\ARM_GCC_541\Debug\CS301_Class.a(CyFlash.o)
 .debug_frame   0x00003c10      0x228 .\CortexM3\ARM_GCC_541\Debug\CS301_Class.a(CySpc.o)
 .debug_frame   0x00003e38       0x20 c:/program files (x86)/cypress/psoc creator/4.4/psoc creator/import/gnu/arm/5.4.1/bin/../lib/gcc/arm-none-eabi/5.4.1/../../../../arm-none-eabi/lib/armv7-m\libg_nano.a(lib_a-errno.o)
 .debug_frame   0x00003e58       0x28 c:/program files (x86)/cypress/psoc creator/4.4/psoc creator/import/gnu/arm/5.4.1/bin/../lib/gcc/arm-none-eabi/5.4.1/../../../../arm-none-eabi/lib/armv7-m\libg_nano.a(lib_a-exit.o)
 .debug_frame   0x00003e80       0x2c c:/program files (x86)/cypress/psoc creator/4.4/psoc creator/import/gnu/arm/5.4.1/bin/../lib/gcc/arm-none-eabi/5.4.1/../../../../arm-none-eabi/lib/armv7-m\libg_nano.a(lib_a-init.o)
 .debug_frame   0x00003eac       0x28 c:/program files (x86)/cypress/psoc creator/4.4/psoc creator/import/gnu/arm/5.4.1/bin/../lib/gcc/arm-none-eabi/5.4.1/../../../../arm-none-eabi/lib/armv7-m\libg_nano.a(lib_a-memcpy-stub.o)
 .debug_frame   0x00003ed4       0x20 c:/program files (x86)/cypress/psoc creator/4.4/psoc creator/import/gnu/arm/5.4.1/bin/../lib/gcc/arm-none-eabi/5.4.1/../../../../arm-none-eabi/lib/armv7-m\libg_nano.a(lib_a-memset.o)
 .debug_frame   0x00003ef4       0x74 c:/program files (x86)/cypress/psoc creator/4.4/psoc creator/import/gnu/arm/5.4.1/bin/../lib/gcc/arm-none-eabi/5.4.1/../../../../arm-none-eabi/lib/armv7-m\libg_nano.a(lib_a-snprintf.o)
 .debug_frame   0x00003f68       0x20 c:/program files (x86)/cypress/psoc creator/4.4/psoc creator/import/gnu/arm/5.4.1/bin/../lib/gcc/arm-none-eabi/5.4.1/../../../../arm-none-eabi/lib/armv7-m\libg_nano.a(lib_a-strcpy.o)
 .debug_frame   0x00003f88       0x90 c:/program files (x86)/cypress/psoc creator/4.4/psoc creator/import/gnu/arm/5.4.1/bin/../lib/gcc/arm-none-eabi/5.4.1/../../../../arm-none-eabi/lib/armv7-m\libg_nano.a(lib_a-nano-svfprintf.o)
 .debug_frame   0x00004018       0x60 c:/program files (x86)/cypress/psoc creator/4.4/psoc creator/import/gnu/arm/5.4.1/bin/../lib/gcc/arm-none-eabi/5.4.1/../../../../arm-none-eabi/lib/armv7-m\libg_nano.a(lib_a-nano-vfprintf_i.o)
 .debug_frame   0x00004078       0x28 c:/program files (x86)/cypress/psoc creator/4.4/psoc creator/import/gnu/arm/5.4.1/bin/../lib/gcc/arm-none-eabi/5.4.1/../../../../arm-none-eabi/lib/armv7-m\libg_nano.a(lib_a-memchr-stub.o)
 .debug_frame   0x000040a0       0x28 c:/program files (x86)/cypress/psoc creator/4.4/psoc creator/import/gnu/arm/5.4.1/bin/../lib/gcc/arm-none-eabi/5.4.1/../../../../arm-none-eabi/lib/armv7-m\libg_nano.a(lib_a-memmove.o)
 .debug_frame   0x000040c8       0x38 c:/program files (x86)/cypress/psoc creator/4.4/psoc creator/import/gnu/arm/5.4.1/bin/../lib/gcc/arm-none-eabi/5.4.1/../../../../arm-none-eabi/lib/armv7-m\libg_nano.a(lib_a-nano-freer.o)
 .debug_frame   0x00004100       0x2c c:/program files (x86)/cypress/psoc creator/4.4/psoc creator/import/gnu/arm/5.4.1/bin/../lib/gcc/arm-none-eabi/5.4.1/../../../../arm-none-eabi/lib/armv7-m\libg_nano.a(lib_a-nano-mallocr.o)
 .debug_frame   0x0000412c       0x3c c:/program files (x86)/cypress/psoc creator/4.4/psoc creator/import/gnu/arm/5.4.1/bin/../lib/gcc/arm-none-eabi/5.4.1/../../../../arm-none-eabi/lib/armv7-m\libg_nano.a(lib_a-nano-reallocr.o)
 .debug_frame   0x00004168       0x2c c:/program files (x86)/cypress/psoc creator/4.4/psoc creator/import/gnu/arm/5.4.1/bin/../lib/gcc/arm-none-eabi/5.4.1/../../../../arm-none-eabi/lib/armv7-m\libg_nano.a(lib_a-sbrkr.o)
 .debug_frame   0x00004194       0x30 c:/program files (x86)/cypress/psoc creator/4.4/psoc creator/import/gnu/arm/5.4.1/bin/../lib/gcc/arm-none-eabi/5.4.1/../../../../arm-none-eabi/lib/armv7-m\libg_nano.a(lib_a-mlock.o)
 .debug_frame   0x000041c4       0x20 c:/program files (x86)/cypress/psoc creator/4.4/psoc creator/import/gnu/arm/5.4.1/bin/../lib/gcc/arm-none-eabi/5.4.1/../../../../arm-none-eabi/lib/armv7-m\libg_nano.a(lib_a-nano-msizer.o)
 .debug_frame   0x000041e4       0x5c c:/program files (x86)/cypress/psoc creator/4.4/psoc creator/import/gnu/arm/5.4.1/bin/../lib/gcc/arm-none-eabi/5.4.1/../../../../arm-none-eabi/lib/armv7-m\libg_nano.a(lib_a-reent.o)

.debug_str      0x00000000     0x38bd
 *(.debug_str)
 .debug_str     0x00000000      0x3ff .\CortexM3\ARM_GCC_541\Debug\main.o
                                0x4a9 (size before relaxing)
 .debug_str     0x000003ff       0x37 .\CortexM3\ARM_GCC_541\Debug\tacho.o
                                0x1d0 (size before relaxing)
 .debug_str     0x00000436       0x59 .\CortexM3\ARM_GCC_541\Debug\SENSORS_READ.o
                                0x243 (size before relaxing)
 .debug_str     0x0000048f      0x142 .\CortexM3\ARM_GCC_541\Debug\MOVEMENT.o
                                0x395 (size before relaxing)
 .debug_str     0x000005d1      0x18a .\CortexM3\ARM_GCC_541\Debug\map_to_instructions.o
                                0x364 (size before relaxing)
 .debug_str     0x0000075b      0x16e .\CortexM3\ARM_GCC_541\Debug\cyfitter_cfg.o
                                0x302 (size before relaxing)
 .debug_str     0x000008c9       0x75 .\CortexM3\ARM_GCC_541\Debug\cymetadata.o
                                0x1dd (size before relaxing)
 .debug_str     0x0000093e      0x11d .\CortexM3\ARM_GCC_541\Debug\Cm3Start.o
                                0x2d0 (size before relaxing)
 .debug_str     0x00000a5b      0x192 .\CortexM3\ARM_GCC_541\Debug\CS301_Class.a(Timer_TS.o)
                                0x31e (size before relaxing)
 .debug_str     0x00000bed      0x434 .\CortexM3\ARM_GCC_541\Debug\CS301_Class.a(USBUART.o)
                                0x5e4 (size before relaxing)
 .debug_str     0x00001021      0x4d2 .\CortexM3\ARM_GCC_541\Debug\CS301_Class.a(USBUART_cdc.o)
                                0x713 (size before relaxing)
 .debug_str     0x000014f3      0x296 .\CortexM3\ARM_GCC_541\Debug\CS301_Class.a(USBUART_drv.o)
                                0x5f3 (size before relaxing)
 .debug_str     0x00001789       0x80 .\CortexM3\ARM_GCC_541\Debug\CS301_Class.a(USBUART_episr.o)
                                0x2c0 (size before relaxing)
 .debug_str     0x00001809       0xac .\CortexM3\ARM_GCC_541\Debug\CS301_Class.a(USBUART_pm.o)
                                0x264 (size before relaxing)
 .debug_str     0x000018b5      0x2bb .\CortexM3\ARM_GCC_541\Debug\CS301_Class.a(USBUART_std.o)
                                0x753 (size before relaxing)
 .debug_str     0x00001b70       0x5f .\CortexM3\ARM_GCC_541\Debug\CS301_Class.a(USBUART_vnd.o)
                                0x270 (size before relaxing)
 .debug_str     0x00001bcf       0xb5 .\CortexM3\ARM_GCC_541\Debug\CS301_Class.a(USBUART_Dp.o)
                                0x23a (size before relaxing)
 .debug_str     0x00001c84      0x7e9 .\CortexM3\ARM_GCC_541\Debug\CS301_Class.a(CyLib.o)
                                0x9e3 (size before relaxing)
 .debug_str     0x0000246d      0x371 .\CortexM3\ARM_GCC_541\Debug\CS301_Class.a(cyPm.o)
                                0x53c (size before relaxing)
 .debug_str     0x000027de      0x116 .\CortexM3\ARM_GCC_541\Debug\CS301_Class.a(PWM_1.o)
                                0x2c6 (size before relaxing)
 .debug_str     0x000028f4      0x109 .\CortexM3\ARM_GCC_541\Debug\CS301_Class.a(PWM_2.o)
                                0x2c6 (size before relaxing)
 .debug_str     0x000029fd       0xfa .\CortexM3\ARM_GCC_541\Debug\CS301_Class.a(QuadDec_M1.o)
                                0x2ae (size before relaxing)
 .debug_str     0x00002af7       0xf3 .\CortexM3\ARM_GCC_541\Debug\CS301_Class.a(QuadDec_M2.o)
                                0x2ae (size before relaxing)
 .debug_str     0x00002bea      0x245 .\CortexM3\ARM_GCC_541\Debug\CS301_Class.a(QuadDec_M1_Cnt16.o)
                                0x3f5 (size before relaxing)
 .debug_str     0x00002e2f      0x236 .\CortexM3\ARM_GCC_541\Debug\CS301_Class.a(QuadDec_M2_Cnt16.o)
                                0x3f5 (size before relaxing)
 .debug_str     0x00003065       0xe6 .\CortexM3\ARM_GCC_541\Debug\CS301_Class.a(isr_1.o)
                                0x29f (size before relaxing)
 .debug_str     0x0000314b       0x6a .\CortexM3\ARM_GCC_541\Debug\CS301_Class.a(Output_3.o)
                                0x1ea (size before relaxing)
 .debug_str     0x000031b5       0x6a .\CortexM3\ARM_GCC_541\Debug\CS301_Class.a(Output_4.o)
                                0x1ea (size before relaxing)
 .debug_str     0x0000321f       0x6a .\CortexM3\ARM_GCC_541\Debug\CS301_Class.a(Output_5.o)
                                0x1ea (size before relaxing)
 .debug_str     0x00003289       0x6a .\CortexM3\ARM_GCC_541\Debug\CS301_Class.a(Output_6.o)
                                0x1ea (size before relaxing)
 .debug_str     0x000032f3       0x56 .\CortexM3\ARM_GCC_541\Debug\CS301_Class.a(LED1.o)
                                0x1d6 (size before relaxing)
 .debug_str     0x00003349       0x56 .\CortexM3\ARM_GCC_541\Debug\CS301_Class.a(LED2.o)
                                0x1d6 (size before relaxing)
 .debug_str     0x0000339f       0x56 .\CortexM3\ARM_GCC_541\Debug\CS301_Class.a(LED3.o)
                                0x1d6 (size before relaxing)
 .debug_str     0x000033f5       0x56 .\CortexM3\ARM_GCC_541\Debug\CS301_Class.a(LED4.o)
                                0x1d6 (size before relaxing)
 .debug_str     0x0000344b       0x56 .\CortexM3\ARM_GCC_541\Debug\CS301_Class.a(LED5.o)
                                0x1d6 (size before relaxing)
 .debug_str     0x000034a1       0x56 .\CortexM3\ARM_GCC_541\Debug\CS301_Class.a(LED6.o)
                                0x1d6 (size before relaxing)
 .debug_str     0x000034f7       0x3f .\CortexM3\ARM_GCC_541\Debug\CS301_Class.a(USBUART_cls.o)
                                0x288 (size before relaxing)
 .debug_str     0x00003536      0x104 .\CortexM3\ARM_GCC_541\Debug\CS301_Class.a(USBUART_descr.o)
                                0x38b (size before relaxing)
 .debug_str     0x0000363a      0x156 .\CortexM3\ARM_GCC_541\Debug\CS301_Class.a(CyFlash.o)
                                0x300 (size before relaxing)
 .debug_str     0x00003790      0x12d .\CortexM3\ARM_GCC_541\Debug\CS301_Class.a(CySpc.o)
                                0x2fa (size before relaxing)

.debug_loc
 *(.debug_loc)

.debug_macinfo
 *(.debug_macinfo)

.debug_ranges   0x00000000      0xe48
 *(.debug_ranges)
 .debug_ranges  0x00000000       0x40 .\CortexM3\ARM_GCC_541\Debug\main.o
 .debug_ranges  0x00000040       0x18 .\CortexM3\ARM_GCC_541\Debug\tacho.o
 .debug_ranges  0x00000058       0x10 .\CortexM3\ARM_GCC_541\Debug\SENSORS_READ.o
 .debug_ranges  0x00000068       0x70 .\CortexM3\ARM_GCC_541\Debug\MOVEMENT.o
 .debug_ranges  0x000000d8       0xb0 .\CortexM3\ARM_GCC_541\Debug\map_to_instructions.o
 .debug_ranges  0x00000188       0x50 .\CortexM3\ARM_GCC_541\Debug\cyfitter_cfg.o
 .debug_ranges  0x000001d8       0x38 .\CortexM3\ARM_GCC_541\Debug\Cm3Start.o
 .debug_ranges  0x00000210       0x78 .\CortexM3\ARM_GCC_541\Debug\CS301_Class.a(Timer_TS.o)
 .debug_ranges  0x00000288       0xb8 .\CortexM3\ARM_GCC_541\Debug\CS301_Class.a(USBUART.o)
 .debug_ranges  0x00000340       0xd8 .\CortexM3\ARM_GCC_541\Debug\CS301_Class.a(USBUART_cdc.o)
 .debug_ranges  0x00000418       0x88 .\CortexM3\ARM_GCC_541\Debug\CS301_Class.a(USBUART_drv.o)
 .debug_ranges  0x000004a0       0x30 .\CortexM3\ARM_GCC_541\Debug\CS301_Class.a(USBUART_episr.o)
 .debug_ranges  0x000004d0       0x30 .\CortexM3\ARM_GCC_541\Debug\CS301_Class.a(USBUART_pm.o)
 .debug_ranges  0x00000500       0x70 .\CortexM3\ARM_GCC_541\Debug\CS301_Class.a(USBUART_std.o)
 .debug_ranges  0x00000570       0x10 .\CortexM3\ARM_GCC_541\Debug\CS301_Class.a(USBUART_vnd.o)
 .debug_ranges  0x00000580       0x38 .\CortexM3\ARM_GCC_541\Debug\CS301_Class.a(USBUART_Dp.o)
 .debug_ranges  0x000005b8      0x290 .\CortexM3\ARM_GCC_541\Debug\CS301_Class.a(CyLib.o)
 .debug_ranges  0x00000848       0x88 .\CortexM3\ARM_GCC_541\Debug\CS301_Class.a(cyPm.o)
 .debug_ranges  0x000008d0       0x68 .\CortexM3\ARM_GCC_541\Debug\CS301_Class.a(PWM_1.o)
 .debug_ranges  0x00000938       0x68 .\CortexM3\ARM_GCC_541\Debug\CS301_Class.a(PWM_2.o)
 .debug_ranges  0x000009a0       0x50 .\CortexM3\ARM_GCC_541\Debug\CS301_Class.a(QuadDec_M1.o)
 .debug_ranges  0x000009f0       0x50 .\CortexM3\ARM_GCC_541\Debug\CS301_Class.a(QuadDec_M2.o)
 .debug_ranges  0x00000a40       0x88 .\CortexM3\ARM_GCC_541\Debug\CS301_Class.a(QuadDec_M1_Cnt16.o)
 .debug_ranges  0x00000ac8       0x88 .\CortexM3\ARM_GCC_541\Debug\CS301_Class.a(QuadDec_M2_Cnt16.o)
 .debug_ranges  0x00000b50       0x70 .\CortexM3\ARM_GCC_541\Debug\CS301_Class.a(isr_1.o)
 .debug_ranges  0x00000bc0       0x28 .\CortexM3\ARM_GCC_541\Debug\CS301_Class.a(Output_3.o)
 .debug_ranges  0x00000be8       0x28 .\CortexM3\ARM_GCC_541\Debug\CS301_Class.a(Output_4.o)
 .debug_ranges  0x00000c10       0x28 .\CortexM3\ARM_GCC_541\Debug\CS301_Class.a(Output_5.o)
 .debug_ranges  0x00000c38       0x28 .\CortexM3\ARM_GCC_541\Debug\CS301_Class.a(Output_6.o)
 .debug_ranges  0x00000c60       0x28 .\CortexM3\ARM_GCC_541\Debug\CS301_Class.a(LED1.o)
 .debug_ranges  0x00000c88       0x28 .\CortexM3\ARM_GCC_541\Debug\CS301_Class.a(LED2.o)
 .debug_ranges  0x00000cb0       0x28 .\CortexM3\ARM_GCC_541\Debug\CS301_Class.a(LED3.o)
 .debug_ranges  0x00000cd8       0x28 .\CortexM3\ARM_GCC_541\Debug\CS301_Class.a(LED4.o)
 .debug_ranges  0x00000d00       0x28 .\CortexM3\ARM_GCC_541\Debug\CS301_Class.a(LED5.o)
 .debug_ranges  0x00000d28       0x28 .\CortexM3\ARM_GCC_541\Debug\CS301_Class.a(LED6.o)
 .debug_ranges  0x00000d50       0x10 .\CortexM3\ARM_GCC_541\Debug\CS301_Class.a(USBUART_cls.o)
 .debug_ranges  0x00000d60       0x78 .\CortexM3\ARM_GCC_541\Debug\CS301_Class.a(CyFlash.o)
 .debug_ranges  0x00000dd8       0x70 .\CortexM3\ARM_GCC_541\Debug\CS301_Class.a(CySpc.o)

.comment        0x00000000       0x6e
 .comment       0x00000000       0x6e .\CortexM3\ARM_GCC_541\Debug\main.o
                                 0x6f (size before relaxing)
 .comment       0x0000006e       0x6f .\CortexM3\ARM_GCC_541\Debug\tacho.o
 .comment       0x0000006e       0x6f .\CortexM3\ARM_GCC_541\Debug\SENSORS_READ.o
 .comment       0x0000006e       0x6f .\CortexM3\ARM_GCC_541\Debug\MOVEMENT.o
 .comment       0x0000006e       0x6f .\CortexM3\ARM_GCC_541\Debug\map_to_instructions.o
 .comment       0x0000006e       0x6f .\CortexM3\ARM_GCC_541\Debug\cyfitter_cfg.o
 .comment       0x0000006e       0x6f .\CortexM3\ARM_GCC_541\Debug\cymetadata.o
 .comment       0x0000006e       0x6f .\CortexM3\ARM_GCC_541\Debug\Cm3Start.o
 .comment       0x0000006e       0x6f .\CortexM3\ARM_GCC_541\Debug\CS301_Class.a(Timer_TS.o)
 .comment       0x0000006e       0x6f .\CortexM3\ARM_GCC_541\Debug\CS301_Class.a(USBUART.o)
 .comment       0x0000006e       0x6f .\CortexM3\ARM_GCC_541\Debug\CS301_Class.a(USBUART_cdc.o)
 .comment       0x0000006e       0x6f .\CortexM3\ARM_GCC_541\Debug\CS301_Class.a(USBUART_drv.o)
 .comment       0x0000006e       0x6f .\CortexM3\ARM_GCC_541\Debug\CS301_Class.a(USBUART_episr.o)
 .comment       0x0000006e       0x6f .\CortexM3\ARM_GCC_541\Debug\CS301_Class.a(USBUART_pm.o)
 .comment       0x0000006e       0x6f .\CortexM3\ARM_GCC_541\Debug\CS301_Class.a(USBUART_std.o)
 .comment       0x0000006e       0x6f .\CortexM3\ARM_GCC_541\Debug\CS301_Class.a(USBUART_vnd.o)
 .comment       0x0000006e       0x6f .\CortexM3\ARM_GCC_541\Debug\CS301_Class.a(USBUART_Dp.o)
 .comment       0x0000006e       0x6f .\CortexM3\ARM_GCC_541\Debug\CS301_Class.a(CyLib.o)
 .comment       0x0000006e       0x6f .\CortexM3\ARM_GCC_541\Debug\CS301_Class.a(cyPm.o)
 .comment       0x0000006e       0x6f .\CortexM3\ARM_GCC_541\Debug\CS301_Class.a(PWM_1.o)
 .comment       0x0000006e       0x6f .\CortexM3\ARM_GCC_541\Debug\CS301_Class.a(PWM_2.o)
 .comment       0x0000006e       0x6f .\CortexM3\ARM_GCC_541\Debug\CS301_Class.a(QuadDec_M1.o)
 .comment       0x0000006e       0x6f .\CortexM3\ARM_GCC_541\Debug\CS301_Class.a(QuadDec_M2.o)
 .comment       0x0000006e       0x6f .\CortexM3\ARM_GCC_541\Debug\CS301_Class.a(QuadDec_M1_Cnt16.o)
 .comment       0x0000006e       0x6f .\CortexM3\ARM_GCC_541\Debug\CS301_Class.a(QuadDec_M2_Cnt16.o)
 .comment       0x0000006e       0x6f .\CortexM3\ARM_GCC_541\Debug\CS301_Class.a(isr_1.o)
 .comment       0x0000006e       0x6f .\CortexM3\ARM_GCC_541\Debug\CS301_Class.a(Output_3.o)
 .comment       0x0000006e       0x6f .\CortexM3\ARM_GCC_541\Debug\CS301_Class.a(Output_4.o)
 .comment       0x0000006e       0x6f .\CortexM3\ARM_GCC_541\Debug\CS301_Class.a(Output_5.o)
 .comment       0x0000006e       0x6f .\CortexM3\ARM_GCC_541\Debug\CS301_Class.a(Output_6.o)
 .comment       0x0000006e       0x6f .\CortexM3\ARM_GCC_541\Debug\CS301_Class.a(LED1.o)
 .comment       0x0000006e       0x6f .\CortexM3\ARM_GCC_541\Debug\CS301_Class.a(LED2.o)
 .comment       0x0000006e       0x6f .\CortexM3\ARM_GCC_541\Debug\CS301_Class.a(LED3.o)
 .comment       0x0000006e       0x6f .\CortexM3\ARM_GCC_541\Debug\CS301_Class.a(LED4.o)
 .comment       0x0000006e       0x6f .\CortexM3\ARM_GCC_541\Debug\CS301_Class.a(LED5.o)
 .comment       0x0000006e       0x6f .\CortexM3\ARM_GCC_541\Debug\CS301_Class.a(LED6.o)
 .comment       0x0000006e       0x6f .\CortexM3\ARM_GCC_541\Debug\CS301_Class.a(USBUART_cls.o)
 .comment       0x0000006e       0x6f .\CortexM3\ARM_GCC_541\Debug\CS301_Class.a(USBUART_descr.o)
 .comment       0x0000006e       0x6f .\CortexM3\ARM_GCC_541\Debug\CS301_Class.a(CyFlash.o)
 .comment       0x0000006e       0x6f .\CortexM3\ARM_GCC_541\Debug\CS301_Class.a(CySpc.o)

.debug_weaknames
 *(.debug_weaknames)

.debug_funcnames
 *(.debug_funcnames)

.debug_typenames
 *(.debug_typenames)

.debug_varnames
 *(.debug_varnames)

.note.gnu.arm.ident
 *(.note.gnu.arm.ident)

.ARM.attributes
                0x00000000       0x29
 *(.ARM.attributes)
 .ARM.attributes
                0x00000000       0x1d c:/program files (x86)/cypress/psoc creator/4.4/psoc creator/import/gnu/arm/5.4.1/bin/../lib/gcc/arm-none-eabi/5.4.1/armv7-m/crti.o
 .ARM.attributes
                0x0000001d       0x2d c:/program files (x86)/cypress/psoc creator/4.4/psoc creator/import/gnu/arm/5.4.1/bin/../lib/gcc/arm-none-eabi/5.4.1/armv7-m/crtbegin.o
 .ARM.attributes
                0x0000004a       0x1b c:/program files (x86)/cypress/psoc creator/4.4/psoc creator/import/gnu/arm/5.4.1/bin/../lib/gcc/arm-none-eabi/5.4.1/../../../../arm-none-eabi/lib/armv7-m/crt0.o
 .ARM.attributes
                0x00000065       0x33 .\CortexM3\ARM_GCC_541\Debug\main.o
 .ARM.attributes
                0x00000098       0x33 .\CortexM3\ARM_GCC_541\Debug\tacho.o
 .ARM.attributes
                0x000000cb       0x33 .\CortexM3\ARM_GCC_541\Debug\SENSORS_READ.o
 .ARM.attributes
                0x000000fe       0x33 .\CortexM3\ARM_GCC_541\Debug\MOVEMENT.o
 .ARM.attributes
                0x00000131       0x33 .\CortexM3\ARM_GCC_541\Debug\map_to_instructions.o
 .ARM.attributes
                0x00000164       0x33 .\CortexM3\ARM_GCC_541\Debug\cyfitter_cfg.o
 .ARM.attributes
                0x00000197       0x33 .\CortexM3\ARM_GCC_541\Debug\cymetadata.o
 .ARM.attributes
                0x000001ca       0x33 .\CortexM3\ARM_GCC_541\Debug\Cm3Start.o
 .ARM.attributes
                0x000001fd       0x33 .\CortexM3\ARM_GCC_541\Debug\CS301_Class.a(Timer_TS.o)
 .ARM.attributes
                0x00000230       0x33 .\CortexM3\ARM_GCC_541\Debug\CS301_Class.a(USBUART.o)
 .ARM.attributes
                0x00000263       0x33 .\CortexM3\ARM_GCC_541\Debug\CS301_Class.a(USBUART_cdc.o)
 .ARM.attributes
                0x00000296       0x33 .\CortexM3\ARM_GCC_541\Debug\CS301_Class.a(USBUART_drv.o)
 .ARM.attributes
                0x000002c9       0x33 .\CortexM3\ARM_GCC_541\Debug\CS301_Class.a(USBUART_episr.o)
 .ARM.attributes
                0x000002fc       0x33 .\CortexM3\ARM_GCC_541\Debug\CS301_Class.a(USBUART_pm.o)
 .ARM.attributes
                0x0000032f       0x33 .\CortexM3\ARM_GCC_541\Debug\CS301_Class.a(USBUART_std.o)
 .ARM.attributes
                0x00000362       0x33 .\CortexM3\ARM_GCC_541\Debug\CS301_Class.a(USBUART_vnd.o)
 .ARM.attributes
                0x00000395       0x33 .\CortexM3\ARM_GCC_541\Debug\CS301_Class.a(USBUART_Dp.o)
 .ARM.attributes
                0x000003c8       0x33 .\CortexM3\ARM_GCC_541\Debug\CS301_Class.a(CyLib.o)
 .ARM.attributes
                0x000003fb       0x33 .\CortexM3\ARM_GCC_541\Debug\CS301_Class.a(cyPm.o)
 .ARM.attributes
                0x0000042e       0x33 .\CortexM3\ARM_GCC_541\Debug\CS301_Class.a(PWM_1.o)
 .ARM.attributes
                0x00000461       0x33 .\CortexM3\ARM_GCC_541\Debug\CS301_Class.a(PWM_2.o)
 .ARM.attributes
                0x00000494       0x33 .\CortexM3\ARM_GCC_541\Debug\CS301_Class.a(QuadDec_M1.o)
 .ARM.attributes
                0x000004c7       0x33 .\CortexM3\ARM_GCC_541\Debug\CS301_Class.a(QuadDec_M2.o)
 .ARM.attributes
                0x000004fa       0x33 .\CortexM3\ARM_GCC_541\Debug\CS301_Class.a(QuadDec_M1_Cnt16.o)
 .ARM.attributes
                0x0000052d       0x33 .\CortexM3\ARM_GCC_541\Debug\CS301_Class.a(QuadDec_M2_Cnt16.o)
 .ARM.attributes
                0x00000560       0x33 .\CortexM3\ARM_GCC_541\Debug\CS301_Class.a(isr_1.o)
 .ARM.attributes
                0x00000593       0x33 .\CortexM3\ARM_GCC_541\Debug\CS301_Class.a(Output_3.o)
 .ARM.attributes
                0x000005c6       0x33 .\CortexM3\ARM_GCC_541\Debug\CS301_Class.a(Output_4.o)
 .ARM.attributes
                0x000005f9       0x33 .\CortexM3\ARM_GCC_541\Debug\CS301_Class.a(Output_5.o)
 .ARM.attributes
                0x0000062c       0x33 .\CortexM3\ARM_GCC_541\Debug\CS301_Class.a(Output_6.o)
 .ARM.attributes
                0x0000065f       0x33 .\CortexM3\ARM_GCC_541\Debug\CS301_Class.a(LED1.o)
 .ARM.attributes
                0x00000692       0x33 .\CortexM3\ARM_GCC_541\Debug\CS301_Class.a(LED2.o)
 .ARM.attributes
                0x000006c5       0x33 .\CortexM3\ARM_GCC_541\Debug\CS301_Class.a(LED3.o)
 .ARM.attributes
                0x000006f8       0x33 .\CortexM3\ARM_GCC_541\Debug\CS301_Class.a(LED4.o)
 .ARM.attributes
                0x0000072b       0x33 .\CortexM3\ARM_GCC_541\Debug\CS301_Class.a(LED5.o)
 .ARM.attributes
                0x0000075e       0x33 .\CortexM3\ARM_GCC_541\Debug\CS301_Class.a(LED6.o)
 .ARM.attributes
                0x00000791       0x21 .\CortexM3\ARM_GCC_541\Debug\CS301_Class.a(CyBootAsmGnu.o)
 .ARM.attributes
                0x000007b2       0x33 .\CortexM3\ARM_GCC_541\Debug\CS301_Class.a(USBUART_cls.o)
 .ARM.attributes
                0x000007e5       0x33 .\CortexM3\ARM_GCC_541\Debug\CS301_Class.a(USBUART_descr.o)
 .ARM.attributes
                0x00000818       0x33 .\CortexM3\ARM_GCC_541\Debug\CS301_Class.a(CyFlash.o)
 .ARM.attributes
                0x0000084b       0x33 .\CortexM3\ARM_GCC_541\Debug\CS301_Class.a(CySpc.o)
 .ARM.attributes
                0x0000087e       0x2d c:/program files (x86)/cypress/psoc creator/4.4/psoc creator/import/gnu/arm/5.4.1/bin/../lib/gcc/arm-none-eabi/5.4.1/../../../../arm-none-eabi/lib/armv7-m\libg_nano.a(lib_a-errno.o)
 .ARM.attributes
                0x000008ab       0x2d c:/program files (x86)/cypress/psoc creator/4.4/psoc creator/import/gnu/arm/5.4.1/bin/../lib/gcc/arm-none-eabi/5.4.1/../../../../arm-none-eabi/lib/armv7-m\libg_nano.a(lib_a-exit.o)
 .ARM.attributes
                0x000008d8       0x2d c:/program files (x86)/cypress/psoc creator/4.4/psoc creator/import/gnu/arm/5.4.1/bin/../lib/gcc/arm-none-eabi/5.4.1/../../../../arm-none-eabi/lib/armv7-m\libg_nano.a(lib_a-impure.o)
 .ARM.attributes
                0x00000905       0x2d c:/program files (x86)/cypress/psoc creator/4.4/psoc creator/import/gnu/arm/5.4.1/bin/../lib/gcc/arm-none-eabi/5.4.1/../../../../arm-none-eabi/lib/armv7-m\libg_nano.a(lib_a-init.o)
 .ARM.attributes
                0x00000932       0x2d c:/program files (x86)/cypress/psoc creator/4.4/psoc creator/import/gnu/arm/5.4.1/bin/../lib/gcc/arm-none-eabi/5.4.1/../../../../arm-none-eabi/lib/armv7-m\libg_nano.a(lib_a-memcpy-stub.o)
 .ARM.attributes
                0x0000095f       0x2d c:/program files (x86)/cypress/psoc creator/4.4/psoc creator/import/gnu/arm/5.4.1/bin/../lib/gcc/arm-none-eabi/5.4.1/../../../../arm-none-eabi/lib/armv7-m\libg_nano.a(lib_a-memset.o)
 .ARM.attributes
                0x0000098c       0x2d c:/program files (x86)/cypress/psoc creator/4.4/psoc creator/import/gnu/arm/5.4.1/bin/../lib/gcc/arm-none-eabi/5.4.1/../../../../arm-none-eabi/lib/armv7-m\libg_nano.a(lib_a-snprintf.o)
 .ARM.attributes
                0x000009b9       0x2d c:/program files (x86)/cypress/psoc creator/4.4/psoc creator/import/gnu/arm/5.4.1/bin/../lib/gcc/arm-none-eabi/5.4.1/../../../../arm-none-eabi/lib/armv7-m\libg_nano.a(lib_a-strcpy.o)
 .ARM.attributes
                0x000009e6       0x17 c:/program files (x86)/cypress/psoc creator/4.4/psoc creator/import/gnu/arm/5.4.1/bin/../lib/gcc/arm-none-eabi/5.4.1/../../../../arm-none-eabi/lib/armv7-m\libg_nano.a(lib_a-strlen.o)
 .ARM.attributes
                0x000009fd       0x2d c:/program files (x86)/cypress/psoc creator/4.4/psoc creator/import/gnu/arm/5.4.1/bin/../lib/gcc/arm-none-eabi/5.4.1/../../../../arm-none-eabi/lib/armv7-m\libg_nano.a(lib_a-nano-svfprintf.o)
 .ARM.attributes
                0x00000a2a       0x2d c:/program files (x86)/cypress/psoc creator/4.4/psoc creator/import/gnu/arm/5.4.1/bin/../lib/gcc/arm-none-eabi/5.4.1/../../../../arm-none-eabi/lib/armv7-m\libg_nano.a(lib_a-nano-vfprintf_i.o)
 .ARM.attributes
                0x00000a57       0x2d c:/program files (x86)/cypress/psoc creator/4.4/psoc creator/import/gnu/arm/5.4.1/bin/../lib/gcc/arm-none-eabi/5.4.1/../../../../arm-none-eabi/lib/armv7-m\libg_nano.a(lib_a-memchr-stub.o)
 .ARM.attributes
                0x00000a84       0x2d c:/program files (x86)/cypress/psoc creator/4.4/psoc creator/import/gnu/arm/5.4.1/bin/../lib/gcc/arm-none-eabi/5.4.1/../../../../arm-none-eabi/lib/armv7-m\libg_nano.a(lib_a-memmove.o)
 .ARM.attributes
                0x00000ab1       0x2d c:/program files (x86)/cypress/psoc creator/4.4/psoc creator/import/gnu/arm/5.4.1/bin/../lib/gcc/arm-none-eabi/5.4.1/../../../../arm-none-eabi/lib/armv7-m\libg_nano.a(lib_a-nano-freer.o)
 .ARM.attributes
                0x00000ade       0x2d c:/program files (x86)/cypress/psoc creator/4.4/psoc creator/import/gnu/arm/5.4.1/bin/../lib/gcc/arm-none-eabi/5.4.1/../../../../arm-none-eabi/lib/armv7-m\libg_nano.a(lib_a-nano-mallocr.o)
 .ARM.attributes
                0x00000b0b       0x2d c:/program files (x86)/cypress/psoc creator/4.4/psoc creator/import/gnu/arm/5.4.1/bin/../lib/gcc/arm-none-eabi/5.4.1/../../../../arm-none-eabi/lib/armv7-m\libg_nano.a(lib_a-nano-reallocr.o)
 .ARM.attributes
                0x00000b38       0x2d c:/program files (x86)/cypress/psoc creator/4.4/psoc creator/import/gnu/arm/5.4.1/bin/../lib/gcc/arm-none-eabi/5.4.1/../../../../arm-none-eabi/lib/armv7-m\libg_nano.a(lib_a-sbrkr.o)
 .ARM.attributes
                0x00000b65       0x2d c:/program files (x86)/cypress/psoc creator/4.4/psoc creator/import/gnu/arm/5.4.1/bin/../lib/gcc/arm-none-eabi/5.4.1/../../../../arm-none-eabi/lib/armv7-m\libg_nano.a(lib_a-mlock.o)
 .ARM.attributes