Archive member included to satisfy reference by file (symbol)

.\CortexM3\ARM_GCC_541\Debug\CS301_Class.a(Timer_TS.o)
                              .\CortexM3\ARM_GCC_541\Debug\main.o (Timer_TS_Start)
.\CortexM3\ARM_GCC_541\Debug\CS301_Class.a(USBUART.o)
                              .\CortexM3\ARM_GCC_541\Debug\main.o (USBUART_Start)
.\CortexM3\ARM_GCC_541\Debug\CS301_Class.a(USBUART_cdc.o)
                              .\CortexM3\ARM_GCC_541\Debug\main.o (USBUART_CDC_Init)
.\CortexM3\ARM_GCC_541\Debug\CS301_Class.a(USBUART_drv.o)
                              .\CortexM3\ARM_GCC_541\Debug\CS301_Class.a(USBUART.o) (USBUART_EP)
.\CortexM3\ARM_GCC_541\Debug\CS301_Class.a(USBUART_episr.o)
                              .\CortexM3\ARM_GCC_541\Debug\CS301_Class.a(USBUART.o) (USBUART_EP_1_ISR)
.\CortexM3\ARM_GCC_541\Debug\CS301_Class.a(USBUART_pm.o)
                              .\CortexM3\ARM_GCC_541\Debug\CS301_Class.a(USBUART.o) (USBUART_DP_ISR)
.\CortexM3\ARM_GCC_541\Debug\CS301_Class.a(USBUART_std.o)
                              .\CortexM3\ARM_GCC_541\Debug\CS301_Class.a(USBUART_drv.o) (USBUART_HandleStandardRqst)
.\CortexM3\ARM_GCC_541\Debug\CS301_Class.a(USBUART_vnd.o)
                              .\CortexM3\ARM_GCC_541\Debug\CS301_Class.a(USBUART_drv.o) (USBUART_HandleVendorRqst)
.\CortexM3\ARM_GCC_541\Debug\CS301_Class.a(USBUART_Dp.o)
                              .\CortexM3\ARM_GCC_541\Debug\CS301_Class.a(USBUART.o) (USBUART_Dp_ClearInterrupt)
.\CortexM3\ARM_GCC_541\Debug\CS301_Class.a(CyLib.o)
                              .\CortexM3\ARM_GCC_541\Debug\Cm3Start.o (CyResetStatus)
.\CortexM3\ARM_GCC_541\Debug\CS301_Class.a(cyPm.o)
                              .\CortexM3\ARM_GCC_541\Debug\CS301_Class.a(CyLib.o) (CyPmReadStatus)
.\CortexM3\ARM_GCC_541\Debug\CS301_Class.a(PWM_1.o)
                              .\CortexM3\ARM_GCC_541\Debug\main.o (PWM_1_Start)
.\CortexM3\ARM_GCC_541\Debug\CS301_Class.a(PWM_2.o)
                              .\CortexM3\ARM_GCC_541\Debug\main.o (PWM_2_Start)
.\CortexM3\ARM_GCC_541\Debug\CS301_Class.a(QuadDec_M1.o)
                              .\CortexM3\ARM_GCC_541\Debug\main.o (QuadDec_M1_Start)
.\CortexM3\ARM_GCC_541\Debug\CS301_Class.a(QuadDec_M2.o)
                              .\CortexM3\ARM_GCC_541\Debug\main.o (QuadDec_M2_Start)
.\CortexM3\ARM_GCC_541\Debug\CS301_Class.a(QuadDec_M1_Cnt16.o)
                              .\CortexM3\ARM_GCC_541\Debug\CS301_Class.a(QuadDec_M1.o) (QuadDec_M1_Cnt16_WriteCounter)
.\CortexM3\ARM_GCC_541\Debug\CS301_Class.a(QuadDec_M2_Cnt16.o)
                              .\CortexM3\ARM_GCC_541\Debug\CS301_Class.a(QuadDec_M2.o) (QuadDec_M2_Cnt16_WriteCounter)
.\CortexM3\ARM_GCC_541\Debug\CS301_Class.a(isr_1.o)
                              .\CortexM3\ARM_GCC_541\Debug\main.o (isr_1_StartEx)
.\CortexM3\ARM_GCC_541\Debug\CS301_Class.a(Output_1.o)
                              .\CortexM3\ARM_GCC_541\Debug\main.o (Output_1_Read)
.\CortexM3\ARM_GCC_541\Debug\CS301_Class.a(Output_2.o)
                              .\CortexM3\ARM_GCC_541\Debug\main.o (Output_2_Read)
.\CortexM3\ARM_GCC_541\Debug\CS301_Class.a(Output_3.o)
                              .\CortexM3\ARM_GCC_541\Debug\main.o (Output_3_Read)
.\CortexM3\ARM_GCC_541\Debug\CS301_Class.a(Output_4.o)
                              .\CortexM3\ARM_GCC_541\Debug\main.o (Output_4_Read)
.\CortexM3\ARM_GCC_541\Debug\CS301_Class.a(Output_5.o)
                              .\CortexM3\ARM_GCC_541\Debug\main.o (Output_5_Read)
.\CortexM3\ARM_GCC_541\Debug\CS301_Class.a(Output_6.o)
                              .\CortexM3\ARM_GCC_541\Debug\main.o (Output_6_Read)
.\CortexM3\ARM_GCC_541\Debug\CS301_Class.a(mid_right.o)
                              .\CortexM3\ARM_GCC_541\Debug\main.o (mid_right_Start)
.\CortexM3\ARM_GCC_541\Debug\CS301_Class.a(mid_left.o)
                              .\CortexM3\ARM_GCC_541\Debug\main.o (mid_left_Start)
.\CortexM3\ARM_GCC_541\Debug\CS301_Class.a(front_right.o)
                              .\CortexM3\ARM_GCC_541\Debug\main.o (front_right_Start)
.\CortexM3\ARM_GCC_541\Debug\CS301_Class.a(front_left.o)
                              .\CortexM3\ARM_GCC_541\Debug\main.o (front_left_Start)
.\CortexM3\ARM_GCC_541\Debug\CS301_Class.a(isr_2.o)
                              .\CortexM3\ARM_GCC_541\Debug\main.o (isr_2_Start)
.\CortexM3\ARM_GCC_541\Debug\CS301_Class.a(Turn_Timer.o)
                              .\CortexM3\ARM_GCC_541\Debug\main.o (Turn_Timer_Start)
.\CortexM3\ARM_GCC_541\Debug\CS301_Class.a(Front_Left_Led.o)
                              .\CortexM3\ARM_GCC_541\Debug\MOVEMENT.o (Front_Left_Led_Write)
.\CortexM3\ARM_GCC_541\Debug\CS301_Class.a(Left_Wing_Led.o)
                              .\CortexM3\ARM_GCC_541\Debug\MOVEMENT.o (Left_Wing_Led_Write)
.\CortexM3\ARM_GCC_541\Debug\CS301_Class.a(Mid_Left_Led.o)
                              .\CortexM3\ARM_GCC_541\Debug\MOVEMENT.o (Mid_Left_Led_Write)
.\CortexM3\ARM_GCC_541\Debug\CS301_Class.a(Right_Wing_Led.o)
[...]
Memory Configuration

Name             Origin             Length             Attributes
rom              0x00000000         0x00040000         xr
ram              0x1fff8000         0x00010000         xrw
*default*        0x00000000         0xffffffff

Linker script and memory map

LOAD c:/cypress/psoc creator/4.4/psoc creator/import/gnu/arm/5.4.1/bin/../lib/gcc/arm-none-eabi/5.4.1/armv7-m/crti.o
LOAD c:/cypress/psoc creator/4.4/psoc creator/import/gnu/arm/5.4.1/bin/../lib/gcc/arm-none-eabi/5.4.1/armv7-m/crtbegin.o
LOAD c:/cypress/psoc creator/4.4/psoc creator/import/gnu/arm/5.4.1/bin/../lib/gcc/arm-none-eabi/5.4.1/../../../../arm-none-eabi/lib/armv7-m/crt0.o
START GROUP
LOAD .\CortexM3\ARM_GCC_541\Debug\main.o
LOAD .\CortexM3\ARM_GCC_541\Debug\tacho.o
LOAD .\CortexM3\ARM_GCC_541\Debug\SENSORS_READ.o
LOAD .\CortexM3\ARM_GCC_541\Debug\MOVEMENT.o
LOAD .\CortexM3\ARM_GCC_541\Debug\cyfitter_cfg.o
LOAD .\CortexM3\ARM_GCC_541\Debug\cymetadata.o
LOAD .\CortexM3\ARM_GCC_541\Debug\Cm3Start.o
LOAD .\CortexM3\ARM_GCC_541\Debug\CS301_Class.a
LOAD C:\Cypress\PSoC Creator\4.4\PSoC Creator\psoc\content\cycomponentlibrary\CyComponentLibrary.cylib\CortexM3\ARM_GCC_541\Debug\CyComponentLibrary.a
END GROUP
START GROUP
LOAD c:/cypress/psoc creator/4.4/psoc creator/import/gnu/arm/5.4.1/bin/../lib/gcc/arm-none-eabi/5.4.1/armv7-m\libgcc.a
LOAD c:/cypress/psoc creator/4.4/psoc creator/import/gnu/arm/5.4.1/bin/../lib/gcc/arm-none-eabi/5.4.1/../../../../arm-none-eabi/lib/armv7-m\libg_nano.a
LOAD c:/cypress/psoc creator/4.4/psoc creator/import/gnu/arm/5.4.1/bin/../lib/gcc/arm-none-eabi/5.4.1/../../../../arm-none-eabi/lib/armv7-m\libc_nano.a
END GROUP
START GROUP
LOAD c:/cypress/psoc creator/4.4/psoc creator/import/gnu/arm/5.4.1/bin/../lib/gcc/arm-none-eabi/5.4.1/armv7-m\libgcc.a
LOAD c:/cypress/psoc creator/4.4/psoc creator/import/gnu/arm/5.4.1/bin/../lib/gcc/arm-none-eabi/5.4.1/../../../../arm-none-eabi/lib/armv7-m\libc_nano.a
END GROUP
LOAD c:/cypress/psoc creator/4.4/psoc creator/import/gnu/arm/5.4.1/bin/../lib/gcc/arm-none-eabi/5.4.1/armv7-m/crtend.o
LOAD c:/cypress/psoc creator/4.4/psoc creator/import/gnu/arm/5.4.1/bin/../lib/gcc/arm-none-eabi/5.4.1/armv7-m/crtn.o
START GROUP
LOAD c:/cypress/psoc creator/4.4/psoc creator/import/gnu/arm/5.4.1/bin/../lib/gcc/arm-none-eabi/5.4.1/armv7-m\libgcc.a
LOAD c:/cypress/psoc creator/4.4/psoc creator/import/gnu/arm/5.4.1/bin/../lib/gcc/arm-none-eabi/5.4.1/../../../../arm-none-eabi/lib/armv7-m\libc.a
LOAD c:/cypress/psoc creator/4.4/psoc creator/import/gnu/arm/5.4.1/bin/../lib/gcc/arm-none-eabi/5.4.1/../../../../arm-none-eabi/lib/armv7-m\libnosys.a
END GROUP
                0x00000000                CY_APPL_ORIGIN = 0x0
                0x00000100                CY_FLASH_ROW_SIZE = 0x100
                0x00000020                CY_ECC_ROW_SIZE = 0x20
                0x00000000                CY_EE_IN_BTLDR = 0x0
                0x00000000                CY_APPL_LOADABLE = 0x0
                0x00000800                CY_EE_SIZE = 0x800
                0x00000001                CY_APPL_NUM = 0x1
                0x00000001                CY_APPL_MAX = 0x1
                0x00000040                CY_METADATA_SIZE = 0x40
                0x00000000                CY_APPL_LOADABLE = 0x0
                0x00000000                CY_CHECKSUM_EXCLUDE_SIZE = ALIGN (0x0, CY_FLASH_ROW_SIZE)
                [!provide]                PROVIDE (__cy_heap_start, _end)
                0x00000001                PROVIDE (__cy_region_num, ((__cy_regions_end - __cy_regions) / 0x10))
                0x20008000                PROVIDE (__cy_stack, (ORIGIN (ram) + LENGTH (ram)))
                [!provide]                PROVIDE (__cy_heap_end, (__cy_stack - 0x800))

.cybootloader   0x00000000        0x0
 *(.cybootloader)
                0x00000000                appl1_start = CY_APPL_ORIGIN?CY_APPL_ORIGIN:ALIGN (CY_FLASH_ROW_SIZE)
                0x0001ff00                appl2_start = (appl1_start + ALIGN ((((LENGTH (rom) - appl1_start) - (0x2 * CY_FLASH_ROW_SIZE)) / 0x2), CY_FLASH_ROW_SIZE))
                0x00000000                appl_start = (CY_APPL_NUM == 0x1)?appl1_start:appl2_start
                0x00000000                ecc_offset = ((appl_start / CY_FLASH_ROW_SIZE) * CY_ECC_ROW_SIZE)
                0x00000000                ee_offset = (CY_APPL_LOADABLE && ! (CY_EE_IN_BTLDR))?((CY_EE_SIZE / CY_APPL_MAX) * (CY_APPL_NUM - 0x1)):0x0
                0x00000800                ee_size = (CY_APPL_LOADABLE && ! (CY_EE_IN_BTLDR))?(CY_EE_SIZE / CY_APPL_MAX):CY_EE_SIZE
                [!provide]                PROVIDE (CY_ECC_OFFSET, ecc_offset)

.text           0x00000000     0x406e
 CREATE_OBJECT_SYMBOLS
                0x00000000                PROVIDE (__cy_interrupt_vector, RomVectors)
 *(.romvectors)
 .romvectors    0x00000000       0x10 .\CortexM3\ARM_GCC_541\Debug\Cm3Start.o
                0x00000000                RomVectors
                0x00000001                ASSERT ((. != __cy_interrupt_vector), No interrupt vector)
                0x00000001                ASSERT (CY_APPL_ORIGIN?(SIZEOF (.cybootloader) <= CY_APPL_ORIGIN):0x1, Wrong image location)
                0x00000010                PROVIDE (__cy_reset, Reset)
 *(.text.Reset)
 .text.Reset    0x00000010       0x18 .\CortexM3\ARM_GCC_541\Debug\Cm3Start.o
                0x00000010                Reset
                0x00000001                ASSERT ((. != __cy_reset), No reset code)
 *(.dma_init)
                0x00000001                ASSERT ((((appl_start + .) <= 0x10000) || 0x1), DMA Init must be within the first 64k of flash)
 *(.text .text.* .gnu.linkonce.t.*)
 .text          0x00000028       0x5c c:/cypress/psoc creator/4.4/psoc creator/import/gnu/arm/5.4.1/bin/../lib/gcc/arm-none-eabi/5.4.1/armv7-m/crtbegin.o
 .text.Timer_TS_ISR_Handler
                0x00000084       0xc8 .\CortexM3\ARM_GCC_541\Debug\main.o
                0x00000084                Timer_TS_ISR_Handler
 .text.main     0x0000014c      0x190 .\CortexM3\ARM_GCC_541\Debug\main.o
                0x0000014c                main
 .text.motor_left
                0x000002dc       0x1c .\CortexM3\ARM_GCC_541\Debug\MOVEMENT.o
 .text.motor_right
                0x000002f8       0x1c .\CortexM3\ARM_GCC_541\Debug\MOVEMENT.o
 .text.do_straight_with_pid
                0x00000314      0x2a4 .\CortexM3\ARM_GCC_541\Debug\MOVEMENT.o
                0x00000314                do_straight_with_pid
 .text.CYMEMZERO
                0x000005b8       0x1c .\CortexM3\ARM_GCC_541\Debug\cyfitter_cfg.o
 .text.CYCONFIGCPY
                0x000005d4       0x20 .\CortexM3\ARM_GCC_541\Debug\cyfitter_cfg.o
 .text.CyClockStartupError
                0x000005f4        0xc .\CortexM3\ARM_GCC_541\Debug\cyfitter_cfg.o
 .text.cfg_write_bytes32
                0x00000600       0x74 .\CortexM3\ARM_GCC_541\Debug\cyfitter_cfg.o
 .text.ClockSetup
                0x00000674      0x158 .\CortexM3\ARM_GCC_541\Debug\cyfitter_cfg.o
 .text.AnalogSetDefault
                0x000007cc       0x44 .\CortexM3\ARM_GCC_541\Debug\cyfitter_cfg.o
 .text.cyfitter_cfg
                0x00000810      0x1b4 .\CortexM3\ARM_GCC_541\Debug\cyfitter_cfg.o
                0x00000810                cyfitter_cfg
 .text.IntDefaultHandler
                0x000009c4       0x14 .\CortexM3\ARM_GCC_541\Debug\Cm3Start.o
                0x000009c4                IntDefaultHandler
 .text.Start_c  0x000009d8       0x98 .\CortexM3\ARM_GCC_541\Debug\Cm3Start.o
                0x000009d8                Start_c
 .text.initialize_psoc
                0x00000a70       0x90 .\CortexM3\ARM_GCC_541\Debug\Cm3Start.o
                0x00000a70                initialize_psoc
 .text.Timer_TS_Init
                0x00000b00       0x9c .\CortexM3\ARM_GCC_541\Debug\CS301_Class.a(Timer_TS.o)
                0x00000b00                Timer_TS_Init
 .text.Timer_TS_Enable
                0x00000b9c       0x48 .\CortexM3\ARM_GCC_541\Debug\CS301_Class.a(Timer_TS.o)
                0x00000b9c                Timer_TS_Enable
 .text.Timer_TS_Start
                0x00000be4       0x24 .\CortexM3\ARM_GCC_541\Debug\CS301_Class.a(Timer_TS.o)
                0x00000be4                Timer_TS_Start
 .text.Timer_TS_SetInterruptMode
                0x00000c08       0x20 .\CortexM3\ARM_GCC_541\Debug\CS301_Class.a(Timer_TS.o)
                0x00000c08                Timer_TS_SetInterruptMode
 .text.Timer_TS_WritePeriod
                0x00000c28       0x24 .\CortexM3\ARM_GCC_541\Debug\CS301_Class.a(Timer_TS.o)
                0x00000c28                Timer_TS_WritePeriod
 .text.Timer_TS_WriteCounter
                0x00000c4c       0x20 .\CortexM3\ARM_GCC_541\Debug\CS301_Class.a(Timer_TS.o)
                0x00000c4c                Timer_TS_WriteCounter
 .text.USBUART_Start
                0x00000c6c       0x3c .\CortexM3\ARM_GCC_541\Debug\CS301_Class.a(USBUART.o)
                0x00000c6c                USBUART_Start
 .text.USBUART_Init
                0x00000ca8      0x1a4 .\CortexM3\ARM_GCC_541\Debug\CS301_Class.a(USBUART.o)
                0x00000ca8                USBUART_Init
 .text.USBUART_InitComponent
                0x00000e4c      0x100 .\CortexM3\ARM_GCC_541\Debug\CS301_Class.a(USBUART.o)
                0x00000e4c                USBUART_InitComponent
 .text.USBUART_ReInitComponent
                0x00000f4c       0x68 .\CortexM3\ARM_GCC_541\Debug\CS301_Class.a(USBUART.o)
                0x00000f4c                USBUART_ReInitComponent
 .text.USBUART_DispatchCDCClassRqst
                0x00000fb4       0xe4 .\CortexM3\ARM_GCC_541\Debug\CS301_Class.a(USBUART_cdc.o)
                0x00000fb4                USBUART_DispatchCDCClassRqst
 .text.USBUART_GetInterfaceComPort
                0x00001098       0x60 .\CortexM3\ARM_GCC_541\Debug\CS301_Class.a(USBUART_cdc.o)
                0x00001098                USBUART_GetInterfaceComPort
 .text.USBUART_Cdc_EpInit
                0x000010f8       0x90 .\CortexM3\ARM_GCC_541\Debug\CS301_Class.a(USBUART_cdc.o)
                0x000010f8                USBUART_Cdc_EpInit
 .text.USBUART_EP_0_ISR
                0x00001188       0xf8 .\CortexM3\ARM_GCC_541\Debug\CS301_Class.a(USBUART_drv.o)
                0x00001188                USBUART_EP_0_ISR
 .text.USBUART_HandleSetup
                0x00001280       0x88 .\CortexM3\ARM_GCC_541\Debug\CS301_Class.a(USBUART_drv.o)
                0x00001280                USBUART_HandleSetup
 .text.USBUART_HandleIN
                0x00001308       0x4c .\CortexM3\ARM_GCC_541\Debug\CS301_Class.a(USBUART_drv.o)
                0x00001308                USBUART_HandleIN
 .text.USBUART_HandleOUT
                0x00001354       0x58 .\CortexM3\ARM_GCC_541\Debug\CS301_Class.a(USBUART_drv.o)
                0x00001354                USBUART_HandleOUT
 .text.USBUART_LoadEP0
                0x000013ac       0xd0 .\CortexM3\ARM_GCC_541\Debug\CS301_Class.a(USBUART_drv.o)
                0x000013ac                USBUART_LoadEP0
 .text.USBUART_InitControlRead
                0x0000147c       0x70 .\CortexM3\ARM_GCC_541\Debug\CS301_Class.a(USBUART_drv.o)
                0x0000147c                USBUART_InitControlRead
 .text.USBUART_InitZeroLengthControlTransfer
                0x000014ec       0x40 .\CortexM3\ARM_GCC_541\Debug\CS301_Class.a(USBUART_drv.o)
                0x000014ec                USBUART_InitZeroLengthControlTransfer
 .text.USBUART_ControlReadDataStage
                0x0000152c        0xc .\CortexM3\ARM_GCC_541\Debug\CS301_Class.a(USBUART_drv.o)
                0x0000152c                USBUART_ControlReadDataStage
 .text.USBUART_ControlReadStatusStage
                0x00001538       0x40 .\CortexM3\ARM_GCC_541\Debug\CS301_Class.a(USBUART_drv.o)
                0x00001538                USBUART_ControlReadStatusStage
 .text.USBUART_InitControlWrite
                0x00001578       0x64 .\CortexM3\ARM_GCC_541\Debug\CS301_Class.a(USBUART_drv.o)
                0x00001578                USBUART_InitControlWrite
 .text.USBUART_ControlWriteDataStage
                0x000015dc       0xb4 .\CortexM3\ARM_GCC_541\Debug\CS301_Class.a(USBUART_drv.o)
                0x000015dc                USBUART_ControlWriteDataStage
 .text.USBUART_ControlWriteStatusStage
                0x00001690       0x24 .\CortexM3\ARM_GCC_541\Debug\CS301_Class.a(USBUART_drv.o)
                0x00001690                USBUART_ControlWriteStatusStage
 .text.USBUART_InitNoDataControlTransfer
                0x000016b4       0x38 .\CortexM3\ARM_GCC_541\Debug\CS301_Class.a(USBUART_drv.o)
                0x000016b4                USBUART_InitNoDataControlTransfer
 .text.USBUART_NoDataControlStatusStage
                0x000016ec       0x4c .\CortexM3\ARM_GCC_541\Debug\CS301_Class.a(USBUART_drv.o)
                0x000016ec                USBUART_NoDataControlStatusStage
 .text.USBUART_UpdateStatusBlock
                0x00001738       0x40 .\CortexM3\ARM_GCC_541\Debug\CS301_Class.a(USBUART_drv.o)
                0x00001738                USBUART_UpdateStatusBlock
 .text.USBUART_InitializeStatusBlock
                0x00001778       0x34 .\CortexM3\ARM_GCC_541\Debug\CS301_Class.a(USBUART_drv.o)
                0x00001778                USBUART_InitializeStatusBlock
 .text.USBUART_EP_1_ISR
                0x000017ac       0x48 .\CortexM3\ARM_GCC_541\Debug\CS301_Class.a(USBUART_episr.o)
                0x000017ac                USBUART_EP_1_ISR
 .text.USBUART_EP_2_ISR
                0x000017f4       0x4c .\CortexM3\ARM_GCC_541\Debug\CS301_Class.a(USBUART_episr.o)
                0x000017f4                USBUART_EP_2_ISR
 .text.USBUART_EP_3_ISR
                0x00001840       0x54 .\CortexM3\ARM_GCC_541\Debug\CS301_Class.a(USBUART_episr.o)
                0x00001840                USBUART_EP_3_ISR
 .text.USBUART_SOF_ISR
                0x00001894        0xc .\CortexM3\ARM_GCC_541\Debug\CS301_Class.a(USBUART_episr.o)
                0x00001894                USBUART_SOF_ISR
 .text.USBUART_BUS_RESET_ISR
                0x000018a0        0xc .\CortexM3\ARM_GCC_541\Debug\CS301_Class.a(USBUART_episr.o)
                0x000018a0                USBUART_BUS_RESET_ISR
 .text.USBUART_DP_ISR
                0x000018ac        0xc .\CortexM3\ARM_GCC_541\Debug\CS301_Class.a(USBUART_pm.o)
                0x000018ac                USBUART_DP_ISR
 .text.USBUART_HandleStandardRqst
                0x000018b8      0x4a4 .\CortexM3\ARM_GCC_541\Debug\CS301_Class.a(USBUART_std.o)
                0x000018b8                USBUART_HandleStandardRqst
 .text.USBUART_ReadDieID
                0x00001d5c       0xd8 .\CortexM3\ARM_GCC_541\Debug\CS301_Class.a(USBUART_std.o)
                0x00001d5c                USBUART_ReadDieID
 .text.USBUART_ConfigReg
                0x00001e34      0x138 .\CortexM3\ARM_GCC_541\Debug\CS301_Class.a(USBUART_std.o)
                0x00001e34                USBUART_ConfigReg
 .text.USBUART_Config
                0x00001f6c      0x3a4 .\CortexM3\ARM_GCC_541\Debug\CS301_Class.a(USBUART_std.o)
                0x00001f6c                USBUART_Config
 .text.USBUART_ConfigAltChanged
                0x00002310      0x25c .\CortexM3\ARM_GCC_541\Debug\CS301_Class.a(USBUART_std.o)
                0x00002310                USBUART_ConfigAltChanged
 .text.USBUART_GetConfigTablePtr
                0x0000256c       0x50 .\CortexM3\ARM_GCC_541\Debug\CS301_Class.a(USBUART_std.o)
                0x0000256c                USBUART_GetConfigTablePtr
 .text.USBUART_GetDeviceTablePtr
                0x000025bc       0x24 .\CortexM3\ARM_GCC_541\Debug\CS301_Class.a(USBUART_std.o)
                0x000025bc                USBUART_GetDeviceTablePtr
 .text.USBUART_GetInterfaceClassTablePtr
                0x000025e0       0x4c .\CortexM3\ARM_GCC_541\Debug\CS301_Class.a(USBUART_std.o)
                0x000025e0                USBUART_GetInterfaceClassTablePtr
 .text.USBUART_SetEndpointHalt
                0x0000262c       0xe8 .\CortexM3\ARM_GCC_541\Debug\CS301_Class.a(USBUART_std.o)
                0x0000262c                USBUART_SetEndpointHalt
 .text.USBUART_ClearEndpointHalt
                0x00002714      0x158 .\CortexM3\ARM_GCC_541\Debug\CS301_Class.a(USBUART_std.o)
                0x00002714                USBUART_ClearEndpointHalt
 .text.USBUART_ValidateAlternateSetting
                0x0000286c       0x70 .\CortexM3\ARM_GCC_541\Debug\CS301_Class.a(USBUART_std.o)
                0x0000286c                USBUART_ValidateAlternateSetting
 .text.USBUART_HandleVendorRqst
                0x000028dc       0x54 .\CortexM3\ARM_GCC_541\Debug\CS301_Class.a(USBUART_vnd.o)
                0x000028dc                USBUART_HandleVendorRqst
 .text.USBUART_Dp_ClearInterrupt
                0x00002930       0x20 .\CortexM3\ARM_GCC_541\Debug\CS301_Class.a(USBUART_Dp.o)
                0x00002930                USBUART_Dp_ClearInterrupt
 .text.CyHalt   0x00002950       0x18 .\CortexM3\ARM_GCC_541\Debug\CS301_Class.a(CyLib.o)
                0x00002950                CyHalt
 .text.CyDelayUs
                0x00002968       0x28 .\CortexM3\ARM_GCC_541\Debug\CS301_Class.a(CyLib.o)
                0x00002968                CyDelayUs
 .text.CyIntSetVector
                0x00002990       0x50 .\CortexM3\ARM_GCC_541\Debug\CS301_Class.a(CyLib.o)
                0x00002990                CyIntSetVector
 .text.CyIntSetPriority
                0x000029e0       0x48 .\CortexM3\ARM_GCC_541\Debug\CS301_Class.a(CyLib.o)
                0x000029e0                CyIntSetPriority
 .text.CyGetUniqueId
                0x00002a28       0xc4 .\CortexM3\ARM_GCC_541\Debug\CS301_Class.a(CyLib.o)
                0x00002a28                CyGetUniqueId
 .text.PWM_1_Start
                0x00002aec       0x24 .\CortexM3\ARM_GCC_541\Debug\CS301_Class.a(PWM_1.o)
                0x00002aec                PWM_1_Start
 .text.PWM_1_Init
                0x00002b10       0xbc .\CortexM3\ARM_GCC_541\Debug\CS301_Class.a(PWM_1.o)
                0x00002b10                PWM_1_Init
 .text.PWM_1_Enable
                0x00002bcc       0x48 .\CortexM3\ARM_GCC_541\Debug\CS301_Class.a(PWM_1.o)
                0x00002bcc                PWM_1_Enable
 .text.PWM_1_WritePeriod
                0x00002c14       0x20 .\CortexM3\ARM_GCC_541\Debug\CS301_Class.a(PWM_1.o)
                0x00002c14                PWM_1_WritePeriod
 .text.PWM_1_WriteCompare
                0x00002c34       0x20 .\CortexM3\ARM_GCC_541\Debug\CS301_Class.a(PWM_1.o)
                0x00002c34                PWM_1_WriteCompare
 .text.PWM_1_SetInterruptMode
                0x00002c54       0x20 .\CortexM3\ARM_GCC_541\Debug\CS301_Class.a(PWM_1.o)
                0x00002c54                PWM_1_SetInterruptMode
 .text.PWM_2_Start
                0x00002c74       0x24 .\CortexM3\ARM_GCC_541\Debug\CS301_Class.a(PWM_2.o)
                0x00002c74                PWM_2_Start
 .text.PWM_2_Init
                0x00002c98       0xbc .\CortexM3\ARM_GCC_541\Debug\CS301_Class.a(PWM_2.o)
                0x00002c98                PWM_2_Init
 .text.PWM_2_Enable
                0x00002d54       0x48 .\CortexM3\ARM_GCC_541\Debug\CS301_Class.a(PWM_2.o)
                0x00002d54                PWM_2_Enable
 .text.PWM_2_WritePeriod
                0x00002d9c       0x20 .\CortexM3\ARM_GCC_541\Debug\CS301_Class.a(PWM_2.o)
                0x00002d9c                PWM_2_WritePeriod
 .text.PWM_2_WriteCompare
                0x00002dbc       0x20 .\CortexM3\ARM_GCC_541\Debug\CS301_Class.a(PWM_2.o)
                0x00002dbc                PWM_2_WriteCompare
 .text.PWM_2_SetInterruptMode
                0x00002ddc       0x20 .\CortexM3\ARM_GCC_541\Debug\CS301_Class.a(PWM_2.o)
                0x00002ddc                PWM_2_SetInterruptMode
 .text.QuadDec_M1_Init
                0x00002dfc        0xc .\CortexM3\ARM_GCC_541\Debug\CS301_Class.a(QuadDec_M1.o)
                0x00002dfc                QuadDec_M1_Init
 .text.QuadDec_M1_Enable
                0x00002e08       0x3c .\CortexM3\ARM_GCC_541\Debug\CS301_Class.a(QuadDec_M1.o)
                0x00002e08                QuadDec_M1_Enable
 .text.QuadDec_M1_Start
                0x00002e44       0x30 .\CortexM3\ARM_GCC_541\Debug\CS301_Class.a(QuadDec_M1.o)
                0x00002e44                QuadDec_M1_Start
 .text.QuadDec_M1_SetCounter
                0x00002e74       0x34 .\CortexM3\ARM_GCC_541\Debug\CS301_Class.a(QuadDec_M1.o)
                0x00002e74                QuadDec_M1_SetCounter
 .text.QuadDec_M1_GetEvents
                0x00002ea8       0x1c .\CortexM3\ARM_GCC_541\Debug\CS301_Class.a(QuadDec_M1.o)
                0x00002ea8                QuadDec_M1_GetEvents
 .text.QuadDec_M1_SetInterruptMask
                0x00002ec4       0x20 .\CortexM3\ARM_GCC_541\Debug\CS301_Class.a(QuadDec_M1.o)
                0x00002ec4                QuadDec_M1_SetInterruptMask
 .text.QuadDec_M2_Init
                0x00002ee4        0xc .\CortexM3\ARM_GCC_541\Debug\CS301_Class.a(QuadDec_M2.o)
                0x00002ee4                QuadDec_M2_Init
 .text.QuadDec_M2_Enable
                0x00002ef0       0x3c .\CortexM3\ARM_GCC_541\Debug\CS301_Class.a(QuadDec_M2.o)
                0x00002ef0                QuadDec_M2_Enable
 .text.QuadDec_M2_Start
                0x00002f2c       0x30 .\CortexM3\ARM_GCC_541\Debug\CS301_Class.a(QuadDec_M2.o)
                0x00002f2c                QuadDec_M2_Start
 .text.QuadDec_M2_SetCounter
                0x00002f5c       0x34 .\CortexM3\ARM_GCC_541\Debug\CS301_Class.a(QuadDec_M2.o)
                0x00002f5c                QuadDec_M2_SetCounter
 .text.QuadDec_M2_GetEvents
                0x00002f90       0x1c .\CortexM3\ARM_GCC_541\Debug\CS301_Class.a(QuadDec_M2.o)
                0x00002f90                QuadDec_M2_GetEvents
 .text.QuadDec_M2_SetInterruptMask
                0x00002fac       0x20 .\CortexM3\ARM_GCC_541\Debug\CS301_Class.a(QuadDec_M2.o)
                0x00002fac                QuadDec_M2_SetInterruptMask
 .text.QuadDec_M1_Cnt16_Init
                0x00002fcc       0x80 .\CortexM3\ARM_GCC_541\Debug\CS301_Class.a(QuadDec_M1_Cnt16.o)
                0x00002fcc                QuadDec_M1_Cnt16_Init
 .text.QuadDec_M1_Cnt16_Enable
                0x0000304c       0x20 .\CortexM3\ARM_GCC_541\Debug\CS301_Class.a(QuadDec_M1_Cnt16.o)
                0x0000304c                QuadDec_M1_Cnt16_Enable
 .text.QuadDec_M1_Cnt16_Start
                0x0000306c       0x24 .\CortexM3\ARM_GCC_541\Debug\CS301_Class.a(QuadDec_M1_Cnt16.o)
                0x0000306c                QuadDec_M1_Cnt16_Start
 .text.QuadDec_M1_Cnt16_SetInterruptMode
                0x00003090       0x20 .\CortexM3\ARM_GCC_541\Debug\CS301_Class.a(QuadDec_M1_Cnt16.o)
                0x00003090                QuadDec_M1_Cnt16_SetInterruptMode
 .text.QuadDec_M1_Cnt16_ReadStatusRegister
                0x000030b0       0x18 .\CortexM3\ARM_GCC_541\Debug\CS301_Class.a(QuadDec_M1_Cnt16.o)
                0x000030b0                QuadDec_M1_Cnt16_ReadStatusRegister
 .text.QuadDec_M1_Cnt16_WriteCounter
                0x000030c8       0x20 .\CortexM3\ARM_GCC_541\Debug\CS301_Class.a(QuadDec_M1_Cnt16.o)
                0x000030c8                QuadDec_M1_Cnt16_WriteCounter
 .text.QuadDec_M1_Cnt16_ReadCapture
                0x000030e8       0x18 .\CortexM3\ARM_GCC_541\Debug\CS301_Class.a(QuadDec_M1_Cnt16.o)
                0x000030e8                QuadDec_M1_Cnt16_ReadCapture
 .text.QuadDec_M1_Cnt16_WritePeriod
                0x00003100       0x20 .\CortexM3\ARM_GCC_541\Debug\CS301_Class.a(QuadDec_M1_Cnt16.o)
                0x00003100                QuadDec_M1_Cnt16_WritePeriod
 .text.QuadDec_M1_Cnt16_WriteCompare
                0x00003120       0x20 .\CortexM3\ARM_GCC_541\Debug\CS301_Class.a(QuadDec_M1_Cnt16.o)
                0x00003120                QuadDec_M1_Cnt16_WriteCompare
 .text.QuadDec_M1_Cnt16_ClearFIFO
                0x00003140       0x1c .\CortexM3\ARM_GCC_541\Debug\CS301_Class.a(QuadDec_M1_Cnt16.o)
                0x00003140                QuadDec_M1_Cnt16_ClearFIFO
 .text.QuadDec_M2_Cnt16_Init
                0x0000315c       0x80 .\CortexM3\ARM_GCC_541\Debug\CS301_Class.a(QuadDec_M2_Cnt16.o)
                0x0000315c                QuadDec_M2_Cnt16_Init
 .text.QuadDec_M2_Cnt16_Enable
                0x000031dc       0x20 .\CortexM3\ARM_GCC_541\Debug\CS301_Class.a(QuadDec_M2_Cnt16.o)
                0x000031dc                QuadDec_M2_Cnt16_Enable
 .text.QuadDec_M2_Cnt16_Start
                0x000031fc       0x24 .\CortexM3\ARM_GCC_541\Debug\CS301_Class.a(QuadDec_M2_Cnt16.o)
                0x000031fc                QuadDec_M2_Cnt16_Start
 .text.QuadDec_M2_Cnt16_SetInterruptMode
                0x00003220       0x20 .\CortexM3\ARM_GCC_541\Debug\CS301_Class.a(QuadDec_M2_Cnt16.o)
                0x00003220                QuadDec_M2_Cnt16_SetInterruptMode
 .text.QuadDec_M2_Cnt16_ReadStatusRegister
                0x00003240       0x18 .\CortexM3\ARM_GCC_541\Debug\CS301_Class.a(QuadDec_M2_Cnt16.o)
                0x00003240                QuadDec_M2_Cnt16_ReadStatusRegister
 .text.QuadDec_M2_Cnt16_WriteCounter
                0x00003258       0x20 .\CortexM3\ARM_GCC_541\Debug\CS301_Class.a(QuadDec_M2_Cnt16.o)
                0x00003258                QuadDec_M2_Cnt16_WriteCounter
 .text.QuadDec_M2_Cnt16_ReadCapture
                0x00003278       0x18 .\CortexM3\ARM_GCC_541\Debug\CS301_Class.a(QuadDec_M2_Cnt16.o)
                0x00003278                QuadDec_M2_Cnt16_ReadCapture
 .text.QuadDec_M2_Cnt16_WritePeriod
                0x00003290       0x20 .\CortexM3\ARM_GCC_541\Debug\CS301_Class.a(QuadDec_M2_Cnt16.o)
                0x00003290                QuadDec_M2_Cnt16_WritePeriod
 .text.QuadDec_M2_Cnt16_WriteCompare
                0x000032b0       0x20 .\CortexM3\ARM_GCC_541\Debug\CS301_Class.a(QuadDec_M2_Cnt16.o)
                0x000032b0                QuadDec_M2_Cnt16_WriteCompare
 .text.QuadDec_M2_Cnt16_ClearFIFO
                0x000032d0       0x1c .\CortexM3\ARM_GCC_541\Debug\CS301_Class.a(QuadDec_M2_Cnt16.o)
                0x000032d0                QuadDec_M2_Cnt16_ClearFIFO
 .text.isr_1_StartEx
                0x000032ec       0x24 .\CortexM3\ARM_GCC_541\Debug\CS301_Class.a(isr_1.o)
                0x000032ec                isr_1_StartEx
 .text.isr_1_SetVector
                0x00003310       0x24 .\CortexM3\ARM_GCC_541\Debug\CS301_Class.a(isr_1.o)
                0x00003310                isr_1_SetVector
 .text.isr_1_SetPriority
                0x00003334       0x24 .\CortexM3\ARM_GCC_541\Debug\CS301_Class.a(isr_1.o)
                0x00003334                isr_1_SetPriority
 .text.isr_1_Enable
                0x00003358       0x18 .\CortexM3\ARM_GCC_541\Debug\CS301_Class.a(isr_1.o)
                0x00003358                isr_1_Enable
 .text.isr_1_Disable
                0x00003370       0x18 .\CortexM3\ARM_GCC_541\Debug\CS301_Class.a(isr_1.o)
                0x00003370                isr_1_Disable
 .text.Output_1_Read
                0x00003388       0x20 .\CortexM3\ARM_GCC_541\Debug\CS301_Class.a(Output_1.o)
                0x00003388                Output_1_Read
 .text.Output_2_Read
                0x000033a8       0x20 .\CortexM3\ARM_GCC_541\Debug\CS301_Class.a(Output_2.o)
                0x000033a8                Output_2_Read
 .text.Output_3_Read
                0x000033c8       0x20 .\CortexM3\ARM_GCC_541\Debug\CS301_Class.a(Output_3.o)
                0x000033c8                Output_3_Read
 .text.Output_4_Read
                0x000033e8       0x20 .\CortexM3\ARM_GCC_541\Debug\CS301_Class.a(Output_4.o)
                0x000033e8                Output_4_Read
 .text.Output_5_Read
                0x00003408       0x20 .\CortexM3\ARM_GCC_541\Debug\CS301_Class.a(Output_5.o)
                0x00003408                Output_5_Read
 .text.Output_6_Read
                0x00003428       0x1c .\CortexM3\ARM_GCC_541\Debug\CS301_Class.a(Output_6.o)
                0x00003428                Output_6_Read
 .text.mid_right_Start
                0x00003444       0x20 .\CortexM3\ARM_GCC_541\Debug\CS301_Class.a(mid_right.o)
                0x00003444                mid_right_Start
 .text.mid_right_Interrupt
                0x00003464       0x18 .\CortexM3\ARM_GCC_541\Debug\CS301_Class.a(mid_right.o)
                0x00003464                mid_right_Interrupt
 .text.mid_right_SetVector
                0x0000347c       0x24 .\CortexM3\ARM_GCC_541\Debug\CS301_Class.a(mid_right.o)
                0x0000347c                mid_right_SetVector
 .text.mid_right_SetPriority
                0x000034a0       0x24 .\CortexM3\ARM_GCC_541\Debug\CS301_Class.a(mid_right.o)
                0x000034a0                mid_right_SetPriority
 .text.mid_right_Enable
                0x000034c4       0x18 .\CortexM3\ARM_GCC_541\Debug\CS301_Class.a(mid_right.o)
                0x000034c4                mid_right_Enable
 .text.mid_right_Disable
                0x000034dc       0x18 .\CortexM3\ARM_GCC_541\Debug\CS301_Class.a(mid_right.o)
                0x000034dc                mid_right_Disable
 .text.mid_left_Start
                0x000034f4       0x20 .\CortexM3\ARM_GCC_541\Debug\CS301_Class.a(mid_left.o)
                0x000034f4                mid_left_Start
 .text.mid_left_Interrupt
                0x00003514       0x18 .\CortexM3\ARM_GCC_541\Debug\CS301_Class.a(mid_left.o)
                0x00003514                mid_left_Interrupt
 .text.mid_left_SetVector
                0x0000352c       0x24 .\CortexM3\ARM_GCC_541\Debug\CS301_Class.a(mid_left.o)
                0x0000352c                mid_left_SetVector
 .text.mid_left_SetPriority
                0x00003550       0x24 .\CortexM3\ARM_GCC_541\Debug\CS301_Class.a(mid_left.o)
                0x00003550                mid_left_SetPriority
 .text.mid_left_Enable
                0x00003574       0x18 .\CortexM3\ARM_GCC_541\Debug\CS301_Class.a(mid_left.o)
                0x00003574                mid_left_Enable
 .text.mid_left_Disable
                0x0000358c       0x18 .\CortexM3\ARM_GCC_541\Debug\CS301_Class.a(mid_left.o)
                0x0000358c                mid_left_Disable
 .text.front_right_Start
                0x000035a4       0x20 .\CortexM3\ARM_GCC_541\Debug\CS301_Class.a(front_right.o)
                0x000035a4                front_right_Start
 .text.front_right_Interrupt
                0x000035c4       0x18 .\CortexM3\ARM_GCC_541\Debug\CS301_Class.a(front_right.o)
                0x000035c4                front_right_Interrupt
 .text.front_right_SetVector
                0x000035dc       0x24 .\CortexM3\ARM_GCC_541\Debug\CS301_Class.a(front_right.o)
                0x000035dc                front_right_SetVector
 .text.front_right_SetPriority
                0x00003600       0x24 .\CortexM3\ARM_GCC_541\Debug\CS301_Class.a(front_right.o)
                0x00003600                front_right_SetPriority
 .text.front_right_Enable
                0x00003624       0x18 .\CortexM3\ARM_GCC_541\Debug\CS301_Class.a(front_right.o)
                0x00003624                front_right_Enable
 .text.front_right_Disable
                0x0000363c       0x18 .\CortexM3\ARM_GCC_541\Debug\CS301_Class.a(front_right.o)
                0x0000363c                front_right_Disable
 .text.front_left_Start
                0x00003654       0x20 .\CortexM3\ARM_GCC_541\Debug\CS301_Class.a(front_left.o)
                0x00003654                front_left_Start
 .text.front_left_Interrupt
                0x00003674       0x18 .\CortexM3\ARM_GCC_541\Debug\CS301_Class.a(front_left.o)
                0x00003674                front_left_Interrupt
 .text.front_left_SetVector
                0x0000368c       0x24 .\CortexM3\ARM_GCC_541\Debug\CS301_Class.a(front_left.o)
                0x0000368c                front_left_SetVector
 .text.front_left_SetPriority
                0x000036b0       0x24 .\CortexM3\ARM_GCC_541\Debug\CS301_Class.a(front_left.o)
                0x000036b0                front_left_SetPriority
 .text.front_left_Enable
                0x000036d4       0x18 .\CortexM3\ARM_GCC_541\Debug\CS301_Class.a(front_left.o)
                0x000036d4                front_left_Enable
 .text.front_left_Disable
                0x000036ec       0x18 .\CortexM3\ARM_GCC_541\Debug\CS301_Class.a(front_left.o)
                0x000036ec                front_left_Disable
 .text.isr_2_Start
                0x00003704       0x20 .\CortexM3\ARM_GCC_541\Debug\CS301_Class.a(isr_2.o)
                0x00003704                isr_2_Start
 .text.isr_2_Interrupt
                0x00003724       0x20 .\CortexM3\ARM_GCC_541\Debug\CS301_Class.a(isr_2.o)
                0x00003724                isr_2_Interrupt
 .text.isr_2_SetVector
                0x00003744       0x24 .\CortexM3\ARM_GCC_541\Debug\CS301_Class.a(isr_2.o)
                0x00003744                isr_2_SetVector
 .text.isr_2_SetPriority
                0x00003768       0x24 .\CortexM3\ARM_GCC_541\Debug\CS301_Class.a(isr_2.o)
                0x00003768                isr_2_SetPriority
 .text.isr_2_Enable
                0x0000378c       0x18 .\CortexM3\ARM_GCC_541\Debug\CS301_Class.a(isr_2.o)
                0x0000378c                isr_2_Enable
 .text.isr_2_Disable
                0x000037a4       0x18 .\CortexM3\ARM_GCC_541\Debug\CS301_Class.a(isr_2.o)
                0x000037a4                isr_2_Disable
 .text.Turn_Timer_Init
                0x000037bc       0xb0 .\CortexM3\ARM_GCC_541\Debug\CS301_Class.a(Turn_Timer.o)
                0x000037bc                Turn_Timer_Init
 .text.Turn_Timer_Enable
                0x0000386c       0x48 .\CortexM3\ARM_GCC_541\Debug\CS301_Class.a(Turn_Timer.o)
                0x0000386c                Turn_Timer_Enable
 .text.Turn_Timer_Start
                0x000038b4       0x24 .\CortexM3\ARM_GCC_541\Debug\CS301_Class.a(Turn_Timer.o)
                0x000038b4                Turn_Timer_Start
 .text.Turn_Timer_SetInterruptMode
                0x000038d8       0x20 .\CortexM3\ARM_GCC_541\Debug\CS301_Class.a(Turn_Timer.o)
                0x000038d8                Turn_Timer_SetInterruptMode
 .text.Turn_Timer_ReadStatusRegister
                0x000038f8       0x18 .\CortexM3\ARM_GCC_541\Debug\CS301_Class.a(Turn_Timer.o)
                0x000038f8                Turn_Timer_ReadStatusRegister
 .text.Turn_Timer_WritePeriod
                0x00003910       0x24 .\CortexM3\ARM_GCC_541\Debug\CS301_Class.a(Turn_Timer.o)
                0x00003910                Turn_Timer_WritePeriod
 .text.Turn_Timer_WriteCounter
                0x00003934       0x20 .\CortexM3\ARM_GCC_541\Debug\CS301_Class.a(Turn_Timer.o)
                0x00003934                Turn_Timer_WriteCounter
 *fill*         0x00003954        0x4 
 .text          0x00003958       0x20 .\CortexM3\ARM_GCC_541\Debug\CS301_Class.a(CyBootAsmGnu.o)
                0x00003958                CyDelayCycles
                0x00003968                CyEnterCriticalSection
                0x00003970                CyExitCriticalSection
 .text.USBUART_DispatchClassRqst
                0x00003978       0x84 .\CortexM3\ARM_GCC_541\Debug\CS301_Class.a(USBUART_cls.o)
                0x00003978                USBUART_DispatchClassRqst
 .text          0x000039fc      0x21c c:/cypress/psoc creator/4.4/psoc creator/import/gnu/arm/5.4.1/bin/../lib/gcc/arm-none-eabi/5.4.1/armv7-m\libgcc.a(_arm_addsubsf3.o)
                0x000039fc                __aeabi_frsub
                0x00003a04                __subsf3
                0x00003a04                __aeabi_fsub
                0x00003a08                __aeabi_fadd
                0x00003a08                __addsf3
                0x00003b68                __aeabi_ui2f
                0x00003b68                __floatunsisf
                0x00003b70                __aeabi_i2f
                0x00003b70                __floatsisf
                0x00003b8c                __aeabi_ul2f
                0x00003b8c                __floatundisf
                0x00003b9c                __aeabi_l2f
                0x00003b9c                __floatdisf
 .text          0x00003c18      0x2a0 c:/cypress/psoc creator/4.4/psoc creator/import/gnu/arm/5.4.1/bin/../lib/gcc/arm-none-eabi/5.4.1/armv7-m\libgcc.a(_arm_muldivsf3.o)
                0x00003c18                __mulsf3
                0x00003c18                __aeabi_fmul
                0x00003d80                __aeabi_fdiv
                0x00003d80                __divsf3
 .text          0x00003eb8       0xec c:/cypress/psoc creator/4.4/psoc creator/import/gnu/arm/5.4.1/bin/../lib/gcc/arm-none-eabi/5.4.1/armv7-m\libgcc.a(_arm_cmpsf2.o)
                0x00003eb8                __gesf2
                0x00003eb8                __gtsf2
                0x00003ec0                __lesf2
                0x00003ec0                __ltsf2
                0x00003ec8                __nesf2
                0x00003ec8                __eqsf2
                0x00003ec8                __cmpsf2
                0x00003f28                __aeabi_cfrcmple
                0x00003f30                __aeabi_cfcmpeq
                0x00003f30                __aeabi_cfcmple
                0x00003f40                __aeabi_fcmpeq
                0x00003f54                __aeabi_fcmplt
                0x00003f68                __aeabi_fcmple
                0x00003f7c                __aeabi_fcmpge
                0x00003f90                __aeabi_fcmpgt
 .text          0x00003fa4       0x4c c:/cypress/psoc creator/4.4/psoc creator/import/gnu/arm/5.4.1/bin/../lib/gcc/arm-none-eabi/5.4.1/armv7-m\libgcc.a(_arm_fixsfsi.o)
                0x00003fa4                __aeabi_f2iz
                0x00003fa4                __fixsfsi
 .text.__errno  0x00003ff0        0xc c:/cypress/psoc creator/4.4/psoc creator/import/gnu/arm/5.4.1/bin/../lib/gcc/arm-none-eabi/5.4.1/../../../../arm-none-eabi/lib/armv7-m\libg_nano.a(lib_a-errno.o)
                0x00003ff0                __errno
 .text.__libc_init_array
                0x00003ffc       0x4c c:/cypress/psoc creator/4.4/psoc creator/import/gnu/arm/5.4.1/bin/../lib/gcc/arm-none-eabi/5.4.1/../../../../arm-none-eabi/lib/armv7-m\libg_nano.a(lib_a-init.o)
                0x00003ffc                __libc_init_array
 .text.memcpy   0x00004048       0x16 c:/cypress/psoc creator/4.4/psoc creator/import/gnu/arm/5.4.1/bin/../lib/gcc/arm-none-eabi/5.4.1/../../../../arm-none-eabi/lib/armv7-m\libg_nano.a(lib_a-memcpy-stub.o)
                0x00004048                memcpy
 .text.memset   0x0000405e       0x10 c:/cypress/psoc creator/4.4/psoc creator/import/gnu/arm/5.4.1/bin/../lib/gcc/arm-none-eabi/5.4.1/../../../../arm-none-eabi/lib/armv7-m\libg_nano.a(lib_a-memset.o)
                0x0000405e                memset
 *(.plt)
 *(.gnu.warning)
 *(.glue_7t)
 .glue_7t       0x0000406e        0x0 linker stubs
 *(.glue_7)
 .glue_7        0x0000406e        0x0 linker stubs
 *(.vfp11_veneer)
 .vfp11_veneer  0x0000406e        0x0 linker stubs
 *(.bootloader)
 *(.ARM.extab* .gnu.linkonce.armextab.*)
 *(.gcc_except_table)

.v4_bx          0x00004070        0x0
 .v4_bx         0x00004070        0x0 linker stubs

.iplt           0x00004070        0x0
 .iplt          0x00004070        0x0 c:/cypress/psoc creator/4.4/psoc creator/import/gnu/arm/5.4.1/bin/../lib/gcc/arm-none-eabi/5.4.1/armv7-m/crtbegin.o

.eh_frame_hdr
 *(.eh_frame_hdr)

.eh_frame       0x00004070        0x4
 *(.eh_frame)
 .eh_frame      0x00004070        0x0 c:/cypress/psoc creator/4.4/psoc creator/import/gnu/arm/5.4.1/bin/../lib/gcc/arm-none-eabi/5.4.1/armv7-m/crtbegin.o
 .eh_frame      0x00004070        0x4 c:/cypress/psoc creator/4.4/psoc creator/import/gnu/arm/5.4.1/bin/../lib/gcc/arm-none-eabi/5.4.1/armv7-m/crtend.o
                [!provide]                PROVIDE (__exidx_start, .)

.ARM.exidx
 *(.ARM.exidx* .gnu.linkonce.armexidx.*)
                0x00004074                __exidx_end = .

.rodata         0x00004074      0x224
 *(.rodata .rodata.* .gnu.linkonce.r.*)
 .rodata        0x00004074       0x36 .\CortexM3\ARM_GCC_541\Debug\cyfitter_cfg.o
 *fill*         0x000040aa        0x2 
 .rodata        0x000040ac       0x11 .\CortexM3\ARM_GCC_541\Debug\CS301_Class.a(USBUART_std.o)
 *fill*         0x000040bd        0x3 
 .rodata        0x000040c0      0x19c .\CortexM3\ARM_GCC_541\Debug\CS301_Class.a(USBUART_descr.o)
                0x000040c0                USBUART_DEVICE0_DESCR
                0x000040d4                USBUART_DEVICE0_CONFIGURATION0_DESCR
                0x00004118                USBUART_STRING_DESCRIPTORS
                0x000041b8                USBUART_SN_STRING_DESCRIPTOR
                0x000041bc                USBUART_DEVICE0_CONFIGURATION0_EP_SETTINGS_TABLE
                0x000041d4                USBUART_DEVICE0_CONFIGURATION0_INTERFACE_CLASS
                0x000041d8                USBUART_DEVICE0_CONFIGURATION0_TABLE
                0x00004200                USBUART_DEVICE0_TABLE
                0x00004218                USBUART_TABLE
                0x00004220                USBUART_MSOS_DESCRIPTOR
                0x00004234                USBUART_MSOS_CONFIGURATION_DESCR
 .rodata.str1.1
                0x0000425c        0x2 c:/cypress/psoc creator/4.4/psoc creator/import/gnu/arm/5.4.1/bin/../lib/gcc/arm-none-eabi/5.4.1/../../../../arm-none-eabi/lib/armv7-m\libg_nano.a(lib_a-impure.o)
                0x00004260                . = ALIGN (0x4)
 *fill*         0x0000425e        0x2 
 *(.init)
 .init          0x00004260        0x4 c:/cypress/psoc creator/4.4/psoc creator/import/gnu/arm/5.4.1/bin/../lib/gcc/arm-none-eabi/5.4.1/armv7-m/crti.o
                0x00004260                _init
 .init          0x00004264        0x8 c:/cypress/psoc creator/4.4/psoc creator/import/gnu/arm/5.4.1/bin/../lib/gcc/arm-none-eabi/5.4.1/armv7-m/crtn.o
                0x0000426c                . = ALIGN (0x4)
                0x0000426c                __preinit_array_start = .
 *(.preinit_array)
                0x0000426c                __preinit_array_end = .
                0x0000426c                . = ALIGN (0x4)
                0x0000426c                __init_array_start = .
 *(SORT(.init_array.*))
 *(.init_array)
 .init_array    0x0000426c        0x4 c:/cypress/psoc creator/4.4/psoc creator/import/gnu/arm/5.4.1/bin/../lib/gcc/arm-none-eabi/5.4.1/armv7-m/crtbegin.o
 .init_array    0x00004270        0x4 .\CortexM3\ARM_GCC_541\Debug\Cm3Start.o
                0x00004274                __init_array_end = .
                0x00004274                . = ALIGN (0x4)
 *(.fini)
 .fini          0x00004274        0x4 c:/cypress/psoc creator/4.4/psoc creator/import/gnu/arm/5.4.1/bin/../lib/gcc/arm-none-eabi/5.4.1/armv7-m/crti.o
                0x00004274                _fini
 .fini          0x00004278        0x8 c:/cypress/psoc creator/4.4/psoc creator/import/gnu/arm/5.4.1/bin/../lib/gcc/arm-none-eabi/5.4.1/armv7-m/crtn.o
                0x00004280                . = ALIGN (0x4)
                0x00004280                __fini_array_start = .
 *(.fini_array)
 .fini_array    0x00004280        0x4 c:/cypress/psoc creator/4.4/psoc creator/import/gnu/arm/5.4.1/bin/../lib/gcc/arm-none-eabi/5.4.1/armv7-m/crtbegin.o
 *(SORT(.fini_array.*))
                0x00004284                __fini_array_end = .
                0x00004284                . = ALIGN (0x4)
 *crtbegin.o(.ctors)
 *(EXCLUDE_FILE(*crtend.o) .ctors)
 *(SORT(.ctors.*))
 *crtend.o(.ctors)
                0x00004284                . = ALIGN (0x4)
 *crtbegin.o(.dtors)
 *(EXCLUDE_FILE(*crtend.o) .dtors)
 *(SORT(.dtors.*))
 *crtend.o(.dtors)
                0x00004284                . = ALIGN (0x4)
                0x00004284                __cy_regions = .
                0x00004284        0x4 LONG 0x4298 __cy_region_init_ram
                0x00004288        0x4 LONG 0x1fff80c8 __cy_region_start_data
                0x0000428c        0x4 LONG 0xf0 __cy_region_init_size_ram
                0x00004290        0x4 LONG 0x188 __cy_region_zero_size_ram
                0x00004294                __cy_regions_end = .
                0x00004298                . = ALIGN (0x8)
 *fill*         0x00004294        0x4 
                0x00004298                _etext = .

.cy_checksum_exclude
                0x00004298        0x0
 *(.cy_checksum_exclude)

.ramvectors     0x1fff8000       0xc0
                0x1fff8000                __cy_region_start_ram = .
 *(.ramvectors)
 .ramvectors    0x1fff8000       0xc0 .\CortexM3\ARM_GCC_541\Debug\Cm3Start.o
                0x1fff8000                CyRamVectors

.noinit         0x1fff80c0        0x5
 *(.noinit)
 .noinit        0x1fff80c0        0x4 .\CortexM3\ARM_GCC_541\Debug\Cm3Start.o
 .noinit        0x1fff80c4        0x1 .\CortexM3\ARM_GCC_541\Debug\CS301_Class.a(CyLib.o)
                0x1fff80c4                CyResetStatus

.data           0x1fff80c8       0xf0 load address 0x00004298
                0x1fff80c8                __cy_region_start_data = .
 *(.jcr)
 .jcr           0x1fff80c8        0x0 c:/cypress/psoc creator/4.4/psoc creator/import/gnu/arm/5.4.1/bin/../lib/gcc/arm-none-eabi/5.4.1/armv7-m/crtbegin.o
 .jcr           0x1fff80c8        0x4 c:/cypress/psoc creator/4.4/psoc creator/import/gnu/arm/5.4.1/bin/../lib/gcc/arm-none-eabi/5.4.1/armv7-m/crtend.o
 *(.got.plt)
 *(.got)
 *(.shdata)
 *(.data .data.* .gnu.linkonce.d.*)
 .data          0x1fff80cc       0x4b .\CortexM3\ARM_GCC_541\Debug\main.o
                0x1fff80cc                flag_rf_transmission_active
                0x1fff80d0                displaystring
                0x1fff8110                o1
                0x1fff8111                o2
                0x1fff8112                o3
                0x1fff8113                o4
                0x1fff8114                o5
                0x1fff8115                o6
                0x1fff8116                movement_finite_state
 *fill*         0x1fff8117        0x1 
 .data          0x1fff8118        0xc .\CortexM3\ARM_GCC_541\Debug\MOVEMENT.o
                0x1fff8118                Kp
                0x1fff811c                Ki
                0x1fff8120                Kd
 .data          0x1fff8124       0x1a .\CortexM3\ARM_GCC_541\Debug\CS301_Class.a(USBUART_cdc.o)
                0x1fff8124                USBUART_linesCoding
 *fill*         0x1fff813e        0x2 
 .data          0x1fff8140       0x10 .\CortexM3\ARM_GCC_541\Debug\CS301_Class.a(CyLib.o)
                0x1fff8140                cydelay_freq_hz
                0x1fff8144                cydelay_freq_khz
                0x1fff8148                cydelay_freq_mhz
                0x1fff814c                cydelay_32k_ms
 .data.impure_data
                0x1fff8150       0x60 c:/cypress/psoc creator/4.4/psoc creator/import/gnu/arm/5.4.1/bin/../lib/gcc/arm-none-eabi/5.4.1/../../../../arm-none-eabi/lib/armv7-m\libg_nano.a(lib_a-impure.o)
 .data._impure_ptr
                0x1fff81b0        0x4 c:/cypress/psoc creator/4.4/psoc creator/import/gnu/arm/5.4.1/bin/../lib/gcc/arm-none-eabi/5.4.1/../../../../arm-none-eabi/lib/armv7-m\libg_nano.a(lib_a-impure.o)
                0x1fff81b0                _impure_ptr
                0x1fff81b8                . = ALIGN (0x8)
 *fill*         0x1fff81b4        0x4 
 *(.ram)
                0x1fff81b8                _edata = .

.igot.plt       0x1fff81b8        0x0 load address 0x00004388
 .igot.plt      0x1fff81b8        0x0 c:/cypress/psoc creator/4.4/psoc creator/import/gnu/arm/5.4.1/bin/../lib/gcc/arm-none-eabi/5.4.1/armv7-m/crtbegin.o

.bss            0x1fff81b8      0x188 load address 0x00004388
                0x1fff81b8                PROVIDE (__bss_start__, .)
 *(.shbss)
 *(.bss .bss.* .gnu.linkonce.b.*)
 .bss           0x1fff81b8       0x1c c:/cypress/psoc creator/4.4/psoc creator/import/gnu/arm/5.4.1/bin/../lib/gcc/arm-none-eabi/5.4.1/armv7-m/crtbegin.o
 .bss           0x1fff81d4       0x56 .\CortexM3\ARM_GCC_541\Debug\main.o
                0x1fff81d4                ts
                0x1fff81d6                ts_enc
                0x1fff81d8                ts_update
                0x1fff81da                ts_speed
                0x1fff81dc                ts_display
                0x1fff81de                flag_ts_enc
                0x1fff81df                flag_ts_update
                0x1fff81e0                flag_ts_speed
                0x1fff81e1                flag_ts_display
                0x1fff81e2                flag_rx
                0x1fff81e3                flag_packet
                0x1fff81e4                flag_KB_string
                0x1fff81e5                dataready_flag
                0x1fff81fd                front_left_flag
                0x1fff81fe                front_right_flag
                0x1fff81ff                mid_left_flag
                0x1fff8200                mid_right_flag
                0x1fff8201                left_wing_flag
                0x1fff8202                right_wing_flag
                0x1fff8204                pwm_counter
                0x1fff8206                calculate_pwm_flag
                0x1fff8207                during_calculation
                0x1fff8208                block_turn_flag
                0x1fff8209                run_flag
                0x1fff8220                edges
 *fill*         0x1fff822a        0x2 
 .bss           0x1fff822c       0x1d .\CortexM3\ARM_GCC_541\Debug\MOVEMENT.o
                0x1fff8234                bias
 .bss           0x1fff8249        0x1 .\CortexM3\ARM_GCC_541\Debug\CS301_Class.a(Timer_TS.o)
                0x1fff8249                Timer_TS_initVar
 .bss           0x1fff824a        0x1 .\CortexM3\ARM_GCC_541\Debug\CS301_Class.a(USBUART.o)
                0x1fff824a                USBUART_initVar
 *fill*         0x1fff824b        0x1 
 .bss           0x1fff824c        0x2 .\CortexM3\ARM_GCC_541\Debug\CS301_Class.a(USBUART_std.o)
 .bss           0x1fff824e        0x1 .\CortexM3\ARM_GCC_541\Debug\CS301_Class.a(PWM_1.o)
                0x1fff824e                PWM_1_initVar
 .bss           0x1fff824f        0x1 .\CortexM3\ARM_GCC_541\Debug\CS301_Class.a(PWM_2.o)
                0x1fff824f                PWM_2_initVar
 .bss           0x1fff8250        0x1 .\CortexM3\ARM_GCC_541\Debug\CS301_Class.a(QuadDec_M1.o)
                0x1fff8250                QuadDec_M1_initVar
 .bss           0x1fff8251        0x1 .\CortexM3\ARM_GCC_541\Debug\CS301_Class.a(QuadDec_M2.o)
                0x1fff8251                QuadDec_M2_initVar
 .bss           0x1fff8252        0x1 .\CortexM3\ARM_GCC_541\Debug\CS301_Class.a(QuadDec_M1_Cnt16.o)
                0x1fff8252                QuadDec_M1_Cnt16_initVar
 .bss           0x1fff8253        0x1 .\CortexM3\ARM_GCC_541\Debug\CS301_Class.a(QuadDec_M2_Cnt16.o)
                0x1fff8253                QuadDec_M2_Cnt16_initVar
 .bss           0x1fff8254        0x1 .\CortexM3\ARM_GCC_541\Debug\CS301_Class.a(Turn_Timer.o)
                0x1fff8254                Turn_Timer_initVar
 *(COMMON)
 *fill*         0x1fff8255        0x3 
 COMMON         0x1fff8258        0xc .\CortexM3\ARM_GCC_541\Debug\MOVEMENT.o
                0x1fff8258                derivative
                0x1fff825c                output
                0x1fff8260                error
 COMMON         0x1fff8264       0x18 .\CortexM3\ARM_GCC_541\Debug\CS301_Class.a(USBUART_cdc.o)
                0x1fff8264                USBUART_linesChanged
                0x1fff8268                USBUART_cdcDataInEp
                0x1fff826c                USBUART_cdcCommInInterruptEp
                0x1fff8270                USBUART_cdcDataOutEp
                0x1fff8274                USBUART_serialStateBitmap
                0x1fff8278                USBUART_linesControlBitmap
 COMMON         0x1fff827c       0x9a .\CortexM3\ARM_GCC_541\Debug\CS301_Class.a(USBUART_drv.o)
                0x1fff827c                USBUART_lastPacketSize
                0x1fff827d                USBUART_device
                0x1fff827e                USBUART_transferByteCount
                0x1fff8280                USBUART_transferState
                0x1fff8284                USBUART_interfaceSettingLast
                0x1fff8288                USBUART_currentTD
                0x1fff8294                USBUART_interfaceNumber
                0x1fff8298                USBUART_interfaceClass
                0x1fff829c                USBUART_configurationChanged
                0x1fff829d                USBUART_ep0Mode
                0x1fff829e                USBUART_deviceAddress
                0x1fff829f                USBUART_configuration
                0x1fff82a0                USBUART_ep0Count
                0x1fff82a1                USBUART_deviceStatus
                0x1fff82a4                USBUART_EP
                0x1fff8310                USBUART_interfaceSetting
                0x1fff8312                USBUART_ep0Toggle
                0x1fff8314                USBUART_interfaceStatus
 *fill*         0x1fff8316        0x2 
 COMMON         0x1fff8318       0x22 .\CortexM3\ARM_GCC_541\Debug\CS301_Class.a(USBUART_descr.o)
                0x1fff8318                USBUART_idSerialNumberStringDescriptor
                0x1fff8340                . = ALIGN (0x8)
 *fill*         0x1fff833a        0x6 
 *(.ram.b)
                0x1fff8340                _end = .
                0x1fff8340                __end = .
                0x1fff8340                PROVIDE (end, .)
                0x1fff8340                PROVIDE (__bss_end__, .)
                0x00004298                __cy_region_init_ram = LOADADDR (.data)
                0x000000f0                __cy_region_init_size_ram = (_edata - ADDR (.data))
                0x00000188                __cy_region_zero_size_ram = (_end - _edata)

.heap           0x1fff8340       0x80 load address 0x00004388
                0x1fff8340                . = _end
                0x1fff83c0                . = (. + 0x80)
 *fill*         0x1fff8340       0x80 
                0x1fff83c0                __cy_heap_limit = .

.stack          0x20007800      0x800
                0x20007800                __cy_stack_limit = .
                0x20008000                . = (. + 0x800)
 *fill*         0x20007800      0x800 
                0x00000001                ASSERT ((__cy_stack_limit >= __cy_heap_limit), region RAM overflowed with stack)
                0x00000000                cy_checksum_exclude_size = (CY_APPL_LOADABLE == 0x1)?SIZEOF (.cy_checksum_exclude):0x0
                0x00000001                ASSERT ((cy_checksum_exclude_size <= CY_CHECKSUM_EXCLUDE_SIZE), CY_BOOT: Section .cy_checksum_exclude size exceedes specified limit.)

.cyloadermeta
 *(.cyloadermeta)

.cyloadablemeta
 *(.cyloadablemeta)

.cyconfigecc    0x80000000      0xc10
 *(.cyconfigecc)
 .cyconfigecc   0x80000000      0xc10 .\CortexM3\ARM_GCC_541\Debug\cymetadata.o
                0x80000000                cy_meta_configecc

.cycustnvl      0x90000000        0x4
 *(.cycustnvl)
 .cycustnvl     0x90000000        0x4 .\CortexM3\ARM_GCC_541\Debug\cymetadata.o
                0x90000000                cy_meta_custnvl

.cywolatch      0x90100000        0x4
 *(.cywolatch)
 .cywolatch     0x90100000        0x4 .\CortexM3\ARM_GCC_541\Debug\cymetadata.o
                0x90100000                cy_meta_wonvl

.cyeeprom       0x90200000        0x0
 *(.cyeeprom)
                0x00000001                ASSERT ((. <= ((0x90200000 + ee_offset) + ee_size)), .cyeeprom data will not fit in EEPROM)

.cyflashprotect
                0x90400000      0x100
 *(.cyflashprotect)
 .cyflashprotect
                0x90400000      0x100 .\CortexM3\ARM_GCC_541\Debug\cymetadata.o
                0x90400000                cy_meta_flashprotect

.cymeta         0x90500000        0xc
 *(.cymeta)
 .cymeta        0x90500000        0xc .\CortexM3\ARM_GCC_541\Debug\cymetadata.o
                0x90500000                cy_metadata

.rel.dyn        0x00004388        0x0 load address 0x9050000c
 .rel.iplt      0x00004388        0x0 c:/cypress/psoc creator/4.4/psoc creator/import/gnu/arm/5.4.1/bin/../lib/gcc/arm-none-eabi/5.4.1/armv7-m/crtbegin.o

.stab
 *(.stab)

.stabstr
 *(.stabstr)

.debug
 *(.debug)

.line
 *(.line)

.debug_srcinfo
 *(.debug_srcinfo)

.debug_sfnames
 *(.debug_sfnames)

.debug_aranges  0x00000000     0x1390
 *(.debug_aranges)
 .debug_aranges
                0x00000000       0x50 .\CortexM3\ARM_GCC_541\Debug\main.o
 .debug_aranges
                0x00000050       0x28 .\CortexM3\ARM_GCC_541\Debug\tacho.o
 .debug_aranges
                0x00000078       0x28 .\CortexM3\ARM_GCC_541\Debug\SENSORS_READ.o
 .debug_aranges
                0x000000a0       0x58 .\CortexM3\ARM_GCC_541\Debug\MOVEMENT.o
 .debug_aranges
                0x000000f8       0x60 .\CortexM3\ARM_GCC_541\Debug\cyfitter_cfg.o
 .debug_aranges
                0x00000158       0x18 .\CortexM3\ARM_GCC_541\Debug\cymetadata.o
 .debug_aranges
                0x00000170       0x48 .\CortexM3\ARM_GCC_541\Debug\Cm3Start.o
 .debug_aranges
                0x000001b8       0x88 .\CortexM3\ARM_GCC_541\Debug\CS301_Class.a(Timer_TS.o)
 .debug_aranges
                0x00000240       0xc8 .\CortexM3\ARM_GCC_541\Debug\CS301_Class.a(USBUART.o)
 .debug_aranges
                0x00000308       0xe8 .\CortexM3\ARM_GCC_541\Debug\CS301_Class.a(USBUART_cdc.o)
 .debug_aranges
                0x000003f0       0x98 .\CortexM3\ARM_GCC_541\Debug\CS301_Class.a(USBUART_drv.o)
 .debug_aranges
                0x00000488       0x40 .\CortexM3\ARM_GCC_541\Debug\CS301_Class.a(USBUART_episr.o)
 .debug_aranges
                0x000004c8       0x40 .\CortexM3\ARM_GCC_541\Debug\CS301_Class.a(USBUART_pm.o)
 .debug_aranges
                0x00000508       0x80 .\CortexM3\ARM_GCC_541\Debug\CS301_Class.a(USBUART_std.o)
 .debug_aranges
                0x00000588       0x20 .\CortexM3\ARM_GCC_541\Debug\CS301_Class.a(USBUART_vnd.o)
 .debug_aranges
                0x000005a8       0x48 .\CortexM3\ARM_GCC_541\Debug\CS301_Class.a(USBUART_Dp.o)
 .debug_aranges
                0x000005f0      0x2a0 .\CortexM3\ARM_GCC_541\Debug\CS301_Class.a(CyLib.o)
 .debug_aranges
                0x00000890       0x98 .\CortexM3\ARM_GCC_541\Debug\CS301_Class.a(cyPm.o)
 .debug_aranges
                0x00000928       0x78 .\CortexM3\ARM_GCC_541\Debug\CS301_Class.a(PWM_1.o)
 .debug_aranges
                0x000009a0       0x78 .\CortexM3\ARM_GCC_541\Debug\CS301_Class.a(PWM_2.o)
 .debug_aranges
                0x00000a18       0x60 .\CortexM3\ARM_GCC_541\Debug\CS301_Class.a(QuadDec_M1.o)
 .debug_aranges
                0x00000a78       0x60 .\CortexM3\ARM_GCC_541\Debug\CS301_Class.a(QuadDec_M2.o)
 .debug_aranges
                0x00000ad8       0x98 .\CortexM3\ARM_GCC_541\Debug\CS301_Class.a(QuadDec_M1_Cnt16.o)
 .debug_aranges
                0x00000b70       0x98 .\CortexM3\ARM_GCC_541\Debug\CS301_Class.a(QuadDec_M2_Cnt16.o)
 .debug_aranges
                0x00000c08       0x80 .\CortexM3\ARM_GCC_541\Debug\CS301_Class.a(isr_1.o)
 .debug_aranges
                0x00000c88       0x38 .\CortexM3\ARM_GCC_541\Debug\CS301_Class.a(Output_1.o)
 .debug_aranges
                0x00000cc0       0x38 .\CortexM3\ARM_GCC_541\Debug\CS301_Class.a(Output_2.o)
 .debug_aranges
                0x00000cf8       0x38 .\CortexM3\ARM_GCC_541\Debug\CS301_Class.a(Output_3.o)
 .debug_aranges
                0x00000d30       0x38 .\CortexM3\ARM_GCC_541\Debug\CS301_Class.a(Output_4.o)
 .debug_aranges
                0x00000d68       0x38 .\CortexM3\ARM_GCC_541\Debug\CS301_Class.a(Output_5.o)
 .debug_aranges
                0x00000da0       0x38 .\CortexM3\ARM_GCC_541\Debug\CS301_Class.a(Output_6.o)
 .debug_aranges
                0x00000dd8       0x80 .\CortexM3\ARM_GCC_541\Debug\CS301_Class.a(mid_right.o)
 .debug_aranges
                0x00000e58       0x80 .\CortexM3\ARM_GCC_541\Debug\CS301_Class.a(mid_left.o)
 .debug_aranges
                0x00000ed8       0x80 .\CortexM3\ARM_GCC_541\Debug\CS301_Class.a(front_right.o)
 .debug_aranges
                0x00000f58       0x80 .\CortexM3\ARM_GCC_541\Debug\CS301_Class.a(front_left.o)
 .debug_aranges
                0x00000fd8       0x80 .\CortexM3\ARM_GCC_541\Debug\CS301_Class.a(isr_2.o)
 .debug_aranges
                0x00001058       0x88 .\CortexM3\ARM_GCC_541\Debug\CS301_Class.a(Turn_Timer.o)
 .debug_aranges
                0x000010e0       0x38 .\CortexM3\ARM_GCC_541\Debug\CS301_Class.a(Front_Left_Led.o)
 .debug_aranges
                0x00001118       0x38 .\CortexM3\ARM_GCC_541\Debug\CS301_Class.a(Left_Wing_Led.o)
 .debug_aranges
                0x00001150       0x38 .\CortexM3\ARM_GCC_541\Debug\CS301_Class.a(Mid_Left_Led.o)
 .debug_aranges
                0x00001188       0x38 .\CortexM3\ARM_GCC_541\Debug\CS301_Class.a(Right_Wing_Led.o)
 .debug_aranges
                0x000011c0       0x38 .\CortexM3\ARM_GCC_541\Debug\CS301_Class.a(Mid_Right_Led.o)
 .debug_aranges
                0x000011f8       0x38 .\CortexM3\ARM_GCC_541\Debug\CS301_Class.a(Front_Right_Led.o)
 .debug_aranges
                0x00001230       0x20 .\CortexM3\ARM_GCC_541\Debug\CS301_Class.a(CyBootAsmGnu.o)
 .debug_aranges
                0x00001250       0x20 .\CortexM3\ARM_GCC_541\Debug\CS301_Class.a(USBUART_cls.o)
 .debug_aranges
                0x00001270       0x18 .\CortexM3\ARM_GCC_541\Debug\CS301_Class.a(USBUART_descr.o)
 .debug_aranges
                0x00001288       0x88 .\CortexM3\ARM_GCC_541\Debug\CS301_Class.a(CyFlash.o)
 .debug_aranges
                0x00001310       0x80 .\CortexM3\ARM_GCC_541\Debug\CS301_Class.a(CySpc.o)

.debug_pubnames
 *(.debug_pubnames)

.debug_info     0x00000000     0x9187
 *(.debug_info .gnu.linkonce.wi.*)
 .debug_info    0x00000000      0x76d .\CortexM3\ARM_GCC_541\Debug\main.o
 .debug_info    0x0000076d      0x14e .\CortexM3\ARM_GCC_541\Debug\tacho.o
 .debug_info    0x000008bb      0x2b9 .\CortexM3\ARM_GCC_541\Debug\SENSORS_READ.o
 .debug_info    0x00000b74      0x626 .\CortexM3\ARM_GCC_541\Debug\MOVEMENT.o
 .debug_info    0x0000119a      0x463 .\CortexM3\ARM_GCC_541\Debug\cyfitter_cfg.o
 .debug_info    0x000015fd      0x139 .\CortexM3\ARM_GCC_541\Debug\cymetadata.o
 .debug_info    0x00001736      0x32b .\CortexM3\ARM_GCC_541\Debug\Cm3Start.o
 .debug_info    0x00001a61      0x245 .\CortexM3\ARM_GCC_541\Debug\CS301_Class.a(Timer_TS.o)
 .debug_info    0x00001ca6      0x717 .\CortexM3\ARM_GCC_541\Debug\CS301_Class.a(USBUART.o)
 .debug_info    0x000023bd      0x924 .\CortexM3\ARM_GCC_541\Debug\CS301_Class.a(USBUART_cdc.o)
 .debug_info    0x00002ce1      0x52d .\CortexM3\ARM_GCC_541\Debug\CS301_Class.a(USBUART_drv.o)
 .debug_info    0x0000320e      0x23b .\CortexM3\ARM_GCC_541\Debug\CS301_Class.a(USBUART_episr.o)
 .debug_info    0x00003449      0x18d .\CortexM3\ARM_GCC_541\Debug\CS301_Class.a(USBUART_pm.o)
 .debug_info    0x000035d6      0x961 .\CortexM3\ARM_GCC_541\Debug\CS301_Class.a(USBUART_std.o)
 .debug_info    0x00003f37      0x1a9 .\CortexM3\ARM_GCC_541\Debug\CS301_Class.a(USBUART_vnd.o)
 .debug_info    0x000040e0      0x171 .\CortexM3\ARM_GCC_541\Debug\CS301_Class.a(USBUART_Dp.o)
 .debug_info    0x00004251      0xe51 .\CortexM3\ARM_GCC_541\Debug\CS301_Class.a(CyLib.o)
 .debug_info    0x000050a2      0x57a .\CortexM3\ARM_GCC_541\Debug\CS301_Class.a(cyPm.o)
 .debug_info    0x0000561c      0x235 .\CortexM3\ARM_GCC_541\Debug\CS301_Class.a(PWM_1.o)
 .debug_info    0x00005851      0x235 .\CortexM3\ARM_GCC_541\Debug\CS301_Class.a(PWM_2.o)
 .debug_info    0x00005a86      0x208 .\CortexM3\ARM_GCC_541\Debug\CS301_Class.a(QuadDec_M1.o)
 .debug_info    0x00005c8e      0x208 .\CortexM3\ARM_GCC_541\Debug\CS301_Class.a(QuadDec_M2.o)
 .debug_info    0x00005e96      0x291 .\CortexM3\ARM_GCC_541\Debug\CS301_Class.a(QuadDec_M1_Cnt16.o)
 .debug_info    0x00006127      0x291 .\CortexM3\ARM_GCC_541\Debug\CS301_Class.a(QuadDec_M2_Cnt16.o)
 .debug_info    0x000063b8      0x241 .\CortexM3\ARM_GCC_541\Debug\CS301_Class.a(isr_1.o)
 .debug_info    0x000065f9      0x11e .\CortexM3\ARM_GCC_541\Debug\CS301_Class.a(Output_1.o)
 .debug_info    0x00006717      0x11e .\CortexM3\ARM_GCC_541\Debug\CS301_Class.a(Output_2.o)
 .debug_info    0x00006835      0x11e .\CortexM3\ARM_GCC_541\Debug\CS301_Class.a(Output_3.o)
 .debug_info    0x00006953      0x11e .\CortexM3\ARM_GCC_541\Debug\CS301_Class.a(Output_4.o)
 .debug_info    0x00006a71      0x11e .\CortexM3\ARM_GCC_541\Debug\CS301_Class.a(Output_5.o)
 .debug_info    0x00006b8f      0x11e .\CortexM3\ARM_GCC_541\Debug\CS301_Class.a(Output_6.o)
 .debug_info    0x00006cad      0x2e9 .\CortexM3\ARM_GCC_541\Debug\CS301_Class.a(mid_right.o)
 .debug_info    0x00006f96      0x2e9 .\CortexM3\ARM_GCC_541\Debug\CS301_Class.a(mid_left.o)
 .debug_info    0x0000727f      0x2e9 .\CortexM3\ARM_GCC_541\Debug\CS301_Class.a(front_right.o)
 .debug_info    0x00007568      0x2e9 .\CortexM3\ARM_GCC_541\Debug\CS301_Class.a(front_left.o)
 .debug_info    0x00007851      0x294 .\CortexM3\ARM_GCC_541\Debug\CS301_Class.a(isr_2.o)
 .debug_info    0x00007ae5      0x245 .\CortexM3\ARM_GCC_541\Debug\CS301_Class.a(Turn_Timer.o)
 .debug_info    0x00007d2a      0x11e .\CortexM3\ARM_GCC_541\Debug\CS301_Class.a(Front_Left_Led.o)
 .debug_info    0x00007e48      0x11e .\CortexM3\ARM_GCC_541\Debug\CS301_Class.a(Left_Wing_Led.o)
 .debug_info    0x00007f66      0x11e .\CortexM3\ARM_GCC_541\Debug\CS301_Class.a(Mid_Left_Led.o)
 .debug_info    0x00008084      0x11e .\CortexM3\ARM_GCC_541\Debug\CS301_Class.a(Right_Wing_Led.o)
 .debug_info    0x000081a2      0x11e .\CortexM3\ARM_GCC_541\Debug\CS301_Class.a(Mid_Right_Led.o)
 .debug_info    0x000082c0      0x11e .\CortexM3\ARM_GCC_541\Debug\CS301_Class.a(Front_Right_Led.o)
 .debug_info    0x000083de       0x87 .\CortexM3\ARM_GCC_541\Debug\CS301_Class.a(CyBootAsmGnu.o)
 .debug_info    0x00008465      0x1c8 .\CortexM3\ARM_GCC_541\Debug\CS301_Class.a(USBUART_cls.o)
 .debug_info    0x0000862d      0x2e1 .\CortexM3\ARM_GCC_541\Debug\CS301_Class.a(USBUART_descr.o)
 .debug_info    0x0000890e      0x3b9 .\CortexM3\ARM_GCC_541\Debug\CS301_Class.a(CyFlash.o)
 .debug_info    0x00008cc7      0x4c0 .\CortexM3\ARM_GCC_541\Debug\CS301_Class.a(CySpc.o)

.debug_abbrev   0x00000000     0x3413
 *(.debug_abbrev)
 .debug_abbrev  0x00000000      0x16b .\CortexM3\ARM_GCC_541\Debug\main.o
 .debug_abbrev  0x0000016b       0x96 .\CortexM3\ARM_GCC_541\Debug\tacho.o
 .debug_abbrev  0x00000201       0xee .\CortexM3\ARM_GCC_541\Debug\SENSORS_READ.o
 .debug_abbrev  0x000002ef      0x18b .\CortexM3\ARM_GCC_541\Debug\MOVEMENT.o
 .debug_abbrev  0x0000047a      0x1b7 .\CortexM3\ARM_GCC_541\Debug\cyfitter_cfg.o
 .debug_abbrev  0x00000631       0x77 .\CortexM3\ARM_GCC_541\Debug\cymetadata.o
 .debug_abbrev  0x000006a8      0x1d6 .\CortexM3\ARM_GCC_541\Debug\Cm3Start.o
 .debug_abbrev  0x0000087e       0xe9 .\CortexM3\ARM_GCC_541\Debug\CS301_Class.a(Timer_TS.o)
 .debug_abbrev  0x00000967      0x1f3 .\CortexM3\ARM_GCC_541\Debug\CS301_Class.a(USBUART.o)
 .debug_abbrev  0x00000b5a      0x233 .\CortexM3\ARM_GCC_541\Debug\CS301_Class.a(USBUART_cdc.o)
 .debug_abbrev  0x00000d8d      0x161 .\CortexM3\ARM_GCC_541\Debug\CS301_Class.a(USBUART_drv.o)
 .debug_abbrev  0x00000eee       0xfd .\CortexM3\ARM_GCC_541\Debug\CS301_Class.a(USBUART_episr.o)
 .debug_abbrev  0x00000feb       0xd1 .\CortexM3\ARM_GCC_541\Debug\CS301_Class.a(USBUART_pm.o)
 .debug_abbrev  0x000010bc      0x1c2 .\CortexM3\ARM_GCC_541\Debug\CS301_Class.a(USBUART_std.o)
 .debug_abbrev  0x0000127e       0xc5 .\CortexM3\ARM_GCC_541\Debug\CS301_Class.a(USBUART_vnd.o)
 .debug_abbrev  0x00001343       0x90 .\CortexM3\ARM_GCC_541\Debug\CS301_Class.a(USBUART_Dp.o)
 .debug_abbrev  0x000013d3      0x217 .\CortexM3\ARM_GCC_541\Debug\CS301_Class.a(CyLib.o)
 .debug_abbrev  0x000015ea      0x161 .\CortexM3\ARM_GCC_541\Debug\CS301_Class.a(cyPm.o)
 .debug_abbrev  0x0000174b      0x116 .\CortexM3\ARM_GCC_541\Debug\CS301_Class.a(PWM_1.o)
 .debug_abbrev  0x00001861      0x116 .\CortexM3\ARM_GCC_541\Debug\CS301_Class.a(PWM_2.o)
 .debug_abbrev  0x00001977      0x130 .\CortexM3\ARM_GCC_541\Debug\CS301_Class.a(QuadDec_M1.o)
 .debug_abbrev  0x00001aa7      0x130 .\CortexM3\ARM_GCC_541\Debug\CS301_Class.a(QuadDec_M2.o)
 .debug_abbrev  0x00001bd7      0x12c .\CortexM3\ARM_GCC_541\Debug\CS301_Class.a(QuadDec_M1_Cnt16.o)
 .debug_abbrev  0x00001d03      0x12c .\CortexM3\ARM_GCC_541\Debug\CS301_Class.a(QuadDec_M2_Cnt16.o)
 .debug_abbrev  0x00001e2f      0x172 .\CortexM3\ARM_GCC_541\Debug\CS301_Class.a(isr_1.o)
 .debug_abbrev  0x00001fa1       0x90 .\CortexM3\ARM_GCC_541\Debug\CS301_Class.a(Output_1.o)
 .debug_abbrev  0x00002031       0x90 .\CortexM3\ARM_GCC_541\Debug\CS301_Class.a(Output_2.o)
 .debug_abbrev  0x000020c1       0x90 .\CortexM3\ARM_GCC_541\Debug\CS301_Class.a(Output_3.o)
 .debug_abbrev  0x00002151       0x90 .\CortexM3\ARM_GCC_541\Debug\CS301_Class.a(Output_4.o)
 .debug_abbrev  0x000021e1       0x90 .\CortexM3\ARM_GCC_541\Debug\CS301_Class.a(Output_5.o)
 .debug_abbrev  0x00002271       0x90 .\CortexM3\ARM_GCC_541\Debug\CS301_Class.a(Output_6.o)
 .debug_abbrev  0x00002301      0x1bf .\CortexM3\ARM_GCC_541\Debug\CS301_Class.a(mid_right.o)
 .debug_abbrev  0x000024c0      0x1bf .\CortexM3\ARM_GCC_541\Debug\CS301_Class.a(mid_left.o)
 .debug_abbrev  0x0000267f      0x1bf .\CortexM3\ARM_GCC_541\Debug\CS301_Class.a(front_right.o)
 .debug_abbrev  0x0000283e      0x1bf .\CortexM3\ARM_GCC_541\Debug\CS301_Class.a(front_left.o)
 .debug_abbrev  0x000029fd      0x189 .\CortexM3\ARM_GCC_541\Debug\CS301_Class.a(isr_2.o)
 .debug_abbrev  0x00002b86       0xe9 .\CortexM3\ARM_GCC_541\Debug\CS301_Class.a(Turn_Timer.o)
 .debug_abbrev  0x00002c6f       0x90 .\CortexM3\ARM_GCC_541\Debug\CS301_Class.a(Front_Left_Led.o)
 .debug_abbrev  0x00002cff       0x90 .\CortexM3\ARM_GCC_541\Debug\CS301_Class.a(Left_Wing_Led.o)
 .debug_abbrev  0x00002d8f       0x90 .\CortexM3\ARM_GCC_541\Debug\CS301_Class.a(Mid_Left_Led.o)
 .debug_abbrev  0x00002e1f       0x90 .\CortexM3\ARM_GCC_541\Debug\CS301_Class.a(Right_Wing_Led.o)
 .debug_abbrev  0x00002eaf       0x90 .\CortexM3\ARM_GCC_541\Debug\CS301_Class.a(Mid_Right_Led.o)
 .debug_abbrev  0x00002f3f       0x90 .\CortexM3\ARM_GCC_541\Debug\CS301_Class.a(Front_Right_Led.o)
 .debug_abbrev  0x00002fcf       0x14 .\CortexM3\ARM_GCC_541\Debug\CS301_Class.a(CyBootAsmGnu.o)
 .debug_abbrev  0x00002fe3       0xc5 .\CortexM3\ARM_GCC_541\Debug\CS301_Class.a(USBUART_cls.o)
 .debug_abbrev  0x000030a8       0xb4 .\CortexM3\ARM_GCC_541\Debug\CS301_Class.a(USBUART_descr.o)
 .debug_abbrev  0x0000315c      0x14b .\CortexM3\ARM_GCC_541\Debug\CS301_Class.a(CyFlash.o)
 .debug_abbrev  0x000032a7      0x16c .\CortexM3\ARM_GCC_541\Debug\CS301_Class.a(CySpc.o)

.debug_line     0x00000000     0x4e24
 *(.debug_line)
 .debug_line    0x00000000      0x26b .\CortexM3\ARM_GCC_541\Debug\main.o
 .debug_line    0x0000026b      0x15b .\CortexM3\ARM_GCC_541\Debug\tacho.o
 .debug_line    0x000003c6      0x1c3 .\CortexM3\ARM_GCC_541\Debug\SENSORS_READ.o
 .debug_line    0x00000589      0x3c8 .\CortexM3\ARM_GCC_541\Debug\MOVEMENT.o
 .debug_line    0x00000951      0x20f .\CortexM3\ARM_GCC_541\Debug\cyfitter_cfg.o
 .debug_line    0x00000b60      0x119 .\CortexM3\ARM_GCC_541\Debug\cymetadata.o
 .debug_line    0x00000c79      0x1c8 .\CortexM3\ARM_GCC_541\Debug\Cm3Start.o
 .debug_line    0x00000e41      0x160 .\CortexM3\ARM_GCC_541\Debug\CS301_Class.a(Timer_TS.o)
 .debug_line    0x00000fa1      0x307 .\CortexM3\ARM_GCC_541\Debug\CS301_Class.a(USBUART.o)
 .debug_line    0x000012a8      0x30c .\CortexM3\ARM_GCC_541\Debug\CS301_Class.a(USBUART_cdc.o)
 .debug_line    0x000015b4      0x21f .\CortexM3\ARM_GCC_541\Debug\CS301_Class.a(USBUART_drv.o)
 .debug_line    0x000017d3       0xf2 .\CortexM3\ARM_GCC_541\Debug\CS301_Class.a(USBUART_episr.o)
 .debug_line    0x000018c5       0xe6 .\CortexM3\ARM_GCC_541\Debug\CS301_Class.a(USBUART_pm.o)
 .debug_line    0x000019ab      0x470 .\CortexM3\ARM_GCC_541\Debug\CS301_Class.a(USBUART_std.o)
 .debug_line    0x00001e1b       0x8f .\CortexM3\ARM_GCC_541\Debug\CS301_Class.a(USBUART_vnd.o)
 .debug_line    0x00001eaa       0xbf .\CortexM3\ARM_GCC_541\Debug\CS301_Class.a(USBUART_Dp.o)
 .debug_line    0x00001f69      0x883 .\CortexM3\ARM_GCC_541\Debug\CS301_Class.a(CyLib.o)
 .debug_line    0x000027ec      0x38e .\CortexM3\ARM_GCC_541\Debug\CS301_Class.a(cyPm.o)
 .debug_line    0x00002b7a      0x140 .\CortexM3\ARM_GCC_541\Debug\CS301_Class.a(PWM_1.o)
 .debug_line    0x00002cba      0x140 .\CortexM3\ARM_GCC_541\Debug\CS301_Class.a(PWM_2.o)
 .debug_line    0x00002dfa      0x10a .\CortexM3\ARM_GCC_541\Debug\CS301_Class.a(QuadDec_M1.o)
 .debug_line    0x00002f04      0x10a .\CortexM3\ARM_GCC_541\Debug\CS301_Class.a(QuadDec_M2.o)
 .debug_line    0x0000300e      0x18e .\CortexM3\ARM_GCC_541\Debug\CS301_Class.a(QuadDec_M1_Cnt16.o)
 .debug_line    0x0000319c      0x18e .\CortexM3\ARM_GCC_541\Debug\CS301_Class.a(QuadDec_M2_Cnt16.o)
 .debug_line    0x0000332a      0x150 .\CortexM3\ARM_GCC_541\Debug\CS301_Class.a(isr_1.o)
 .debug_line    0x0000347a       0x98 .\CortexM3\ARM_GCC_541\Debug\CS301_Class.a(Output_1.o)
 .debug_line    0x00003512       0x98 .\CortexM3\ARM_GCC_541\Debug\CS301_Class.a(Output_2.o)
 .debug_line    0x000035aa       0x98 .\CortexM3\ARM_GCC_541\Debug\CS301_Class.a(Output_3.o)
 .debug_line    0x00003642       0x98 .\CortexM3\ARM_GCC_541\Debug\CS301_Class.a(Output_4.o)
 .debug_line    0x000036da       0x98 .\CortexM3\ARM_GCC_541\Debug\CS301_Class.a(Output_5.o)
 .debug_line    0x00003772       0x98 .\CortexM3\ARM_GCC_541\Debug\CS301_Class.a(Output_6.o)
 .debug_line    0x0000380a      0x242 .\CortexM3\ARM_GCC_541\Debug\CS301_Class.a(mid_right.o)
 .debug_line    0x00003a4c      0x241 .\CortexM3\ARM_GCC_541\Debug\CS301_Class.a(mid_left.o)
 .debug_line    0x00003c8d      0x244 .\CortexM3\ARM_GCC_541\Debug\CS301_Class.a(front_right.o)
 .debug_line    0x00003ed1      0x243 .\CortexM3\ARM_GCC_541\Debug\CS301_Class.a(front_left.o)
 .debug_line    0x00004114      0x240 .\CortexM3\ARM_GCC_541\Debug\CS301_Class.a(isr_2.o)
 .debug_line    0x00004354      0x163 .\CortexM3\ARM_GCC_541\Debug\CS301_Class.a(Turn_Timer.o)
 .debug_line    0x000044b7       0x9e .\CortexM3\ARM_GCC_541\Debug\CS301_Class.a(Front_Left_Led.o)
 .debug_line    0x00004555       0x9d .\CortexM3\ARM_GCC_541\Debug\CS301_Class.a(Left_Wing_Led.o)
 .debug_line    0x000045f2       0x9c .\CortexM3\ARM_GCC_541\Debug\CS301_Class.a(Mid_Left_Led.o)
 .debug_line    0x0000468e       0x9e .\CortexM3\ARM_GCC_541\Debug\CS301_Class.a(Right_Wing_Led.o)
 .debug_line    0x0000472c       0x9d .\CortexM3\ARM_GCC_541\Debug\CS301_Class.a(Mid_Right_Led.o)
 .debug_line    0x000047c9       0x9f .\CortexM3\ARM_GCC_541\Debug\CS301_Class.a(Front_Right_Led.o)
 .debug_line    0x00004868       0x66 .\CortexM3\ARM_GCC_541\Debug\CS301_Class.a(CyBootAsmGnu.o)
 .debug_line    0x000048ce       0x95 .\CortexM3\ARM_GCC_541\Debug\CS301_Class.a(USBUART_cls.o)
 .debug_line    0x00004963       0x61 .\CortexM3\ARM_GCC_541\Debug\CS301_Class.a(USBUART_descr.o)
 .debug_line    0x000049c4      0x22f .\CortexM3\ARM_GCC_541\Debug\CS301_Class.a(CyFlash.o)
 .debug_line    0x00004bf3      0x231 .\CortexM3\ARM_GCC_541\Debug\CS301_Class.a(CySpc.o)

.debug_frame    0x00000000     0x49f0
 *(.debug_frame)
 .debug_frame   0x00000000      0x11c .\CortexM3\ARM_GCC_541\Debug\main.o
 .debug_frame   0x0000011c       0x60 .\CortexM3\ARM_GCC_541\Debug\tacho.o
 .debug_frame   0x0000017c       0x64 .\CortexM3\ARM_GCC_541\Debug\SENSORS_READ.o
 .debug_frame   0x000001e0      0x144 .\CortexM3\ARM_GCC_541\Debug\MOVEMENT.o
 .debug_frame   0x00000324      0x16c .\CortexM3\ARM_GCC_541\Debug\cyfitter_cfg.o
 .debug_frame   0x00000490       0xd8 .\CortexM3\ARM_GCC_541\Debug\Cm3Start.o
 .debug_frame   0x00000568      0x208 .\CortexM3\ARM_GCC_541\Debug\CS301_Class.a(Timer_TS.o)
 .debug_frame   0x00000770      0x37c .\CortexM3\ARM_GCC_541\Debug\CS301_Class.a(USBUART.o)
 .debug_frame   0x00000aec      0x3ec .\CortexM3\ARM_GCC_541\Debug\CS301_Class.a(USBUART_cdc.o)
 .debug_frame   0x00000ed8      0x23c .\CortexM3\ARM_GCC_541\Debug\CS301_Class.a(USBUART_drv.o)
 .debug_frame   0x00001114       0xbc .\CortexM3\ARM_GCC_541\Debug\CS301_Class.a(USBUART_episr.o)
 .debug_frame   0x000011d0       0xbc .\CortexM3\ARM_GCC_541\Debug\CS301_Class.a(USBUART_pm.o)
 .debug_frame   0x0000128c      0x224 .\CortexM3\ARM_GCC_541\Debug\CS301_Class.a(USBUART_std.o)
 .debug_frame   0x000014b0       0x38 .\CortexM3\ARM_GCC_541\Debug\CS301_Class.a(USBUART_vnd.o)
 .debug_frame   0x000014e8       0xf4 .\CortexM3\ARM_GCC_541\Debug\CS301_Class.a(USBUART_Dp.o)
 .debug_frame   0x000015dc      0xc0c .\CortexM3\ARM_GCC_541\Debug\CS301_Class.a(CyLib.o)
 .debug_frame   0x000021e8      0x234 .\CortexM3\ARM_GCC_541\Debug\CS301_Class.a(cyPm.o)
 .debug_frame   0x0000241c      0x1d0 .\CortexM3\ARM_GCC_541\Debug\CS301_Class.a(PWM_1.o)
 .debug_frame   0x000025ec      0x1d0 .\CortexM3\ARM_GCC_541\Debug\CS301_Class.a(PWM_2.o)
 .debug_frame   0x000027bc      0x160 .\CortexM3\ARM_GCC_541\Debug\CS301_Class.a(QuadDec_M1.o)
 .debug_frame   0x0000291c      0x160 .\CortexM3\ARM_GCC_541\Debug\CS301_Class.a(QuadDec_M2.o)
 .debug_frame   0x00002a7c      0x258 .\CortexM3\ARM_GCC_541\Debug\CS301_Class.a(QuadDec_M1_Cnt16.o)
 .debug_frame   0x00002cd4      0x258 .\CortexM3\ARM_GCC_541\Debug\CS301_Class.a(QuadDec_M2_Cnt16.o)
 .debug_frame   0x00002f2c      0x1e8 .\CortexM3\ARM_GCC_541\Debug\CS301_Class.a(isr_1.o)
 .debug_frame   0x00003114       0xa8 .\CortexM3\ARM_GCC_541\Debug\CS301_Class.a(Output_1.o)
 .debug_frame   0x000031bc       0xa8 .\CortexM3\ARM_GCC_541\Debug\CS301_Class.a(Output_2.o)
 .debug_frame   0x00003264       0xa8 .\CortexM3\ARM_GCC_541\Debug\CS301_Class.a(Output_3.o)
 .debug_frame   0x0000330c       0xa8 .\CortexM3\ARM_GCC_541\Debug\CS301_Class.a(Output_4.o)
 .debug_frame   0x000033b4       0xa8 .\CortexM3\ARM_GCC_541\Debug\CS301_Class.a(Output_5.o)
 .debug_frame   0x0000345c       0xa8 .\CortexM3\ARM_GCC_541\Debug\CS301_Class.a(Output_6.o)
 .debug_frame   0x00003504      0x1e8 .\CortexM3\ARM_GCC_541\Debug\CS301_Class.a(mid_right.o)
 .debug_frame   0x000036ec      0x1e8 .\CortexM3\ARM_GCC_541\Debug\CS301_Class.a(mid_left.o)
 .debug_frame   0x000038d4      0x1e8 .\CortexM3\ARM_GCC_541\Debug\CS301_Class.a(front_right.o)
 .debug_frame   0x00003abc      0x1e8 .\CortexM3\ARM_GCC_541\Debug\CS301_Class.a(front_left.o)
 .debug_frame   0x00003ca4      0x1e0 .\CortexM3\ARM_GCC_541\Debug\CS301_Class.a(isr_2.o)
 .debug_frame   0x00003e84      0x208 .\CortexM3\ARM_GCC_541\Debug\CS301_Class.a(Turn_Timer.o)
 .debug_frame   0x0000408c       0xa8 .\CortexM3\ARM_GCC_541\Debug\CS301_Class.a(Front_Left_Led.o)
 .debug_frame   0x00004134       0xa8 .\CortexM3\ARM_GCC_541\Debug\CS301_Class.a(Left_Wing_Led.o)
 .debug_frame   0x000041dc       0xa8 .\CortexM3\ARM_GCC_541\Debug\CS301_Class.a(Mid_Left_Led.o)
 .debug_frame   0x00004284       0xa8 .\CortexM3\ARM_GCC_541\Debug\CS301_Class.a(Right_Wing_Led.o)
 .debug_frame   0x0000432c       0xa8 .\CortexM3\ARM_GCC_541\Debug\CS301_Class.a(Mid_Right_Led.o)
 .debug_frame   0x000043d4       0xa8 .\CortexM3\ARM_GCC_541\Debug\CS301_Class.a(Front_Right_Led.o)
 .debug_frame   0x0000447c       0x38 .\CortexM3\ARM_GCC_541\Debug\CS301_Class.a(USBUART_cls.o)
 .debug_frame   0x000044b4      0x238 .\CortexM3\ARM_GCC_541\Debug\CS301_Class.a(CyFlash.o)
 .debug_frame   0x000046ec      0x228 .\CortexM3\ARM_GCC_541\Debug\CS301_Class.a(CySpc.o)
 .debug_frame   0x00004914       0x20 c:/cypress/psoc creator/4.4/psoc creator/import/gnu/arm/5.4.1/bin/../lib/gcc/arm-none-eabi/5.4.1/../../../../arm-none-eabi/lib/armv7-m\libg_nano.a(lib_a-errno.o)
 .debug_frame   0x00004934       0x28 c:/cypress/psoc creator/4.4/psoc creator/import/gnu/arm/5.4.1/bin/../lib/gcc/arm-none-eabi/5.4.1/../../../../arm-none-eabi/lib/armv7-m\libg_nano.a(lib_a-exit.o)
 .debug_frame   0x0000495c       0x2c c:/cypress/psoc creator/4.4/psoc creator/import/gnu/arm/5.4.1/bin/../lib/gcc/arm-none-eabi/5.4.1/../../../../arm-none-eabi/lib/armv7-m\libg_nano.a(lib_a-init.o)
 .debug_frame   0x00004988       0x28 c:/cypress/psoc creator/4.4/psoc creator/import/gnu/arm/5.4.1/bin/../lib/gcc/arm-none-eabi/5.4.1/../../../../arm-none-eabi/lib/armv7-m\libg_nano.a(lib_a-memcpy-stub.o)
 .debug_frame   0x000049b0       0x20 c:/cypress/psoc creator/4.4/psoc creator/import/gnu/arm/5.4.1/bin/../lib/gcc/arm-none-eabi/5.4.1/../../../../arm-none-eabi/lib/armv7-m\libg_nano.a(lib_a-memset.o)
 .debug_frame   0x000049d0       0x20 c:/cypress/psoc creator/4.4/psoc creator/import/gnu/arm/5.4.1/bin/../lib/gcc/arm-none-eabi/5.4.1/../../../../arm-none-eabi/lib/armv7-m\libg_nano.a(lib_a-strcpy.o)

.debug_str      0x00000000     0x4280
 *(.debug_str)
 .debug_str     0x00000000      0x586 .\CortexM3\ARM_GCC_541\Debug\main.o
                                0x619 (size before relaxing)
 .debug_str     0x00000586       0x37 .\CortexM3\ARM_GCC_541\Debug\tacho.o
                                0x1ce (size before relaxing)
 .debug_str     0x000005bd       0x9f .\CortexM3\ARM_GCC_541\Debug\SENSORS_READ.o
                                0x322 (size before relaxing)
 .debug_str     0x0000065c      0x1a8 .\CortexM3\ARM_GCC_541\Debug\MOVEMENT.o
                                0x45f (size before relaxing)
 .debug_str     0x00000804      0x1a9 .\CortexM3\ARM_GCC_541\Debug\cyfitter_cfg.o
                                0x335 (size before relaxing)
 .debug_str     0x000009ad       0x75 .\CortexM3\ARM_GCC_541\Debug\cymetadata.o
                                0x1db (size before relaxing)
 .debug_str     0x00000a22      0x11d .\CortexM3\ARM_GCC_541\Debug\Cm3Start.o
                                0x2ce (size before relaxing)
 .debug_str     0x00000b3f      0x18a .\CortexM3\ARM_GCC_541\Debug\CS301_Class.a(Timer_TS.o)
                                0x31c (size before relaxing)
 .debug_str     0x00000cc9      0x434 .\CortexM3\ARM_GCC_541\Debug\CS301_Class.a(USBUART.o)
                                0x5e2 (size before relaxing)
 .debug_str     0x000010fd      0x4cd .\CortexM3\ARM_GCC_541\Debug\CS301_Class.a(USBUART_cdc.o)
                                0x711 (size before relaxing)
 .debug_str     0x000015ca      0x296 .\CortexM3\ARM_GCC_541\Debug\CS301_Class.a(USBUART_drv.o)
                                0x5f1 (size before relaxing)
 .debug_str     0x00001860       0x80 .\CortexM3\ARM_GCC_541\Debug\CS301_Class.a(USBUART_episr.o)
                                0x2be (size before relaxing)
 .debug_str     0x000018e0       0xac .\CortexM3\ARM_GCC_541\Debug\CS301_Class.a(USBUART_pm.o)
                                0x262 (size before relaxing)
 .debug_str     0x0000198c      0x2bb .\CortexM3\ARM_GCC_541\Debug\CS301_Class.a(USBUART_std.o)
                                0x751 (size before relaxing)
 .debug_str     0x00001c47       0x5f .\CortexM3\ARM_GCC_541\Debug\CS301_Class.a(USBUART_vnd.o)
                                0x26e (size before relaxing)
 .debug_str     0x00001ca6       0xb5 .\CortexM3\ARM_GCC_541\Debug\CS301_Class.a(USBUART_Dp.o)
                                0x238 (size before relaxing)
 .debug_str     0x00001d5b      0x7e9 .\CortexM3\ARM_GCC_541\Debug\CS301_Class.a(CyLib.o)
                                0x9e1 (size before relaxing)
 .debug_str     0x00002544      0x371 .\CortexM3\ARM_GCC_541\Debug\CS301_Class.a(cyPm.o)
                                0x53a (size before relaxing)
 .debug_str     0x000028b5      0x116 .\CortexM3\ARM_GCC_541\Debug\CS301_Class.a(PWM_1.o)
                                0x2c4 (size before relaxing)
 .debug_str     0x000029cb      0x109 .\CortexM3\ARM_GCC_541\Debug\CS301_Class.a(PWM_2.o)
                                0x2c4 (size before relaxing)
 .debug_str     0x00002ad4       0xfa .\CortexM3\ARM_GCC_541\Debug\CS301_Class.a(QuadDec_M1.o)
                                0x2ac (size before relaxing)
 .debug_str     0x00002bce       0xf3 .\CortexM3\ARM_GCC_541\Debug\CS301_Class.a(QuadDec_M2.o)
                                0x2ac (size before relaxing)
 .debug_str     0x00002cc1      0x245 .\CortexM3\ARM_GCC_541\Debug\CS301_Class.a(QuadDec_M1_Cnt16.o)
                                0x3f3 (size before relaxing)
 .debug_str     0x00002f06      0x236 .\CortexM3\ARM_GCC_541\Debug\CS301_Class.a(QuadDec_M2_Cnt16.o)
                                0x3f3 (size before relaxing)
 .debug_str     0x0000313c       0xe6 .\CortexM3\ARM_GCC_541\Debug\CS301_Class.a(isr_1.o)
                                0x29d (size before relaxing)
 .debug_str     0x00003222       0x6a .\CortexM3\ARM_GCC_541\Debug\CS301_Class.a(Output_1.o)
                                0x1e8 (size before relaxing)
 .debug_str     0x0000328c       0x6a .\CortexM3\ARM_GCC_541\Debug\CS301_Class.a(Output_2.o)
                                0x1e8 (size before relaxing)
 .debug_str     0x000032f6       0x6a .\CortexM3\ARM_GCC_541\Debug\CS301_Class.a(Output_3.o)
                                0x1e8 (size before relaxing)
 .debug_str     0x00003360       0x6a .\CortexM3\ARM_GCC_541\Debug\CS301_Class.a(Output_4.o)
                                0x1e8 (size before relaxing)
 .debug_str     0x000033ca       0x6a .\CortexM3\ARM_GCC_541\Debug\CS301_Class.a(Output_5.o)
                                0x1e8 (size before relaxing)
 .debug_str     0x00003434       0x6a .\CortexM3\ARM_GCC_541\Debug\CS301_Class.a(Output_6.o)
                                0x1e8 (size before relaxing)
 .debug_str     0x0000349e      0x11e .\CortexM3\ARM_GCC_541\Debug\CS301_Class.a(mid_right.o)
                                0x37f (size before relaxing)
 .debug_str     0x000035bc      0x110 .\CortexM3\ARM_GCC_541\Debug\CS301_Class.a(mid_left.o)
                                0x371 (size before relaxing)
 .debug_str     0x000036cc      0x13a .\CortexM3\ARM_GCC_541\Debug\CS301_Class.a(front_right.o)
                                0x39b (size before relaxing)
 .debug_str     0x00003806      0x12c .\CortexM3\ARM_GCC_541\Debug\CS301_Class.a(front_left.o)
                                0x38d (size before relaxing)
 .debug_str     0x00003932       0xe6 .\CortexM3\ARM_GCC_541\Debug\CS301_Class.a(isr_2.o)
                                0x2e7 (size before relaxing)
 .debug_str     0x00003a18      0x181 .\CortexM3\ARM_GCC_541\Debug\CS301_Class.a(Turn_Timer.o)
                                0x33c (size before relaxing)
 .debug_str     0x00003b99       0x88 .\CortexM3\ARM_GCC_541\Debug\CS301_Class.a(Front_Left_Led.o)
                                0x206 (size before relaxing)
 .debug_str     0x00003c21       0x83 .\CortexM3\ARM_GCC_541\Debug\CS301_Class.a(Left_Wing_Led.o)
                                0x201 (size before relaxing)
 .debug_str     0x00003ca4       0x7e .\CortexM3\ARM_GCC_541\Debug\CS301_Class.a(Mid_Left_Led.o)
                                0x1fc (size before relaxing)
 .debug_str     0x00003d22       0x88 .\CortexM3\ARM_GCC_541\Debug\CS301_Class.a(Right_Wing_Led.o)
                                0x206 (size before relaxing)
 .debug_str     0x00003daa       0x83 .\CortexM3\ARM_GCC_541\Debug\CS301_Class.a(Mid_Right_Led.o)
                                0x201 (size before relaxing)
 .debug_str     0x00003e2d       0x8d .\CortexM3\ARM_GCC_541\Debug\CS301_Class.a(Front_Right_Led.o)
                                0x20b (size before relaxing)
 .debug_str     0x00003eba       0x3f .\CortexM3\ARM_GCC_541\Debug\CS301_Class.a(USBUART_cls.o)
                                0x286 (size before relaxing)
 .debug_str     0x00003ef9      0x104 .\CortexM3\ARM_GCC_541\Debug\CS301_Class.a(USBUART_descr.o)
                                0x389 (size before relaxing)
 .debug_str     0x00003ffd      0x156 .\CortexM3\ARM_GCC_541\Debug\CS301_Class.a(CyFlash.o)
                                0x2fe (size before relaxing)
 .debug_str     0x00004153      0x12d .\CortexM3\ARM_GCC_541\Debug\CS301_Class.a(CySpc.o)
                                0x2f8 (size before relaxing)

.debug_loc
 *(.debug_loc)

.debug_macinfo
 *(.debug_macinfo)

.debug_ranges   0x00000000     0x1070
 *(.debug_ranges)
 .debug_ranges  0x00000000       0x40 .\CortexM3\ARM_GCC_541\Debug\main.o
 .debug_ranges  0x00000040       0x18 .\CortexM3\ARM_GCC_541\Debug\tacho.o
 .debug_ranges  0x00000058       0x18 .\CortexM3\ARM_GCC_541\Debug\SENSORS_READ.o
 .debug_ranges  0x00000070       0x48 .\CortexM3\ARM_GCC_541\Debug\MOVEMENT.o
 .debug_ranges  0x000000b8       0x50 .\CortexM3\ARM_GCC_541\Debug\cyfitter_cfg.o
 .debug_ranges  0x00000108       0x38 .\CortexM3\ARM_GCC_541\Debug\Cm3Start.o
 .debug_ranges  0x00000140       0x78 .\CortexM3\ARM_GCC_541\Debug\CS301_Class.a(Timer_TS.o)
 .debug_ranges  0x000001b8       0xb8 .\CortexM3\ARM_GCC_541\Debug\CS301_Class.a(USBUART.o)
 .debug_ranges  0x00000270       0xd8 .\CortexM3\ARM_GCC_541\Debug\CS301_Class.a(USBUART_cdc.o)
 .debug_ranges  0x00000348       0x88 .\CortexM3\ARM_GCC_541\Debug\CS301_Class.a(USBUART_drv.o)
 .debug_ranges  0x000003d0       0x30 .\CortexM3\ARM_GCC_541\Debug\CS301_Class.a(USBUART_episr.o)
 .debug_ranges  0x00000400       0x30 .\CortexM3\ARM_GCC_541\Debug\CS301_Class.a(USBUART_pm.o)
 .debug_ranges  0x00000430       0x70 .\CortexM3\ARM_GCC_541\Debug\CS301_Class.a(USBUART_std.o)
 .debug_ranges  0x000004a0       0x10 .\CortexM3\ARM_GCC_541\Debug\CS301_Class.a(USBUART_vnd.o)
 .debug_ranges  0x000004b0       0x38 .\CortexM3\ARM_GCC_541\Debug\CS301_Class.a(USBUART_Dp.o)
 .debug_ranges  0x000004e8      0x290 .\CortexM3\ARM_GCC_541\Debug\CS301_Class.a(CyLib.o)
 .debug_ranges  0x00000778       0x88 .\CortexM3\ARM_GCC_541\Debug\CS301_Class.a(cyPm.o)
 .debug_ranges  0x00000800       0x68 .\CortexM3\ARM_GCC_541\Debug\CS301_Class.a(PWM_1.o)
 .debug_ranges  0x00000868       0x68 .\CortexM3\ARM_GCC_541\Debug\CS301_Class.a(PWM_2.o)
 .debug_ranges  0x000008d0       0x50 .\CortexM3\ARM_GCC_541\Debug\CS301_Class.a(QuadDec_M1.o)
 .debug_ranges  0x00000920       0x50 .\CortexM3\ARM_GCC_541\Debug\CS301_Class.a(QuadDec_M2.o)
 .debug_ranges  0x00000970       0x88 .\CortexM3\ARM_GCC_541\Debug\CS301_Class.a(QuadDec_M1_Cnt16.o)
 .debug_ranges  0x000009f8       0x88 .\CortexM3\ARM_GCC_541\Debug\CS301_Class.a(QuadDec_M2_Cnt16.o)
 .debug_ranges  0x00000a80       0x70 .\CortexM3\ARM_GCC_541\Debug\CS301_Class.a(isr_1.o)
 .debug_ranges  0x00000af0       0x28 .\CortexM3\ARM_GCC_541\Debug\CS301_Class.a(Output_1.o)
 .debug_ranges  0x00000b18       0x28 .\CortexM3\ARM_GCC_541\Debug\CS301_Class.a(Output_2.o)
 .debug_ranges  0x00000b40       0x28 .\CortexM3\ARM_GCC_541\Debug\CS301_Class.a(Output_3.o)
 .debug_ranges  0x00000b68       0x28 .\CortexM3\ARM_GCC_541\Debug\CS301_Class.a(Output_4.o)
 .debug_ranges  0x00000b90       0x28 .\CortexM3\ARM_GCC_541\Debug\CS301_Class.a(Output_5.o)
 .debug_ranges  0x00000bb8       0x28 .\CortexM3\ARM_GCC_541\Debug\CS301_Class.a(Output_6.o)
 .debug_ranges  0x00000be0       0x70 .\CortexM3\ARM_GCC_541\Debug\CS301_Class.a(mid_right.o)
 .debug_ranges  0x00000c50       0x70 .\CortexM3\ARM_GCC_541\Debug\CS301_Class.a(mid_left.o)
 .debug_ranges  0x00000cc0       0x70 .\CortexM3\ARM_GCC_541\Debug\CS301_Class.a(front_right.o)
 .debug_ranges  0x00000d30       0x70 .\CortexM3\ARM_GCC_541\Debug\CS301_Class.a(front_left.o)
 .debug_ranges  0x00000da0       0x70 .\CortexM3\ARM_GCC_541\Debug\CS301_Class.a(isr_2.o)
 .debug_ranges  0x00000e10       0x78 .\CortexM3\ARM_GCC_541\Debug\CS301_Class.a(Turn_Timer.o)
 .debug_ranges  0x00000e88       0x28 .\CortexM3\ARM_GCC_541\Debug\CS301_Class.a(Front_Left_Led.o)
 .debug_ranges  0x00000eb0       0x28 .\CortexM3\ARM_GCC_541\Debug\CS301_Class.a(Left_Wing_Led.o)
 .debug_ranges  0x00000ed8       0x28 .\CortexM3\ARM_GCC_541\Debug\CS301_Class.a(Mid_Left_Led.o)
 .debug_ranges  0x00000f00       0x28 .\CortexM3\ARM_GCC_541\Debug\CS301_Class.a(Right_Wing_Led.o)
 .debug_ranges  0x00000f28       0x28 .\CortexM3\ARM_GCC_541\Debug\CS301_Class.a(Mid_Right_Led.o)
 .debug_ranges  0x00000f50       0x28 .\CortexM3\ARM_GCC_541\Debug\CS301_Class.a(Front_Right_Led.o)
 .debug_ranges  0x00000f78       0x10 .\CortexM3\ARM_GCC_541\Debug\CS301_Class.a(USBUART_cls.o)
 .debug_ranges  0x00000f88       0x78 .\CortexM3\ARM_GCC_541\Debug\CS301_Class.a(CyFlash.o)
 .debug_ranges  0x00001000       0x70 .\CortexM3\ARM_GCC_541\Debug\CS301_Class.a(CySpc.o)

.comment        0x00000000       0x6e
 .comment       0x00000000       0x6e .\CortexM3\ARM_GCC_541\Debug\main.o
                                 0x6f (size before relaxing)
 .comment       0x0000006e       0x6f .\CortexM3\ARM_GCC_541\Debug\tacho.o
 .comment       0x0000006e       0x6f .\CortexM3\ARM_GCC_541\Debug\SENSORS_READ.o
 .comment       0x0000006e       0x6f .\CortexM3\ARM_GCC_541\Debug\MOVEMENT.o
 .comment       0x0000006e       0x6f .\CortexM3\ARM_GCC_541\Debug\cyfitter_cfg.o
 .comment       0x0000006e       0x6f .\CortexM3\ARM_GCC_541\Debug\cymetadata.o
 .comment       0x0000006e       0x6f .\CortexM3\ARM_GCC_541\Debug\Cm3Start.o
 .comment       0x0000006e       0x6f .\CortexM3\ARM_GCC_541\Debug\CS301_Class.a(Timer_TS.o)
 .comment       0x0000006e       0x6f .\CortexM3\ARM_GCC_541\Debug\CS301_Class.a(USBUART.o)
 .comment       0x0000006e       0x6f .\CortexM3\ARM_GCC_541\Debug\CS301_Class.a(USBUART_cdc.o)
 .comment       0x0000006e       0x6f .\CortexM3\ARM_GCC_541\Debug\CS301_Class.a(USBUART_drv.o)
 .comment       0x0000006e       0x6f .\CortexM3\ARM_GCC_541\Debug\CS301_Class.a(USBUART_episr.o)
 .comment       0x0000006e       0x6f .\CortexM3\ARM_GCC_541\Debug\CS301_Class.a(USBUART_pm.o)
 .comment       0x0000006e       0x6f .\CortexM3\ARM_GCC_541\Debug\CS301_Class.a(USBUART_std.o)
 .comment       0x0000006e       0x6f .\CortexM3\ARM_GCC_541\Debug\CS301_Class.a(USBUART_vnd.o)
 .comment       0x0000006e       0x6f .\CortexM3\ARM_GCC_541\Debug\CS301_Class.a(USBUART_Dp.o)
 .comment       0x0000006e       0x6f .\CortexM3\ARM_GCC_541\Debug\CS301_Class.a(CyLib.o)
 .comment       0x0000006e       0x6f .\CortexM3\ARM_GCC_541\Debug\CS301_Class.a(cyPm.o)
 .comment       0x0000006e       0x6f .\CortexM3\ARM_GCC_541\Debug\CS301_Class.a(PWM_1.o)
 .comment       0x0000006e       0x6f .\CortexM3\ARM_GCC_541\Debug\CS301_Class.a(PWM_2.o)
 .comment       0x0000006e       0x6f .\CortexM3\ARM_GCC_541\Debug\CS301_Class.a(QuadDec_M1.o)
 .comment       0x0000006e       0x6f .\CortexM3\ARM_GCC_541\Debug\CS301_Class.a(QuadDec_M2.o)
 .comment       0x0000006e       0x6f .\CortexM3\ARM_GCC_541\Debug\CS301_Class.a(QuadDec_M1_Cnt16.o)
 .comment       0x0000006e       0x6f .\CortexM3\ARM_GCC_541\Debug\CS301_Class.a(QuadDec_M2_Cnt16.o)
 .comment       0x0000006e       0x6f .\CortexM3\ARM_GCC_541\Debug\CS301_Class.a(isr_1.o)
 .comment       0x0000006e       0x6f .\CortexM3\ARM_GCC_541\Debug\CS301_Class.a(Output_1.o)
 .comment       0x0000006e       0x6f .\CortexM3\ARM_GCC_541\Debug\CS301_Class.a(Output_2.o)
 .comment       0x0000006e       0x6f .\CortexM3\ARM_GCC_541\Debug\CS301_Class.a(Output_3.o)
 .comment       0x0000006e       0x6f .\CortexM3\ARM_GCC_541\Debug\CS301_Class.a(Output_4.o)
 .comment       0x0000006e       0x6f .\CortexM3\ARM_GCC_541\Debug\CS301_Class.a(Output_5.o)
 .comment       0x0000006e       0x6f .\CortexM3\ARM_GCC_541\Debug\CS301_Class.a(Output_6.o)
 .comment       0x0000006e       0x6f .\CortexM3\ARM_GCC_541\Debug\CS301_Class.a(mid_right.o)