Archive member included to satisfy reference by file (symbol)

.\CortexM3\ARM_GCC_541\Debug\CS301_Class.a(Timer_TS.o)
                              .\CortexM3\ARM_GCC_541\Debug\main.o (Timer_TS_Start)
.\CortexM3\ARM_GCC_541\Debug\CS301_Class.a(USBUART.o)
                              .\CortexM3\ARM_GCC_541\Debug\main.o (USBUART_Start)
.\CortexM3\ARM_GCC_541\Debug\CS301_Class.a(USBUART_cdc.o)
                              .\CortexM3\ARM_GCC_541\Debug\main.o (USBUART_CDC_Init)
.\CortexM3\ARM_GCC_541\Debug\CS301_Class.a(USBUART_drv.o)
                              .\CortexM3\ARM_GCC_541\Debug\CS301_Class.a(USBUART.o) (USBUART_EP)
.\CortexM3\ARM_GCC_541\Debug\CS301_Class.a(USBUART_episr.o)
                              .\CortexM3\ARM_GCC_541\Debug\CS301_Class.a(USBUART.o) (USBUART_EP_1_ISR)
.\CortexM3\ARM_GCC_541\Debug\CS301_Class.a(USBUART_pm.o)
                              .\CortexM3\ARM_GCC_541\Debug\CS301_Class.a(USBUART.o) (USBUART_DP_ISR)
.\CortexM3\ARM_GCC_541\Debug\CS301_Class.a(USBUART_std.o)
                              .\CortexM3\ARM_GCC_541\Debug\CS301_Class.a(USBUART_drv.o) (USBUART_HandleStandardRqst)
.\CortexM3\ARM_GCC_541\Debug\CS301_Class.a(USBUART_vnd.o)
                              .\CortexM3\ARM_GCC_541\Debug\CS301_Class.a(USBUART_drv.o) (USBUART_HandleVendorRqst)
.\CortexM3\ARM_GCC_541\Debug\CS301_Class.a(USBUART_Dp.o)
                              .\CortexM3\ARM_GCC_541\Debug\CS301_Class.a(USBUART.o) (USBUART_Dp_ClearInterrupt)
.\CortexM3\ARM_GCC_541\Debug\CS301_Class.a(CyLib.o)
                              .\CortexM3\ARM_GCC_541\Debug\Cm3Start.o (CyResetStatus)
.\CortexM3\ARM_GCC_541\Debug\CS301_Class.a(cyPm.o)
                              .\CortexM3\ARM_GCC_541\Debug\CS301_Class.a(CyLib.o) (CyPmReadStatus)
.\CortexM3\ARM_GCC_541\Debug\CS301_Class.a(PWM_1.o)
                              .\CortexM3\ARM_GCC_541\Debug\main.o (PWM_1_Start)
.\CortexM3\ARM_GCC_541\Debug\CS301_Class.a(PWM_2.o)
                              .\CortexM3\ARM_GCC_541\Debug\main.o (PWM_2_Start)
.\CortexM3\ARM_GCC_541\Debug\CS301_Class.a(QuadDec_M1.o)
                              .\CortexM3\ARM_GCC_541\Debug\main.o (QuadDec_M1_Start)
.\CortexM3\ARM_GCC_541\Debug\CS301_Class.a(QuadDec_M2.o)
                              .\CortexM3\ARM_GCC_541\Debug\main.o (QuadDec_M2_Start)
.\CortexM3\ARM_GCC_541\Debug\CS301_Class.a(QuadDec_M1_Cnt16.o)
                              .\CortexM3\ARM_GCC_541\Debug\CS301_Class.a(QuadDec_M1.o) (QuadDec_M1_Cnt16_WriteCounter)
.\CortexM3\ARM_GCC_541\Debug\CS301_Class.a(QuadDec_M2_Cnt16.o)
                              .\CortexM3\ARM_GCC_541\Debug\CS301_Class.a(QuadDec_M2.o) (QuadDec_M2_Cnt16_WriteCounter)
.\CortexM3\ARM_GCC_541\Debug\CS301_Class.a(isr_1.o)
                              .\CortexM3\ARM_GCC_541\Debug\main.o (isr_1_StartEx)
.\CortexM3\ARM_GCC_541\Debug\CS301_Class.a(Output_1.o)
                              .\CortexM3\ARM_GCC_541\Debug\SENSORS_READ.o (Output_1_Read)
.\CortexM3\ARM_GCC_541\Debug\CS301_Class.a(Output_2.o)
                              .\CortexM3\ARM_GCC_541\Debug\SENSORS_READ.o (Output_2_Read)
.\CortexM3\ARM_GCC_541\Debug\CS301_Class.a(Output_3.o)
                              .\CortexM3\ARM_GCC_541\Debug\SENSORS_READ.o (Output_3_Read)
.\CortexM3\ARM_GCC_541\Debug\CS301_Class.a(Output_4.o)
                              .\CortexM3\ARM_GCC_541\Debug\LEFT_TURN.o (Output_4_Read)
.\CortexM3\ARM_GCC_541\Debug\CS301_Class.a(Output_5.o)
                              .\CortexM3\ARM_GCC_541\Debug\LEFT_TURN.o (Output_5_Read)
.\CortexM3\ARM_GCC_541\Debug\CS301_Class.a(Output_6.o)
                              .\CortexM3\ARM_GCC_541\Debug\SENSORS_READ.o (Output_6_Read)
.\CortexM3\ARM_GCC_541\Debug\CS301_Class.a(mid_right.o)
                              .\CortexM3\ARM_GCC_541\Debug\main.o (mid_right_Start)
.\CortexM3\ARM_GCC_541\Debug\CS301_Class.a(mid_left.o)
                              .\CortexM3\ARM_GCC_541\Debug\main.o (mid_left_Start)
.\CortexM3\ARM_GCC_541\Debug\CS301_Class.a(front_right.o)
                              .\CortexM3\ARM_GCC_541\Debug\main.o (front_right_Start)
.\CortexM3\ARM_GCC_541\Debug\CS301_Class.a(front_left.o)
                              .\CortexM3\ARM_GCC_541\Debug\main.o (front_left_Start)
.\CortexM3\ARM_GCC_541\Debug\CS301_Class.a(CyBootAsmGnu.o)
                              .\CortexM3\ARM_GCC_541\Debug\cyfitter_cfg.o (CyDelayCycles)
.\CortexM3\ARM_GCC_541\Debug\CS301_Class.a(USBUART_cls.o)
                              .\CortexM3\ARM_GCC_541\Debug\CS301_Class.a(USBUART_drv.o) (USBUART_DispatchClassRqst)
.\CortexM3\ARM_GCC_541\Debug\CS301_Class.a(USBUART_descr.o)
                              .\CortexM3\ARM_GCC_541\Debug\CS301_Class.a(USBUART_std.o) (USBUART_DEVICE0_DESCR)
.\CortexM3\ARM_GCC_541\Debug\CS301_Class.a(CyFlash.o)
                              .\CortexM3\ARM_GCC_541\Debug\CS301_Class.a(cyPm.o) (CyFlash_SetWaitCycles)
.\CortexM3\ARM_GCC_541\Debug\CS301_Class.a(CySpc.o)
[...]
Memory Configuration

Name             Origin             Length             Attributes
rom              0x00000000         0x00040000         xr
ram              0x1fff8000         0x00010000         xrw
*default*        0x00000000         0xffffffff

Linker script and memory map

LOAD c:/program files (x86)/cypress/psoc creator/4.2/psoc creator/import/gnu/arm/5.4.1/bin/../lib/gcc/arm-none-eabi/5.4.1/armv7-m/crti.o
LOAD c:/program files (x86)/cypress/psoc creator/4.2/psoc creator/import/gnu/arm/5.4.1/bin/../lib/gcc/arm-none-eabi/5.4.1/armv7-m/crtbegin.o
LOAD c:/program files (x86)/cypress/psoc creator/4.2/psoc creator/import/gnu/arm/5.4.1/bin/../lib/gcc/arm-none-eabi/5.4.1/../../../../arm-none-eabi/lib/armv7-m/crt0.o
START GROUP
LOAD .\CortexM3\ARM_GCC_541\Debug\main.o
LOAD .\CortexM3\ARM_GCC_541\Debug\tacho.o
LOAD .\CortexM3\ARM_GCC_541\Debug\LEFT_TURN.o
LOAD .\CortexM3\ARM_GCC_541\Debug\RIGHT_TURN.o
LOAD .\CortexM3\ARM_GCC_541\Debug\DRIFTED_LEFT.o
LOAD .\CortexM3\ARM_GCC_541\Debug\DRIFTED_RIGHT.o
LOAD .\CortexM3\ARM_GCC_541\Debug\INTERSECTION_DETECTED.o
LOAD .\CortexM3\ARM_GCC_541\Debug\SENSORS_READ.o
LOAD .\CortexM3\ARM_GCC_541\Debug\STRAIGHT.o
LOAD .\CortexM3\ARM_GCC_541\Debug\STOP.o
LOAD .\CortexM3\ARM_GCC_541\Debug\MOVEMENT.o
LOAD .\CortexM3\ARM_GCC_541\Debug\manoeuvre.o
LOAD .\CortexM3\ARM_GCC_541\Debug\cyfitter_cfg.o
LOAD .\CortexM3\ARM_GCC_541\Debug\cymetadata.o
LOAD .\CortexM3\ARM_GCC_541\Debug\Cm3Start.o
LOAD .\CortexM3\ARM_GCC_541\Debug\CS301_Class.a
LOAD C:\Program Files (x86)\Cypress\PSoC Creator\4.2\PSoC Creator\psoc\content\cycomponentlibrary\CyComponentLibrary.cylib\CortexM3\ARM_GCC_541\Debug\CyComponentLibrary.a
END GROUP
START GROUP
LOAD c:/program files (x86)/cypress/psoc creator/4.2/psoc creator/import/gnu/arm/5.4.1/bin/../lib/gcc/arm-none-eabi/5.4.1/armv7-m\libgcc.a
LOAD c:/program files (x86)/cypress/psoc creator/4.2/psoc creator/import/gnu/arm/5.4.1/bin/../lib/gcc/arm-none-eabi/5.4.1/../../../../arm-none-eabi/lib/armv7-m\libg_nano.a
LOAD c:/program files (x86)/cypress/psoc creator/4.2/psoc creator/import/gnu/arm/5.4.1/bin/../lib/gcc/arm-none-eabi/5.4.1/../../../../arm-none-eabi/lib/armv7-m\libc_nano.a
END GROUP
START GROUP
LOAD c:/program files (x86)/cypress/psoc creator/4.2/psoc creator/import/gnu/arm/5.4.1/bin/../lib/gcc/arm-none-eabi/5.4.1/armv7-m\libgcc.a
LOAD c:/program files (x86)/cypress/psoc creator/4.2/psoc creator/import/gnu/arm/5.4.1/bin/../lib/gcc/arm-none-eabi/5.4.1/../../../../arm-none-eabi/lib/armv7-m\libc_nano.a
END GROUP
LOAD c:/program files (x86)/cypress/psoc creator/4.2/psoc creator/import/gnu/arm/5.4.1/bin/../lib/gcc/arm-none-eabi/5.4.1/armv7-m/crtend.o
LOAD c:/program files (x86)/cypress/psoc creator/4.2/psoc creator/import/gnu/arm/5.4.1/bin/../lib/gcc/arm-none-eabi/5.4.1/armv7-m/crtn.o
START GROUP
LOAD c:/program files (x86)/cypress/psoc creator/4.2/psoc creator/import/gnu/arm/5.4.1/bin/../lib/gcc/arm-none-eabi/5.4.1/armv7-m\libgcc.a
LOAD c:/program files (x86)/cypress/psoc creator/4.2/psoc creator/import/gnu/arm/5.4.1/bin/../lib/gcc/arm-none-eabi/5.4.1/../../../../arm-none-eabi/lib/armv7-m\libc.a
LOAD c:/program files (x86)/cypress/psoc creator/4.2/psoc creator/import/gnu/arm/5.4.1/bin/../lib/gcc/arm-none-eabi/5.4.1/../../../../arm-none-eabi/lib/armv7-m\libnosys.a
END GROUP
                0x00000000                CY_APPL_ORIGIN = 0x0
                0x00000100                CY_FLASH_ROW_SIZE = 0x100
                0x00000020                CY_ECC_ROW_SIZE = 0x20
                0x00000000                CY_EE_IN_BTLDR = 0x0
                0x00000000                CY_APPL_LOADABLE = 0x0
                0x00000800                CY_EE_SIZE = 0x800
                0x00000001                CY_APPL_NUM = 0x1
                0x00000001                CY_APPL_MAX = 0x1
                0x00000040                CY_METADATA_SIZE = 0x40
                0x00000000                CY_APPL_LOADABLE = 0x0
                0x00000000                CY_CHECKSUM_EXCLUDE_SIZE = ALIGN (0x0, CY_FLASH_ROW_SIZE)
                [!provide]                PROVIDE (__cy_heap_start, _end)
                0x00000001                PROVIDE (__cy_region_num, ((__cy_regions_end - __cy_regions) / 0x10))
                0x20008000                PROVIDE (__cy_stack, (ORIGIN (ram) + LENGTH (ram)))
                [!provide]                PROVIDE (__cy_heap_end, (__cy_stack - 0x800))

.cybootloader   0x00000000        0x0
 *(.cybootloader)
                0x00000000                appl1_start = CY_APPL_ORIGIN?CY_APPL_ORIGIN:ALIGN (CY_FLASH_ROW_SIZE)
                0x0001ff00                appl2_start = (appl1_start + ALIGN ((((LENGTH (rom) - appl1_start) - (0x2 * CY_FLASH_ROW_SIZE)) / 0x2), CY_FLASH_ROW_SIZE))
                0x00000000                appl_start = (CY_APPL_NUM == 0x1)?appl1_start:appl2_start
                0x00000000                ecc_offset = ((appl_start / CY_FLASH_ROW_SIZE) * CY_ECC_ROW_SIZE)
                0x00000000                ee_offset = (CY_APPL_LOADABLE && ! (CY_EE_IN_BTLDR))?((CY_EE_SIZE / CY_APPL_MAX) * (CY_APPL_NUM - 0x1)):0x0
                0x00000800                ee_size = (CY_APPL_LOADABLE && ! (CY_EE_IN_BTLDR))?(CY_EE_SIZE / CY_APPL_MAX):CY_EE_SIZE
                [!provide]                PROVIDE (CY_ECC_OFFSET, ecc_offset)

.text           0x00000000     0x337a
 CREATE_OBJECT_SYMBOLS
                0x00000000                PROVIDE (__cy_interrupt_vector, RomVectors)
 *(.romvectors)
 .romvectors    0x00000000       0x10 .\CortexM3\ARM_GCC_541\Debug\Cm3Start.o
                0x00000000                RomVectors
                0x00000001                ASSERT ((. != __cy_interrupt_vector), No interrupt vector)
                0x00000001                ASSERT (CY_APPL_ORIGIN?(SIZEOF (.cybootloader) <= CY_APPL_ORIGIN):0x1, Wrong image location)
                0x00000010                PROVIDE (__cy_reset, Reset)
 *(.text.Reset)
 .text.Reset    0x00000010       0x18 .\CortexM3\ARM_GCC_541\Debug\Cm3Start.o
                0x00000010                Reset
                0x00000001                ASSERT ((. != __cy_reset), No reset code)
 *(.dma_init)
                0x00000001                ASSERT ((((appl_start + .) <= 0x10000) || 0x1), DMA Init must be within the first 64k of flash)
 *(.text .text.* .gnu.linkonce.t.*)
 .text          0x00000028       0x5c c:/program files (x86)/cypress/psoc creator/4.2/psoc creator/import/gnu/arm/5.4.1/bin/../lib/gcc/arm-none-eabi/5.4.1/armv7-m/crtbegin.o
 .text.Timer_TS_ISR_Handler
                0x00000084       0x18 .\CortexM3\ARM_GCC_541\Debug\main.o
                0x00000084                Timer_TS_ISR_Handler
 .text.main     0x0000009c      0x110 .\CortexM3\ARM_GCC_541\Debug\main.o
                0x0000009c                main
 .text.CYMEMZERO
                0x000001ac       0x1c .\CortexM3\ARM_GCC_541\Debug\cyfitter_cfg.o
 .text.CYCONFIGCPY
                0x000001c8       0x20 .\CortexM3\ARM_GCC_541\Debug\cyfitter_cfg.o
 .text.CyClockStartupError
                0x000001e8        0xc .\CortexM3\ARM_GCC_541\Debug\cyfitter_cfg.o
 .text.cfg_write_bytes32
                0x000001f4       0x74 .\CortexM3\ARM_GCC_541\Debug\cyfitter_cfg.o
 .text.ClockSetup
                0x00000268      0x144 .\CortexM3\ARM_GCC_541\Debug\cyfitter_cfg.o
 .text.AnalogSetDefault
                0x000003ac       0x44 .\CortexM3\ARM_GCC_541\Debug\cyfitter_cfg.o
 .text.cyfitter_cfg
                0x000003f0      0x164 .\CortexM3\ARM_GCC_541\Debug\cyfitter_cfg.o
                0x000003f0                cyfitter_cfg
 .text.IntDefaultHandler
                0x00000554       0x14 .\CortexM3\ARM_GCC_541\Debug\Cm3Start.o
                0x00000554                IntDefaultHandler
 .text.Start_c  0x00000568       0x98 .\CortexM3\ARM_GCC_541\Debug\Cm3Start.o
                0x00000568                Start_c
 .text.initialize_psoc
                0x00000600       0x90 .\CortexM3\ARM_GCC_541\Debug\Cm3Start.o
                0x00000600                initialize_psoc
 .text.Timer_TS_Init
                0x00000690       0x9c .\CortexM3\ARM_GCC_541\Debug\CS301_Class.a(Timer_TS.o)
                0x00000690                Timer_TS_Init
 .text.Timer_TS_Enable
                0x0000072c       0x48 .\CortexM3\ARM_GCC_541\Debug\CS301_Class.a(Timer_TS.o)
                0x0000072c                Timer_TS_Enable
 .text.Timer_TS_Start
                0x00000774       0x24 .\CortexM3\ARM_GCC_541\Debug\CS301_Class.a(Timer_TS.o)
                0x00000774                Timer_TS_Start
 .text.Timer_TS_SetInterruptMode
                0x00000798       0x20 .\CortexM3\ARM_GCC_541\Debug\CS301_Class.a(Timer_TS.o)
                0x00000798                Timer_TS_SetInterruptMode
 .text.Timer_TS_WritePeriod
                0x000007b8       0x24 .\CortexM3\ARM_GCC_541\Debug\CS301_Class.a(Timer_TS.o)
                0x000007b8                Timer_TS_WritePeriod
 .text.Timer_TS_WriteCounter
                0x000007dc       0x20 .\CortexM3\ARM_GCC_541\Debug\CS301_Class.a(Timer_TS.o)
                0x000007dc                Timer_TS_WriteCounter
 .text.USBUART_Start
                0x000007fc       0x3c .\CortexM3\ARM_GCC_541\Debug\CS301_Class.a(USBUART.o)
                0x000007fc                USBUART_Start
 .text.USBUART_Init
                0x00000838      0x1a4 .\CortexM3\ARM_GCC_541\Debug\CS301_Class.a(USBUART.o)
                0x00000838                USBUART_Init
 .text.USBUART_InitComponent
                0x000009dc      0x100 .\CortexM3\ARM_GCC_541\Debug\CS301_Class.a(USBUART.o)
                0x000009dc                USBUART_InitComponent
 .text.USBUART_ReInitComponent
                0x00000adc       0x68 .\CortexM3\ARM_GCC_541\Debug\CS301_Class.a(USBUART.o)
                0x00000adc                USBUART_ReInitComponent
 .text.USBUART_DispatchCDCClassRqst
                0x00000b44       0xe4 .\CortexM3\ARM_GCC_541\Debug\CS301_Class.a(USBUART_cdc.o)
                0x00000b44                USBUART_DispatchCDCClassRqst
 .text.USBUART_GetInterfaceComPort
                0x00000c28       0x60 .\CortexM3\ARM_GCC_541\Debug\CS301_Class.a(USBUART_cdc.o)
                0x00000c28                USBUART_GetInterfaceComPort
 .text.USBUART_Cdc_EpInit
                0x00000c88       0x90 .\CortexM3\ARM_GCC_541\Debug\CS301_Class.a(USBUART_cdc.o)
                0x00000c88                USBUART_Cdc_EpInit
 .text.USBUART_EP_0_ISR
                0x00000d18       0xf8 .\CortexM3\ARM_GCC_541\Debug\CS301_Class.a(USBUART_drv.o)
                0x00000d18                USBUART_EP_0_ISR
 .text.USBUART_HandleSetup
                0x00000e10       0x88 .\CortexM3\ARM_GCC_541\Debug\CS301_Class.a(USBUART_drv.o)
                0x00000e10                USBUART_HandleSetup
 .text.USBUART_HandleIN
                0x00000e98       0x4c .\CortexM3\ARM_GCC_541\Debug\CS301_Class.a(USBUART_drv.o)
                0x00000e98                USBUART_HandleIN
 .text.USBUART_HandleOUT
                0x00000ee4       0x58 .\CortexM3\ARM_GCC_541\Debug\CS301_Class.a(USBUART_drv.o)
                0x00000ee4                USBUART_HandleOUT
 .text.USBUART_LoadEP0
                0x00000f3c       0xd0 .\CortexM3\ARM_GCC_541\Debug\CS301_Class.a(USBUART_drv.o)
                0x00000f3c                USBUART_LoadEP0
 .text.USBUART_InitControlRead
                0x0000100c       0x70 .\CortexM3\ARM_GCC_541\Debug\CS301_Class.a(USBUART_drv.o)
                0x0000100c                USBUART_InitControlRead
 .text.USBUART_InitZeroLengthControlTransfer
                0x0000107c       0x40 .\CortexM3\ARM_GCC_541\Debug\CS301_Class.a(USBUART_drv.o)
                0x0000107c                USBUART_InitZeroLengthControlTransfer
 .text.USBUART_ControlReadDataStage
                0x000010bc        0xc .\CortexM3\ARM_GCC_541\Debug\CS301_Class.a(USBUART_drv.o)
                0x000010bc                USBUART_ControlReadDataStage
 .text.USBUART_ControlReadStatusStage
                0x000010c8       0x40 .\CortexM3\ARM_GCC_541\Debug\CS301_Class.a(USBUART_drv.o)
                0x000010c8                USBUART_ControlReadStatusStage
 .text.USBUART_InitControlWrite
                0x00001108       0x64 .\CortexM3\ARM_GCC_541\Debug\CS301_Class.a(USBUART_drv.o)
                0x00001108                USBUART_InitControlWrite
 .text.USBUART_ControlWriteDataStage
                0x0000116c       0xb4 .\CortexM3\ARM_GCC_541\Debug\CS301_Class.a(USBUART_drv.o)
                0x0000116c                USBUART_ControlWriteDataStage
 .text.USBUART_ControlWriteStatusStage
                0x00001220       0x24 .\CortexM3\ARM_GCC_541\Debug\CS301_Class.a(USBUART_drv.o)
                0x00001220                USBUART_ControlWriteStatusStage
 .text.USBUART_InitNoDataControlTransfer
                0x00001244       0x38 .\CortexM3\ARM_GCC_541\Debug\CS301_Class.a(USBUART_drv.o)
                0x00001244                USBUART_InitNoDataControlTransfer
 .text.USBUART_NoDataControlStatusStage
                0x0000127c       0x4c .\CortexM3\ARM_GCC_541\Debug\CS301_Class.a(USBUART_drv.o)
                0x0000127c                USBUART_NoDataControlStatusStage
 .text.USBUART_UpdateStatusBlock
                0x000012c8       0x40 .\CortexM3\ARM_GCC_541\Debug\CS301_Class.a(USBUART_drv.o)
                0x000012c8                USBUART_UpdateStatusBlock
 .text.USBUART_InitializeStatusBlock
                0x00001308       0x34 .\CortexM3\ARM_GCC_541\Debug\CS301_Class.a(USBUART_drv.o)
                0x00001308                USBUART_InitializeStatusBlock
 .text.USBUART_EP_1_ISR
                0x0000133c       0x48 .\CortexM3\ARM_GCC_541\Debug\CS301_Class.a(USBUART_episr.o)
                0x0000133c                USBUART_EP_1_ISR
 .text.USBUART_EP_2_ISR
                0x00001384       0x4c .\CortexM3\ARM_GCC_541\Debug\CS301_Class.a(USBUART_episr.o)
                0x00001384                USBUART_EP_2_ISR
 .text.USBUART_EP_3_ISR
                0x000013d0       0x54 .\CortexM3\ARM_GCC_541\Debug\CS301_Class.a(USBUART_episr.o)
                0x000013d0                USBUART_EP_3_ISR
 .text.USBUART_SOF_ISR
                0x00001424        0xc .\CortexM3\ARM_GCC_541\Debug\CS301_Class.a(USBUART_episr.o)
                0x00001424                USBUART_SOF_ISR
 .text.USBUART_BUS_RESET_ISR
                0x00001430        0xc .\CortexM3\ARM_GCC_541\Debug\CS301_Class.a(USBUART_episr.o)
                0x00001430                USBUART_BUS_RESET_ISR
 .text.USBUART_DP_ISR
                0x0000143c        0xc .\CortexM3\ARM_GCC_541\Debug\CS301_Class.a(USBUART_pm.o)
                0x0000143c                USBUART_DP_ISR
 .text.USBUART_HandleStandardRqst
                0x00001448      0x4a4 .\CortexM3\ARM_GCC_541\Debug\CS301_Class.a(USBUART_std.o)
                0x00001448                USBUART_HandleStandardRqst
 .text.USBUART_ReadDieID
                0x000018ec       0xd8 .\CortexM3\ARM_GCC_541\Debug\CS301_Class.a(USBUART_std.o)
                0x000018ec                USBUART_ReadDieID
 .text.USBUART_ConfigReg
                0x000019c4      0x138 .\CortexM3\ARM_GCC_541\Debug\CS301_Class.a(USBUART_std.o)
                0x000019c4                USBUART_ConfigReg
 .text.USBUART_Config
                0x00001afc      0x3a4 .\CortexM3\ARM_GCC_541\Debug\CS301_Class.a(USBUART_std.o)
                0x00001afc                USBUART_Config
 .text.USBUART_ConfigAltChanged
                0x00001ea0      0x25c .\CortexM3\ARM_GCC_541\Debug\CS301_Class.a(USBUART_std.o)
                0x00001ea0                USBUART_ConfigAltChanged
 .text.USBUART_GetConfigTablePtr
                0x000020fc       0x50 .\CortexM3\ARM_GCC_541\Debug\CS301_Class.a(USBUART_std.o)
                0x000020fc                USBUART_GetConfigTablePtr
 .text.USBUART_GetDeviceTablePtr
                0x0000214c       0x24 .\CortexM3\ARM_GCC_541\Debug\CS301_Class.a(USBUART_std.o)
                0x0000214c                USBUART_GetDeviceTablePtr
 .text.USBUART_GetInterfaceClassTablePtr
                0x00002170       0x4c .\CortexM3\ARM_GCC_541\Debug\CS301_Class.a(USBUART_std.o)
                0x00002170                USBUART_GetInterfaceClassTablePtr
 .text.USBUART_SetEndpointHalt
                0x000021bc       0xe8 .\CortexM3\ARM_GCC_541\Debug\CS301_Class.a(USBUART_std.o)
                0x000021bc                USBUART_SetEndpointHalt
 .text.USBUART_ClearEndpointHalt
                0x000022a4      0x158 .\CortexM3\ARM_GCC_541\Debug\CS301_Class.a(USBUART_std.o)
                0x000022a4                USBUART_ClearEndpointHalt
 .text.USBUART_ValidateAlternateSetting
                0x000023fc       0x70 .\CortexM3\ARM_GCC_541\Debug\CS301_Class.a(USBUART_std.o)
                0x000023fc                USBUART_ValidateAlternateSetting
 .text.USBUART_HandleVendorRqst
                0x0000246c       0x54 .\CortexM3\ARM_GCC_541\Debug\CS301_Class.a(USBUART_vnd.o)
                0x0000246c                USBUART_HandleVendorRqst
 .text.USBUART_Dp_ClearInterrupt
                0x000024c0       0x20 .\CortexM3\ARM_GCC_541\Debug\CS301_Class.a(USBUART_Dp.o)
                0x000024c0                USBUART_Dp_ClearInterrupt
 .text.CyHalt   0x000024e0       0x18 .\CortexM3\ARM_GCC_541\Debug\CS301_Class.a(CyLib.o)
                0x000024e0                CyHalt
 .text.CyDelayUs
                0x000024f8       0x28 .\CortexM3\ARM_GCC_541\Debug\CS301_Class.a(CyLib.o)
                0x000024f8                CyDelayUs
 .text.CyIntSetVector
                0x00002520       0x50 .\CortexM3\ARM_GCC_541\Debug\CS301_Class.a(CyLib.o)
                0x00002520                CyIntSetVector
 .text.CyIntSetPriority
                0x00002570       0x48 .\CortexM3\ARM_GCC_541\Debug\CS301_Class.a(CyLib.o)
                0x00002570                CyIntSetPriority
 .text.CyGetUniqueId
                0x000025b8       0xc4 .\CortexM3\ARM_GCC_541\Debug\CS301_Class.a(CyLib.o)
                0x000025b8                CyGetUniqueId
 .text.PWM_1_Start
                0x0000267c       0x24 .\CortexM3\ARM_GCC_541\Debug\CS301_Class.a(PWM_1.o)
                0x0000267c                PWM_1_Start
 .text.PWM_1_Init
                0x000026a0       0xbc .\CortexM3\ARM_GCC_541\Debug\CS301_Class.a(PWM_1.o)
                0x000026a0                PWM_1_Init
 .text.PWM_1_Enable
                0x0000275c       0x48 .\CortexM3\ARM_GCC_541\Debug\CS301_Class.a(PWM_1.o)
                0x0000275c                PWM_1_Enable
 .text.PWM_1_WritePeriod
                0x000027a4       0x20 .\CortexM3\ARM_GCC_541\Debug\CS301_Class.a(PWM_1.o)
                0x000027a4                PWM_1_WritePeriod
 .text.PWM_1_WriteCompare
                0x000027c4       0x20 .\CortexM3\ARM_GCC_541\Debug\CS301_Class.a(PWM_1.o)
                0x000027c4                PWM_1_WriteCompare
 .text.PWM_1_SetInterruptMode
                0x000027e4       0x20 .\CortexM3\ARM_GCC_541\Debug\CS301_Class.a(PWM_1.o)
                0x000027e4                PWM_1_SetInterruptMode
 .text.PWM_2_Start
                0x00002804       0x24 .\CortexM3\ARM_GCC_541\Debug\CS301_Class.a(PWM_2.o)
                0x00002804                PWM_2_Start
 .text.PWM_2_Init
                0x00002828       0xbc .\CortexM3\ARM_GCC_541\Debug\CS301_Class.a(PWM_2.o)
                0x00002828                PWM_2_Init
 .text.PWM_2_Enable
                0x000028e4       0x48 .\CortexM3\ARM_GCC_541\Debug\CS301_Class.a(PWM_2.o)
                0x000028e4                PWM_2_Enable
 .text.PWM_2_WritePeriod
                0x0000292c       0x20 .\CortexM3\ARM_GCC_541\Debug\CS301_Class.a(PWM_2.o)
                0x0000292c                PWM_2_WritePeriod
 .text.PWM_2_WriteCompare
                0x0000294c       0x20 .\CortexM3\ARM_GCC_541\Debug\CS301_Class.a(PWM_2.o)
                0x0000294c                PWM_2_WriteCompare
 .text.PWM_2_SetInterruptMode
                0x0000296c       0x20 .\CortexM3\ARM_GCC_541\Debug\CS301_Class.a(PWM_2.o)
                0x0000296c                PWM_2_SetInterruptMode
 .text.QuadDec_M1_Init
                0x0000298c        0xc .\CortexM3\ARM_GCC_541\Debug\CS301_Class.a(QuadDec_M1.o)
                0x0000298c                QuadDec_M1_Init
 .text.QuadDec_M1_Enable
                0x00002998       0x3c .\CortexM3\ARM_GCC_541\Debug\CS301_Class.a(QuadDec_M1.o)
                0x00002998                QuadDec_M1_Enable
 .text.QuadDec_M1_Start
                0x000029d4       0x30 .\CortexM3\ARM_GCC_541\Debug\CS301_Class.a(QuadDec_M1.o)
                0x000029d4                QuadDec_M1_Start
 .text.QuadDec_M1_GetCounter
                0x00002a04       0x24 .\CortexM3\ARM_GCC_541\Debug\CS301_Class.a(QuadDec_M1.o)
                0x00002a04                QuadDec_M1_GetCounter
 .text.QuadDec_M1_SetCounter
                0x00002a28       0x34 .\CortexM3\ARM_GCC_541\Debug\CS301_Class.a(QuadDec_M1.o)
                0x00002a28                QuadDec_M1_SetCounter
 .text.QuadDec_M1_GetEvents
                0x00002a5c       0x1c .\CortexM3\ARM_GCC_541\Debug\CS301_Class.a(QuadDec_M1.o)
                0x00002a5c                QuadDec_M1_GetEvents
 .text.QuadDec_M1_SetInterruptMask
                0x00002a78       0x20 .\CortexM3\ARM_GCC_541\Debug\CS301_Class.a(QuadDec_M1.o)
                0x00002a78                QuadDec_M1_SetInterruptMask
 .text.QuadDec_M2_Init
                0x00002a98        0xc .\CortexM3\ARM_GCC_541\Debug\CS301_Class.a(QuadDec_M2.o)
                0x00002a98                QuadDec_M2_Init
 .text.QuadDec_M2_Enable
                0x00002aa4       0x3c .\CortexM3\ARM_GCC_541\Debug\CS301_Class.a(QuadDec_M2.o)
                0x00002aa4                QuadDec_M2_Enable
 .text.QuadDec_M2_Start
                0x00002ae0       0x30 .\CortexM3\ARM_GCC_541\Debug\CS301_Class.a(QuadDec_M2.o)
                0x00002ae0                QuadDec_M2_Start
 .text.QuadDec_M2_GetCounter
                0x00002b10       0x24 .\CortexM3\ARM_GCC_541\Debug\CS301_Class.a(QuadDec_M2.o)
                0x00002b10                QuadDec_M2_GetCounter
 .text.QuadDec_M2_SetCounter
                0x00002b34       0x34 .\CortexM3\ARM_GCC_541\Debug\CS301_Class.a(QuadDec_M2.o)
                0x00002b34                QuadDec_M2_SetCounter
 .text.QuadDec_M2_GetEvents
                0x00002b68       0x1c .\CortexM3\ARM_GCC_541\Debug\CS301_Class.a(QuadDec_M2.o)
                0x00002b68                QuadDec_M2_GetEvents
 .text.QuadDec_M2_SetInterruptMask
                0x00002b84       0x20 .\CortexM3\ARM_GCC_541\Debug\CS301_Class.a(QuadDec_M2.o)
                0x00002b84                QuadDec_M2_SetInterruptMask
 .text.QuadDec_M1_Cnt16_Init
                0x00002ba4       0x80 .\CortexM3\ARM_GCC_541\Debug\CS301_Class.a(QuadDec_M1_Cnt16.o)
                0x00002ba4                QuadDec_M1_Cnt16_Init
 .text.QuadDec_M1_Cnt16_Enable
                0x00002c24       0x20 .\CortexM3\ARM_GCC_541\Debug\CS301_Class.a(QuadDec_M1_Cnt16.o)
                0x00002c24                QuadDec_M1_Cnt16_Enable
 .text.QuadDec_M1_Cnt16_Start
                0x00002c44       0x24 .\CortexM3\ARM_GCC_541\Debug\CS301_Class.a(QuadDec_M1_Cnt16.o)
                0x00002c44                QuadDec_M1_Cnt16_Start
 .text.QuadDec_M1_Cnt16_SetInterruptMode
                0x00002c68       0x20 .\CortexM3\ARM_GCC_541\Debug\CS301_Class.a(QuadDec_M1_Cnt16.o)
                0x00002c68                QuadDec_M1_Cnt16_SetInterruptMode
 .text.QuadDec_M1_Cnt16_ReadStatusRegister
                0x00002c88       0x18 .\CortexM3\ARM_GCC_541\Debug\CS301_Class.a(QuadDec_M1_Cnt16.o)
                0x00002c88                QuadDec_M1_Cnt16_ReadStatusRegister
 .text.QuadDec_M1_Cnt16_WriteCounter
                0x00002ca0       0x20 .\CortexM3\ARM_GCC_541\Debug\CS301_Class.a(QuadDec_M1_Cnt16.o)
                0x00002ca0                QuadDec_M1_Cnt16_WriteCounter
 .text.QuadDec_M1_Cnt16_ReadCounter
                0x00002cc0       0x20 .\CortexM3\ARM_GCC_541\Debug\CS301_Class.a(QuadDec_M1_Cnt16.o)
                0x00002cc0                QuadDec_M1_Cnt16_ReadCounter
 .text.QuadDec_M1_Cnt16_ReadCapture
                0x00002ce0       0x18 .\CortexM3\ARM_GCC_541\Debug\CS301_Class.a(QuadDec_M1_Cnt16.o)
                0x00002ce0                QuadDec_M1_Cnt16_ReadCapture
 .text.QuadDec_M1_Cnt16_WritePeriod
                0x00002cf8       0x20 .\CortexM3\ARM_GCC_541\Debug\CS301_Class.a(QuadDec_M1_Cnt16.o)
                0x00002cf8                QuadDec_M1_Cnt16_WritePeriod
 .text.QuadDec_M1_Cnt16_WriteCompare
                0x00002d18       0x20 .\CortexM3\ARM_GCC_541\Debug\CS301_Class.a(QuadDec_M1_Cnt16.o)
                0x00002d18                QuadDec_M1_Cnt16_WriteCompare
 .text.QuadDec_M1_Cnt16_ClearFIFO
                0x00002d38       0x1c .\CortexM3\ARM_GCC_541\Debug\CS301_Class.a(QuadDec_M1_Cnt16.o)
                0x00002d38                QuadDec_M1_Cnt16_ClearFIFO
 .text.QuadDec_M2_Cnt16_Init
                0x00002d54       0x80 .\CortexM3\ARM_GCC_541\Debug\CS301_Class.a(QuadDec_M2_Cnt16.o)
                0x00002d54                QuadDec_M2_Cnt16_Init
 .text.QuadDec_M2_Cnt16_Enable
                0x00002dd4       0x20 .\CortexM3\ARM_GCC_541\Debug\CS301_Class.a(QuadDec_M2_Cnt16.o)
                0x00002dd4                QuadDec_M2_Cnt16_Enable
 .text.QuadDec_M2_Cnt16_Start
                0x00002df4       0x24 .\CortexM3\ARM_GCC_541\Debug\CS301_Class.a(QuadDec_M2_Cnt16.o)
                0x00002df4                QuadDec_M2_Cnt16_Start
 .text.QuadDec_M2_Cnt16_SetInterruptMode
                0x00002e18       0x20 .\CortexM3\ARM_GCC_541\Debug\CS301_Class.a(QuadDec_M2_Cnt16.o)
                0x00002e18                QuadDec_M2_Cnt16_SetInterruptMode
 .text.QuadDec_M2_Cnt16_ReadStatusRegister
                0x00002e38       0x18 .\CortexM3\ARM_GCC_541\Debug\CS301_Class.a(QuadDec_M2_Cnt16.o)
                0x00002e38                QuadDec_M2_Cnt16_ReadStatusRegister
 .text.QuadDec_M2_Cnt16_WriteCounter
                0x00002e50       0x20 .\CortexM3\ARM_GCC_541\Debug\CS301_Class.a(QuadDec_M2_Cnt16.o)
                0x00002e50                QuadDec_M2_Cnt16_WriteCounter
 .text.QuadDec_M2_Cnt16_ReadCounter
                0x00002e70       0x20 .\CortexM3\ARM_GCC_541\Debug\CS301_Class.a(QuadDec_M2_Cnt16.o)
                0x00002e70                QuadDec_M2_Cnt16_ReadCounter
 .text.QuadDec_M2_Cnt16_ReadCapture
                0x00002e90       0x18 .\CortexM3\ARM_GCC_541\Debug\CS301_Class.a(QuadDec_M2_Cnt16.o)
                0x00002e90                QuadDec_M2_Cnt16_ReadCapture
 .text.QuadDec_M2_Cnt16_WritePeriod
                0x00002ea8       0x20 .\CortexM3\ARM_GCC_541\Debug\CS301_Class.a(QuadDec_M2_Cnt16.o)
                0x00002ea8                QuadDec_M2_Cnt16_WritePeriod
 .text.QuadDec_M2_Cnt16_WriteCompare
                0x00002ec8       0x20 .\CortexM3\ARM_GCC_541\Debug\CS301_Class.a(QuadDec_M2_Cnt16.o)
                0x00002ec8                QuadDec_M2_Cnt16_WriteCompare
 .text.QuadDec_M2_Cnt16_ClearFIFO
                0x00002ee8       0x1c .\CortexM3\ARM_GCC_541\Debug\CS301_Class.a(QuadDec_M2_Cnt16.o)
                0x00002ee8                QuadDec_M2_Cnt16_ClearFIFO
 .text.isr_1_StartEx
                0x00002f04       0x24 .\CortexM3\ARM_GCC_541\Debug\CS301_Class.a(isr_1.o)
                0x00002f04                isr_1_StartEx
 .text.isr_1_SetVector
                0x00002f28       0x24 .\CortexM3\ARM_GCC_541\Debug\CS301_Class.a(isr_1.o)
                0x00002f28                isr_1_SetVector
 .text.isr_1_SetPriority
                0x00002f4c       0x24 .\CortexM3\ARM_GCC_541\Debug\CS301_Class.a(isr_1.o)
                0x00002f4c                isr_1_SetPriority
 .text.isr_1_Enable
                0x00002f70       0x18 .\CortexM3\ARM_GCC_541\Debug\CS301_Class.a(isr_1.o)
                0x00002f70                isr_1_Enable
 .text.isr_1_Disable
                0x00002f88       0x18 .\CortexM3\ARM_GCC_541\Debug\CS301_Class.a(isr_1.o)
                0x00002f88                isr_1_Disable
 .text.mid_right_Start
                0x00002fa0       0x20 .\CortexM3\ARM_GCC_541\Debug\CS301_Class.a(mid_right.o)
                0x00002fa0                mid_right_Start
 .text.mid_right_Interrupt
                0x00002fc0       0x18 .\CortexM3\ARM_GCC_541\Debug\CS301_Class.a(mid_right.o)
                0x00002fc0                mid_right_Interrupt
 .text.mid_right_SetVector
                0x00002fd8       0x24 .\CortexM3\ARM_GCC_541\Debug\CS301_Class.a(mid_right.o)
                0x00002fd8                mid_right_SetVector
 .text.mid_right_SetPriority
                0x00002ffc       0x24 .\CortexM3\ARM_GCC_541\Debug\CS301_Class.a(mid_right.o)
                0x00002ffc                mid_right_SetPriority
 .text.mid_right_Enable
                0x00003020       0x18 .\CortexM3\ARM_GCC_541\Debug\CS301_Class.a(mid_right.o)
                0x00003020                mid_right_Enable
 .text.mid_right_Disable
                0x00003038       0x18 .\CortexM3\ARM_GCC_541\Debug\CS301_Class.a(mid_right.o)
                0x00003038                mid_right_Disable
 .text.mid_left_Start
                0x00003050       0x20 .\CortexM3\ARM_GCC_541\Debug\CS301_Class.a(mid_left.o)
                0x00003050                mid_left_Start
 .text.mid_left_Interrupt
                0x00003070       0x18 .\CortexM3\ARM_GCC_541\Debug\CS301_Class.a(mid_left.o)
                0x00003070                mid_left_Interrupt
 .text.mid_left_SetVector
                0x00003088       0x24 .\CortexM3\ARM_GCC_541\Debug\CS301_Class.a(mid_left.o)
                0x00003088                mid_left_SetVector
 .text.mid_left_SetPriority
                0x000030ac       0x24 .\CortexM3\ARM_GCC_541\Debug\CS301_Class.a(mid_left.o)
                0x000030ac                mid_left_SetPriority
 .text.mid_left_Enable
                0x000030d0       0x18 .\CortexM3\ARM_GCC_541\Debug\CS301_Class.a(mid_left.o)
                0x000030d0                mid_left_Enable
 .text.mid_left_Disable
                0x000030e8       0x18 .\CortexM3\ARM_GCC_541\Debug\CS301_Class.a(mid_left.o)
                0x000030e8                mid_left_Disable
 .text.front_right_Start
                0x00003100       0x20 .\CortexM3\ARM_GCC_541\Debug\CS301_Class.a(front_right.o)
                0x00003100                front_right_Start
 .text.front_right_Interrupt
                0x00003120       0x18 .\CortexM3\ARM_GCC_541\Debug\CS301_Class.a(front_right.o)
                0x00003120                front_right_Interrupt
 .text.front_right_SetVector
                0x00003138       0x24 .\CortexM3\ARM_GCC_541\Debug\CS301_Class.a(front_right.o)
                0x00003138                front_right_SetVector
 .text.front_right_SetPriority
                0x0000315c       0x24 .\CortexM3\ARM_GCC_541\Debug\CS301_Class.a(front_right.o)
                0x0000315c                front_right_SetPriority
 .text.front_right_Enable
                0x00003180       0x18 .\CortexM3\ARM_GCC_541\Debug\CS301_Class.a(front_right.o)
                0x00003180                front_right_Enable
 .text.front_right_Disable
                0x00003198       0x18 .\CortexM3\ARM_GCC_541\Debug\CS301_Class.a(front_right.o)
                0x00003198                front_right_Disable
 .text.front_left_Start
                0x000031b0       0x20 .\CortexM3\ARM_GCC_541\Debug\CS301_Class.a(front_left.o)
                0x000031b0                front_left_Start
 .text.front_left_Interrupt
                0x000031d0        0xc .\CortexM3\ARM_GCC_541\Debug\CS301_Class.a(front_left.o)
                0x000031d0                front_left_Interrupt
 .text.front_left_SetVector
                0x000031dc       0x24 .\CortexM3\ARM_GCC_541\Debug\CS301_Class.a(front_left.o)
                0x000031dc                front_left_SetVector
 .text.front_left_SetPriority
                0x00003200       0x24 .\CortexM3\ARM_GCC_541\Debug\CS301_Class.a(front_left.o)
                0x00003200                front_left_SetPriority
 .text.front_left_Enable
                0x00003224       0x18 .\CortexM3\ARM_GCC_541\Debug\CS301_Class.a(front_left.o)
                0x00003224                front_left_Enable
 .text.front_left_Disable
                0x0000323c       0x18 .\CortexM3\ARM_GCC_541\Debug\CS301_Class.a(front_left.o)
                0x0000323c                front_left_Disable
 *fill*         0x00003254        0x4 
 .text          0x00003258       0x20 .\CortexM3\ARM_GCC_541\Debug\CS301_Class.a(CyBootAsmGnu.o)
                0x00003258                CyDelayCycles
                0x00003268                CyEnterCriticalSection
                0x00003270                CyExitCriticalSection
 .text.USBUART_DispatchClassRqst
                0x00003278       0x84 .\CortexM3\ARM_GCC_541\Debug\CS301_Class.a(USBUART_cls.o)
                0x00003278                USBUART_DispatchClassRqst
 .text.__errno  0x000032fc        0xc c:/program files (x86)/cypress/psoc creator/4.2/psoc creator/import/gnu/arm/5.4.1/bin/../lib/gcc/arm-none-eabi/5.4.1/../../../../arm-none-eabi/lib/armv7-m\libg_nano.a(lib_a-errno.o)
                0x000032fc                __errno
 .text.__libc_init_array
                0x00003308       0x4c c:/program files (x86)/cypress/psoc creator/4.2/psoc creator/import/gnu/arm/5.4.1/bin/../lib/gcc/arm-none-eabi/5.4.1/../../../../arm-none-eabi/lib/armv7-m\libg_nano.a(lib_a-init.o)
                0x00003308                __libc_init_array
 .text.memcpy   0x00003354       0x16 c:/program files (x86)/cypress/psoc creator/4.2/psoc creator/import/gnu/arm/5.4.1/bin/../lib/gcc/arm-none-eabi/5.4.1/../../../../arm-none-eabi/lib/armv7-m\libg_nano.a(lib_a-memcpy-stub.o)
                0x00003354                memcpy
 .text.memset   0x0000336a       0x10 c:/program files (x86)/cypress/psoc creator/4.2/psoc creator/import/gnu/arm/5.4.1/bin/../lib/gcc/arm-none-eabi/5.4.1/../../../../arm-none-eabi/lib/armv7-m\libg_nano.a(lib_a-memset.o)
                0x0000336a                memset
 *(.plt)
 *(.gnu.warning)
 *(.glue_7t)
 .glue_7t       0x0000337a        0x0 linker stubs
 *(.glue_7)
 .glue_7        0x0000337a        0x0 linker stubs
 *(.vfp11_veneer)
 .vfp11_veneer  0x0000337a        0x0 linker stubs
 *(.bootloader)
 *(.ARM.extab* .gnu.linkonce.armextab.*)
 *(.gcc_except_table)

.v4_bx          0x0000337c        0x0
 .v4_bx         0x0000337c        0x0 linker stubs

.iplt           0x0000337c        0x0
 .iplt          0x0000337c        0x0 c:/program files (x86)/cypress/psoc creator/4.2/psoc creator/import/gnu/arm/5.4.1/bin/../lib/gcc/arm-none-eabi/5.4.1/armv7-m/crtbegin.o

.eh_frame_hdr
 *(.eh_frame_hdr)

.eh_frame       0x0000337c        0x4
 *(.eh_frame)
 .eh_frame      0x0000337c        0x0 c:/program files (x86)/cypress/psoc creator/4.2/psoc creator/import/gnu/arm/5.4.1/bin/../lib/gcc/arm-none-eabi/5.4.1/armv7-m/crtbegin.o
 .eh_frame      0x0000337c        0x4 c:/program files (x86)/cypress/psoc creator/4.2/psoc creator/import/gnu/arm/5.4.1/bin/../lib/gcc/arm-none-eabi/5.4.1/armv7-m/crtend.o
                [!provide]                PROVIDE (__exidx_start, .)

.ARM.exidx
 *(.ARM.exidx* .gnu.linkonce.armexidx.*)
                0x00003380                __exidx_end = .

.rodata         0x00003380      0x218
 *(.rodata .rodata.* .gnu.linkonce.r.*)
 .rodata        0x00003380       0x2a .\CortexM3\ARM_GCC_541\Debug\cyfitter_cfg.o
 *fill*         0x000033aa        0x2 
 .rodata        0x000033ac       0x11 .\CortexM3\ARM_GCC_541\Debug\CS301_Class.a(USBUART_std.o)
 *fill*         0x000033bd        0x3 
 .rodata        0x000033c0      0x19c .\CortexM3\ARM_GCC_541\Debug\CS301_Class.a(USBUART_descr.o)
                0x000033c0                USBUART_DEVICE0_DESCR
                0x000033d4                USBUART_DEVICE0_CONFIGURATION0_DESCR
                0x00003418                USBUART_STRING_DESCRIPTORS
                0x000034b8                USBUART_SN_STRING_DESCRIPTOR
                0x000034bc                USBUART_DEVICE0_CONFIGURATION0_EP_SETTINGS_TABLE
                0x000034d4                USBUART_DEVICE0_CONFIGURATION0_INTERFACE_CLASS
                0x000034d8                USBUART_DEVICE0_CONFIGURATION0_TABLE
                0x00003500                USBUART_DEVICE0_TABLE
                0x00003518                USBUART_TABLE
                0x00003520                USBUART_MSOS_DESCRIPTOR
                0x00003534                USBUART_MSOS_CONFIGURATION_DESCR
 .rodata.str1.1
                0x0000355c        0x2 c:/program files (x86)/cypress/psoc creator/4.2/psoc creator/import/gnu/arm/5.4.1/bin/../lib/gcc/arm-none-eabi/5.4.1/../../../../arm-none-eabi/lib/armv7-m\libg_nano.a(lib_a-impure.o)
                0x00003560                . = ALIGN (0x4)
 *fill*         0x0000355e        0x2 
 *(.init)
 .init          0x00003560        0x4 c:/program files (x86)/cypress/psoc creator/4.2/psoc creator/import/gnu/arm/5.4.1/bin/../lib/gcc/arm-none-eabi/5.4.1/armv7-m/crti.o
                0x00003560                _init
 .init          0x00003564        0x8 c:/program files (x86)/cypress/psoc creator/4.2/psoc creator/import/gnu/arm/5.4.1/bin/../lib/gcc/arm-none-eabi/5.4.1/armv7-m/crtn.o
                0x0000356c                . = ALIGN (0x4)
                0x0000356c                __preinit_array_start = .
 *(.preinit_array)
                0x0000356c                __preinit_array_end = .
                0x0000356c                . = ALIGN (0x4)
                0x0000356c                __init_array_start = .
 *(SORT(.init_array.*))
 *(.init_array)
 .init_array    0x0000356c        0x4 c:/program files (x86)/cypress/psoc creator/4.2/psoc creator/import/gnu/arm/5.4.1/bin/../lib/gcc/arm-none-eabi/5.4.1/armv7-m/crtbegin.o
 .init_array    0x00003570        0x4 .\CortexM3\ARM_GCC_541\Debug\Cm3Start.o
                0x00003574                __init_array_end = .
                0x00003574                . = ALIGN (0x4)
 *(.fini)
 .fini          0x00003574        0x4 c:/program files (x86)/cypress/psoc creator/4.2/psoc creator/import/gnu/arm/5.4.1/bin/../lib/gcc/arm-none-eabi/5.4.1/armv7-m/crti.o
                0x00003574                _fini
 .fini          0x00003578        0x8 c:/program files (x86)/cypress/psoc creator/4.2/psoc creator/import/gnu/arm/5.4.1/bin/../lib/gcc/arm-none-eabi/5.4.1/armv7-m/crtn.o
                0x00003580                . = ALIGN (0x4)
                0x00003580                __fini_array_start = .
 *(.fini_array)
 .fini_array    0x00003580        0x4 c:/program files (x86)/cypress/psoc creator/4.2/psoc creator/import/gnu/arm/5.4.1/bin/../lib/gcc/arm-none-eabi/5.4.1/armv7-m/crtbegin.o
 *(SORT(.fini_array.*))
                0x00003584                __fini_array_end = .
                0x00003584                . = ALIGN (0x4)
 *crtbegin.o(.ctors)
 *(EXCLUDE_FILE(*crtend.o) .ctors)
 *(SORT(.ctors.*))
 *crtend.o(.ctors)
                0x00003584                . = ALIGN (0x4)
 *crtbegin.o(.dtors)
 *(EXCLUDE_FILE(*crtend.o) .dtors)
 *(SORT(.dtors.*))
 *crtend.o(.dtors)
                0x00003584                . = ALIGN (0x4)
                0x00003584                __cy_regions = .
                0x00003584        0x4 LONG 0x3598 __cy_region_init_ram
                0x00003588        0x4 LONG 0x1fff80c8 __cy_region_start_data
                0x0000358c        0x4 LONG 0xe0 __cy_region_init_size_ram
                0x00003590        0x4 LONG 0x140 __cy_region_zero_size_ram
                0x00003594                __cy_regions_end = .
                0x00003598                . = ALIGN (0x8)
 *fill*         0x00003594        0x4 
                0x00003598                _etext = .

.cy_checksum_exclude
                0x00003598        0x0
 *(.cy_checksum_exclude)

.ramvectors     0x1fff8000       0xc0
                0x1fff8000                __cy_region_start_ram = .
 *(.ramvectors)
 .ramvectors    0x1fff8000       0xc0 .\CortexM3\ARM_GCC_541\Debug\Cm3Start.o
                0x1fff8000                CyRamVectors

.noinit         0x1fff80c0        0x5
 *(.noinit)
 .noinit        0x1fff80c0        0x4 .\CortexM3\ARM_GCC_541\Debug\Cm3Start.o
 .noinit        0x1fff80c4        0x1 .\CortexM3\ARM_GCC_541\Debug\CS301_Class.a(CyLib.o)
                0x1fff80c4                CyResetStatus

.data           0x1fff80c8       0xe0 load address 0x00003598
                0x1fff80c8                __cy_region_start_data = .
 *(.jcr)
 .jcr           0x1fff80c8        0x0 c:/program files (x86)/cypress/psoc creator/4.2/psoc creator/import/gnu/arm/5.4.1/bin/../lib/gcc/arm-none-eabi/5.4.1/armv7-m/crtbegin.o
 .jcr           0x1fff80c8        0x4 c:/program files (x86)/cypress/psoc creator/4.2/psoc creator/import/gnu/arm/5.4.1/bin/../lib/gcc/arm-none-eabi/5.4.1/armv7-m/crtend.o
 *(.got.plt)
 *(.got)
 *(.shdata)
 *(.data .data.* .gnu.linkonce.d.*)
 .data          0x1fff80cc       0x46 .\CortexM3\ARM_GCC_541\Debug\main.o
                0x1fff80cc                flag_rf_transmission_active
                0x1fff80d0                displaystring
                0x1fff8110                left_pwm
                0x1fff8111                right_pwm
 *fill*         0x1fff8112        0x2 
 .data          0x1fff8114       0x1a .\CortexM3\ARM_GCC_541\Debug\CS301_Class.a(USBUART_cdc.o)
                0x1fff8114                USBUART_linesCoding
 *fill*         0x1fff812e        0x2 
 .data          0x1fff8130       0x10 .\CortexM3\ARM_GCC_541\Debug\CS301_Class.a(CyLib.o)
                0x1fff8130                cydelay_freq_hz
                0x1fff8134                cydelay_freq_khz
                0x1fff8138                cydelay_freq_mhz
                0x1fff813c                cydelay_32k_ms
 .data.impure_data
                0x1fff8140       0x60 c:/program files (x86)/cypress/psoc creator/4.2/psoc creator/import/gnu/arm/5.4.1/bin/../lib/gcc/arm-none-eabi/5.4.1/../../../../arm-none-eabi/lib/armv7-m\libg_nano.a(lib_a-impure.o)
 .data._impure_ptr
                0x1fff81a0        0x4 c:/program files (x86)/cypress/psoc creator/4.2/psoc creator/import/gnu/arm/5.4.1/bin/../lib/gcc/arm-none-eabi/5.4.1/../../../../arm-none-eabi/lib/armv7-m\libg_nano.a(lib_a-impure.o)
                0x1fff81a0                _impure_ptr
                0x1fff81a8                . = ALIGN (0x8)
 *fill*         0x1fff81a4        0x4 
 *(.ram)
                0x1fff81a8                _edata = .

.igot.plt       0x1fff81a8        0x0 load address 0x00003678
 .igot.plt      0x1fff81a8        0x0 c:/program files (x86)/cypress/psoc creator/4.2/psoc creator/import/gnu/arm/5.4.1/bin/../lib/gcc/arm-none-eabi/5.4.1/armv7-m/crtbegin.o

.bss            0x1fff81a8      0x140 load address 0x00003678
                0x1fff81a8                PROVIDE (__bss_start__, .)
 *(.shbss)
 *(.bss .bss.* .gnu.linkonce.b.*)
 .bss           0x1fff81a8       0x1c c:/program files (x86)/cypress/psoc creator/4.2/psoc creator/import/gnu/arm/5.4.1/bin/../lib/gcc/arm-none-eabi/5.4.1/armv7-m/crtbegin.o
 .bss           0x1fff81c4       0x3e .\CortexM3\ARM_GCC_541\Debug\main.o
                0x1fff81c4                ts
                0x1fff81c6                ts_enc
                0x1fff81c8                ts_update
                0x1fff81ca                ts_speed
                0x1fff81cc                ts_display
                0x1fff81ce                flag_ts_enc
                0x1fff81cf                flag_ts_update
                0x1fff81d0                flag_ts_speed
                0x1fff81d1                flag_ts_display
                0x1fff81d2                flag_rx
                0x1fff81d3                flag_packet
                0x1fff81d4                flag_KB_string
                0x1fff81d5                dataready_flag
                0x1fff81f4                timer_flag
                0x1fff81f8                edges
 .bss           0x1fff8202        0x1 .\CortexM3\ARM_GCC_541\Debug\CS301_Class.a(Timer_TS.o)
                0x1fff8202                Timer_TS_initVar
 .bss           0x1fff8203        0x1 .\CortexM3\ARM_GCC_541\Debug\CS301_Class.a(USBUART.o)
                0x1fff8203                USBUART_initVar
 .bss           0x1fff8204        0x2 .\CortexM3\ARM_GCC_541\Debug\CS301_Class.a(USBUART_std.o)
 .bss           0x1fff8206        0x1 .\CortexM3\ARM_GCC_541\Debug\CS301_Class.a(PWM_1.o)
                0x1fff8206                PWM_1_initVar
 .bss           0x1fff8207        0x1 .\CortexM3\ARM_GCC_541\Debug\CS301_Class.a(PWM_2.o)
                0x1fff8207                PWM_2_initVar
 .bss           0x1fff8208        0x1 .\CortexM3\ARM_GCC_541\Debug\CS301_Class.a(QuadDec_M1.o)
                0x1fff8208                QuadDec_M1_initVar
 .bss           0x1fff8209        0x1 .\CortexM3\ARM_GCC_541\Debug\CS301_Class.a(QuadDec_M2.o)
                0x1fff8209                QuadDec_M2_initVar
 .bss           0x1fff820a        0x1 .\CortexM3\ARM_GCC_541\Debug\CS301_Class.a(QuadDec_M1_Cnt16.o)
                0x1fff820a                QuadDec_M1_Cnt16_initVar
 .bss           0x1fff820b        0x1 .\CortexM3\ARM_GCC_541\Debug\CS301_Class.a(QuadDec_M2_Cnt16.o)
                0x1fff820b                QuadDec_M2_Cnt16_initVar
 *(COMMON)
 COMMON         0x1fff820c       0x18 .\CortexM3\ARM_GCC_541\Debug\CS301_Class.a(USBUART_cdc.o)
                0x1fff820c                USBUART_linesChanged
                0x1fff8210                USBUART_cdcDataInEp
                0x1fff8214                USBUART_cdcCommInInterruptEp
                0x1fff8218                USBUART_cdcDataOutEp
                0x1fff821c                USBUART_serialStateBitmap
                0x1fff8220                USBUART_linesControlBitmap
 COMMON         0x1fff8224       0x9a .\CortexM3\ARM_GCC_541\Debug\CS301_Class.a(USBUART_drv.o)
                0x1fff8224                USBUART_lastPacketSize
                0x1fff8225                USBUART_device
                0x1fff8226                USBUART_transferByteCount
                0x1fff8228                USBUART_transferState
                0x1fff822c                USBUART_interfaceSettingLast
                0x1fff8230                USBUART_currentTD
                0x1fff823c                USBUART_interfaceNumber
                0x1fff8240                USBUART_interfaceClass
                0x1fff8244                USBUART_configurationChanged
                0x1fff8245                USBUART_ep0Mode
                0x1fff8246                USBUART_deviceAddress
                0x1fff8247                USBUART_configuration
                0x1fff8248                USBUART_ep0Count
                0x1fff8249                USBUART_deviceStatus
                0x1fff824c                USBUART_EP
                0x1fff82b8                USBUART_interfaceSetting
                0x1fff82ba                USBUART_ep0Toggle
                0x1fff82bc                USBUART_interfaceStatus
 *fill*         0x1fff82be        0x2 
 COMMON         0x1fff82c0       0x22 .\CortexM3\ARM_GCC_541\Debug\CS301_Class.a(USBUART_descr.o)
                0x1fff82c0                USBUART_idSerialNumberStringDescriptor
                0x1fff82e8                . = ALIGN (0x8)
 *fill*         0x1fff82e2        0x6 
 *(.ram.b)
                0x1fff82e8                _end = .
                0x1fff82e8                __end = .
                0x1fff82e8                PROVIDE (end, .)
                0x1fff82e8                PROVIDE (__bss_end__, .)
                0x00003598                __cy_region_init_ram = LOADADDR (.data)
                0x000000e0                __cy_region_init_size_ram = (_edata - ADDR (.data))
                0x00000140                __cy_region_zero_size_ram = (_end - _edata)

.heap           0x1fff82e8       0x80 load address 0x00003678
                0x1fff82e8                . = _end
                0x1fff8368                . = (. + 0x80)
 *fill*         0x1fff82e8       0x80 
                0x1fff8368                __cy_heap_limit = .

.stack          0x20007800      0x800
                0x20007800                __cy_stack_limit = .
                0x20008000                . = (. + 0x800)
 *fill*         0x20007800      0x800 
                0x00000001                ASSERT ((__cy_stack_limit >= __cy_heap_limit), region RAM overflowed with stack)
                0x00000000                cy_checksum_exclude_size = (CY_APPL_LOADABLE == 0x1)?SIZEOF (.cy_checksum_exclude):0x0
                0x00000001                ASSERT ((cy_checksum_exclude_size <= CY_CHECKSUM_EXCLUDE_SIZE), CY_BOOT: Section .cy_checksum_exclude size exceedes specified limit.)

.cyloadermeta
 *(.cyloadermeta)

.cyloadablemeta
 *(.cyloadablemeta)

.cyconfigecc    0x80000000      0xc84
 *(.cyconfigecc)
 .cyconfigecc   0x80000000      0xc84 .\CortexM3\ARM_GCC_541\Debug\cymetadata.o
                0x80000000                cy_meta_configecc

.cycustnvl      0x90000000        0x4
 *(.cycustnvl)
 .cycustnvl     0x90000000        0x4 .\CortexM3\ARM_GCC_541\Debug\cymetadata.o
                0x90000000                cy_meta_custnvl

.cywolatch      0x90100000        0x4
 *(.cywolatch)
 .cywolatch     0x90100000        0x4 .\CortexM3\ARM_GCC_541\Debug\cymetadata.o
                0x90100000                cy_meta_wonvl

.cyeeprom       0x90200000        0x0
 *(.cyeeprom)
                0x00000001                ASSERT ((. <= ((0x90200000 + ee_offset) + ee_size)), .cyeeprom data will not fit in EEPROM)

.cyflashprotect
                0x90400000      0x100
 *(.cyflashprotect)
 .cyflashprotect
                0x90400000      0x100 .\CortexM3\ARM_GCC_541\Debug\cymetadata.o
                0x90400000                cy_meta_flashprotect

.cymeta         0x90500000        0xc
 *(.cymeta)
 .cymeta        0x90500000        0xc .\CortexM3\ARM_GCC_541\Debug\cymetadata.o
                0x90500000                cy_metadata

.rel.dyn        0x00003678        0x0 load address 0x9050000c
 .rel.iplt      0x00003678        0x0 c:/program files (x86)/cypress/psoc creator/4.2/psoc creator/import/gnu/arm/5.4.1/bin/../lib/gcc/arm-none-eabi/5.4.1/armv7-m/crtbegin.o

.stab
 *(.stab)

.stabstr
 *(.stabstr)

.debug
 *(.debug)

.line
 *(.line)

.debug_srcinfo
 *(.debug_srcinfo)

.debug_sfnames
 *(.debug_sfnames)

.debug_aranges  0x00000000     0x1200
 *(.debug_aranges)
 .debug_aranges
                0x00000000       0x40 .\CortexM3\ARM_GCC_541\Debug\main.o
 .debug_aranges
                0x00000040       0x28 .\CortexM3\ARM_GCC_541\Debug\tacho.o
 .debug_aranges
                0x00000068       0x20 .\CortexM3\ARM_GCC_541\Debug\LEFT_TURN.o
 .debug_aranges
                0x00000088       0x20 .\CortexM3\ARM_GCC_541\Debug\RIGHT_TURN.o
 .debug_aranges
                0x000000a8       0x20 .\CortexM3\ARM_GCC_541\Debug\DRIFTED_LEFT.o
 .debug_aranges
                0x000000c8       0x20 .\CortexM3\ARM_GCC_541\Debug\DRIFTED_RIGHT.o
 .debug_aranges
                0x000000e8       0x28 .\CortexM3\ARM_GCC_541\Debug\SENSORS_READ.o
 .debug_aranges
                0x00000110       0x20 .\CortexM3\ARM_GCC_541\Debug\STRAIGHT.o
 .debug_aranges
                0x00000130       0x20 .\CortexM3\ARM_GCC_541\Debug\STOP.o
 .debug_aranges
                0x00000150       0x28 .\CortexM3\ARM_GCC_541\Debug\MOVEMENT.o
 .debug_aranges
                0x00000178       0x48 .\CortexM3\ARM_GCC_541\Debug\manoeuvre.o
 .debug_aranges
                0x000001c0       0x60 .\CortexM3\ARM_GCC_541\Debug\cyfitter_cfg.o
 .debug_aranges
                0x00000220       0x18 .\CortexM3\ARM_GCC_541\Debug\cymetadata.o
 .debug_aranges
                0x00000238       0x48 .\CortexM3\ARM_GCC_541\Debug\Cm3Start.o
 .debug_aranges
                0x00000280       0x88 .\CortexM3\ARM_GCC_541\Debug\CS301_Class.a(Timer_TS.o)
 .debug_aranges
                0x00000308       0xc8 .\CortexM3\ARM_GCC_541\Debug\CS301_Class.a(USBUART.o)
 .debug_aranges
                0x000003d0       0xe8 .\CortexM3\ARM_GCC_541\Debug\CS301_Class.a(USBUART_cdc.o)
 .debug_aranges
                0x000004b8       0x98 .\CortexM3\ARM_GCC_541\Debug\CS301_Class.a(USBUART_drv.o)
 .debug_aranges
                0x00000550       0x40 .\CortexM3\ARM_GCC_541\Debug\CS301_Class.a(USBUART_episr.o)
 .debug_aranges
                0x00000590       0x40 .\CortexM3\ARM_GCC_541\Debug\CS301_Class.a(USBUART_pm.o)
 .debug_aranges
                0x000005d0       0x80 .\CortexM3\ARM_GCC_541\Debug\CS301_Class.a(USBUART_std.o)
 .debug_aranges
                0x00000650       0x20 .\CortexM3\ARM_GCC_541\Debug\CS301_Class.a(USBUART_vnd.o)
 .debug_aranges
                0x00000670       0x48 .\CortexM3\ARM_GCC_541\Debug\CS301_Class.a(USBUART_Dp.o)
 .debug_aranges
                0x000006b8      0x2a0 .\CortexM3\ARM_GCC_541\Debug\CS301_Class.a(CyLib.o)
 .debug_aranges
                0x00000958       0x98 .\CortexM3\ARM_GCC_541\Debug\CS301_Class.a(cyPm.o)
 .debug_aranges
                0x000009f0       0x78 .\CortexM3\ARM_GCC_541\Debug\CS301_Class.a(PWM_1.o)
 .debug_aranges
                0x00000a68       0x78 .\CortexM3\ARM_GCC_541\Debug\CS301_Class.a(PWM_2.o)
 .debug_aranges
                0x00000ae0       0x60 .\CortexM3\ARM_GCC_541\Debug\CS301_Class.a(QuadDec_M1.o)
 .debug_aranges
                0x00000b40       0x60 .\CortexM3\ARM_GCC_541\Debug\CS301_Class.a(QuadDec_M2.o)
 .debug_aranges
                0x00000ba0       0x98 .\CortexM3\ARM_GCC_541\Debug\CS301_Class.a(QuadDec_M1_Cnt16.o)
 .debug_aranges
                0x00000c38       0x98 .\CortexM3\ARM_GCC_541\Debug\CS301_Class.a(QuadDec_M2_Cnt16.o)
 .debug_aranges
                0x00000cd0       0x80 .\CortexM3\ARM_GCC_541\Debug\CS301_Class.a(isr_1.o)
 .debug_aranges
                0x00000d50       0x38 .\CortexM3\ARM_GCC_541\Debug\CS301_Class.a(Output_1.o)
 .debug_aranges
                0x00000d88       0x38 .\CortexM3\ARM_GCC_541\Debug\CS301_Class.a(Output_2.o)
 .debug_aranges
                0x00000dc0       0x38 .\CortexM3\ARM_GCC_541\Debug\CS301_Class.a(Output_3.o)
 .debug_aranges
                0x00000df8       0x38 .\CortexM3\ARM_GCC_541\Debug\CS301_Class.a(Output_4.o)
 .debug_aranges
                0x00000e30       0x38 .\CortexM3\ARM_GCC_541\Debug\CS301_Class.a(Output_5.o)
 .debug_aranges
                0x00000e68       0x38 .\CortexM3\ARM_GCC_541\Debug\CS301_Class.a(Output_6.o)
 .debug_aranges
                0x00000ea0       0x80 .\CortexM3\ARM_GCC_541\Debug\CS301_Class.a(mid_right.o)
 .debug_aranges
                0x00000f20       0x80 .\CortexM3\ARM_GCC_541\Debug\CS301_Class.a(mid_left.o)
 .debug_aranges
                0x00000fa0       0x80 .\CortexM3\ARM_GCC_541\Debug\CS301_Class.a(front_right.o)
 .debug_aranges
                0x00001020       0x80 .\CortexM3\ARM_GCC_541\Debug\CS301_Class.a(front_left.o)
 .debug_aranges
                0x000010a0       0x20 .\CortexM3\ARM_GCC_541\Debug\CS301_Class.a(CyBootAsmGnu.o)
 .debug_aranges
                0x000010c0       0x20 .\CortexM3\ARM_GCC_541\Debug\CS301_Class.a(USBUART_cls.o)
 .debug_aranges
                0x000010e0       0x18 .\CortexM3\ARM_GCC_541\Debug\CS301_Class.a(USBUART_descr.o)
 .debug_aranges
                0x000010f8       0x88 .\CortexM3\ARM_GCC_541\Debug\CS301_Class.a(CyFlash.o)
 .debug_aranges
                0x00001180       0x80 .\CortexM3\ARM_GCC_541\Debug\CS301_Class.a(CySpc.o)

.debug_pubnames
 *(.debug_pubnames)

.debug_info     0x00000000     0x82ea
 *(.debug_info .gnu.linkonce.wi.*)
 .debug_info    0x00000000      0x537 .\CortexM3\ARM_GCC_541\Debug\main.o
 .debug_info    0x00000537      0x14e .\CortexM3\ARM_GCC_541\Debug\tacho.o
 .debug_info    0x00000685       0xc7 .\CortexM3\ARM_GCC_541\Debug\LEFT_TURN.o
 .debug_info    0x0000074c       0xc7 .\CortexM3\ARM_GCC_541\Debug\RIGHT_TURN.o
 .debug_info    0x00000813       0xc7 .\CortexM3\ARM_GCC_541\Debug\DRIFTED_LEFT.o
 .debug_info    0x000008da       0xc7 .\CortexM3\ARM_GCC_541\Debug\DRIFTED_RIGHT.o
 .debug_info    0x000009a1      0x203 .\CortexM3\ARM_GCC_541\Debug\SENSORS_READ.o
 .debug_info    0x00000ba4       0xc7 .\CortexM3\ARM_GCC_541\Debug\STRAIGHT.o
 .debug_info    0x00000c6b       0xc7 .\CortexM3\ARM_GCC_541\Debug\STOP.o
 .debug_info    0x00000d32      0x167 .\CortexM3\ARM_GCC_541\Debug\MOVEMENT.o
 .debug_info    0x00000e99      0x11c .\CortexM3\ARM_GCC_541\Debug\manoeuvre.o
 .debug_info    0x00000fb5      0x3ab .\CortexM3\ARM_GCC_541\Debug\cyfitter_cfg.o
 .debug_info    0x00001360      0x139 .\CortexM3\ARM_GCC_541\Debug\cymetadata.o
 .debug_info    0x00001499      0x32b .\CortexM3\ARM_GCC_541\Debug\Cm3Start.o
 .debug_info    0x000017c4      0x245 .\CortexM3\ARM_GCC_541\Debug\CS301_Class.a(Timer_TS.o)
 .debug_info    0x00001a09      0x717 .\CortexM3\ARM_GCC_541\Debug\CS301_Class.a(USBUART.o)
 .debug_info    0x00002120      0x924 .\CortexM3\ARM_GCC_541\Debug\CS301_Class.a(USBUART_cdc.o)
 .debug_info    0x00002a44      0x52d .\CortexM3\ARM_GCC_541\Debug\CS301_Class.a(USBUART_drv.o)
 .debug_info    0x00002f71      0x23b .\CortexM3\ARM_GCC_541\Debug\CS301_Class.a(USBUART_episr.o)
 .debug_info    0x000031ac      0x18d .\CortexM3\ARM_GCC_541\Debug\CS301_Class.a(USBUART_pm.o)
 .debug_info    0x00003339      0x961 .\CortexM3\ARM_GCC_541\Debug\CS301_Class.a(USBUART_std.o)
 .debug_info    0x00003c9a      0x1a9 .\CortexM3\ARM_GCC_541\Debug\CS301_Class.a(USBUART_vnd.o)
 .debug_info    0x00003e43      0x171 .\CortexM3\ARM_GCC_541\Debug\CS301_Class.a(USBUART_Dp.o)
 .debug_info    0x00003fb4      0xe51 .\CortexM3\ARM_GCC_541\Debug\CS301_Class.a(CyLib.o)
 .debug_info    0x00004e05      0x57a .\CortexM3\ARM_GCC_541\Debug\CS301_Class.a(cyPm.o)
 .debug_info    0x0000537f      0x235 .\CortexM3\ARM_GCC_541\Debug\CS301_Class.a(PWM_1.o)
 .debug_info    0x000055b4      0x235 .\CortexM3\ARM_GCC_541\Debug\CS301_Class.a(PWM_2.o)
 .debug_info    0x000057e9      0x208 .\CortexM3\ARM_GCC_541\Debug\CS301_Class.a(QuadDec_M1.o)
 .debug_info    0x000059f1      0x208 .\CortexM3\ARM_GCC_541\Debug\CS301_Class.a(QuadDec_M2.o)
 .debug_info    0x00005bf9      0x291 .\CortexM3\ARM_GCC_541\Debug\CS301_Class.a(QuadDec_M1_Cnt16.o)
 .debug_info    0x00005e8a      0x291 .\CortexM3\ARM_GCC_541\Debug\CS301_Class.a(QuadDec_M2_Cnt16.o)
 .debug_info    0x0000611b      0x241 .\CortexM3\ARM_GCC_541\Debug\CS301_Class.a(isr_1.o)
 .debug_info    0x0000635c      0x11e .\CortexM3\ARM_GCC_541\Debug\CS301_Class.a(Output_1.o)
 .debug_info    0x0000647a      0x11e .\CortexM3\ARM_GCC_541\Debug\CS301_Class.a(Output_2.o)
 .debug_info    0x00006598      0x11e .\CortexM3\ARM_GCC_541\Debug\CS301_Class.a(Output_3.o)
 .debug_info    0x000066b6      0x11e .\CortexM3\ARM_GCC_541\Debug\CS301_Class.a(Output_4.o)
 .debug_info    0x000067d4      0x11e .\CortexM3\ARM_GCC_541\Debug\CS301_Class.a(Output_5.o)
 .debug_info    0x000068f2      0x11e .\CortexM3\ARM_GCC_541\Debug\CS301_Class.a(Output_6.o)
 .debug_info    0x00006a10      0x2e9 .\CortexM3\ARM_GCC_541\Debug\CS301_Class.a(mid_right.o)
 .debug_info    0x00006cf9      0x2e9 .\CortexM3\ARM_GCC_541\Debug\CS301_Class.a(mid_left.o)
 .debug_info    0x00006fe2      0x2e9 .\CortexM3\ARM_GCC_541\Debug\CS301_Class.a(front_right.o)
 .debug_info    0x000072cb      0x268 .\CortexM3\ARM_GCC_541\Debug\CS301_Class.a(front_left.o)
 .debug_info    0x00007533       0x95 .\CortexM3\ARM_GCC_541\Debug\CS301_Class.a(CyBootAsmGnu.o)
 .debug_info    0x000075c8      0x1c8 .\CortexM3\ARM_GCC_541\Debug\CS301_Class.a(USBUART_cls.o)
 .debug_info    0x00007790      0x2e1 .\CortexM3\ARM_GCC_541\Debug\CS301_Class.a(USBUART_descr.o)
 .debug_info    0x00007a71      0x3b9 .\CortexM3\ARM_GCC_541\Debug\CS301_Class.a(CyFlash.o)
 .debug_info    0x00007e2a      0x4c0 .\CortexM3\ARM_GCC_541\Debug\CS301_Class.a(CySpc.o)

.debug_abbrev   0x00000000     0x2f76
 *(.debug_abbrev)
 .debug_abbrev  0x00000000      0x130 .\CortexM3\ARM_GCC_541\Debug\main.o
 .debug_abbrev  0x00000130       0x96 .\CortexM3\ARM_GCC_541\Debug\tacho.o
 .debug_abbrev  0x000001c6       0x65 .\CortexM3\ARM_GCC_541\Debug\LEFT_TURN.o
 .debug_abbrev  0x0000022b       0x65 .\CortexM3\ARM_GCC_541\Debug\RIGHT_TURN.o
 .debug_abbrev  0x00000290       0x65 .\CortexM3\ARM_GCC_541\Debug\DRIFTED_LEFT.o
 .debug_abbrev  0x000002f5       0x65 .\CortexM3\ARM_GCC_541\Debug\DRIFTED_RIGHT.o
 .debug_abbrev  0x0000035a       0xce .\CortexM3\ARM_GCC_541\Debug\SENSORS_READ.o
 .debug_abbrev  0x00000428       0x65 .\CortexM3\ARM_GCC_541\Debug\STRAIGHT.o
 .debug_abbrev  0x0000048d       0x65 .\CortexM3\ARM_GCC_541\Debug\STOP.o
 .debug_abbrev  0x000004f2       0xa1 .\CortexM3\ARM_GCC_541\Debug\MOVEMENT.o
 .debug_abbrev  0x00000593       0x65 .\CortexM3\ARM_GCC_541\Debug\manoeuvre.o
 .debug_abbrev  0x000005f8      0x19d .\CortexM3\ARM_GCC_541\Debug\cyfitter_cfg.o
 .debug_abbrev  0x00000795       0x77 .\CortexM3\ARM_GCC_541\Debug\cymetadata.o
 .debug_abbrev  0x0000080c      0x1d6 .\CortexM3\ARM_GCC_541\Debug\Cm3Start.o
 .debug_abbrev  0x000009e2       0xe9 .\CortexM3\ARM_GCC_541\Debug\CS301_Class.a(Timer_TS.o)
 .debug_abbrev  0x00000acb      0x1f3 .\CortexM3\ARM_GCC_541\Debug\CS301_Class.a(USBUART.o)
 .debug_abbrev  0x00000cbe      0x233 .\CortexM3\ARM_GCC_541\Debug\CS301_Class.a(USBUART_cdc.o)
 .debug_abbrev  0x00000ef1      0x161 .\CortexM3\ARM_GCC_541\Debug\CS301_Class.a(USBUART_drv.o)
 .debug_abbrev  0x00001052       0xfd .\CortexM3\ARM_GCC_541\Debug\CS301_Class.a(USBUART_episr.o)
 .debug_abbrev  0x0000114f       0xd1 .\CortexM3\ARM_GCC_541\Debug\CS301_Class.a(USBUART_pm.o)
 .debug_abbrev  0x00001220      0x1c2 .\CortexM3\ARM_GCC_541\Debug\CS301_Class.a(USBUART_std.o)
 .debug_abbrev  0x000013e2       0xc5 .\CortexM3\ARM_GCC_541\Debug\CS301_Class.a(USBUART_vnd.o)
 .debug_abbrev  0x000014a7       0x90 .\CortexM3\ARM_GCC_541\Debug\CS301_Class.a(USBUART_Dp.o)
 .debug_abbrev  0x00001537      0x217 .\CortexM3\ARM_GCC_541\Debug\CS301_Class.a(CyLib.o)
 .debug_abbrev  0x0000174e      0x161 .\CortexM3\ARM_GCC_541\Debug\CS301_Class.a(cyPm.o)
 .debug_abbrev  0x000018af      0x116 .\CortexM3\ARM_GCC_541\Debug\CS301_Class.a(PWM_1.o)
 .debug_abbrev  0x000019c5      0x116 .\CortexM3\ARM_GCC_541\Debug\CS301_Class.a(PWM_2.o)
 .debug_abbrev  0x00001adb      0x130 .\CortexM3\ARM_GCC_541\Debug\CS301_Class.a(QuadDec_M1.o)
 .debug_abbrev  0x00001c0b      0x130 .\CortexM3\ARM_GCC_541\Debug\CS301_Class.a(QuadDec_M2.o)
 .debug_abbrev  0x00001d3b      0x12c .\CortexM3\ARM_GCC_541\Debug\CS301_Class.a(QuadDec_M1_Cnt16.o)
 .debug_abbrev  0x00001e67      0x12c .\CortexM3\ARM_GCC_541\Debug\CS301_Class.a(QuadDec_M2_Cnt16.o)
 .debug_abbrev  0x00001f93      0x172 .\CortexM3\ARM_GCC_541\Debug\CS301_Class.a(isr_1.o)
 .debug_abbrev  0x00002105       0x90 .\CortexM3\ARM_GCC_541\Debug\CS301_Class.a(Output_1.o)
 .debug_abbrev  0x00002195       0x90 .\CortexM3\ARM_GCC_541\Debug\CS301_Class.a(Output_2.o)
 .debug_abbrev  0x00002225       0x90 .\CortexM3\ARM_GCC_541\Debug\CS301_Class.a(Output_3.o)
 .debug_abbrev  0x000022b5       0x90 .\CortexM3\ARM_GCC_541\Debug\CS301_Class.a(Output_4.o)
 .debug_abbrev  0x00002345       0x90 .\CortexM3\ARM_GCC_541\Debug\CS301_Class.a(Output_5.o)
 .debug_abbrev  0x000023d5       0x90 .\CortexM3\ARM_GCC_541\Debug\CS301_Class.a(Output_6.o)
 .debug_abbrev  0x00002465      0x1bf .\CortexM3\ARM_GCC_541\Debug\CS301_Class.a(mid_right.o)
 .debug_abbrev  0x00002624      0x1bf .\CortexM3\ARM_GCC_541\Debug\CS301_Class.a(mid_left.o)
 .debug_abbrev  0x000027e3      0x1bf .\CortexM3\ARM_GCC_541\Debug\CS301_Class.a(front_right.o)
 .debug_abbrev  0x000029a2      0x190 .\CortexM3\ARM_GCC_541\Debug\CS301_Class.a(front_left.o)
 .debug_abbrev  0x00002b32       0x14 .\CortexM3\ARM_GCC_541\Debug\CS301_Class.a(CyBootAsmGnu.o)
 .debug_abbrev  0x00002b46       0xc5 .\CortexM3\ARM_GCC_541\Debug\CS301_Class.a(USBUART_cls.o)
 .debug_abbrev  0x00002c0b       0xb4 .\CortexM3\ARM_GCC_541\Debug\CS301_Class.a(USBUART_descr.o)
 .debug_abbrev  0x00002cbf      0x14b .\CortexM3\ARM_GCC_541\Debug\CS301_Class.a(CyFlash.o)
 .debug_abbrev  0x00002e0a      0x16c .\CortexM3\ARM_GCC_541\Debug\CS301_Class.a(CySpc.o)

.debug_line     0x00000000     0x4f5e
 *(.debug_line)
 .debug_line    0x00000000      0x21f .\CortexM3\ARM_GCC_541\Debug\main.o
 .debug_line    0x0000021f      0x183 .\CortexM3\ARM_GCC_541\Debug\tacho.o
 .debug_line    0x000003a2      0x169 .\CortexM3\ARM_GCC_541\Debug\LEFT_TURN.o
 .debug_line    0x0000050b      0x16a .\CortexM3\ARM_GCC_541\Debug\RIGHT_TURN.o
 .debug_line    0x00000675      0x163 .\CortexM3\ARM_GCC_541\Debug\DRIFTED_LEFT.o
 .debug_line    0x000007d8      0x164 .\CortexM3\ARM_GCC_541\Debug\DRIFTED_RIGHT.o
 .debug_line    0x0000093c        0x0 .\CortexM3\ARM_GCC_541\Debug\INTERSECTION_DETECTED.o
 .debug_line    0x0000093c      0x1c0 .\CortexM3\ARM_GCC_541\Debug\SENSORS_READ.o
 .debug_line    0x00000afc      0x160 .\CortexM3\ARM_GCC_541\Debug\STRAIGHT.o
 .debug_line    0x00000c5c      0x15b .\CortexM3\ARM_GCC_541\Debug\STOP.o
 .debug_line    0x00000db7      0x1b5 .\CortexM3\ARM_GCC_541\Debug\MOVEMENT.o
 .debug_line    0x00000f6c      0x1ba .\CortexM3\ARM_GCC_541\Debug\manoeuvre.o
 .debug_line    0x00001126      0x1f7 .\CortexM3\ARM_GCC_541\Debug\cyfitter_cfg.o
 .debug_line    0x0000131d      0x141 .\CortexM3\ARM_GCC_541\Debug\cymetadata.o
 .debug_line    0x0000145e      0x1dc .\CortexM3\ARM_GCC_541\Debug\Cm3Start.o
 .debug_line    0x0000163a      0x160 .\CortexM3\ARM_GCC_541\Debug\CS301_Class.a(Timer_TS.o)
 .debug_line    0x0000179a      0x307 .\CortexM3\ARM_GCC_541\Debug\CS301_Class.a(USBUART.o)
 .debug_line    0x00001aa1      0x30c .\CortexM3\ARM_GCC_541\Debug\CS301_Class.a(USBUART_cdc.o)
 .debug_line    0x00001dad      0x21f .\CortexM3\ARM_GCC_541\Debug\CS301_Class.a(USBUART_drv.o)
 .debug_line    0x00001fcc       0xf2 .\CortexM3\ARM_GCC_541\Debug\CS301_Class.a(USBUART_episr.o)
 .debug_line    0x000020be       0xe6 .\CortexM3\ARM_GCC_541\Debug\CS301_Class.a(USBUART_pm.o)
 .debug_line    0x000021a4      0x470 .\CortexM3\ARM_GCC_541\Debug\CS301_Class.a(USBUART_std.o)
 .debug_line    0x00002614       0x8f .\CortexM3\ARM_GCC_541\Debug\CS301_Class.a(USBUART_vnd.o)
 .debug_line    0x000026a3       0xbf .\CortexM3\ARM_GCC_541\Debug\CS301_Class.a(USBUART_Dp.o)
 .debug_line    0x00002762      0x883 .\CortexM3\ARM_GCC_541\Debug\CS301_Class.a(CyLib.o)
 .debug_line    0x00002fe5      0x38e .\CortexM3\ARM_GCC_541\Debug\CS301_Class.a(cyPm.o)
 .debug_line    0x00003373      0x140 .\CortexM3\ARM_GCC_541\Debug\CS301_Class.a(PWM_1.o)
 .debug_line    0x000034b3      0x140 .\CortexM3\ARM_GCC_541\Debug\CS301_Class.a(PWM_2.o)
 .debug_line    0x000035f3      0x10a .\CortexM3\ARM_GCC_541\Debug\CS301_Class.a(QuadDec_M1.o)
 .debug_line    0x000036fd      0x10a .\CortexM3\ARM_GCC_541\Debug\CS301_Class.a(QuadDec_M2.o)
 .debug_line    0x00003807      0x18e .\CortexM3\ARM_GCC_541\Debug\CS301_Class.a(QuadDec_M1_Cnt16.o)
 .debug_line    0x00003995      0x18e .\CortexM3\ARM_GCC_541\Debug\CS301_Class.a(QuadDec_M2_Cnt16.o)
 .debug_line    0x00003b23      0x150 .\CortexM3\ARM_GCC_541\Debug\CS301_Class.a(isr_1.o)
 .debug_line    0x00003c73       0x98 .\CortexM3\ARM_GCC_541\Debug\CS301_Class.a(Output_1.o)
 .debug_line    0x00003d0b       0x98 .\CortexM3\ARM_GCC_541\Debug\CS301_Class.a(Output_2.o)
 .debug_line    0x00003da3       0x98 .\CortexM3\ARM_GCC_541\Debug\CS301_Class.a(Output_3.o)
 .debug_line    0x00003e3b       0x98 .\CortexM3\ARM_GCC_541\Debug\CS301_Class.a(Output_4.o)
 .debug_line    0x00003ed3       0x98 .\CortexM3\ARM_GCC_541\Debug\CS301_Class.a(Output_5.o)
 .debug_line    0x00003f6b       0x98 .\CortexM3\ARM_GCC_541\Debug\CS301_Class.a(Output_6.o)
 .debug_line    0x00004003      0x26a .\CortexM3\ARM_GCC_541\Debug\CS301_Class.a(mid_right.o)
 .debug_line    0x0000426d      0x269 .\CortexM3\ARM_GCC_541\Debug\CS301_Class.a(mid_left.o)
 .debug_line    0x000044d6      0x26c .\CortexM3\ARM_GCC_541\Debug\CS301_Class.a(front_right.o)
 .debug_line    0x00004742      0x260 .\CortexM3\ARM_GCC_541\Debug\CS301_Class.a(front_left.o)
 .debug_line    0x000049a2       0x66 .\CortexM3\ARM_GCC_541\Debug\CS301_Class.a(CyBootAsmGnu.o)
 .debug_line    0x00004a08       0x95 .\CortexM3\ARM_GCC_541\Debug\CS301_Class.a(USBUART_cls.o)
 .debug_line    0x00004a9d       0x61 .\CortexM3\ARM_GCC_541\Debug\CS301_Class.a(USBUART_descr.o)
 .debug_line    0x00004afe      0x22f .\CortexM3\ARM_GCC_541\Debug\CS301_Class.a(CyFlash.o)
 .debug_line    0x00004d2d      0x231 .\CortexM3\ARM_GCC_541\Debug\CS301_Class.a(CySpc.o)

.debug_frame    0x00000000     0x42a4
 *(.debug_frame)
 .debug_frame   0x00000000       0xd0 .\CortexM3\ARM_GCC_541\Debug\main.o
 .debug_frame   0x000000d0       0x60 .\CortexM3\ARM_GCC_541\Debug\tacho.o
 .debug_frame   0x00000130       0x2c .\CortexM3\ARM_GCC_541\Debug\LEFT_TURN.o
 .debug_frame   0x0000015c       0x2c .\CortexM3\ARM_GCC_541\Debug\RIGHT_TURN.o
 .debug_frame   0x00000188       0x2c .\CortexM3\ARM_GCC_541\Debug\DRIFTED_LEFT.o
 .debug_frame   0x000001b4       0x2c .\CortexM3\ARM_GCC_541\Debug\DRIFTED_RIGHT.o
 .debug_frame   0x000001e0       0x60 .\CortexM3\ARM_GCC_541\Debug\SENSORS_READ.o
 .debug_frame   0x00000240       0x2c .\CortexM3\ARM_GCC_541\Debug\STRAIGHT.o
 .debug_frame   0x0000026c       0x2c .\CortexM3\ARM_GCC_541\Debug\STOP.o
 .debug_frame   0x00000298       0x60 .\CortexM3\ARM_GCC_541\Debug\MOVEMENT.o
 .debug_frame   0x000002f8       0xb8 .\CortexM3\ARM_GCC_541\Debug\manoeuvre.o
 .debug_frame   0x000003b0      0x16c .\CortexM3\ARM_GCC_541\Debug\cyfitter_cfg.o
 .debug_frame   0x0000051c       0xd8 .\CortexM3\ARM_GCC_541\Debug\Cm3Start.o
 .debug_frame   0x000005f4      0x208 .\CortexM3\ARM_GCC_541\Debug\CS301_Class.a(Timer_TS.o)
 .debug_frame   0x000007fc      0x37c .\CortexM3\ARM_GCC_541\Debug\CS301_Class.a(USBUART.o)
 .debug_frame   0x00000b78      0x3ec .\CortexM3\ARM_GCC_541\Debug\CS301_Class.a(USBUART_cdc.o)
 .debug_frame   0x00000f64      0x23c .\CortexM3\ARM_GCC_541\Debug\CS301_Class.a(USBUART_drv.o)
 .debug_frame   0x000011a0       0xbc .\CortexM3\ARM_GCC_541\Debug\CS301_Class.a(USBUART_episr.o)
 .debug_frame   0x0000125c       0xbc .\CortexM3\ARM_GCC_541\Debug\CS301_Class.a(USBUART_pm.o)
 .debug_frame   0x00001318      0x224 .\CortexM3\ARM_GCC_541\Debug\CS301_Class.a(USBUART_std.o)
 .debug_frame   0x0000153c       0x38 .\CortexM3\ARM_GCC_541\Debug\CS301_Class.a(USBUART_vnd.o)
 .debug_frame   0x00001574       0xf4 .\CortexM3\ARM_GCC_541\Debug\CS301_Class.a(USBUART_Dp.o)
 .debug_frame   0x00001668      0xc0c .\CortexM3\ARM_GCC_541\Debug\CS301_Class.a(CyLib.o)
 .debug_frame   0x00002274      0x234 .\CortexM3\ARM_GCC_541\Debug\CS301_Class.a(cyPm.o)
 .debug_frame   0x000024a8      0x1d0 .\CortexM3\ARM_GCC_541\Debug\CS301_Class.a(PWM_1.o)
 .debug_frame   0x00002678      0x1d0 .\CortexM3\ARM_GCC_541\Debug\CS301_Class.a(PWM_2.o)
 .debug_frame   0x00002848      0x160 .\CortexM3\ARM_GCC_541\Debug\CS301_Class.a(QuadDec_M1.o)
 .debug_frame   0x000029a8      0x160 .\CortexM3\ARM_GCC_541\Debug\CS301_Class.a(QuadDec_M2.o)
 .debug_frame   0x00002b08      0x258 .\CortexM3\ARM_GCC_541\Debug\CS301_Class.a(QuadDec_M1_Cnt16.o)
 .debug_frame   0x00002d60      0x258 .\CortexM3\ARM_GCC_541\Debug\CS301_Class.a(QuadDec_M2_Cnt16.o)
 .debug_frame   0x00002fb8      0x1e8 .\CortexM3\ARM_GCC_541\Debug\CS301_Class.a(isr_1.o)
 .debug_frame   0x000031a0       0xa8 .\CortexM3\ARM_GCC_541\Debug\CS301_Class.a(Output_1.o)
 .debug_frame   0x00003248       0xa8 .\CortexM3\ARM_GCC_541\Debug\CS301_Class.a(Output_2.o)
 .debug_frame   0x000032f0       0xa8 .\CortexM3\ARM_GCC_541\Debug\CS301_Class.a(Output_3.o)
 .debug_frame   0x00003398       0xa8 .\CortexM3\ARM_GCC_541\Debug\CS301_Class.a(Output_4.o)
 .debug_frame   0x00003440       0xa8 .\CortexM3\ARM_GCC_541\Debug\CS301_Class.a(Output_5.o)
 .debug_frame   0x000034e8       0xa8 .\CortexM3\ARM_GCC_541\Debug\CS301_Class.a(Output_6.o)
 .debug_frame   0x00003590      0x1e8 .\CortexM3\ARM_GCC_541\Debug\CS301_Class.a(mid_right.o)
 .debug_frame   0x00003778      0x1e8 .\CortexM3\ARM_GCC_541\Debug\CS301_Class.a(mid_left.o)
 .debug_frame   0x00003960      0x1e8 .\CortexM3\ARM_GCC_541\Debug\CS301_Class.a(front_right.o)
 .debug_frame   0x00003b48      0x1e8 .\CortexM3\ARM_GCC_541\Debug\CS301_Class.a(front_left.o)
 .debug_frame   0x00003d30       0x38 .\CortexM3\ARM_GCC_541\Debug\CS301_Class.a(USBUART_cls.o)
 .debug_frame   0x00003d68      0x238 .\CortexM3\ARM_GCC_541\Debug\CS301_Class.a(CyFlash.o)
 .debug_frame   0x00003fa0      0x228 .\CortexM3\ARM_GCC_541\Debug\CS301_Class.a(CySpc.o)
 .debug_frame   0x000041c8       0x20 c:/program files (x86)/cypress/psoc creator/4.2/psoc creator/import/gnu/arm/5.4.1/bin/../lib/gcc/arm-none-eabi/5.4.1/../../../../arm-none-eabi/lib/armv7-m\libg_nano.a(lib_a-errno.o)
 .debug_frame   0x000041e8       0x28 c:/program files (x86)/cypress/psoc creator/4.2/psoc creator/import/gnu/arm/5.4.1/bin/../lib/gcc/arm-none-eabi/5.4.1/../../../../arm-none-eabi/lib/armv7-m\libg_nano.a(lib_a-exit.o)
 .debug_frame   0x00004210       0x2c c:/program files (x86)/cypress/psoc creator/4.2/psoc creator/import/gnu/arm/5.4.1/bin/../lib/gcc/arm-none-eabi/5.4.1/../../../../arm-none-eabi/lib/armv7-m\libg_nano.a(lib_a-init.o)
 .debug_frame   0x0000423c       0x28 c:/program files (x86)/cypress/psoc creator/4.2/psoc creator/import/gnu/arm/5.4.1/bin/../lib/gcc/arm-none-eabi/5.4.1/../../../../arm-none-eabi/lib/armv7-m\libg_nano.a(lib_a-memcpy-stub.o)
 .debug_frame   0x00004264       0x20 c:/program files (x86)/cypress/psoc creator/4.2/psoc creator/import/gnu/arm/5.4.1/bin/../lib/gcc/arm-none-eabi/5.4.1/../../../../arm-none-eabi/lib/armv7-m\libg_nano.a(lib_a-memset.o)
 .debug_frame   0x00004284       0x20 c:/program files (x86)/cypress/psoc creator/4.2/psoc creator/import/gnu/arm/5.4.1/bin/../lib/gcc/arm-none-eabi/5.4.1/../../../../arm-none-eabi/lib/armv7-m\libg_nano.a(lib_a-strcpy.o)

.debug_str      0x00000000     0x3b80
 *(.debug_str)
 .debug_str     0x00000000      0x41e .\CortexM3\ARM_GCC_541\Debug\main.o
                                0x4a3 (size before relaxing)
 .debug_str     0x0000041e       0x37 .\CortexM3\ARM_GCC_541\Debug\tacho.o
                                0x1dc (size before relaxing)
 .debug_str     0x00000455       0x16 .\CortexM3\ARM_GCC_541\Debug\LEFT_TURN.o
                                0x1b5 (size before relaxing)
 .debug_str     0x0000046b       0x18 .\CortexM3\ARM_GCC_541\Debug\RIGHT_TURN.o
                                0x1b7 (size before relaxing)
 .debug_str     0x00000483       0x1b .\CortexM3\ARM_GCC_541\Debug\DRIFTED_LEFT.o
                                0x1ba (size before relaxing)
 .debug_str     0x0000049e       0x1b .\CortexM3\ARM_GCC_541\Debug\DRIFTED_RIGHT.o
                                0x1ba (size before relaxing)
 .debug_str     0x000004b9       0x18 .\CortexM3\ARM_GCC_541\Debug\INTERSECTION_DETECTED.o
                                 0xed (size before relaxing)
 .debug_str     0x000004d1       0xef .\CortexM3\ARM_GCC_541\Debug\SENSORS_READ.o
                                0x2af (size before relaxing)
 .debug_str     0x000005c0       0x19 .\CortexM3\ARM_GCC_541\Debug\STRAIGHT.o
                                0x1b8 (size before relaxing)
 .debug_str     0x000005d9       0x13 .\CortexM3\ARM_GCC_541\Debug\STOP.o
                                0x1b2 (size before relaxing)
 .debug_str     0x000005ec       0x23 .\CortexM3\ARM_GCC_541\Debug\MOVEMENT.o
                                0x22e (size before relaxing)
 .debug_str     0x0000060f       0xa5 .\CortexM3\ARM_GCC_541\Debug\manoeuvre.o
                                0x244 (size before relaxing)
 .debug_str     0x000006b4      0x174 .\CortexM3\ARM_GCC_541\Debug\cyfitter_cfg.o
                                0x30e (size before relaxing)
 .debug_str     0x00000828       0x75 .\CortexM3\ARM_GCC_541\Debug\cymetadata.o
                                0x1e9 (size before relaxing)
 .debug_str     0x0000089d      0x11d .\CortexM3\ARM_GCC_541\Debug\Cm3Start.o
                                0x2dc (size before relaxing)
 .debug_str     0x000009ba      0x192 .\CortexM3\ARM_GCC_541\Debug\CS301_Class.a(Timer_TS.o)
                                0x32a (size before relaxing)
 .debug_str     0x00000b4c      0x434 .\CortexM3\ARM_GCC_541\Debug\CS301_Class.a(USBUART.o)
                                0x5f0 (size before relaxing)
 .debug_str     0x00000f80      0x4d2 .\CortexM3\ARM_GCC_541\Debug\CS301_Class.a(USBUART_cdc.o)
                                0x71f (size before relaxing)
 .debug_str     0x00001452      0x296 .\CortexM3\ARM_GCC_541\Debug\CS301_Class.a(USBUART_drv.o)
                                0x5ff (size before relaxing)
 .debug_str     0x000016e8       0x80 .\CortexM3\ARM_GCC_541\Debug\CS301_Class.a(USBUART_episr.o)
                                0x2cc (size before relaxing)
 .debug_str     0x00001768       0xac .\CortexM3\ARM_GCC_541\Debug\CS301_Class.a(USBUART_pm.o)
                                0x270 (size before relaxing)
 .debug_str     0x00001814      0x2bb .\CortexM3\ARM_GCC_541\Debug\CS301_Class.a(USBUART_std.o)
                                0x75f (size before relaxing)
 .debug_str     0x00001acf       0x5f .\CortexM3\ARM_GCC_541\Debug\CS301_Class.a(USBUART_vnd.o)
                                0x27c (size before relaxing)
 .debug_str     0x00001b2e       0xb5 .\CortexM3\ARM_GCC_541\Debug\CS301_Class.a(USBUART_Dp.o)
                                0x246 (size before relaxing)
 .debug_str     0x00001be3      0x7e9 .\CortexM3\ARM_GCC_541\Debug\CS301_Class.a(CyLib.o)
                                0x9ef (size before relaxing)
 .debug_str     0x000023cc      0x371 .\CortexM3\ARM_GCC_541\Debug\CS301_Class.a(cyPm.o)
                                0x548 (size before relaxing)
 .debug_str     0x0000273d      0x116 .\CortexM3\ARM_GCC_541\Debug\CS301_Class.a(PWM_1.o)
                                0x2d2 (size before relaxing)
 .debug_str     0x00002853      0x109 .\CortexM3\ARM_GCC_541\Debug\CS301_Class.a(PWM_2.o)
                                0x2d2 (size before relaxing)
 .debug_str     0x0000295c       0xfa .\CortexM3\ARM_GCC_541\Debug\CS301_Class.a(QuadDec_M1.o)
                                0x2ba (size before relaxing)
 .debug_str     0x00002a56       0xf3 .\CortexM3\ARM_GCC_541\Debug\CS301_Class.a(QuadDec_M2.o)
                                0x2ba (size before relaxing)
 .debug_str     0x00002b49      0x245 .\CortexM3\ARM_GCC_541\Debug\CS301_Class.a(QuadDec_M1_Cnt16.o)
                                0x401 (size before relaxing)
 .debug_str     0x00002d8e      0x236 .\CortexM3\ARM_GCC_541\Debug\CS301_Class.a(QuadDec_M2_Cnt16.o)
                                0x401 (size before relaxing)
 .debug_str     0x00002fc4       0xe6 .\CortexM3\ARM_GCC_541\Debug\CS301_Class.a(isr_1.o)
                                0x2ab (size before relaxing)
 .debug_str     0x000030aa       0x6a .\CortexM3\ARM_GCC_541\Debug\CS301_Class.a(Output_1.o)
                                0x1f6 (size before relaxing)
 .debug_str     0x00003114       0x6a .\CortexM3\ARM_GCC_541\Debug\CS301_Class.a(Output_2.o)
                                0x1f6 (size before relaxing)
 .debug_str     0x0000317e       0x6a .\CortexM3\ARM_GCC_541\Debug\CS301_Class.a(Output_3.o)
                                0x1f6 (size before relaxing)
 .debug_str     0x000031e8       0x6a .\CortexM3\ARM_GCC_541\Debug\CS301_Class.a(Output_4.o)
                                0x1f6 (size before relaxing)
 .debug_str     0x00003252       0x6a .\CortexM3\ARM_GCC_541\Debug\CS301_Class.a(Output_5.o)
                                0x1f6 (size before relaxing)
 .debug_str     0x000032bc       0x6a .\CortexM3\ARM_GCC_541\Debug\CS301_Class.a(Output_6.o)
                                0x1f6 (size before relaxing)
 .debug_str     0x00003326      0x11e .\CortexM3\ARM_GCC_541\Debug\CS301_Class.a(mid_right.o)
                                0x38d (size before relaxing)
 .debug_str     0x00003444      0x110 .\CortexM3\ARM_GCC_541\Debug\CS301_Class.a(mid_left.o)
                                0x37f (size before relaxing)
 .debug_str     0x00003554      0x13a .\CortexM3\ARM_GCC_541\Debug\CS301_Class.a(front_right.o)
                                0x3a9 (size before relaxing)
 .debug_str     0x0000368e      0x12c .\CortexM3\ARM_GCC_541\Debug\CS301_Class.a(front_left.o)
                                0x310 (size before relaxing)
 .debug_str     0x000037ba       0x3f .\CortexM3\ARM_GCC_541\Debug\CS301_Class.a(USBUART_cls.o)
                                0x294 (size before relaxing)
 .debug_str     0x000037f9      0x104 .\CortexM3\ARM_GCC_541\Debug\CS301_Class.a(USBUART_descr.o)
                                0x397 (size before relaxing)
 .debug_str     0x000038fd      0x156 .\CortexM3\ARM_GCC_541\Debug\CS301_Class.a(CyFlash.o)
                                0x30c (size before relaxing)
 .debug_str     0x00003a53      0x12d .\CortexM3\ARM_GCC_541\Debug\CS301_Class.a(CySpc.o)
                                0x306 (size before relaxing)

.debug_loc
 *(.debug_loc)

.debug_macinfo
 *(.debug_macinfo)

.debug_ranges   0x00000000      0xef0
 *(.debug_ranges)
 .debug_ranges  0x00000000       0x30 .\CortexM3\ARM_GCC_541\Debug\main.o
 .debug_ranges  0x00000030       0x18 .\CortexM3\ARM_GCC_541\Debug\tacho.o
 .debug_ranges  0x00000048       0x10 .\CortexM3\ARM_GCC_541\Debug\LEFT_TURN.o
 .debug_ranges  0x00000058       0x10 .\CortexM3\ARM_GCC_541\Debug\RIGHT_TURN.o
 .debug_ranges  0x00000068       0x10 .\CortexM3\ARM_GCC_541\Debug\DRIFTED_LEFT.o
 .debug_ranges  0x00000078       0x10 .\CortexM3\ARM_GCC_541\Debug\DRIFTED_RIGHT.o
 .debug_ranges  0x00000088       0x18 .\CortexM3\ARM_GCC_541\Debug\SENSORS_READ.o
 .debug_ranges  0x000000a0       0x10 .\CortexM3\ARM_GCC_541\Debug\STRAIGHT.o
 .debug_ranges  0x000000b0       0x10 .\CortexM3\ARM_GCC_541\Debug\STOP.o
 .debug_ranges  0x000000c0       0x18 .\CortexM3\ARM_GCC_541\Debug\MOVEMENT.o
 .debug_ranges  0x000000d8       0x38 .\CortexM3\ARM_GCC_541\Debug\manoeuvre.o
 .debug_ranges  0x00000110       0x50 .\CortexM3\ARM_GCC_541\Debug\cyfitter_cfg.o
 .debug_ranges  0x00000160       0x38 .\CortexM3\ARM_GCC_541\Debug\Cm3Start.o
 .debug_ranges  0x00000198       0x78 .\CortexM3\ARM_GCC_541\Debug\CS301_Class.a(Timer_TS.o)
 .debug_ranges  0x00000210       0xb8 .\CortexM3\ARM_GCC_541\Debug\CS301_Class.a(USBUART.o)
 .debug_ranges  0x000002c8       0xd8 .\CortexM3\ARM_GCC_541\Debug\CS301_Class.a(USBUART_cdc.o)
 .debug_ranges  0x000003a0       0x88 .\CortexM3\ARM_GCC_541\Debug\CS301_Class.a(USBUART_drv.o)
 .debug_ranges  0x00000428       0x30 .\CortexM3\ARM_GCC_541\Debug\CS301_Class.a(USBUART_episr.o)
 .debug_ranges  0x00000458       0x30 .\CortexM3\ARM_GCC_541\Debug\CS301_Class.a(USBUART_pm.o)
 .debug_ranges  0x00000488       0x70 .\CortexM3\ARM_GCC_541\Debug\CS301_Class.a(USBUART_std.o)
 .debug_ranges  0x000004f8       0x10 .\CortexM3\ARM_GCC_541\Debug\CS301_Class.a(USBUART_vnd.o)
 .debug_ranges  0x00000508       0x38 .\CortexM3\ARM_GCC_541\Debug\CS301_Class.a(USBUART_Dp.o)
 .debug_ranges  0x00000540      0x290 .\CortexM3\ARM_GCC_541\Debug\CS301_Class.a(CyLib.o)
 .debug_ranges  0x000007d0       0x88 .\CortexM3\ARM_GCC_541\Debug\CS301_Class.a(cyPm.o)
 .debug_ranges  0x00000858       0x68 .\CortexM3\ARM_GCC_541\Debug\CS301_Class.a(PWM_1.o)
 .debug_ranges  0x000008c0       0x68 .\CortexM3\ARM_GCC_541\Debug\CS301_Class.a(PWM_2.o)
 .debug_ranges  0x00000928       0x50 .\CortexM3\ARM_GCC_541\Debug\CS301_Class.a(QuadDec_M1.o)
 .debug_ranges  0x00000978       0x50 .\CortexM3\ARM_GCC_541\Debug\CS301_Class.a(QuadDec_M2.o)
 .debug_ranges  0x000009c8       0x88 .\CortexM3\ARM_GCC_541\Debug\CS301_Class.a(QuadDec_M1_Cnt16.o)
 .debug_ranges  0x00000a50       0x88 .\CortexM3\ARM_GCC_541\Debug\CS301_Class.a(QuadDec_M2_Cnt16.o)
 .debug_ranges  0x00000ad8       0x70 .\CortexM3\ARM_GCC_541\Debug\CS301_Class.a(isr_1.o)
 .debug_ranges  0x00000b48       0x28 .\CortexM3\ARM_GCC_541\Debug\CS301_Class.a(Output_1.o)
 .debug_ranges  0x00000b70       0x28 .\CortexM3\ARM_GCC_541\Debug\CS301_Class.a(Output_2.o)
 .debug_ranges  0x00000b98       0x28 .\CortexM3\ARM_GCC_541\Debug\CS301_Class.a(Output_3.o)
 .debug_ranges  0x00000bc0       0x28 .\CortexM3\ARM_GCC_541\Debug\CS301_Class.a(Output_4.o)
 .debug_ranges  0x00000be8       0x28 .\CortexM3\ARM_GCC_541\Debug\CS301_Class.a(Output_5.o)
 .debug_ranges  0x00000c10       0x28 .\CortexM3\ARM_GCC_541\Debug\CS301_Class.a(Output_6.o)
 .debug_ranges  0x00000c38       0x70 .\CortexM3\ARM_GCC_541\Debug\CS301_Class.a(mid_right.o)
 .debug_ranges  0x00000ca8       0x70 .\CortexM3\ARM_GCC_541\Debug\CS301_Class.a(mid_left.o)
 .debug_ranges  0x00000d18       0x70 .\CortexM3\ARM_GCC_541\Debug\CS301_Class.a(front_right.o)
 .debug_ranges  0x00000d88       0x70 .\CortexM3\ARM_GCC_541\Debug\CS301_Class.a(front_left.o)
 .debug_ranges  0x00000df8       0x10 .\CortexM3\ARM_GCC_541\Debug\CS301_Class.a(USBUART_cls.o)
 .debug_ranges  0x00000e08       0x78 .\CortexM3\ARM_GCC_541\Debug\CS301_Class.a(CyFlash.o)
 .debug_ranges  0x00000e80       0x70 .\CortexM3\ARM_GCC_541\Debug\CS301_Class.a(CySpc.o)

.comment        0x00000000       0x6e
 .comment       0x00000000       0x6e .\CortexM3\ARM_GCC_541\Debug\main.o
                                 0x6f (size before relaxing)
 .comment       0x0000006e       0x6f .\CortexM3\ARM_GCC_541\Debug\tacho.o
 .comment       0x0000006e       0x6f .\CortexM3\ARM_GCC_541\Debug\LEFT_TURN.o
 .comment       0x0000006e       0x6f .\CortexM3\ARM_GCC_541\Debug\RIGHT_TURN.o
 .comment       0x0000006e       0x6f .\CortexM3\ARM_GCC_541\Debug\DRIFTED_LEFT.o
 .comment       0x0000006e       0x6f .\CortexM3\ARM_GCC_541\Debug\DRIFTED_RIGHT.o
 .comment       0x0000006e       0x6f .\CortexM3\ARM_GCC_541\Debug\INTERSECTION_DETECTED.o
 .comment       0x0000006e       0x6f .\CortexM3\ARM_GCC_541\Debug\SENSORS_READ.o
 .comment       0x0000006e       0x6f .\CortexM3\ARM_GCC_541\Debug\STRAIGHT.o
 .comment       0x0000006e       0x6f .\CortexM3\ARM_GCC_541\Debug\STOP.o
 .comment       0x0000006e       0x6f .\CortexM3\ARM_GCC_541\Debug\MOVEMENT.o
 .comment       0x0000006e       0x6f .\CortexM3\ARM_GCC_541\Debug\manoeuvre.o
 .comment       0x0000006e       0x6f .\CortexM3\ARM_GCC_541\Debug\cyfitter_cfg.o
 .comment       0x0000006e       0x6f .\CortexM3\ARM_GCC_541\Debug\cymetadata.o
 .comment       0x0000006e       0x6f .\CortexM3\ARM_GCC_541\Debug\Cm3Start.o
 .comment       0x0000006e       0x6f .\CortexM3\ARM_GCC_541\Debug\CS301_Class.a(Timer_TS.o)
 .comment       0x0000006e       0x6f .\CortexM3\ARM_GCC_541\Debug\CS301_Class.a(USBUART.o)
 .comment       0x0000006e       0x6f .\CortexM3\ARM_GCC_541\Debug\CS301_Class.a(USBUART_cdc.o)
 .comment       0x0000006e       0x6f .\CortexM3\ARM_GCC_541\Debug\CS301_Class.a(USBUART_drv.o)
 .comment       0x0000006e       0x6f .\CortexM3\ARM_GCC_541\Debug\CS301_Class.a(USBUART_episr.o)
 .comment       0x0000006e       0x6f .\CortexM3\ARM_GCC_541\Debug\CS301_Class.a(USBUART_pm.o)
 .comment       0x0000006e       0x6f .\CortexM3\ARM_GCC_541\Debug\CS301_Class.a(USBUART_std.o)
 .comment       0x0000006e       0x6f .\CortexM3\ARM_GCC_541\Debug\CS301_Class.a(USBUART_vnd.o)
 .comment       0x0000006e       0x6f .\CortexM3\ARM_GCC_541\Debug\CS301_Class.a(USBUART_Dp.o)
 .comment       0x0000006e       0x6f .\CortexM3\ARM_GCC_541\Debug\CS301_Class.a(CyLib.o)
 .comment       0x0000006e       0x6f .\CortexM3\ARM_GCC_541\Debug\CS301_Class.a(cyPm.o)
 .comment       0x0000006e       0x6f .\CortexM3\ARM_GCC_541\Debug\CS301_Class.a(PWM_1.o)
 .comment       0x0000006e       0x6f .\CortexM3\ARM_GCC_541\Debug\CS301_Class.a(PWM_2.o)
 .comment       0x0000006e       0x6f .\CortexM3\ARM_GCC_541\Debug\CS301_Class.a(QuadDec_M1.o)
 .comment       0x0000006e       0x6f .\CortexM3\ARM_GCC_541\Debug\CS301_Class.a(QuadDec_M2.o)
 .comment       0x0000006e       0x6f .\CortexM3\ARM_GCC_541\Debug\CS301_Class.a(QuadDec_M1_Cnt16.o)
 .comment       0x0000006e       0x6f .\CortexM3\ARM_GCC_541\Debug\CS301_Class.a(QuadDec_M2_Cnt16.o)
 .comment       0x0000006e       0x6f .\CortexM3\ARM_GCC_541\Debug\CS301_Class.a(isr_1.o)
 .comment       0x0000006e       0x6f .\CortexM3\ARM_GCC_541\Debug\CS301_Class.a(Output_1.o)
 .comment       0x0000006e       0x6f .\CortexM3\ARM_GCC_541\Debug\CS301_Class.a(Output_2.o)
 .comment       0x0000006e       0x6f .\CortexM3\ARM_GCC_541\Debug\CS301_Class.a(Output_3.o)
 .comment       0x0000006e       0x6f .\CortexM3\ARM_GCC_541\Debug\CS301_Class.a(Output_4.o)
 .comment       0x0000006e       0x6f .\CortexM3\ARM_GCC_541\Debug\CS301_Class.a(Output_5.o)
 .comment       0x0000006e       0x6f .\CortexM3\ARM_GCC_541\Debug\CS301_Class.a(Output_6.o)
 .comment       0x0000006e       0x6f .\CortexM3\ARM_GCC_541\Debug\CS301_Class.a(mid_right.o)
 .comment       0x0000006e       0x6f .\CortexM3\ARM_GCC_541\Debug\CS301_Class.a(mid_left.o)
 .comment       0x0000006e       0x6f .\CortexM3\ARM_GCC_541\Debug\CS301_Class.a(front_right.o)
 .comment       0x0000006e       0x6f .\CortexM3\ARM_GCC_541\Debug\CS301_Class.a(front_left.o)
 .comment       0x0000006e       0x6f .\CortexM3\ARM_GCC_541\Debug\CS301_Class.a(USBUART_cls.o)
 .comment       0x0000006e       0x6f .\CortexM3\ARM_GCC_541\Debug\CS301_Class.a(USBUART_descr.o)
 .comment       0x0000006e       0x6f .\CortexM3\ARM_GCC_541\Debug\CS301_Class.a(CyFlash.o)
 .comment       0x0000006e       0x6f .\CortexM3\ARM_GCC_541\Debug\CS301_Class.a(CySpc.o)

.debug_weaknames
 *(.debug_weaknames)

.debug_funcnames
 *(.debug_funcnames)

.debug_typenames
 *(.debug_typenames)

.debug_varnames
 *(.debug_varnames)

.note.gnu.arm.ident
 *(.note.gnu.arm.ident)

.ARM.attributes
                0x00000000       0x29
 *(.ARM.attributes)
 .ARM.attributes
                0x00000000       0x1d c:/program files (x86)/cypress/psoc creator/4.2/psoc creator/import/gnu/arm/5.4.1/bin/../lib/gcc/arm-none-eabi/5.4.1/armv7-m/crti.o
 .ARM.attributes
                0x0000001d       0x2d c:/program files (x86)/cypress/psoc creator/4.2/psoc creator/import/gnu/arm/5.4.1/bin/../lib/gcc/arm-none-eabi/5.4.1/armv7-m/crtbegin.o
 .ARM.attributes
                0x0000004a       0x1b c:/program files (x86)/cypress/psoc creator/4.2/psoc creator/import/gnu/arm/5.4.1/bin/../lib/gcc/arm-none-eabi/5.4.1/../../../../arm-none-eabi/lib/armv7-m/crt0.o
 .ARM.attributes
                0x00000065       0x33 .\CortexM3\ARM_GCC_541\Debug\main.o
 .ARM.attributes
                0x00000098       0x33 .\CortexM3\ARM_GCC_541\Debug\tacho.o
 .ARM.attributes
                0x000000cb       0x33 .\CortexM3\ARM_GCC_541\Debug\LEFT_TURN.o
 .ARM.attributes
                0x000000fe       0x33 .\CortexM3\ARM_GCC_541\Debug\RIGHT_TURN.o
 .ARM.attributes
                0x00000131       0x33 .\CortexM3\ARM_GCC_541\Debug\DRIFTED_LEFT.o
 .ARM.attributes
                0x00000164       0x33 .\CortexM3\ARM_GCC_541\Debug\DRIFTED_RIGHT.o
 .ARM.attributes
                0x00000197       0x33 .\CortexM3\ARM_GCC_541\Debug\INTERSECTION_DETECTED.o
 .ARM.attributes
                0x000001ca       0x33 .\CortexM3\ARM_GCC_541\Debug\SENSORS_READ.o
 .ARM.attributes
                0x000001fd       0x33 .\CortexM3\ARM_GCC_541\Debug\STRAIGHT.o
 .ARM.attributes
                0x00000230       0x33 .\CortexM3\ARM_GCC_541\Debug\STOP.o
 .ARM.attributes
                0x00000263       0x33 .\CortexM3\ARM_GCC_541\Debug\MOVEMENT.o
 .ARM.attributes
                0x00000296       0x33 .\CortexM3\ARM_GCC_541\Debug\manoeuvre.o
 .ARM.attributes
                0x000002c9       0x33 .\CortexM3\ARM_GCC_541\Debug\cyfitter_cfg.o
 .ARM.attributes
                0x000002fc       0x33 .\CortexM3\ARM_GCC_541\Debug\cymetadata.o
 .ARM.attributes
                0x0000032f       0x33 .\CortexM3\ARM_GCC_541\Debug\Cm3Start.o
 .ARM.attributes
                0x00000362       0x33 .\CortexM3\ARM_GCC_541\Debug\CS301_Class.a(Timer_TS.o)
 .ARM.attributes
                0x00000395       0x33 .\CortexM3\ARM_GCC_541\Debug\CS301_Class.a(USBUART.o)
 .ARM.attributes
                0x000003c8       0x33 .\CortexM3\ARM_GCC_541\Debug\CS301_Class.a(USBUART_cdc.o)
 .ARM.attributes
                0x000003fb       0x33 .\CortexM3\ARM_GCC_541\Debug\CS301_Class.a(USBUART_drv.o)
 .ARM.attributes
                0x0000042e       0x33 .\CortexM3\ARM_GCC_541\Debug\CS301_Class.a(USBUART_episr.o)
 .ARM.attributes
                0x00000461       0x33 .\CortexM3\ARM_GCC_541\Debug\CS301_Class.a(USBUART_pm.o)
 .ARM.attributes
                0x00000494       0x33 .\CortexM3\ARM_GCC_541\Debug\CS301_Class.a(USBUART_std.o)
 .ARM.attributes
                0x000004c7       0x33 .\CortexM3\ARM_GCC_541\Debug\CS301_Class.a(USBUART_vnd.o)
 .ARM.attributes
                0x000004fa       0x33 .\CortexM3\ARM_GCC_541\Debug\CS301_Class.a(USBUART_Dp.o)
 .ARM.attributes
                0x0000052d       0x33 .\CortexM3\ARM_GCC_541\Debug\CS301_Class.a(CyLib.o)
 .ARM.attributes
                0x00000560       0x33 .\CortexM3\ARM_GCC_541\Debug\CS301_Class.a(cyPm.o)
 .ARM.attributes
                0x00000593       0x33 .\CortexM3\ARM_GCC_541\Debug\CS301_Class.a(PWM_1.o)
 .ARM.attributes
                0x000005c6       0x33 .\CortexM3\ARM_GCC_541\Debug\CS301_Class.a(PWM_2.o)
 .ARM.attributes
                0x000005f9       0x33 .\CortexM3\ARM_GCC_541\Debug\CS301_Class.a(QuadDec_M1.o)
 .ARM.attributes
                0x0000062c       0x33 .\CortexM3\ARM_GCC_541\Debug\CS301_Class.a(QuadDec_M2.o)
 .ARM.attributes
                0x0000065f       0x33 .\CortexM3\ARM_GCC_541\Debug\CS301_Class.a(QuadDec_M1_Cnt16.o)
 .ARM.attributes
                0x00000692       0x33 .\CortexM3\ARM_GCC_541\Debug\CS301_Class.a(QuadDec_M2_Cnt16.o)
 .ARM.attributes
                0x000006c5       0x33 .\CortexM3\ARM_GCC_541\Debug\CS301_Class.a(isr_1.o)
 .ARM.attributes
                0x000006f8       0x33 .\CortexM3\ARM_GCC_541\Debug\CS301_Class.a(Output_1.o)
 .ARM.attributes
                0x0000072b       0x33 .\CortexM3\ARM_GCC_541\Debug\CS301_Class.a(Output_2.o)
 .ARM.attributes
                0x0000075e       0x33 .\CortexM3\ARM_GCC_541\Debug\CS301_Class.a(Output_3.o)
 .ARM.attributes
                0x00000791       0x33 .\CortexM3\ARM_GCC_541\Debug\CS301_Class.a(Output_4.o)
 .ARM.attributes
                0x000007c4       0x33 .\CortexM3\ARM_GCC_541\Debug\CS301_Class.a(Output_5.o)
 .ARM.attributes
                0x000007f7       0x33 .\CortexM3\ARM_GCC_541\Debug\CS301_Class.a(Output_6.o)
 .ARM.attributes
                0x0000082a       0x33 .\CortexM3\ARM_GCC_541\Debug\CS301_Class.a(mid_right.o)
 .ARM.attributes
                0x0000085d       0x33 .\CortexM3\ARM_GCC_541\Debug\CS301_Class.a(mid_left.o)
 .ARM.attributes
                0x00000890       0x33 .\CortexM3\ARM_GCC_541\Debug\CS301_Class.a(front_right.o)
 .ARM.attributes
                0x000008c3       0x33 .\CortexM3\ARM_GCC_541\Debug\CS301_Class.a(front_left.o)
 .ARM.attributes
                0x000008f6       0x21 .\CortexM3\ARM_GCC_541\Debug\CS301_Class.a(CyBootAsmGnu.o)
 .ARM.attributes
                0x00000917       0x33 .\CortexM3\ARM_GCC_541\Debug\CS301_Class.a(USBUART_cls.o)
 .ARM.attributes
                0x0000094a       0x33 .\CortexM3\ARM_GCC_541\Debug\CS301_Class.a(USBUART_descr.o)
 .ARM.attributes
                0x0000097d       0x33 .\CortexM3\ARM_GCC_541\Debug\CS301_Class.a(CyFlash.o)
 .ARM.attributes