ARM GAS  C:\Users\dpat391\AppData\Local\Temp\ccKIwyrV.s 			page 1


   1              		.syntax unified
   2              		.cpu cortex-m3
   3              		.fpu softvfp
   4              		.eabi_attribute 20, 1
   5              		.eabi_attribute 21, 1
   6              		.eabi_attribute 23, 3
   7              		.eabi_attribute 24, 1
   8              		.eabi_attribute 25, 1
   9              		.eabi_attribute 26, 1
  10              		.eabi_attribute 30, 6
  11              		.eabi_attribute 34, 1
  12              		.eabi_attribute 18, 4
  13              		.thumb
  14              		.syntax unified
  15              		.file	"SENSORS_READ.c"
  16              		.text
  17              	.Ltext0:
  18              		.cfi_sections	.debug_frame
  19              		.comm	sensorValues,1,1
  20              		.comm	previous_movement,1,1
  21              		.comm	current_movement,1,1
  22              		.bss
  23              	turn_cooldown:
  24 0000 00       		.space	1
  25              		.section	.text.GetMovement,"ax",%progbits
  26              		.align	2
  27              		.global	GetMovement
  28              		.thumb
  29              		.thumb_func
  30              		.type	GetMovement, %function
  31              	GetMovement:
  32              	.LFB64:
  33              		.file 1 "SENSORS_READ.c"
   1:SENSORS_READ.c **** #include "SENSORS_READ.h"
   2:SENSORS_READ.c **** 
   3:SENSORS_READ.c **** uint8 sensorValues;
   4:SENSORS_READ.c **** MovementState previous_movement;
   5:SENSORS_READ.c **** MovementState current_movement;
   6:SENSORS_READ.c **** static uint8 turn_cooldown = 0;
   7:SENSORS_READ.c **** 
   8:SENSORS_READ.c **** MovementState GetMovement(void)
   9:SENSORS_READ.c **** {
  34              		.loc 1 9 0
  35              		.cfi_startproc
  36              		@ args = 0, pretend = 0, frame = 8
  37              		@ frame_needed = 1, uses_anonymous_args = 0
  38 0000 80B5     		push	{r7, lr}
  39              		.cfi_def_cfa_offset 8
  40              		.cfi_offset 7, -8
  41              		.cfi_offset 14, -4
  42 0002 82B0     		sub	sp, sp, #8
  43              		.cfi_def_cfa_offset 16
  44 0004 00AF     		add	r7, sp, #0
  45              		.cfi_def_cfa_register 7
  10:SENSORS_READ.c ****     uint8 o3 = Output_3_Read(); // right wing
  46              		.loc 1 10 0
  47 0006 FFF7FEFF 		bl	Output_3_Read
ARM GAS  C:\Users\dpat391\AppData\Local\Temp\ccKIwyrV.s 			page 2


  48 000a 0346     		mov	r3, r0
  49 000c FB71     		strb	r3, [r7, #7]
  11:SENSORS_READ.c ****     uint8 o6 = Output_6_Read(); // left wing
  50              		.loc 1 11 0
  51 000e FFF7FEFF 		bl	Output_6_Read
  52 0012 0346     		mov	r3, r0
  53 0014 BB71     		strb	r3, [r7, #6]
  12:SENSORS_READ.c ****     uint8 o4 = Output_4_Read(); // front-right
  54              		.loc 1 12 0
  55 0016 FFF7FEFF 		bl	Output_4_Read
  56 001a 0346     		mov	r3, r0
  57 001c 7B71     		strb	r3, [r7, #5]
  13:SENSORS_READ.c ****     uint8 o5 = Output_5_Read(); // front-left
  58              		.loc 1 13 0
  59 001e FFF7FEFF 		bl	Output_5_Read
  60 0022 0346     		mov	r3, r0
  61 0024 3B71     		strb	r3, [r7, #4]
  14:SENSORS_READ.c ****     
  15:SENSORS_READ.c ****    // static uint8 right_on = 0;
  16:SENSORS_READ.c ****    // static uint8 left_on = 0;
  17:SENSORS_READ.c ****    // static MovementState current_state = STRAIGHT;
  18:SENSORS_READ.c ****     
  19:SENSORS_READ.c ****     // First: clear all LEDs every loop to avoid ghosting
  20:SENSORS_READ.c ****    
  21:SENSORS_READ.c ****     if (turn_cooldown > 0)
  62              		.loc 1 21 0
  63 0026 2A4B     		ldr	r3, .L8
  64 0028 1B78     		ldrb	r3, [r3]	@ zero_extendqisi2
  65 002a 002B     		cmp	r3, #0
  66 002c 05D0     		beq	.L2
  22:SENSORS_READ.c ****         turn_cooldown--;
  67              		.loc 1 22 0
  68 002e 284B     		ldr	r3, .L8
  69 0030 1B78     		ldrb	r3, [r3]	@ zero_extendqisi2
  70 0032 013B     		subs	r3, r3, #1
  71 0034 DAB2     		uxtb	r2, r3
  72 0036 264B     		ldr	r3, .L8
  73 0038 1A70     		strb	r2, [r3]
  74              	.L2:
  23:SENSORS_READ.c ****     
  24:SENSORS_READ.c ****     LED1_Write(0);
  75              		.loc 1 24 0
  76 003a 0020     		movs	r0, #0
  77 003c FFF7FEFF 		bl	LED1_Write
  25:SENSORS_READ.c ****     LED2_Write(0);
  78              		.loc 1 25 0
  79 0040 0020     		movs	r0, #0
  80 0042 FFF7FEFF 		bl	LED2_Write
  26:SENSORS_READ.c ****     LED3_Write(0);
  81              		.loc 1 26 0
  82 0046 0020     		movs	r0, #0
  83 0048 FFF7FEFF 		bl	LED3_Write
  27:SENSORS_READ.c ****     LED4_Write(0);
  84              		.loc 1 27 0
  85 004c 0020     		movs	r0, #0
  86 004e FFF7FEFF 		bl	LED4_Write
  28:SENSORS_READ.c ****     LED5_Write(0);
ARM GAS  C:\Users\dpat391\AppData\Local\Temp\ccKIwyrV.s 			page 3


  87              		.loc 1 28 0
  88 0052 0020     		movs	r0, #0
  89 0054 FFF7FEFF 		bl	LED5_Write
  29:SENSORS_READ.c ****     LED6_Write(0);
  90              		.loc 1 29 0
  91 0058 0020     		movs	r0, #0
  92 005a FFF7FEFF 		bl	LED6_Write
  30:SENSORS_READ.c ****     
  31:SENSORS_READ.c ****     // --- Wing sensors ---
  32:SENSORS_READ.c ****     
  33:SENSORS_READ.c ****     if (turn_cooldown == 0) 
  93              		.loc 1 33 0
  94 005e 1C4B     		ldr	r3, .L8
  95 0060 1B78     		ldrb	r3, [r3]	@ zero_extendqisi2
  96 0062 002B     		cmp	r3, #0
  97 0064 20D1     		bne	.L3
  34:SENSORS_READ.c ****     {
  35:SENSORS_READ.c ****         
  36:SENSORS_READ.c ****     if ((o6 == 0) && (o3 == 0)) {
  98              		.loc 1 36 0
  99 0066 BB79     		ldrb	r3, [r7, #6]	@ zero_extendqisi2
 100 0068 002B     		cmp	r3, #0
 101 006a 07D1     		bne	.L4
 102              		.loc 1 36 0 is_stmt 0 discriminator 1
 103 006c FB79     		ldrb	r3, [r7, #7]	@ zero_extendqisi2
 104 006e 002B     		cmp	r3, #0
 105 0070 04D1     		bne	.L4
  37:SENSORS_READ.c ****         turn_cooldown = 85;
 106              		.loc 1 37 0 is_stmt 1
 107 0072 174B     		ldr	r3, .L8
 108 0074 5522     		movs	r2, #85
 109 0076 1A70     		strb	r2, [r3]
  38:SENSORS_READ.c ****         return RIGHT_TURN;
 110              		.loc 1 38 0
 111 0078 0223     		movs	r3, #2
 112 007a 24E0     		b	.L5
 113              	.L4:
  39:SENSORS_READ.c ****     }
  40:SENSORS_READ.c ****     
  41:SENSORS_READ.c ****     // Left Wing
  42:SENSORS_READ.c ****     if (o6 == 0) {
 114              		.loc 1 42 0
 115 007c BB79     		ldrb	r3, [r7, #6]	@ zero_extendqisi2
 116 007e 002B     		cmp	r3, #0
 117 0080 07D1     		bne	.L6
  43:SENSORS_READ.c ****         LED2_Write(1);
 118              		.loc 1 43 0
 119 0082 0120     		movs	r0, #1
 120 0084 FFF7FEFF 		bl	LED2_Write
  44:SENSORS_READ.c ****         
  45:SENSORS_READ.c ****         /*
  46:SENSORS_READ.c ****         if (left_on < 5) {
  47:SENSORS_READ.c ****             left_on ++;
  48:SENSORS_READ.c ****         } else {
  49:SENSORS_READ.c ****             left_on = 0;
  50:SENSORS_READ.c ****         }
  51:SENSORS_READ.c ****         */
ARM GAS  C:\Users\dpat391\AppData\Local\Temp\ccKIwyrV.s 			page 4


  52:SENSORS_READ.c ****         
  53:SENSORS_READ.c ****         turn_cooldown = 85;
 121              		.loc 1 53 0
 122 0088 114B     		ldr	r3, .L8
 123 008a 5522     		movs	r2, #85
 124 008c 1A70     		strb	r2, [r3]
  54:SENSORS_READ.c ****         return LEFT_TURN;
 125              		.loc 1 54 0
 126 008e 0123     		movs	r3, #1
 127 0090 19E0     		b	.L5
 128              	.L6:
  55:SENSORS_READ.c ****     }
  56:SENSORS_READ.c ****     
  57:SENSORS_READ.c ****     // Right Wing
  58:SENSORS_READ.c ****     if (o3 == 0) {
 129              		.loc 1 58 0
 130 0092 FB79     		ldrb	r3, [r7, #7]	@ zero_extendqisi2
 131 0094 002B     		cmp	r3, #0
 132 0096 07D1     		bne	.L3
  59:SENSORS_READ.c ****         LED4_Write(1); 
 133              		.loc 1 59 0
 134 0098 0120     		movs	r0, #1
 135 009a FFF7FEFF 		bl	LED4_Write
  60:SENSORS_READ.c ****         
  61:SENSORS_READ.c ****         /*
  62:SENSORS_READ.c ****         if (right_on < 5) {
  63:SENSORS_READ.c ****            right_on ++;
  64:SENSORS_READ.c ****         } else {
  65:SENSORS_READ.c ****             right_on = 0;
  66:SENSORS_READ.c ****         }
  67:SENSORS_READ.c ****         */
  68:SENSORS_READ.c ****         turn_cooldown = 85; //25
 136              		.loc 1 68 0
 137 009e 0C4B     		ldr	r3, .L8
 138 00a0 5522     		movs	r2, #85
 139 00a2 1A70     		strb	r2, [r3]
  69:SENSORS_READ.c ****         return RIGHT_TURN;
 140              		.loc 1 69 0
 141 00a4 0223     		movs	r3, #2
 142 00a6 0EE0     		b	.L5
 143              	.L3:
  70:SENSORS_READ.c ****     }
  71:SENSORS_READ.c ****     }
  72:SENSORS_READ.c ****     
  73:SENSORS_READ.c ****    // if (right_on >= 5)
  74:SENSORS_READ.c ****     
  75:SENSORS_READ.c ****     // --- Front sensors ---
  76:SENSORS_READ.c ****     
  77:SENSORS_READ.c ****     // front-left & front right
  78:SENSORS_READ.c ****     if (o5 == 0 && o4 == 0) {
 144              		.loc 1 78 0
 145 00a8 3B79     		ldrb	r3, [r7, #4]	@ zero_extendqisi2
 146 00aa 002B     		cmp	r3, #0
 147 00ac 0AD1     		bne	.L7
 148              		.loc 1 78 0 is_stmt 0 discriminator 1
 149 00ae 7B79     		ldrb	r3, [r7, #5]	@ zero_extendqisi2
 150 00b0 002B     		cmp	r3, #0
ARM GAS  C:\Users\dpat391\AppData\Local\Temp\ccKIwyrV.s 			page 5


 151 00b2 07D1     		bne	.L7
  79:SENSORS_READ.c ****         LED1_Write(1); 
 152              		.loc 1 79 0 is_stmt 1
 153 00b4 0120     		movs	r0, #1
 154 00b6 FFF7FEFF 		bl	LED1_Write
  80:SENSORS_READ.c ****         LED6_Write(1);
 155              		.loc 1 80 0
 156 00ba 0120     		movs	r0, #1
 157 00bc FFF7FEFF 		bl	LED6_Write
  81:SENSORS_READ.c ****         
  82:SENSORS_READ.c ****         return STRAIGHT;
 158              		.loc 1 82 0
 159 00c0 0023     		movs	r3, #0
 160 00c2 00E0     		b	.L5
 161              	.L7:
  83:SENSORS_READ.c ****     }
  84:SENSORS_READ.c ****     
  85:SENSORS_READ.c **** 
  86:SENSORS_READ.c ****     return STRAIGHT;
 162              		.loc 1 86 0
 163 00c4 0023     		movs	r3, #0
 164              	.L5:
  87:SENSORS_READ.c **** }
 165              		.loc 1 87 0
 166 00c6 1846     		mov	r0, r3
 167 00c8 0837     		adds	r7, r7, #8
 168              		.cfi_def_cfa_offset 8
 169 00ca BD46     		mov	sp, r7
 170              		.cfi_def_cfa_register 13
 171              		@ sp needed
 172 00cc 80BD     		pop	{r7, pc}
 173              	.L9:
 174 00ce 00BF     		.align	2
 175              	.L8:
 176 00d0 00000000 		.word	turn_cooldown
 177              		.cfi_endproc
 178              	.LFE64:
 179              		.size	GetMovement, .-GetMovement
 180              		.text
 181              	.Letext0:
 182              		.file 2 "c:\\program files (x86)\\cypress\\psoc creator\\4.2\\psoc creator\\import\\gnu\\arm\\5.4.
 183              		.file 3 "c:\\program files (x86)\\cypress\\psoc creator\\4.2\\psoc creator\\import\\gnu\\arm\\5.4.
 184              		.file 4 "Generated_Source\\PSoC5/cytypes.h"
 185              		.file 5 "SENSORS_READ.h"
 186              		.file 6 "Generated_Source\\PSoC5/core_cm3.h"
 187              		.section	.debug_info,"",%progbits
 188              	.Ldebug_info0:
 189 0000 86010000 		.4byte	0x186
 190 0004 0400     		.2byte	0x4
 191 0006 00000000 		.4byte	.Ldebug_abbrev0
 192 000a 04       		.byte	0x4
 193 000b 01       		.uleb128 0x1
 194 000c 00000000 		.4byte	.LASF28
 195 0010 0C       		.byte	0xc
 196 0011 AA010000 		.4byte	.LASF29
 197 0015 B9010000 		.4byte	.LASF30
 198 0019 00000000 		.4byte	.Ldebug_ranges0+0
ARM GAS  C:\Users\dpat391\AppData\Local\Temp\ccKIwyrV.s 			page 6


 199 001d 00000000 		.4byte	0
 200 0021 00000000 		.4byte	.Ldebug_line0
 201 0025 02       		.uleb128 0x2
 202 0026 01       		.byte	0x1
 203 0027 06       		.byte	0x6
 204 0028 20020000 		.4byte	.LASF0
 205 002c 02       		.uleb128 0x2
 206 002d 01       		.byte	0x1
 207 002e 08       		.byte	0x8
 208 002f B9000000 		.4byte	.LASF1
 209 0033 02       		.uleb128 0x2
 210 0034 02       		.byte	0x2
 211 0035 05       		.byte	0x5
 212 0036 91010000 		.4byte	.LASF2
 213 003a 02       		.uleb128 0x2
 214 003b 02       		.byte	0x2
 215 003c 07       		.byte	0x7
 216 003d F2000000 		.4byte	.LASF3
 217 0041 03       		.uleb128 0x3
 218 0042 8E000000 		.4byte	.LASF9
 219 0046 02       		.byte	0x2
 220 0047 3F       		.byte	0x3f
 221 0048 4C000000 		.4byte	0x4c
 222 004c 02       		.uleb128 0x2
 223 004d 04       		.byte	0x4
 224 004e 05       		.byte	0x5
 225 004f 98000000 		.4byte	.LASF4
 226 0053 02       		.uleb128 0x2
 227 0054 04       		.byte	0x4
 228 0055 07       		.byte	0x7
 229 0056 E0000000 		.4byte	.LASF5
 230 005a 02       		.uleb128 0x2
 231 005b 08       		.byte	0x8
 232 005c 05       		.byte	0x5
 233 005d 77010000 		.4byte	.LASF6
 234 0061 02       		.uleb128 0x2
 235 0062 08       		.byte	0x8
 236 0063 07       		.byte	0x7
 237 0064 41010000 		.4byte	.LASF7
 238 0068 04       		.uleb128 0x4
 239 0069 04       		.byte	0x4
 240 006a 05       		.byte	0x5
 241 006b 696E7400 		.ascii	"int\000"
 242 006f 02       		.uleb128 0x2
 243 0070 04       		.byte	0x4
 244 0071 07       		.byte	0x7
 245 0072 34010000 		.4byte	.LASF8
 246 0076 03       		.uleb128 0x3
 247 0077 58010000 		.4byte	.LASF10
 248 007b 03       		.byte	0x3
 249 007c 2C       		.byte	0x2c
 250 007d 41000000 		.4byte	0x41
 251 0081 05       		.uleb128 0x5
 252 0082 9B010000 		.4byte	.LASF11
 253 0086 04       		.byte	0x4
 254 0087 E701     		.2byte	0x1e7
 255 0089 2C000000 		.4byte	0x2c
ARM GAS  C:\Users\dpat391\AppData\Local\Temp\ccKIwyrV.s 			page 7


 256 008d 02       		.uleb128 0x2
 257 008e 04       		.byte	0x4
 258 008f 04       		.byte	0x4
 259 0090 B3000000 		.4byte	.LASF12
 260 0094 02       		.uleb128 0x2
 261 0095 08       		.byte	0x8
 262 0096 04       		.byte	0x4
 263 0097 1B010000 		.4byte	.LASF13
 264 009b 02       		.uleb128 0x2
 265 009c 01       		.byte	0x1
 266 009d 08       		.byte	0x8
 267 009e 85010000 		.4byte	.LASF14
 268 00a2 02       		.uleb128 0x2
 269 00a3 08       		.byte	0x8
 270 00a4 04       		.byte	0x4
 271 00a5 14020000 		.4byte	.LASF15
 272 00a9 02       		.uleb128 0x2
 273 00aa 04       		.byte	0x4
 274 00ab 07       		.byte	0x7
 275 00ac 60010000 		.4byte	.LASF16
 276 00b0 06       		.uleb128 0x6
 277 00b1 01       		.byte	0x1
 278 00b2 2C000000 		.4byte	0x2c
 279 00b6 05       		.byte	0x5
 280 00b7 1B       		.byte	0x1b
 281 00b8 DB000000 		.4byte	0xdb
 282 00bc 07       		.uleb128 0x7
 283 00bd A1010000 		.4byte	.LASF17
 284 00c1 00       		.byte	0
 285 00c2 07       		.uleb128 0x7
 286 00c3 05010000 		.4byte	.LASF18
 287 00c7 01       		.byte	0x1
 288 00c8 07       		.uleb128 0x7
 289 00c9 D5000000 		.4byte	.LASF19
 290 00cd 02       		.byte	0x2
 291 00ce 07       		.uleb128 0x7
 292 00cf 22010000 		.4byte	.LASF20
 293 00d3 03       		.byte	0x3
 294 00d4 07       		.uleb128 0x7
 295 00d5 8A010000 		.4byte	.LASF21
 296 00d9 04       		.byte	0x4
 297 00da 00       		.byte	0
 298 00db 03       		.uleb128 0x3
 299 00dc 69010000 		.4byte	.LASF22
 300 00e0 05       		.byte	0x5
 301 00e1 21       		.byte	0x21
 302 00e2 B0000000 		.4byte	0xb0
 303 00e6 08       		.uleb128 0x8
 304 00e7 0F010000 		.4byte	.LASF31
 305 00eb 01       		.byte	0x1
 306 00ec 08       		.byte	0x8
 307 00ed DB000000 		.4byte	0xdb
 308 00f1 00000000 		.4byte	.LFB64
 309 00f5 D4000000 		.4byte	.LFE64-.LFB64
 310 00f9 01       		.uleb128 0x1
 311 00fa 9C       		.byte	0x9c
 312 00fb 34010000 		.4byte	0x134
ARM GAS  C:\Users\dpat391\AppData\Local\Temp\ccKIwyrV.s 			page 8


 313 00ff 09       		.uleb128 0x9
 314 0100 6F3300   		.ascii	"o3\000"
 315 0103 01       		.byte	0x1
 316 0104 0A       		.byte	0xa
 317 0105 81000000 		.4byte	0x81
 318 0109 02       		.uleb128 0x2
 319 010a 91       		.byte	0x91
 320 010b 77       		.sleb128 -9
 321 010c 09       		.uleb128 0x9
 322 010d 6F3600   		.ascii	"o6\000"
 323 0110 01       		.byte	0x1
 324 0111 0B       		.byte	0xb
 325 0112 81000000 		.4byte	0x81
 326 0116 02       		.uleb128 0x2
 327 0117 91       		.byte	0x91
 328 0118 76       		.sleb128 -10
 329 0119 09       		.uleb128 0x9
 330 011a 6F3400   		.ascii	"o4\000"
 331 011d 01       		.byte	0x1
 332 011e 0C       		.byte	0xc
 333 011f 81000000 		.4byte	0x81
 334 0123 02       		.uleb128 0x2
 335 0124 91       		.byte	0x91
 336 0125 75       		.sleb128 -11
 337 0126 09       		.uleb128 0x9
 338 0127 6F3500   		.ascii	"o5\000"
 339 012a 01       		.byte	0x1
 340 012b 0D       		.byte	0xd
 341 012c 81000000 		.4byte	0x81
 342 0130 02       		.uleb128 0x2
 343 0131 91       		.byte	0x91
 344 0132 74       		.sleb128 -12
 345 0133 00       		.byte	0
 346 0134 0A       		.uleb128 0xa
 347 0135 C7000000 		.4byte	.LASF23
 348 0139 01       		.byte	0x1
 349 013a 06       		.byte	0x6
 350 013b 81000000 		.4byte	0x81
 351 013f 05       		.uleb128 0x5
 352 0140 03       		.byte	0x3
 353 0141 00000000 		.4byte	turn_cooldown
 354 0145 0B       		.uleb128 0xb
 355 0146 27010000 		.4byte	.LASF24
 356 014a 06       		.byte	0x6
 357 014b 1207     		.2byte	0x712
 358 014d 51010000 		.4byte	0x151
 359 0151 0C       		.uleb128 0xc
 360 0152 76000000 		.4byte	0x76
 361 0156 0D       		.uleb128 0xd
 362 0157 07020000 		.4byte	.LASF25
 363 015b 01       		.byte	0x1
 364 015c 03       		.byte	0x3
 365 015d 81000000 		.4byte	0x81
 366 0161 05       		.uleb128 0x5
 367 0162 03       		.byte	0x3
 368 0163 00000000 		.4byte	sensorValues
 369 0167 0D       		.uleb128 0xd
ARM GAS  C:\Users\dpat391\AppData\Local\Temp\ccKIwyrV.s 			page 9


 370 0168 A1000000 		.4byte	.LASF26
 371 016c 01       		.byte	0x1
 372 016d 04       		.byte	0x4
 373 016e DB000000 		.4byte	0xdb
 374 0172 05       		.uleb128 0x5
 375 0173 03       		.byte	0x3
 376 0174 00000000 		.4byte	previous_movement
 377 0178 0D       		.uleb128 0xd
 378 0179 2C020000 		.4byte	.LASF27
 379 017d 01       		.byte	0x1
 380 017e 05       		.byte	0x5
 381 017f DB000000 		.4byte	0xdb
 382 0183 05       		.uleb128 0x5
 383 0184 03       		.byte	0x3
 384 0185 00000000 		.4byte	current_movement
 385 0189 00       		.byte	0
 386              		.section	.debug_abbrev,"",%progbits
 387              	.Ldebug_abbrev0:
 388 0000 01       		.uleb128 0x1
 389 0001 11       		.uleb128 0x11
 390 0002 01       		.byte	0x1
 391 0003 25       		.uleb128 0x25
 392 0004 0E       		.uleb128 0xe
 393 0005 13       		.uleb128 0x13
 394 0006 0B       		.uleb128 0xb
 395 0007 03       		.uleb128 0x3
 396 0008 0E       		.uleb128 0xe
 397 0009 1B       		.uleb128 0x1b
 398 000a 0E       		.uleb128 0xe
 399 000b 55       		.uleb128 0x55
 400 000c 17       		.uleb128 0x17
 401 000d 11       		.uleb128 0x11
 402 000e 01       		.uleb128 0x1
 403 000f 10       		.uleb128 0x10
 404 0010 17       		.uleb128 0x17
 405 0011 00       		.byte	0
 406 0012 00       		.byte	0
 407 0013 02       		.uleb128 0x2
 408 0014 24       		.uleb128 0x24
 409 0015 00       		.byte	0
 410 0016 0B       		.uleb128 0xb
 411 0017 0B       		.uleb128 0xb
 412 0018 3E       		.uleb128 0x3e
 413 0019 0B       		.uleb128 0xb
 414 001a 03       		.uleb128 0x3
 415 001b 0E       		.uleb128 0xe
 416 001c 00       		.byte	0
 417 001d 00       		.byte	0
 418 001e 03       		.uleb128 0x3
 419 001f 16       		.uleb128 0x16
 420 0020 00       		.byte	0
 421 0021 03       		.uleb128 0x3
 422 0022 0E       		.uleb128 0xe
 423 0023 3A       		.uleb128 0x3a
 424 0024 0B       		.uleb128 0xb
 425 0025 3B       		.uleb128 0x3b
 426 0026 0B       		.uleb128 0xb
ARM GAS  C:\Users\dpat391\AppData\Local\Temp\ccKIwyrV.s 			page 10


 427 0027 49       		.uleb128 0x49
 428 0028 13       		.uleb128 0x13
 429 0029 00       		.byte	0
 430 002a 00       		.byte	0
 431 002b 04       		.uleb128 0x4
 432 002c 24       		.uleb128 0x24
 433 002d 00       		.byte	0
 434 002e 0B       		.uleb128 0xb
 435 002f 0B       		.uleb128 0xb
 436 0030 3E       		.uleb128 0x3e
 437 0031 0B       		.uleb128 0xb
 438 0032 03       		.uleb128 0x3
 439 0033 08       		.uleb128 0x8
 440 0034 00       		.byte	0
 441 0035 00       		.byte	0
 442 0036 05       		.uleb128 0x5
 443 0037 16       		.uleb128 0x16
 444 0038 00       		.byte	0
 445 0039 03       		.uleb128 0x3
 446 003a 0E       		.uleb128 0xe
 447 003b 3A       		.uleb128 0x3a
 448 003c 0B       		.uleb128 0xb
 449 003d 3B       		.uleb128 0x3b
 450 003e 05       		.uleb128 0x5
 451 003f 49       		.uleb128 0x49
 452 0040 13       		.uleb128 0x13
 453 0041 00       		.byte	0
 454 0042 00       		.byte	0
 455 0043 06       		.uleb128 0x6
 456 0044 04       		.uleb128 0x4
 457 0045 01       		.byte	0x1
 458 0046 0B       		.uleb128 0xb
 459 0047 0B       		.uleb128 0xb
 460 0048 49       		.uleb128 0x49
 461 0049 13       		.uleb128 0x13
 462 004a 3A       		.uleb128 0x3a
 463 004b 0B       		.uleb128 0xb
 464 004c 3B       		.uleb128 0x3b
 465 004d 0B       		.uleb128 0xb
 466 004e 01       		.uleb128 0x1
 467 004f 13       		.uleb128 0x13
 468 0050 00       		.byte	0
 469 0051 00       		.byte	0
 470 0052 07       		.uleb128 0x7
 471 0053 28       		.uleb128 0x28
 472 0054 00       		.byte	0
 473 0055 03       		.uleb128 0x3
 474 0056 0E       		.uleb128 0xe
 475 0057 1C       		.uleb128 0x1c
 476 0058 0B       		.uleb128 0xb
 477 0059 00       		.byte	0
 478 005a 00       		.byte	0
 479 005b 08       		.uleb128 0x8
 480 005c 2E       		.uleb128 0x2e
 481 005d 01       		.byte	0x1
 482 005e 3F       		.uleb128 0x3f
 483 005f 19       		.uleb128 0x19
ARM GAS  C:\Users\dpat391\AppData\Local\Temp\ccKIwyrV.s 			page 11


 484 0060 03       		.uleb128 0x3
 485 0061 0E       		.uleb128 0xe
 486 0062 3A       		.uleb128 0x3a
 487 0063 0B       		.uleb128 0xb
 488 0064 3B       		.uleb128 0x3b
 489 0065 0B       		.uleb128 0xb
 490 0066 27       		.uleb128 0x27
 491 0067 19       		.uleb128 0x19
 492 0068 49       		.uleb128 0x49
 493 0069 13       		.uleb128 0x13
 494 006a 11       		.uleb128 0x11
 495 006b 01       		.uleb128 0x1
 496 006c 12       		.uleb128 0x12
 497 006d 06       		.uleb128 0x6
 498 006e 40       		.uleb128 0x40
 499 006f 18       		.uleb128 0x18
 500 0070 9642     		.uleb128 0x2116
 501 0072 19       		.uleb128 0x19
 502 0073 01       		.uleb128 0x1
 503 0074 13       		.uleb128 0x13
 504 0075 00       		.byte	0
 505 0076 00       		.byte	0
 506 0077 09       		.uleb128 0x9
 507 0078 34       		.uleb128 0x34
 508 0079 00       		.byte	0
 509 007a 03       		.uleb128 0x3
 510 007b 08       		.uleb128 0x8
 511 007c 3A       		.uleb128 0x3a
 512 007d 0B       		.uleb128 0xb
 513 007e 3B       		.uleb128 0x3b
 514 007f 0B       		.uleb128 0xb
 515 0080 49       		.uleb128 0x49
 516 0081 13       		.uleb128 0x13
 517 0082 02       		.uleb128 0x2
 518 0083 18       		.uleb128 0x18
 519 0084 00       		.byte	0
 520 0085 00       		.byte	0
 521 0086 0A       		.uleb128 0xa
 522 0087 34       		.uleb128 0x34
 523 0088 00       		.byte	0
 524 0089 03       		.uleb128 0x3
 525 008a 0E       		.uleb128 0xe
 526 008b 3A       		.uleb128 0x3a
 527 008c 0B       		.uleb128 0xb
 528 008d 3B       		.uleb128 0x3b
 529 008e 0B       		.uleb128 0xb
 530 008f 49       		.uleb128 0x49
 531 0090 13       		.uleb128 0x13
 532 0091 02       		.uleb128 0x2
 533 0092 18       		.uleb128 0x18
 534 0093 00       		.byte	0
 535 0094 00       		.byte	0
 536 0095 0B       		.uleb128 0xb
 537 0096 34       		.uleb128 0x34
 538 0097 00       		.byte	0
 539 0098 03       		.uleb128 0x3
 540 0099 0E       		.uleb128 0xe
ARM GAS  C:\Users\dpat391\AppData\Local\Temp\ccKIwyrV.s 			page 12


 541 009a 3A       		.uleb128 0x3a
 542 009b 0B       		.uleb128 0xb
 543 009c 3B       		.uleb128 0x3b
 544 009d 05       		.uleb128 0x5
 545 009e 49       		.uleb128 0x49
 546 009f 13       		.uleb128 0x13
 547 00a0 3F       		.uleb128 0x3f
 548 00a1 19       		.uleb128 0x19
 549 00a2 3C       		.uleb128 0x3c
 550 00a3 19       		.uleb128 0x19
 551 00a4 00       		.byte	0
 552 00a5 00       		.byte	0
 553 00a6 0C       		.uleb128 0xc
 554 00a7 35       		.uleb128 0x35
 555 00a8 00       		.byte	0
 556 00a9 49       		.uleb128 0x49
 557 00aa 13       		.uleb128 0x13
 558 00ab 00       		.byte	0
 559 00ac 00       		.byte	0
 560 00ad 0D       		.uleb128 0xd
 561 00ae 34       		.uleb128 0x34
 562 00af 00       		.byte	0
 563 00b0 03       		.uleb128 0x3
 564 00b1 0E       		.uleb128 0xe
 565 00b2 3A       		.uleb128 0x3a
 566 00b3 0B       		.uleb128 0xb
 567 00b4 3B       		.uleb128 0x3b
 568 00b5 0B       		.uleb128 0xb
 569 00b6 49       		.uleb128 0x49
 570 00b7 13       		.uleb128 0x13
 571 00b8 3F       		.uleb128 0x3f
 572 00b9 19       		.uleb128 0x19
 573 00ba 02       		.uleb128 0x2
 574 00bb 18       		.uleb128 0x18
 575 00bc 00       		.byte	0
 576 00bd 00       		.byte	0
 577 00be 00       		.byte	0
 578              		.section	.debug_aranges,"",%progbits
 579 0000 1C000000 		.4byte	0x1c
 580 0004 0200     		.2byte	0x2
 581 0006 00000000 		.4byte	.Ldebug_info0
 582 000a 04       		.byte	0x4
 583 000b 00       		.byte	0
 584 000c 0000     		.2byte	0
 585 000e 0000     		.2byte	0
 586 0010 00000000 		.4byte	.LFB64
 587 0014 D4000000 		.4byte	.LFE64-.LFB64
 588 0018 00000000 		.4byte	0
 589 001c 00000000 		.4byte	0
 590              		.section	.debug_ranges,"",%progbits
 591              	.Ldebug_ranges0:
 592 0000 00000000 		.4byte	.LFB64
 593 0004 D4000000 		.4byte	.LFE64
 594 0008 00000000 		.4byte	0
 595 000c 00000000 		.4byte	0
 596              		.section	.debug_line,"",%progbits
 597              	.Ldebug_line0:
ARM GAS  C:\Users\dpat391\AppData\Local\Temp\ccKIwyrV.s 			page 13


 598 0000 AB010000 		.section	.debug_str,"MS",%progbits,1
 598      02006601 
 598      00000201 
 598      FB0E0D00 
 598      01010101 
 599              	.LASF28:
 600 0000 474E5520 		.ascii	"GNU C11 5.4.1 20160609 (release) [ARM/embedded-5-br"
 600      43313120 
 600      352E342E 
 600      31203230 
 600      31363036 
 601 0033 616E6368 		.ascii	"anch revision 237715] -mcpu=cortex-m3 -mthumb -g -O"
 601      20726576 
 601      6973696F 
 601      6E203233 
 601      37373135 
 602 0066 30202D66 		.ascii	"0 -ffunction-sections -ffat-lto-objects\000"
 602      66756E63 
 602      74696F6E 
 602      2D736563 
 602      74696F6E 
 603              	.LASF9:
 604 008e 5F5F696E 		.ascii	"__int32_t\000"
 604      7433325F 
 604      7400
 605              	.LASF4:
 606 0098 6C6F6E67 		.ascii	"long int\000"
 606      20696E74 
 606      00
 607              	.LASF26:
 608 00a1 70726576 		.ascii	"previous_movement\000"
 608      696F7573 
 608      5F6D6F76 
 608      656D656E 
 608      7400
 609              	.LASF12:
 610 00b3 666C6F61 		.ascii	"float\000"
 610      7400
 611              	.LASF1:
 612 00b9 756E7369 		.ascii	"unsigned char\000"
 612      676E6564 
 612      20636861 
 612      7200
 613              	.LASF23:
 614 00c7 7475726E 		.ascii	"turn_cooldown\000"
 614      5F636F6F 
 614      6C646F77 
 614      6E00
 615              	.LASF19:
 616 00d5 52494748 		.ascii	"RIGHT_TURN\000"
 616      545F5455 
 616      524E00
 617              	.LASF5:
 618 00e0 6C6F6E67 		.ascii	"long unsigned int\000"
 618      20756E73 
 618      69676E65 
 618      6420696E 
ARM GAS  C:\Users\dpat391\AppData\Local\Temp\ccKIwyrV.s 			page 14


 618      7400
 619              	.LASF3:
 620 00f2 73686F72 		.ascii	"short unsigned int\000"
 620      7420756E 
 620      7369676E 
 620      65642069 
 620      6E7400
 621              	.LASF18:
 622 0105 4C454654 		.ascii	"LEFT_TURN\000"
 622      5F545552 
 622      4E00
 623              	.LASF31:
 624 010f 4765744D 		.ascii	"GetMovement\000"
 624      6F76656D 
 624      656E7400 
 625              	.LASF13:
 626 011b 646F7562 		.ascii	"double\000"
 626      6C6500
 627              	.LASF20:
 628 0122 53544F50 		.ascii	"STOP\000"
 628      00
 629              	.LASF24:
 630 0127 49544D5F 		.ascii	"ITM_RxBuffer\000"
 630      52784275 
 630      66666572 
 630      00
 631              	.LASF8:
 632 0134 756E7369 		.ascii	"unsigned int\000"
 632      676E6564 
 632      20696E74 
 632      00
 633              	.LASF7:
 634 0141 6C6F6E67 		.ascii	"long long unsigned int\000"
 634      206C6F6E 
 634      6720756E 
 634      7369676E 
 634      65642069 
 635              	.LASF10:
 636 0158 696E7433 		.ascii	"int32_t\000"
 636      325F7400 
 637              	.LASF16:
 638 0160 73697A65 		.ascii	"sizetype\000"
 638      74797065 
 638      00
 639              	.LASF22:
 640 0169 4D6F7665 		.ascii	"MovementState\000"
 640      6D656E74 
 640      53746174 
 640      6500
 641              	.LASF6:
 642 0177 6C6F6E67 		.ascii	"long long int\000"
 642      206C6F6E 
 642      6720696E 
 642      7400
 643              	.LASF14:
 644 0185 63686172 		.ascii	"char\000"
 644      00
ARM GAS  C:\Users\dpat391\AppData\Local\Temp\ccKIwyrV.s 			page 15


 645              	.LASF21:
 646 018a 555F5455 		.ascii	"U_TURN\000"
 646      524E00
 647              	.LASF2:
 648 0191 73686F72 		.ascii	"short int\000"
 648      7420696E 
 648      7400
 649              	.LASF11:
 650 019b 75696E74 		.ascii	"uint8\000"
 650      3800
 651              	.LASF17:
 652 01a1 53545241 		.ascii	"STRAIGHT\000"
 652      49474854 
 652      00
 653              	.LASF29:
 654 01aa 53454E53 		.ascii	"SENSORS_READ.c\000"
 654      4F52535F 
 654      52454144 
 654      2E6300
 655              	.LASF30:
 656 01b9 433A5C55 		.ascii	"C:\\Users\\dpat391\\Documents\\GitHub\\301MotorCar\\"
 656      73657273 
 656      5C647061 
 656      74333931 
 656      5C446F63 
 657 01e7 70736F63 		.ascii	"psoc firmware\\CS301_Class.cydsn\000"
 657      20666972 
 657      6D776172 
 657      655C4353 
 657      3330315F 
 658              	.LASF25:
 659 0207 73656E73 		.ascii	"sensorValues\000"
 659      6F725661 
 659      6C756573 
 659      00
 660              	.LASF15:
 661 0214 6C6F6E67 		.ascii	"long double\000"
 661      20646F75 
 661      626C6500 
 662              	.LASF0:
 663 0220 7369676E 		.ascii	"signed char\000"
 663      65642063 
 663      68617200 
 664              	.LASF27:
 665 022c 63757272 		.ascii	"current_movement\000"
 665      656E745F 
 665      6D6F7665 
 665      6D656E74 
 665      00
 666              		.ident	"GCC: (GNU Tools for ARM Embedded Processors) 5.4.1 20160609 (release) [ARM/embedded-5-bran
